/data/gb/Re-ID/conda-envs/tri_reid/lib/python3.10/site-packages/timm/models/helpers.py:7: FutureWarning: Importing from timm.models.helpers is deprecated, please import via timm.models
  warnings.warn(f"Importing from {__name__} is deprecated, please import via timm.models", FutureWarning)
/data/gb/Re-ID/conda-envs/tri_reid/lib/python3.10/site-packages/timm/models/registry.py:4: FutureWarning: Importing from timm.models.registry is deprecated, please import via timm.models
  warnings.warn(f"Importing from {__name__} is deprecated, please import via timm.models", FutureWarning)
/data/gb/Re-ID/conda-envs/tri_reid/lib/python3.10/site-packages/timm/models/layers/__init__.py:48: FutureWarning: Importing from timm.models.layers is deprecated, please import via timm.layers
  warnings.warn(f"Importing from {__name__} is deprecated, please import via timm.layers", FutureWarning)
using Transformer_type: ViT-B-16 as a backbone
Resized position embedding: %s to %s torch.Size([197, 768]) torch.Size([129, 768])
Position embedding resize to height:8 width: 16
Successfully load ckpt!
<All keys matched successfully>
Loading pretrained model from CLIP
camera number is : 8
===========Building DeMo===========
DEVELOPMENT_MISSING_CONDITION q_RNT_g_RNT {"mAP": 47.60779210388089, "mINP": 33.521766571761695, "Rank-1": 59.04761904761905, "Rank-5": 69.04761904761905, "Rank-10": 76.66666666666667, "Rank-20": 80.0}
DEVELOPMENT_MISSING_CONDITION q_RNT_g_NT {"mAP": 43.82730330004341, "mINP": 27.362519417965032, "Rank-1": 56.666666666666664, "Rank-5": 71.9047619047619, "Rank-10": 76.19047619047619, "Rank-20": 83.80952380952381}
DEVELOPMENT_MISSING_CONDITION q_RNT_g_RT {"mAP": 44.76470249954543, "mINP": 30.249357177594554, "Rank-1": 54.285714285714285, "Rank-5": 70.47619047619048, "Rank-10": 75.71428571428571, "Rank-20": 80.0}
DEVELOPMENT_MISSING_CONDITION q_RNT_g_RN {"mAP": 44.96933506318002, "mINP": 31.216760071696303, "Rank-1": 55.714285714285715, "Rank-5": 68.57142857142857, "Rank-10": 74.28571428571429, "Rank-20": 79.52380952380952}
DEVELOPMENT_MISSING_CONDITION q_RNT_g_T {"mAP": 20.001270347504708, "mINP": 8.199221813227847, "Rank-1": 30.476190476190478, "Rank-5": 52.38095238095239, "Rank-10": 61.904761904761905, "Rank-20": 69.52380952380952}
DEVELOPMENT_MISSING_CONDITION q_RNT_g_N {"mAP": 39.804577731000165, "mINP": 23.527632895716827, "Rank-1": 50.0, "Rank-5": 70.0, "Rank-10": 76.66666666666667, "Rank-20": 81.9047619047619}
DEVELOPMENT_MISSING_CONDITION q_RNT_g_R {"mAP": 42.45703697389669, "mINP": 27.79222024113448, "Rank-1": 53.80952380952381, "Rank-5": 66.19047619047619, "Rank-10": 73.80952380952381, "Rank-20": 78.57142857142857}
DEVELOPMENT_MISSING_CONDITION q_NT_g_RNT {"mAP": 27.443693587428907, "mINP": 16.45380962566628, "Rank-1": 29.523809523809526, "Rank-5": 50.0, "Rank-10": 61.42857142857143, "Rank-20": 75.23809523809524}
DEVELOPMENT_MISSING_CONDITION q_NT_g_NT {"mAP": 43.07218104034933, "mINP": 27.21871702828637, "Rank-1": 54.761904761904766, "Rank-5": 70.47619047619048, "Rank-10": 73.80952380952381, "Rank-20": 81.9047619047619}
DEVELOPMENT_MISSING_CONDITION q_NT_g_RT {"mAP": 7.426686352977926, "mINP": 5.518302327050335, "Rank-1": 5.714285714285714, "Rank-5": 9.047619047619047, "Rank-10": 20.0, "Rank-20": 38.57142857142858}
DEVELOPMENT_MISSING_CONDITION q_NT_g_RN {"mAP": 24.05566494577558, "mINP": 14.100240428815484, "Rank-1": 26.666666666666668, "Rank-5": 48.57142857142857, "Rank-10": 57.14285714285714, "Rank-20": 70.95238095238095}
DEVELOPMENT_MISSING_CONDITION q_NT_g_T {"mAP": 23.17439644065159, "mINP": 10.099741945957135, "Rank-1": 36.19047619047619, "Rank-5": 51.42857142857142, "Rank-10": 61.42857142857143, "Rank-20": 69.04761904761905}
DEVELOPMENT_MISSING_CONDITION q_NT_g_N {"mAP": 39.120887737987545, "mINP": 24.02294746122028, "Rank-1": 46.666666666666664, "Rank-5": 68.0952380952381, "Rank-10": 74.28571428571429, "Rank-20": 81.42857142857143}
DEVELOPMENT_MISSING_CONDITION q_NT_g_R {"mAP": 5.490604601924702, "mINP": 4.952416989359395, "Rank-1": 0.9523809523809524, "Rank-5": 9.523809523809524, "Rank-10": 12.380952380952381, "Rank-20": 37.61904761904762}
DEVELOPMENT_MISSING_CONDITION q_RT_g_RNT {"mAP": 36.253835138966494, "mINP": 22.476087317607135, "Rank-1": 39.04761904761905, "Rank-5": 62.857142857142854, "Rank-10": 67.14285714285714, "Rank-20": 77.14285714285715}
DEVELOPMENT_MISSING_CONDITION q_RT_g_NT {"mAP": 8.701083430341965, "mINP": 5.441402310219241, "Rank-1": 2.380952380952381, "Rank-5": 17.61904761904762, "Rank-10": 31.428571428571427, "Rank-20": 47.61904761904761}
DEVELOPMENT_MISSING_CONDITION q_RT_g_RT {"mAP": 45.35125561612954, "mINP": 30.408967967842816, "Rank-1": 55.714285714285715, "Rank-5": 69.04761904761905, "Rank-10": 75.23809523809524, "Rank-20": 80.0}
DEVELOPMENT_MISSING_CONDITION q_RT_g_RN {"mAP": 31.293474864081983, "mINP": 18.5975875218989, "Rank-1": 32.38095238095238, "Rank-5": 56.666666666666664, "Rank-10": 66.66666666666666, "Rank-20": 75.71428571428571}
DEVELOPMENT_MISSING_CONDITION q_RT_g_T {"mAP": 21.66448107398303, "mINP": 8.615643173923687, "Rank-1": 34.76190476190476, "Rank-5": 54.285714285714285, "Rank-10": 63.33333333333333, "Rank-20": 71.42857142857143}
DEVELOPMENT_MISSING_CONDITION q_RT_g_N {"mAP": 4.813546099446895, "mINP": 4.18071143207762, "Rank-1": 0.4761904761904762, "Rank-5": 4.761904761904762, "Rank-10": 8.571428571428571, "Rank-20": 25.71428571428571}
DEVELOPMENT_MISSING_CONDITION q_RT_g_R {"mAP": 42.62767358221818, "mINP": 27.804472531448592, "Rank-1": 54.761904761904766, "Rank-5": 66.19047619047619, "Rank-10": 73.80952380952381, "Rank-20": 78.57142857142857}
DEVELOPMENT_MISSING_CONDITION q_RN_g_RNT {"mAP": 46.09384648045277, "mINP": 32.98498265271664, "Rank-1": 54.761904761904766, "Rank-5": 71.9047619047619, "Rank-10": 76.66666666666667, "Rank-20": 84.28571428571429}
DEVELOPMENT_MISSING_CONDITION q_RN_g_NT {"mAP": 41.58022418883915, "mINP": 26.32481530333709, "Rank-1": 48.095238095238095, "Rank-5": 73.80952380952381, "Rank-10": 82.85714285714286, "Rank-20": 87.61904761904762}
DEVELOPMENT_MISSING_CONDITION q_RN_g_RT {"mAP": 42.098591743179476, "mINP": 29.78578921708242, "Rank-1": 46.666666666666664, "Rank-5": 72.85714285714285, "Rank-10": 79.04761904761905, "Rank-20": 84.76190476190476}
DEVELOPMENT_MISSING_CONDITION q_RN_g_RN {"mAP": 45.36402274352861, "mINP": 31.640888096508423, "Rank-1": 55.714285714285715, "Rank-5": 69.52380952380952, "Rank-10": 75.71428571428571, "Rank-20": 80.0}
DEVELOPMENT_MISSING_CONDITION q_RN_g_T {"mAP": 8.028207633150043, "mINP": 5.162648709398988, "Rank-1": 2.380952380952381, "Rank-5": 20.0, "Rank-10": 27.61904761904762, "Rank-20": 42.857142857142854}
DEVELOPMENT_MISSING_CONDITION q_RN_g_N {"mAP": 39.8253715030979, "mINP": 23.62450198049315, "Rank-1": 52.38095238095239, "Rank-5": 70.47619047619048, "Rank-10": 76.66666666666667, "Rank-20": 83.33333333333334}
DEVELOPMENT_MISSING_CONDITION q_RN_g_R {"mAP": 42.21666865400658, "mINP": 28.16092569228033, "Rank-1": 52.38095238095239, "Rank-5": 66.66666666666666, "Rank-10": 72.85714285714285, "Rank-20": 79.04761904761905}
DEVELOPMENT_MISSING_CONDITION q_T_g_RNT {"mAP": 6.2077625056173344, "mINP": 5.7163664413780175, "Rank-1": 0.9523809523809524, "Rank-5": 10.476190476190476, "Rank-10": 11.428571428571429, "Rank-20": 16.19047619047619}
DEVELOPMENT_MISSING_CONDITION q_T_g_NT {"mAP": 6.870300752894397, "mINP": 4.8382620557283085, "Rank-1": 2.380952380952381, "Rank-5": 7.6190476190476195, "Rank-10": 15.714285714285714, "Rank-20": 29.04761904761905}
DEVELOPMENT_MISSING_CONDITION q_T_g_RT {"mAP": 6.234777263197689, "mINP": 5.035046995174284, "Rank-1": 4.285714285714286, "Rank-5": 8.095238095238095, "Rank-10": 11.904761904761903, "Rank-20": 31.428571428571427}
DEVELOPMENT_MISSING_CONDITION q_T_g_RN {"mAP": 5.29015522125746, "mINP": 5.474662243553837, "Rank-1": 0.9523809523809524, "Rank-5": 10.476190476190476, "Rank-10": 11.428571428571429, "Rank-20": 13.333333333333334}
DEVELOPMENT_MISSING_CONDITION q_T_g_T {"mAP": 23.938750764958943, "mINP": 9.454239200964, "Rank-1": 37.61904761904762, "Rank-5": 51.42857142857142, "Rank-10": 60.952380952380956, "Rank-20": 67.61904761904762}
DEVELOPMENT_MISSING_CONDITION q_T_g_N {"mAP": 4.030720649238196, "mINP": 4.0415569003853244, "Rank-1": 0.0, "Rank-5": 4.761904761904762, "Rank-10": 6.666666666666667, "Rank-20": 11.904761904761903}
DEVELOPMENT_MISSING_CONDITION q_T_g_R {"mAP": 4.680708747916386, "mINP": 4.638706254386276, "Rank-1": 0.0, "Rank-5": 7.142857142857142, "Rank-10": 11.428571428571429, "Rank-20": 21.904761904761905}
DEVELOPMENT_MISSING_CONDITION q_N_g_RNT {"mAP": 23.528023336005205, "mINP": 14.745812030871456, "Rank-1": 27.142857142857142, "Rank-5": 47.61904761904761, "Rank-10": 57.61904761904761, "Rank-20": 73.33333333333333}
DEVELOPMENT_MISSING_CONDITION q_N_g_NT {"mAP": 41.0083678639819, "mINP": 26.75290050695038, "Rank-1": 48.095238095238095, "Rank-5": 75.71428571428571, "Rank-10": 80.47619047619048, "Rank-20": 87.61904761904762}
DEVELOPMENT_MISSING_CONDITION q_N_g_RT {"mAP": 5.777430109121826, "mINP": 5.081835032129124, "Rank-1": 2.380952380952381, "Rank-5": 8.095238095238095, "Rank-10": 11.904761904761903, "Rank-20": 34.285714285714285}
DEVELOPMENT_MISSING_CONDITION q_N_g_RN {"mAP": 24.813918117996494, "mINP": 14.373647459582708, "Rank-1": 28.095238095238095, "Rank-5": 50.0, "Rank-10": 55.714285714285715, "Rank-20": 70.47619047619048}
DEVELOPMENT_MISSING_CONDITION q_N_g_T {"mAP": 8.867037646302578, "mINP": 5.443492309204242, "Rank-1": 7.142857142857142, "Rank-5": 16.666666666666664, "Rank-10": 22.857142857142858, "Rank-20": 34.285714285714285}
DEVELOPMENT_MISSING_CONDITION q_N_g_N {"mAP": 39.361272718194144, "mINP": 24.225566312254593, "Rank-1": 50.476190476190474, "Rank-5": 70.47619047619048, "Rank-10": 75.23809523809524, "Rank-20": 83.80952380952381}
DEVELOPMENT_MISSING_CONDITION q_N_g_R {"mAP": 6.141411482253586, "mINP": 5.12589980131848, "Rank-1": 0.9523809523809524, "Rank-5": 10.0, "Rank-10": 16.19047619047619, "Rank-20": 37.61904761904762}
DEVELOPMENT_MISSING_CONDITION q_R_g_RNT {"mAP": 32.940136985353334, "mINP": 21.070604816924124, "Rank-1": 30.952380952380953, "Rank-5": 62.857142857142854, "Rank-10": 69.52380952380952, "Rank-20": 79.52380952380952}
DEVELOPMENT_MISSING_CONDITION q_R_g_NT {"mAP": 6.6506872088533004, "mINP": 5.255079870083578, "Rank-1": 2.857142857142857, "Rank-5": 7.6190476190476195, "Rank-10": 11.904761904761903, "Rank-20": 36.666666666666664}
DEVELOPMENT_MISSING_CONDITION q_R_g_RT {"mAP": 41.89499150866926, "mINP": 29.160220219921957, "Rank-1": 46.666666666666664, "Rank-5": 71.42857142857143, "Rank-10": 79.04761904761905, "Rank-20": 83.80952380952381}
DEVELOPMENT_MISSING_CONDITION q_R_g_RN {"mAP": 31.086772097204417, "mINP": 18.65042017925073, "Rank-1": 34.285714285714285, "Rank-5": 58.0952380952381, "Rank-10": 67.61904761904762, "Rank-20": 75.23809523809524}
DEVELOPMENT_MISSING_CONDITION q_R_g_T {"mAP": 7.306578450670111, "mINP": 5.139761470507624, "Rank-1": 5.238095238095238, "Rank-5": 14.285714285714285, "Rank-10": 23.809523809523807, "Rank-20": 41.42857142857143}
DEVELOPMENT_MISSING_CONDITION q_R_g_N {"mAP": 5.368067859800601, "mINP": 4.489266400435689, "Rank-1": 0.0, "Rank-5": 5.714285714285714, "Rank-10": 8.571428571428571, "Rank-20": 24.285714285714285}
DEVELOPMENT_MISSING_CONDITION q_R_g_R {"mAP": 42.626181002225074, "mINP": 28.145632201730315, "Rank-1": 52.38095238095239, "Rank-5": 66.66666666666666, "Rank-10": 74.76190476190476, "Rank-20": 79.52380952380952}
