/data/gaob/Re-ID/conda-envs/tri_reid/lib/python3.10/site-packages/timm/models/helpers.py:7: FutureWarning: Importing from timm.models.helpers is deprecated, please import via timm.models
  warnings.warn(f"Importing from {__name__} is deprecated, please import via timm.models", FutureWarning)
/data/gaob/Re-ID/conda-envs/tri_reid/lib/python3.10/site-packages/timm/models/registry.py:4: FutureWarning: Importing from timm.models.registry is deprecated, please import via timm.models
  warnings.warn(f"Importing from {__name__} is deprecated, please import via timm.models", FutureWarning)
/data/gaob/Re-ID/conda-envs/tri_reid/lib/python3.10/site-packages/timm/models/layers/__init__.py:48: FutureWarning: Importing from timm.models.layers is deprecated, please import via timm.layers
  warnings.warn(f"Importing from {__name__} is deprecated, please import via timm.layers", FutureWarning)
using Transformer_type: ViT-B-16 as a backbone
Resized position embedding: %s to %s torch.Size([197, 768]) torch.Size([129, 768])
Position embedding resize to height:8 width: 16
Successfully load ckpt!
<All keys matched successfully>
Loading pretrained model from CLIP
camera number is : 8
===========Building DeMo===========
MISSING_CONDITION clean {"mAP": 78.72850705960266, "mINP": 52.22724003463938, "Rank-1": 93.64431486880467, "Rank-5": 95.04373177842565, "Rank-10": 95.74344023323616, "Rank-20": 96.50145772594753}
MISSING_CONDITION both_missing_r {"mAP": 69.58664061625426, "mINP": 41.749369675915574, "Rank-1": 87.46355685131195, "Rank-5": 89.27113702623906, "Rank-10": 90.26239067055394, "Rank-20": 91.54518950437318}
MISSING_CONDITION query_missing_r {"mAP": 59.24640715871531, "mINP": 36.244475627817955, "Rank-1": 70.26239067055393, "Rank-5": 74.6938775510204, "Rank-10": 77.31778425655976, "Rank-20": 80.87463556851311}
MISSING_CONDITION both_missing_n {"mAP": 77.60634869893592, "mINP": 46.77945104954443, "Rank-1": 93.93586005830905, "Rank-5": 95.33527696793003, "Rank-10": 95.97667638483965, "Rank-20": 97.0262390670554}
MISSING_CONDITION query_missing_n {"mAP": 65.01571342809365, "mINP": 37.81726796284605, "Rank-1": 79.30029154518951, "Rank-5": 83.96501457725948, "Rank-10": 85.83090379008746, "Rank-20": 88.68804664723032}
MISSING_CONDITION both_missing_t {"mAP": 65.17335365080238, "mINP": 36.762531262893695, "Rank-1": 82.44897959183673, "Rank-5": 84.78134110787173, "Rank-10": 85.77259475218659, "Rank-20": 87.93002915451895}
MISSING_CONDITION query_missing_t {"mAP": 50.37125073051973, "mINP": 31.23134313881159, "Rank-1": 59.008746355685126, "Rank-5": 63.49854227405248, "Rank-10": 66.23906705539359, "Rank-20": 69.73760932944606}
MISSING_CONDITION both_missing_rn {"mAP": 37.702057099836026, "mINP": 16.564329930579706, "Rank-1": 58.60058309037901, "Rank-5": 67.17201166180759, "Rank-10": 70.90379008746356, "Rank-20": 76.7930029154519}
MISSING_CONDITION query_missing_rn {"mAP": 14.392428685483447, "mINP": 10.493828406383566, "Rank-1": 10.087463556851311, "Rank-5": 12.71137026239067, "Rank-10": 13.411078717201166, "Rank-20": 15.160349854227405}
MISSING_CONDITION both_missing_rt {"mAP": 50.16215908032896, "mINP": 24.135055436930177, "Rank-1": 69.97084548104957, "Rank-5": 72.30320699708454, "Rank-10": 73.46938775510205, "Rank-20": 77.37609329446065}
MISSING_CONDITION query_missing_rt {"mAP": 24.988121113623336, "mINP": 16.882974838190414, "Rank-1": 23.38192419825073, "Rank-5": 26.82215743440233, "Rank-10": 30.20408163265306, "Rank-20": 32.94460641399417}
MISSING_CONDITION both_missing_nt {"mAP": 59.46103326744786, "mINP": 30.325662892148664, "Rank-1": 80.0, "Rank-5": 83.14868804664724, "Rank-10": 84.72303206997086, "Rank-20": 86.06413994169097}
MISSING_CONDITION query_missing_nt {"mAP": 25.239659684287986, "mINP": 15.653744327694616, "Rank-1": 27.346938775510203, "Rank-5": 31.078717201166178, "Rank-10": 34.75218658892128, "Rank-20": 37.376093294460645}
