/data2/gb/Re-ID/conda-envs/tri_reid/lib/python3.10/site-packages/timm/models/helpers.py:7: FutureWarning: Importing from timm.models.helpers is deprecated, please import via timm.models
  warnings.warn(f"Importing from {__name__} is deprecated, please import via timm.models", FutureWarning)
/data2/gb/Re-ID/conda-envs/tri_reid/lib/python3.10/site-packages/timm/models/registry.py:4: FutureWarning: Importing from timm.models.registry is deprecated, please import via timm.models
  warnings.warn(f"Importing from {__name__} is deprecated, please import via timm.models", FutureWarning)
/data2/gb/Re-ID/conda-envs/tri_reid/lib/python3.10/site-packages/timm/models/layers/__init__.py:48: FutureWarning: Importing from timm.models.layers is deprecated, please import via timm.layers
  warnings.warn(f"Importing from {__name__} is deprecated, please import via timm.layers", FutureWarning)
using Transformer_type: ViT-B-16 as a backbone
Resized position embedding: %s to %s torch.Size([197, 768]) torch.Size([129, 768])
Position embedding resize to height:8 width: 16
Successfully load ckpt!
<All keys matched successfully>
Loading pretrained model from CLIP
camera number is : 8
===========Building DeMo===========
STRESS_CONDITION clean {"mAP": 39.834439876934034, "mINP": 17.934945718658803, "Rank-1": 57.021996615905245, "Rank-5": 73.9424703891709, "Rank-10": 82.23350253807106, "Rank-20": 86.80203045685279}
STRESS_CONDITION RGB_blur_sigma1p5 {"mAP": 36.03711129455502, "mINP": 16.383419342024787, "Rank-1": 53.46869712351946, "Rank-5": 71.57360406091371, "Rank-10": 80.20304568527918, "Rank-20": 86.29441624365482}
STRESS_CONDITION RGB_blur_sigma3 {"mAP": 33.553306155361604, "mINP": 14.887443549213645, "Rank-1": 49.57698815566836, "Rank-5": 69.7123519458545, "Rank-10": 78.34179357021996, "Rank-20": 83.92554991539764}
STRESS_CONDITION NI_blur_sigma1p5 {"mAP": 36.763078136394654, "mINP": 16.444197614851948, "Rank-1": 52.79187817258884, "Rank-5": 72.58883248730965, "Rank-10": 78.00338409475465, "Rank-20": 84.94077834179356}
STRESS_CONDITION NI_blur_sigma3 {"mAP": 34.17834384970084, "mINP": 15.664815351641433, "Rank-1": 50.08460236886633, "Rank-5": 69.88155668358715, "Rank-10": 77.32656514382403, "Rank-20": 83.75634517766497}
STRESS_CONDITION TI_blur_sigma1p5 {"mAP": 38.656011253052725, "mINP": 17.998960385917684, "Rank-1": 55.668358714044, "Rank-5": 72.92724196277496, "Rank-10": 79.18781725888326, "Rank-20": 85.6175972927242}
STRESS_CONDITION TI_blur_sigma3 {"mAP": 37.94837045021353, "mINP": 17.85111874713805, "Rank-1": 55.32994923857868, "Rank-5": 72.41962774957699, "Rank-10": 78.00338409475465, "Rank-20": 84.94077834179356}
