/data/gaob/Re-ID/conda-envs/tri_reid/lib/python3.10/site-packages/timm/models/helpers.py:7: FutureWarning: Importing from timm.models.helpers is deprecated, please import via timm.models
  warnings.warn(f"Importing from {__name__} is deprecated, please import via timm.models", FutureWarning)
/data/gaob/Re-ID/conda-envs/tri_reid/lib/python3.10/site-packages/timm/models/registry.py:4: FutureWarning: Importing from timm.models.registry is deprecated, please import via timm.models
  warnings.warn(f"Importing from {__name__} is deprecated, please import via timm.models", FutureWarning)
/data/gaob/Re-ID/conda-envs/tri_reid/lib/python3.10/site-packages/timm/models/layers/__init__.py:48: FutureWarning: Importing from timm.models.layers is deprecated, please import via timm.layers
  warnings.warn(f"Importing from {__name__} is deprecated, please import via timm.layers", FutureWarning)
using Transformer_type: ViT-B-16 as a backbone
Resized position embedding: %s to %s torch.Size([197, 768]) torch.Size([129, 768])
Position embedding resize to height:8 width: 16
Successfully load ckpt!
<All keys matched successfully>
Loading pretrained model from CLIP
camera number is : 8
STRESS_CONDITION clean {"mAP": 78.89913511469332, "mINP": 54.24698733631328, "Rank-1": 91.19533527696792, "Rank-5": 93.06122448979592, "Rank-10": 93.58600583090379, "Rank-20": 94.63556851311954}
STRESS_CONDITION RGB_blur_sigma1p5 {"mAP": 77.15897427934173, "mINP": 52.86494277675533, "Rank-1": 90.26239067055394, "Rank-5": 91.42857142857143, "Rank-10": 92.18658892128279, "Rank-20": 93.70262390670554}
STRESS_CONDITION RGB_blur_sigma3 {"mAP": 75.91121078382338, "mINP": 52.20348982147692, "Rank-1": 89.85422740524781, "Rank-5": 91.37026239067055, "Rank-10": 92.30320699708456, "Rank-20": 93.52769679300292}
STRESS_CONDITION NI_blur_sigma1p5 {"mAP": 76.05431737542696, "mINP": 51.898158489194, "Rank-1": 89.27113702623906, "Rank-5": 90.96209912536443, "Rank-10": 92.30320699708456, "Rank-20": 94.16909620991254}
STRESS_CONDITION NI_blur_sigma3 {"mAP": 74.50598690976341, "mINP": 50.25758910957413, "Rank-1": 88.22157434402332, "Rank-5": 90.61224489795919, "Rank-10": 91.89504373177843, "Rank-20": 94.05247813411079}
STRESS_CONDITION TI_blur_sigma1p5 {"mAP": 76.10542803752331, "mINP": 52.6477919900994, "Rank-1": 89.21282798833819, "Rank-5": 90.37900874635568, "Rank-10": 91.54518950437318, "Rank-20": 93.29446064139941}
STRESS_CONDITION TI_blur_sigma3 {"mAP": 71.99799006667081, "mINP": 48.42119789011985, "Rank-1": 83.79008746355684, "Rank-5": 85.65597667638484, "Rank-10": 86.70553935860057, "Rank-20": 89.03790087463557}
STRESS_CONDITION psi_off_frozen {"mAP": 78.89317754913453, "mINP": 54.22855870337223, "Rank-1": 91.19533527696792, "Rank-5": 93.06122448979592, "Rank-10": 93.58600583090379, "Rank-20": 94.75218658892129}
