/data2/gb/Re-ID/conda-envs/tri_reid/lib/python3.10/site-packages/timm/models/helpers.py:7: FutureWarning: Importing from timm.models.helpers is deprecated, please import via timm.models
  warnings.warn(f"Importing from {__name__} is deprecated, please import via timm.models", FutureWarning)
/data2/gb/Re-ID/conda-envs/tri_reid/lib/python3.10/site-packages/timm/models/registry.py:4: FutureWarning: Importing from timm.models.registry is deprecated, please import via timm.models
  warnings.warn(f"Importing from {__name__} is deprecated, please import via timm.models", FutureWarning)
/data2/gb/Re-ID/conda-envs/tri_reid/lib/python3.10/site-packages/timm/models/layers/__init__.py:48: FutureWarning: Importing from timm.models.layers is deprecated, please import via timm.layers
  warnings.warn(f"Importing from {__name__} is deprecated, please import via timm.layers", FutureWarning)
using Transformer_type: ViT-B-16 as a backbone
Resized position embedding: %s to %s torch.Size([197, 768]) torch.Size([129, 768])
Position embedding resize to height:16 width: 8
Successfully load ckpt!
<All keys matched successfully>
Loading pretrained model from CLIP
camera number is : 4
===========Building DeMo===========
using Transformer_type: ViT-B-16 as a backbone
Resized position embedding: %s to %s torch.Size([197, 768]) torch.Size([129, 768])
Position embedding resize to height:16 width: 8
Successfully load ckpt!
<All keys matched successfully>
Loading pretrained model from CLIP
camera number is : 4
using Transformer_type: ViT-B-16 as a backbone
Resized position embedding: %s to %s torch.Size([197, 768]) torch.Size([129, 768])
Position embedding resize to height:16 width: 8
Successfully load ckpt!
<All keys matched successfully>
Loading pretrained model from CLIP
camera number is : 4
using Transformer_type: ViT-B-16 as a backbone
Resized position embedding: %s to %s torch.Size([197, 768]) torch.Size([129, 768])
Position embedding resize to height:16 width: 8
Successfully load ckpt!
<All keys matched successfully>
Loading pretrained model from CLIP
camera number is : 4
AXIS_COLLABORATION_VERIFY_PASS {'status': 'PASS', 'dataset': 'RGBNT201', 'actual_dev_samples': 8, 'parameters': {'demo': 98644480, 'axis_collaboration': 100355206, 'plain_twins': 100355206, 'ordinary_frequency': 100355206}, 'trainable_parameters': {'demo': 98639360, 'axis_collaboration': 100343430, 'plain_twins': 100343430, 'ordinary_frequency': 100343430}, 'matched_full_initial_state': True, 'original_DeMo_initial_state_equal': True, 'descriptor_dim': 5632, 'ordinary_frequency_base_bitwise_equal': True, 'axis_zero_residual_base_bitwise_equal': True, 'FFT_partition_and_symmetry': True, 'FFT_reconstruction_max_error': 1.9073486328125e-06, 'outside_source_and_band_unchanged': True, 'inside_source_band_max_change': 0.7647939920425415, 'frequency_other_source_unchanged': True, 'frequency_own_source_max_change': 0.5427632927894592, 'plain_twin_outside_source_sensitivity': 0.3123394846916199, 'joint_nonfactor_L1': 0.009430088102817535, 'psi_off_factor_error_L1': 6.193295121192932e-08, 'six_actual_missing_checks': {'r': {'finite': True, 'invalid_relation_route_mass': 0.0, 'eligible_relations': [False, True, True, False, False, True, False]}, 'n': {'finite': True, 'invalid_relation_route_mass': 0.0, 'eligible_relations': [True, False, True, False, True, False, False]}, 't': {'finite': True, 'invalid_relation_route_mass': 0.0, 'eligible_relations': [True, True, False, True, False, False, False]}, 'rn': {'finite': True, 'invalid_relation_route_mass': 0.0, 'eligible_relations': [False, False, True, False, False, False, False]}, 'rt': {'finite': True, 'invalid_relation_route_mass': 0.0, 'eligible_relations': [False, True, False, False, False, False, False]}, 'nt': {'finite': True, 'invalid_relation_route_mass': 0.0, 'eligible_relations': [True, False, False, False, False, False, False]}}, 'training_batch': 64, 'backbone_calls_for_four_states': 3, 'same_actual_references': True, 'contribution_independent_CPU_max_error': 8.940696716308594e-08, 'target_stops_gradient': True, 'closed_states_without_router_calls': True, 'inference_without_counterfactuals': True, 'optimizer_updates': 0, 'limits': 'Initialization/access/controlled-state witnesses on 8 actual dev and one actual training batch; no retrieval improvement or complete-dataset parity claim.'}
