/data/gaob/Re-ID/conda-envs/tri_reid/lib/python3.10/site-packages/timm/models/helpers.py:7: FutureWarning: Importing from timm.models.helpers is deprecated, please import via timm.models
  warnings.warn(f"Importing from {__name__} is deprecated, please import via timm.models", FutureWarning)
/data/gaob/Re-ID/conda-envs/tri_reid/lib/python3.10/site-packages/timm/models/registry.py:4: FutureWarning: Importing from timm.models.registry is deprecated, please import via timm.models
  warnings.warn(f"Importing from {__name__} is deprecated, please import via timm.models", FutureWarning)
/data/gaob/Re-ID/conda-envs/tri_reid/lib/python3.10/site-packages/timm/models/layers/__init__.py:48: FutureWarning: Importing from timm.models.layers is deprecated, please import via timm.layers
  warnings.warn(f"Importing from {__name__} is deprecated, please import via timm.layers", FutureWarning)
using Transformer_type: ViT-B-16 as a backbone
Resized position embedding: %s to %s torch.Size([197, 768]) torch.Size([129, 768])
Position embedding resize to height:8 width: 16
Successfully load ckpt!
<All keys matched successfully>
Loading pretrained model from CLIP
camera number is : 8
===========Building DeMo===========
DEVELOPMENT_MISSING_CONDITION q_RNT_g_RNT {"mAP": 88.65372164553196, "mINP": 69.4223183130912, "Rank-1": 95.776, "Rank-5": 96.576, "Rank-10": 97.344, "Rank-20": 98.752}
DEVELOPMENT_MISSING_CONDITION q_RNT_g_NT {"mAP": 84.18158894041234, "mINP": 54.24010798355985, "Rank-1": 95.392, "Rank-5": 96.512, "Rank-10": 97.184, "Rank-20": 98.4}
DEVELOPMENT_MISSING_CONDITION q_RNT_g_RT {"mAP": 87.88272548384909, "mINP": 63.7841245826266, "Rank-1": 96.288, "Rank-5": 97.21600000000001, "Rank-10": 97.568, "Rank-20": 98.048}
DEVELOPMENT_MISSING_CONDITION q_RNT_g_RN {"mAP": 78.1036561987244, "mINP": 53.74367744515055, "Rank-1": 90.304, "Rank-5": 91.008, "Rank-10": 91.424, "Rank-20": 92.47999999999999}
DEVELOPMENT_MISSING_CONDITION q_RNT_g_T {"mAP": 48.348586318619866, "mINP": 23.0425557639155, "Rank-1": 67.776, "Rank-5": 75.52, "Rank-10": 79.328, "Rank-20": 84.736}
DEVELOPMENT_MISSING_CONDITION q_RNT_g_N {"mAP": 66.45846550011728, "mINP": 41.64527580919016, "Rank-1": 80.22399999999999, "Rank-5": 83.232, "Rank-10": 84.384, "Rank-20": 87.424}
DEVELOPMENT_MISSING_CONDITION q_RNT_g_R {"mAP": 75.34160965864896, "mINP": 53.836416575108316, "Rank-1": 81.984, "Rank-5": 84.128, "Rank-10": 86.176, "Rank-20": 89.28}
DEVELOPMENT_MISSING_CONDITION q_NT_g_RNT {"mAP": 82.55676853483595, "mINP": 52.027963754055065, "Rank-1": 95.776, "Rank-5": 96.896, "Rank-10": 97.312, "Rank-20": 97.824}
DEVELOPMENT_MISSING_CONDITION q_NT_g_NT {"mAP": 84.73023872161016, "mINP": 55.2930678775765, "Rank-1": 95.776, "Rank-5": 96.832, "Rank-10": 97.11999999999999, "Rank-20": 97.664}
DEVELOPMENT_MISSING_CONDITION q_NT_g_RT {"mAP": 48.222152485399036, "mINP": 24.181609012706495, "Rank-1": 61.792, "Rank-5": 66.88, "Rank-10": 70.68799999999999, "Rank-20": 75.29599999999999}
DEVELOPMENT_MISSING_CONDITION q_NT_g_RN {"mAP": 65.7086718366117, "mINP": 42.378640653986054, "Rank-1": 77.088, "Rank-5": 80.512, "Rank-10": 82.176, "Rank-20": 84.70400000000001}
DEVELOPMENT_MISSING_CONDITION q_NT_g_T {"mAP": 51.183794867156394, "mINP": 24.256568301331914, "Rank-1": 70.43199999999999, "Rank-5": 76.352, "Rank-10": 79.904, "Rank-20": 84.288}
DEVELOPMENT_MISSING_CONDITION q_NT_g_N {"mAP": 69.12741908863104, "mINP": 43.2081234540231, "Rank-1": 83.968, "Rank-5": 85.344, "Rank-10": 86.144, "Rank-20": 87.36}
DEVELOPMENT_MISSING_CONDITION q_NT_g_R {"mAP": 7.488692032608628, "mINP": 6.28596010137295, "Rank-1": 4.5120000000000005, "Rank-5": 13.696, "Rank-10": 20.128, "Rank-20": 28.127999999999997}
DEVELOPMENT_MISSING_CONDITION q_RT_g_RNT {"mAP": 86.97345110145837, "mINP": 62.58236619851083, "Rank-1": 96.992, "Rank-5": 97.76, "Rank-10": 98.016, "Rank-20": 98.976}
DEVELOPMENT_MISSING_CONDITION q_RT_g_NT {"mAP": 48.88384929101655, "mINP": 22.45646337544534, "Rank-1": 67.808, "Rank-5": 71.42399999999999, "Rank-10": 73.536, "Rank-20": 77.824}
DEVELOPMENT_MISSING_CONDITION q_RT_g_RT {"mAP": 87.9878706714577, "mINP": 63.77565807026714, "Rank-1": 96.48, "Rank-5": 97.312, "Rank-10": 97.6, "Rank-20": 98.336}
DEVELOPMENT_MISSING_CONDITION q_RT_g_RN {"mAP": 74.65591241123272, "mINP": 52.60058461455729, "Rank-1": 85.088, "Rank-5": 86.816, "Rank-10": 88.44800000000001, "Rank-20": 92.256}
DEVELOPMENT_MISSING_CONDITION q_RT_g_T {"mAP": 50.77199172122373, "mINP": 24.230673864700446, "Rank-1": 70.304, "Rank-5": 76.32, "Rank-10": 79.648, "Rank-20": 84.128}
DEVELOPMENT_MISSING_CONDITION q_RT_g_N {"mAP": 7.314757473773464, "mINP": 6.248270574584985, "Rank-1": 5.088, "Rank-5": 15.936, "Rank-10": 21.152, "Rank-20": 27.328000000000003}
DEVELOPMENT_MISSING_CONDITION q_RT_g_R {"mAP": 76.06386995210536, "mINP": 54.06443287229044, "Rank-1": 83.776, "Rank-5": 87.2, "Rank-10": 89.792, "Rank-20": 91.776}
DEVELOPMENT_MISSING_CONDITION q_RN_g_RNT {"mAP": 73.65364443149726, "mINP": 50.634518757608326, "Rank-1": 84.44800000000001, "Rank-5": 86.112, "Rank-10": 86.528, "Rank-20": 87.776}
DEVELOPMENT_MISSING_CONDITION q_RN_g_NT {"mAP": 62.21776030582099, "mINP": 40.88070772085943, "Rank-1": 69.216, "Rank-5": 72.352, "Rank-10": 74.656, "Rank-20": 78.688}
DEVELOPMENT_MISSING_CONDITION q_RN_g_RT {"mAP": 69.49027906111137, "mINP": 51.08263417034404, "Rank-1": 75.29599999999999, "Rank-5": 77.34400000000001, "Rank-10": 79.67999999999999, "Rank-20": 83.36}
DEVELOPMENT_MISSING_CONDITION q_RN_g_RN {"mAP": 78.34243258644273, "mINP": 53.66685773101278, "Rank-1": 90.432, "Rank-5": 90.72, "Rank-10": 91.136, "Rank-20": 91.904}
DEVELOPMENT_MISSING_CONDITION q_RN_g_T {"mAP": 7.727044537544939, "mINP": 5.730526356888864, "Rank-1": 4.128, "Rank-5": 16.512, "Rank-10": 26.464, "Rank-20": 43.391999999999996}
DEVELOPMENT_MISSING_CONDITION q_RN_g_N {"mAP": 68.38691953735321, "mINP": 42.618414132528734, "Rank-1": 82.91199999999999, "Rank-5": 84.768, "Rank-10": 85.664, "Rank-20": 87.52}
DEVELOPMENT_MISSING_CONDITION q_RN_g_R {"mAP": 75.66232807815338, "mINP": 53.74795624831358, "Rank-1": 83.296, "Rank-5": 85.44, "Rank-10": 87.424, "Rank-20": 90.88000000000001}
DEVELOPMENT_MISSING_CONDITION q_T_g_RNT {"mAP": 45.80057455447109, "mINP": 22.676151854262, "Rank-1": 57.792, "Rank-5": 62.304, "Rank-10": 65.792, "Rank-20": 70.65599999999999}
DEVELOPMENT_MISSING_CONDITION q_T_g_NT {"mAP": 48.91210796466004, "mINP": 23.22637443515947, "Rank-1": 66.976, "Rank-5": 70.88, "Rank-10": 73.888, "Rank-20": 78.01599999999999}
DEVELOPMENT_MISSING_CONDITION q_T_g_RT {"mAP": 48.15189006080882, "mINP": 24.721575613672066, "Rank-1": 62.016000000000005, "Rank-5": 66.208, "Rank-10": 69.952, "Rank-20": 74.56}
DEVELOPMENT_MISSING_CONDITION q_T_g_RN {"mAP": 7.6155015619818744, "mINP": 6.803240751781724, "Rank-1": 5.12, "Rank-5": 9.056000000000001, "Rank-10": 21.984, "Rank-20": 29.12}
DEVELOPMENT_MISSING_CONDITION q_T_g_T {"mAP": 52.92261348090355, "mINP": 24.64276177108156, "Rank-1": 73.152, "Rank-5": 77.632, "Rank-10": 79.42399999999999, "Rank-20": 83.584}
DEVELOPMENT_MISSING_CONDITION q_T_g_N {"mAP": 7.445780662377774, "mINP": 6.27600883322561, "Rank-1": 5.056, "Rank-5": 16.064, "Rank-10": 21.407999999999998, "Rank-20": 26.016000000000002}
DEVELOPMENT_MISSING_CONDITION q_T_g_R {"mAP": 7.497522171274243, "mINP": 6.272604963532964, "Rank-1": 4.5120000000000005, "Rank-5": 13.344000000000001, "Rank-10": 21.056, "Rank-20": 28.192}
DEVELOPMENT_MISSING_CONDITION q_N_g_RNT {"mAP": 63.48859207662561, "mINP": 42.23650391277816, "Rank-1": 73.824, "Rank-5": 75.488, "Rank-10": 76.64, "Rank-20": 79.552}
DEVELOPMENT_MISSING_CONDITION q_N_g_NT {"mAP": 64.02456099785422, "mINP": 42.02899466895453, "Rank-1": 73.824, "Rank-5": 76.064, "Rank-10": 77.536, "Rank-20": 79.872}
DEVELOPMENT_MISSING_CONDITION q_N_g_RT {"mAP": 8.06890465875923, "mINP": 6.585420220442334, "Rank-1": 5.952, "Rank-5": 15.903999999999998, "Rank-10": 20.992, "Rank-20": 30.368000000000002}
DEVELOPMENT_MISSING_CONDITION q_N_g_RN {"mAP": 65.99591386783939, "mINP": 43.49707186035085, "Rank-1": 78.176, "Rank-5": 80.864, "Rank-10": 82.304, "Rank-20": 85.056}
DEVELOPMENT_MISSING_CONDITION q_N_g_T {"mAP": 7.865194764173168, "mINP": 5.72456715133867, "Rank-1": 4.192, "Rank-5": 17.504, "Rank-10": 28.16, "Rank-20": 44.16}
DEVELOPMENT_MISSING_CONDITION q_N_g_N {"mAP": 70.61606185703427, "mINP": 43.971008075717045, "Rank-1": 84.8, "Rank-5": 86.304, "Rank-10": 87.36, "Rank-20": 88.64}
DEVELOPMENT_MISSING_CONDITION q_N_g_R {"mAP": 7.68374886156041, "mINP": 6.293460913261219, "Rank-1": 4.5120000000000005, "Rank-5": 13.76, "Rank-10": 21.792, "Rank-20": 29.727999999999998}
DEVELOPMENT_MISSING_CONDITION q_R_g_RNT {"mAP": 69.94469282813218, "mINP": 51.12917544826525, "Rank-1": 76.352, "Rank-5": 80.0, "Rank-10": 82.08, "Rank-20": 84.928}
DEVELOPMENT_MISSING_CONDITION q_R_g_NT {"mAP": 7.692564223716341, "mINP": 6.60569591530056, "Rank-1": 4.4159999999999995, "Rank-5": 15.712000000000002, "Rank-10": 24.959999999999997, "Rank-20": 34.048}
DEVELOPMENT_MISSING_CONDITION q_R_g_RT {"mAP": 69.63107446934868, "mINP": 51.224760480075645, "Rank-1": 75.072, "Rank-5": 77.85600000000001, "Rank-10": 80.16, "Rank-20": 82.68799999999999}
DEVELOPMENT_MISSING_CONDITION q_R_g_RN {"mAP": 74.05447129922543, "mINP": 52.188516657957074, "Rank-1": 84.736, "Rank-5": 88.416, "Rank-10": 90.432, "Rank-20": 93.824}
DEVELOPMENT_MISSING_CONDITION q_R_g_T {"mAP": 7.677200928527125, "mINP": 5.733487053236213, "Rank-1": 4.032, "Rank-5": 17.696, "Rank-10": 27.936, "Rank-20": 44.736}
DEVELOPMENT_MISSING_CONDITION q_R_g_N {"mAP": 7.450767533787227, "mINP": 6.2599717249544895, "Rank-1": 4.768, "Rank-5": 16.8, "Rank-10": 23.168, "Rank-20": 28.64}
DEVELOPMENT_MISSING_CONDITION q_R_g_R {"mAP": 76.06286733439504, "mINP": 52.48854739457679, "Rank-1": 87.32799999999999, "Rank-5": 89.50399999999999, "Rank-10": 91.008, "Rank-20": 92.99199999999999}
