/data2/gb/Re-ID/conda-envs/tri_reid/lib/python3.10/site-packages/timm/models/helpers.py:7: FutureWarning: Importing from timm.models.helpers is deprecated, please import via timm.models
  warnings.warn(f"Importing from {__name__} is deprecated, please import via timm.models", FutureWarning)
/data2/gb/Re-ID/conda-envs/tri_reid/lib/python3.10/site-packages/timm/models/registry.py:4: FutureWarning: Importing from timm.models.registry is deprecated, please import via timm.models
  warnings.warn(f"Importing from {__name__} is deprecated, please import via timm.models", FutureWarning)
/data2/gb/Re-ID/conda-envs/tri_reid/lib/python3.10/site-packages/timm/models/layers/__init__.py:48: FutureWarning: Importing from timm.models.layers is deprecated, please import via timm.layers
  warnings.warn(f"Importing from {__name__} is deprecated, please import via timm.layers", FutureWarning)
using Transformer_type: ViT-B-16 as a backbone
Resized position embedding: %s to %s torch.Size([197, 768]) torch.Size([129, 768])
Position embedding resize to height:16 width: 8
Successfully load ckpt!
<All keys matched successfully>
Loading pretrained model from CLIP
camera number is : 4
MISSING_CONDITION clean {"mAP": 43.91128802411615, "mINP": 33.06402827586179, "Rank-1": 45.334928229665074, "Rank-5": 54.186602870813395, "Rank-10": 60.526315789473685, "Rank-20": 70.57416267942584}
MISSING_CONDITION both_missing_r {"mAP": 36.606042080103194, "mINP": 25.334968912746202, "Rank-1": 36.124401913875595, "Rank-5": 51.794258373205736, "Rank-10": 57.77511961722488, "Rank-20": 64.71291866028707}
MISSING_CONDITION query_missing_r {"mAP": 29.71830495680323, "mINP": 21.62687401617805, "Rank-1": 27.15311004784689, "Rank-5": 39.354066985645936, "Rank-10": 47.60765550239234, "Rank-20": 59.210526315789465}
MISSING_CONDITION both_missing_n {"mAP": 36.60694951937648, "mINP": 29.23258742275323, "Rank-1": 33.61244019138756, "Rank-5": 45.69377990430622, "Rank-10": 53.827751196172244, "Rank-20": 62.20095693779905}
MISSING_CONDITION query_missing_n {"mAP": 34.643683177088285, "mINP": 27.34789419635551, "Rank-1": 29.784688995215312, "Rank-5": 42.942583732057415, "Rank-10": 51.07655502392344, "Rank-20": 61.36363636363637}
MISSING_CONDITION both_missing_t {"mAP": 31.360554708867934, "mINP": 22.720655145761235, "Rank-1": 29.1866028708134, "Rank-5": 40.55023923444976, "Rank-10": 46.5311004784689, "Rank-20": 55.38277511961722}
MISSING_CONDITION query_missing_t {"mAP": 27.61940905315699, "mINP": 20.314267614572522, "Rank-1": 23.56459330143541, "Rank-5": 34.33014354066985, "Rank-10": 40.78947368421053, "Rank-20": 52.99043062200957}
MISSING_CONDITION both_missing_rn {"mAP": 25.11361293086138, "mINP": 17.18970673151867, "Rank-1": 23.923444976076556, "Rank-5": 35.047846889952154, "Rank-10": 41.50717703349282, "Rank-20": 48.92344497607656}
MISSING_CONDITION query_missing_rn {"mAP": 16.12987437785191, "mINP": 13.312816952427974, "Rank-1": 11.483253588516746, "Rank-5": 17.464114832535884, "Rank-10": 22.84688995215311, "Rank-20": 35.28708133971292}
MISSING_CONDITION both_missing_rt {"mAP": 15.648285344037301, "mINP": 10.741405158373743, "Rank-1": 10.526315789473683, "Rank-5": 22.48803827751196, "Rank-10": 33.61244019138756, "Rank-20": 47.248803827751196}
MISSING_CONDITION query_missing_rt {"mAP": 8.474259263343244, "mINP": 7.771089079205516, "Rank-1": 2.272727272727273, "Rank-5": 7.4162679425837315, "Rank-10": 11.722488038277511, "Rank-20": 24.52153110047847}
MISSING_CONDITION both_missing_nt {"mAP": 23.092449081261286, "mINP": 16.385776103449157, "Rank-1": 22.966507177033492, "Rank-5": 31.57894736842105, "Rank-10": 36.72248803827751, "Rank-20": 44.73684210526316}
MISSING_CONDITION query_missing_nt {"mAP": 16.32585162778481, "mINP": 12.643612934253312, "Rank-1": 11.722488038277511, "Rank-5": 19.617224880382775, "Rank-10": 26.555023923444978, "Rank-20": 35.526315789473685}
