/data/gaob/Re-ID/conda-envs/tri_reid/lib/python3.10/site-packages/timm/models/helpers.py:7: FutureWarning: Importing from timm.models.helpers is deprecated, please import via timm.models
  warnings.warn(f"Importing from {__name__} is deprecated, please import via timm.models", FutureWarning)
/data/gaob/Re-ID/conda-envs/tri_reid/lib/python3.10/site-packages/timm/models/registry.py:4: FutureWarning: Importing from timm.models.registry is deprecated, please import via timm.models
  warnings.warn(f"Importing from {__name__} is deprecated, please import via timm.models", FutureWarning)
/data/gaob/Re-ID/conda-envs/tri_reid/lib/python3.10/site-packages/timm/models/layers/__init__.py:48: FutureWarning: Importing from timm.models.layers is deprecated, please import via timm.layers
  warnings.warn(f"Importing from {__name__} is deprecated, please import via timm.layers", FutureWarning)
using Transformer_type: ViT-B-16 as a backbone
Resized position embedding: %s to %s torch.Size([197, 768]) torch.Size([129, 768])
Position embedding resize to height:8 width: 16
Successfully load ckpt!
<All keys matched successfully>
Loading pretrained model from CLIP
camera number is : 8
IDENTITY_MISSING_FEATURE_BANKS_CPU_ONLY {"available_sets": 7, "cuda_allocated_bytes": 8519680, "new_optimizer_updates": 0}
IDENTITY_MISSING_STREAM {"event": "RAW_READY", "condition": "q_RNT_g_RNT", "path": "/data/gaob/Re-ID/DeMo-DualAxis/runs/r201l_missing49_20261007/full/MSVR310_r201l_axis_shared_s42/q_RNT_g_RNT/raw.npz", "file": {"bytes": 8586480, "sha256": "70623d41998f77aa78f6825a6edfc874fa69f013dcf9a1f7fd5470d4a797b2e0"}, "installed_gt_cases": 4}
IDENTITY_MISSING_STREAM {"event": "RAW_CLEARED", "condition": "q_RNT_g_RNT"}
IDENTITY_MISSING_STREAM {"event": "RAW_READY", "condition": "q_RNT_g_R", "path": "/data/gaob/Re-ID/DeMo-DualAxis/runs/r201l_missing49_20261007/full/MSVR310_r201l_axis_shared_s42/q_RNT_g_R/raw.npz", "file": {"bytes": 8351157, "sha256": "f08b85c5a634c06510c9460ac334006c5efbdd96ee997c194c3b69bb12cf2c89"}, "installed_gt_cases": 4}
IDENTITY_MISSING_STREAM {"event": "RAW_CLEARED", "condition": "q_RNT_g_R"}
IDENTITY_MISSING_STREAM {"event": "RAW_READY", "condition": "q_RNT_g_N", "path": "/data/gaob/Re-ID/DeMo-DualAxis/runs/r201l_missing49_20261007/full/MSVR310_r201l_axis_shared_s42/q_RNT_g_N/raw.npz", "file": {"bytes": 8319742, "sha256": "b0a6177d6d8bced85257856a477ccf5caa65df976979b2901404c56368547a93"}, "installed_gt_cases": 4}
IDENTITY_MISSING_STREAM {"event": "RAW_CLEARED", "condition": "q_RNT_g_N"}
IDENTITY_MISSING_STREAM {"event": "RAW_READY", "condition": "q_RNT_g_T", "path": "/data/gaob/Re-ID/DeMo-DualAxis/runs/r201l_missing49_20261007/full/MSVR310_r201l_axis_shared_s42/q_RNT_g_T/raw.npz", "file": {"bytes": 8197536, "sha256": "9b2566b5a8be4f84c12b3c3ad18cca1b6b636f6e458cb1aa6f6eec588e18f97a"}, "installed_gt_cases": 4}
IDENTITY_MISSING_STREAM {"event": "RAW_CLEARED", "condition": "q_RNT_g_T"}
IDENTITY_MISSING_STREAM {"event": "RAW_READY", "condition": "q_RNT_g_RN", "path": "/data/gaob/Re-ID/DeMo-DualAxis/runs/r201l_missing49_20261007/full/MSVR310_r201l_axis_shared_s42/q_RNT_g_RN/raw.npz", "file": {"bytes": 8424916, "sha256": "1a6b4281612e5b855a4e6d55415d6e606a179389b855d63a901bc9cc02e35d2a"}, "installed_gt_cases": 4}
IDENTITY_MISSING_STREAM {"event": "RAW_CLEARED", "condition": "q_RNT_g_RN"}
IDENTITY_MISSING_STREAM {"event": "RAW_READY", "condition": "q_RNT_g_RT", "path": "/data/gaob/Re-ID/DeMo-DualAxis/runs/r201l_missing49_20261007/full/MSVR310_r201l_axis_shared_s42/q_RNT_g_RT/raw.npz", "file": {"bytes": 8369761, "sha256": "82117a732630c80e362a2428f95a18b6cc9704b333e43f1cae0d8197d09cce16"}, "installed_gt_cases": 4}
IDENTITY_MISSING_STREAM {"event": "RAW_CLEARED", "condition": "q_RNT_g_RT"}
IDENTITY_MISSING_STREAM {"event": "RAW_READY", "condition": "q_RNT_g_NT", "path": "/data/gaob/Re-ID/DeMo-DualAxis/runs/r201l_missing49_20261007/full/MSVR310_r201l_axis_shared_s42/q_RNT_g_NT/raw.npz", "file": {"bytes": 8352238, "sha256": "55d1ee300a2f3acf42111a4fa4dff280e767d3a88e3ce91ff3dd6554cc0a5d88"}, "installed_gt_cases": 4}
IDENTITY_MISSING_STREAM {"event": "RAW_CLEARED", "condition": "q_RNT_g_NT"}
IDENTITY_MISSING_STREAM {"event": "RAW_READY", "condition": "q_R_g_RNT", "path": "/data/gaob/Re-ID/DeMo-DualAxis/runs/r201l_missing49_20261007/full/MSVR310_r201l_axis_shared_s42/q_R_g_RNT/raw.npz", "file": {"bytes": 8339681, "sha256": "613cd9f6b8fbed7005c21463201b20ba3483ab4d9e8823732374c2f6b511f829"}, "installed_gt_cases": 4}
IDENTITY_MISSING_STREAM {"event": "RAW_CLEARED", "condition": "q_R_g_RNT"}
IDENTITY_MISSING_STREAM {"event": "RAW_READY", "condition": "q_R_g_R", "path": "/data/gaob/Re-ID/DeMo-DualAxis/runs/r201l_missing49_20261007/full/MSVR310_r201l_axis_shared_s42/q_R_g_R/raw.npz", "file": {"bytes": 8540370, "sha256": "c08436a293d0f2a32fc2a611da31ca87d8fb86a853d8b6f25a43c1661884f802"}, "installed_gt_cases": 4}
IDENTITY_MISSING_STREAM {"event": "RAW_CLEARED", "condition": "q_R_g_R"}
IDENTITY_MISSING_STREAM {"event": "RAW_READY", "condition": "q_R_g_N", "path": "/data/gaob/Re-ID/DeMo-DualAxis/runs/r201l_missing49_20261007/full/MSVR310_r201l_axis_shared_s42/q_R_g_N/raw.npz", "file": {"bytes": 447826, "sha256": "570c7fd3e9ded6b9a1e5e8ecef31001062032fa1221e05433a1034183a2b4165"}, "installed_gt_cases": 4}
IDENTITY_MISSING_STREAM {"event": "RAW_CLEARED", "condition": "q_R_g_N"}
IDENTITY_MISSING_STREAM {"event": "RAW_READY", "condition": "q_R_g_T", "path": "/data/gaob/Re-ID/DeMo-DualAxis/runs/r201l_missing49_20261007/full/MSVR310_r201l_axis_shared_s42/q_R_g_T/raw.npz", "file": {"bytes": 445125, "sha256": "88b440b59ca78fd98026a9ee8ede30550ccb3afd9bfd13289cf4c173295c3dea"}, "installed_gt_cases": 4}
IDENTITY_MISSING_STREAM {"event": "RAW_CLEARED", "condition": "q_R_g_T"}
IDENTITY_MISSING_STREAM {"event": "RAW_READY", "condition": "q_R_g_RN", "path": "/data/gaob/Re-ID/DeMo-DualAxis/runs/r201l_missing49_20261007/full/MSVR310_r201l_axis_shared_s42/q_R_g_RN/raw.npz", "file": {"bytes": 8416767, "sha256": "a290e4af65cef34b1b9e4c541c4a7a743bc50b5cd26e6ad64777f4c7fdd12e76"}, "installed_gt_cases": 4}
IDENTITY_MISSING_STREAM {"event": "RAW_CLEARED", "condition": "q_R_g_RN"}
IDENTITY_MISSING_STREAM {"event": "RAW_READY", "condition": "q_R_g_RT", "path": "/data/gaob/Re-ID/DeMo-DualAxis/runs/r201l_missing49_20261007/full/MSVR310_r201l_axis_shared_s42/q_R_g_RT/raw.npz", "file": {"bytes": 8417542, "sha256": "da6eed72350234890d9afdd97a50f5f372c33ec45b1403ac106390968557d927"}, "installed_gt_cases": 4}
IDENTITY_MISSING_STREAM {"event": "RAW_CLEARED", "condition": "q_R_g_RT"}
IDENTITY_MISSING_STREAM {"event": "RAW_READY", "condition": "q_R_g_NT", "path": "/data/gaob/Re-ID/DeMo-DualAxis/runs/r201l_missing49_20261007/full/MSVR310_r201l_axis_shared_s42/q_R_g_NT/raw.npz", "file": {"bytes": 457879, "sha256": "428a85baa61d1f327d33f57fcb0e4451f6033bdaea295211250d2018fcf834a7"}, "installed_gt_cases": 4}
IDENTITY_MISSING_STREAM {"event": "RAW_CLEARED", "condition": "q_R_g_NT"}
IDENTITY_MISSING_STREAM {"event": "RAW_READY", "condition": "q_N_g_RNT", "path": "/data/gaob/Re-ID/DeMo-DualAxis/runs/r201l_missing49_20261007/full/MSVR310_r201l_axis_shared_s42/q_N_g_RNT/raw.npz", "file": {"bytes": 8311597, "sha256": "623e94ca735cce86dd4dd9a41c786e28c8569388190c66f385283555ce6b5cf7"}, "installed_gt_cases": 4}
IDENTITY_MISSING_STREAM {"event": "RAW_CLEARED", "condition": "q_N_g_RNT"}
IDENTITY_MISSING_STREAM {"event": "RAW_READY", "condition": "q_N_g_R", "path": "/data/gaob/Re-ID/DeMo-DualAxis/runs/r201l_missing49_20261007/full/MSVR310_r201l_axis_shared_s42/q_N_g_R/raw.npz", "file": {"bytes": 439767, "sha256": "b1105840e0ec4054428da6164e353449020e51ba4c4aa229e01ed63696d670f6"}, "installed_gt_cases": 4}
IDENTITY_MISSING_STREAM {"event": "RAW_CLEARED", "condition": "q_N_g_R"}
IDENTITY_MISSING_STREAM {"event": "RAW_READY", "condition": "q_N_g_N", "path": "/data/gaob/Re-ID/DeMo-DualAxis/runs/r201l_missing49_20261007/full/MSVR310_r201l_axis_shared_s42/q_N_g_N/raw.npz", "file": {"bytes": 8556539, "sha256": "659497ebeb798c552e0b270b6a14beb7f864e24b62111b5265c982a67e446a24"}, "installed_gt_cases": 4}
IDENTITY_MISSING_STREAM {"event": "RAW_CLEARED", "condition": "q_N_g_N"}
IDENTITY_MISSING_STREAM {"event": "RAW_READY", "condition": "q_N_g_T", "path": "/data/gaob/Re-ID/DeMo-DualAxis/runs/r201l_missing49_20261007/full/MSVR310_r201l_axis_shared_s42/q_N_g_T/raw.npz", "file": {"bytes": 439435, "sha256": "6a61896b45a58612e3495d11d424dc8970c613ba60e5d7ba8343d2b472241f60"}, "installed_gt_cases": 4}
IDENTITY_MISSING_STREAM {"event": "RAW_CLEARED", "condition": "q_N_g_T"}
IDENTITY_MISSING_STREAM {"event": "RAW_READY", "condition": "q_N_g_RN", "path": "/data/gaob/Re-ID/DeMo-DualAxis/runs/r201l_missing49_20261007/full/MSVR310_r201l_axis_shared_s42/q_N_g_RN/raw.npz", "file": {"bytes": 8376227, "sha256": "cdda96ea8f413cc0334491e17d280e9c8d83f460e4d732447595854686d4975e"}, "installed_gt_cases": 4}
IDENTITY_MISSING_STREAM {"event": "RAW_CLEARED", "condition": "q_N_g_RN"}
IDENTITY_MISSING_STREAM {"event": "RAW_READY", "condition": "q_N_g_RT", "path": "/data/gaob/Re-ID/DeMo-DualAxis/runs/r201l_missing49_20261007/full/MSVR310_r201l_axis_shared_s42/q_N_g_RT/raw.npz", "file": {"bytes": 449229, "sha256": "9534f9a82ffcd07c8ac81c20f06b5910146c50080bf9c326e609f71354a77b8b"}, "installed_gt_cases": 4}
IDENTITY_MISSING_STREAM {"event": "RAW_CLEARED", "condition": "q_N_g_RT"}
IDENTITY_MISSING_STREAM {"event": "RAW_READY", "condition": "q_N_g_NT", "path": "/data/gaob/Re-ID/DeMo-DualAxis/runs/r201l_missing49_20261007/full/MSVR310_r201l_axis_shared_s42/q_N_g_NT/raw.npz", "file": {"bytes": 8419210, "sha256": "339fffa1a68c6b8ffc9699c453fceb7c383a539c94d08e0c85a6d4f5ee1d3759"}, "installed_gt_cases": 4}
IDENTITY_MISSING_STREAM {"event": "RAW_CLEARED", "condition": "q_N_g_NT"}
IDENTITY_MISSING_STREAM {"event": "RAW_READY", "condition": "q_T_g_RNT", "path": "/data/gaob/Re-ID/DeMo-DualAxis/runs/r201l_missing49_20261007/full/MSVR310_r201l_axis_shared_s42/q_T_g_RNT/raw.npz", "file": {"bytes": 8124204, "sha256": "4596c474cf5d4cb1793277100aeae3321b8a2764811e5a38698480816f4e9633"}, "installed_gt_cases": 4}
IDENTITY_MISSING_STREAM {"event": "RAW_CLEARED", "condition": "q_T_g_RNT"}
IDENTITY_MISSING_STREAM {"event": "RAW_READY", "condition": "q_T_g_R", "path": "/data/gaob/Re-ID/DeMo-DualAxis/runs/r201l_missing49_20261007/full/MSVR310_r201l_axis_shared_s42/q_T_g_R/raw.npz", "file": {"bytes": 432144, "sha256": "8e7e4560ee54866835b6798641a601544062edb5610cafd21a3caf6cbba19a32"}, "installed_gt_cases": 4}
IDENTITY_MISSING_STREAM {"event": "RAW_CLEARED", "condition": "q_T_g_R"}
IDENTITY_MISSING_STREAM {"event": "RAW_READY", "condition": "q_T_g_N", "path": "/data/gaob/Re-ID/DeMo-DualAxis/runs/r201l_missing49_20261007/full/MSVR310_r201l_axis_shared_s42/q_T_g_N/raw.npz", "file": {"bytes": 437187, "sha256": "e5ee3257b0a9ddcf403f20482e16ffe4bed1270ea7745bf02adbf4ec92389a64"}, "installed_gt_cases": 4}
IDENTITY_MISSING_STREAM {"event": "RAW_CLEARED", "condition": "q_T_g_N"}
IDENTITY_MISSING_STREAM {"event": "RAW_READY", "condition": "q_T_g_T", "path": "/data/gaob/Re-ID/DeMo-DualAxis/runs/r201l_missing49_20261007/full/MSVR310_r201l_axis_shared_s42/q_T_g_T/raw.npz", "file": {"bytes": 8524555, "sha256": "f74458dbcf45ce7a5b630ebf9f34f37f5fef679d99df21accf64e1dce2e96739"}, "installed_gt_cases": 4}
IDENTITY_MISSING_STREAM {"event": "RAW_CLEARED", "condition": "q_T_g_T"}
IDENTITY_MISSING_STREAM {"event": "RAW_READY", "condition": "q_T_g_RN", "path": "/data/gaob/Re-ID/DeMo-DualAxis/runs/r201l_missing49_20261007/full/MSVR310_r201l_axis_shared_s42/q_T_g_RN/raw.npz", "file": {"bytes": 441040, "sha256": "c1da8a98d2dacc897d56f5ffff5def12b75151d363913645ed9aa435ba59aa70"}, "installed_gt_cases": 4}
IDENTITY_MISSING_STREAM {"event": "RAW_CLEARED", "condition": "q_T_g_RN"}
IDENTITY_MISSING_STREAM {"event": "RAW_READY", "condition": "q_T_g_RT", "path": "/data/gaob/Re-ID/DeMo-DualAxis/runs/r201l_missing49_20261007/full/MSVR310_r201l_axis_shared_s42/q_T_g_RT/raw.npz", "file": {"bytes": 8274341, "sha256": "8b8aacd3084a1748427f2c28baee5fa0933773afcbdfbe5580ddd0c04c9bc4a3"}, "installed_gt_cases": 4}
IDENTITY_MISSING_STREAM {"event": "RAW_CLEARED", "condition": "q_T_g_RT"}
IDENTITY_MISSING_STREAM {"event": "RAW_READY", "condition": "q_T_g_NT", "path": "/data/gaob/Re-ID/DeMo-DualAxis/runs/r201l_missing49_20261007/full/MSVR310_r201l_axis_shared_s42/q_T_g_NT/raw.npz", "file": {"bytes": 8302839, "sha256": "abf80c893626f5e0ab88c42c05ce88192650bdc6f1c169a0cdd463acc27d1742"}, "installed_gt_cases": 4}
IDENTITY_MISSING_STREAM {"event": "RAW_CLEARED", "condition": "q_T_g_NT"}
IDENTITY_MISSING_STREAM {"event": "RAW_READY", "condition": "q_RN_g_RNT", "path": "/data/gaob/Re-ID/DeMo-DualAxis/runs/r201l_missing49_20261007/full/MSVR310_r201l_axis_shared_s42/q_RN_g_RNT/raw.npz", "file": {"bytes": 8421964, "sha256": "905dbf0ffa5a5d065138dbbc011c6f2d5dfdc4fedb11540529075e70bcf0fbf2"}, "installed_gt_cases": 4}
IDENTITY_MISSING_STREAM {"event": "RAW_CLEARED", "condition": "q_RN_g_RNT"}
IDENTITY_MISSING_STREAM {"event": "RAW_READY", "condition": "q_RN_g_R", "path": "/data/gaob/Re-ID/DeMo-DualAxis/runs/r201l_missing49_20261007/full/MSVR310_r201l_axis_shared_s42/q_RN_g_R/raw.npz", "file": {"bytes": 8419052, "sha256": "434fe05dc18e3e0c86b13734b78dff4e7617599c3a41f6144356763c33abc273"}, "installed_gt_cases": 4}
IDENTITY_MISSING_STREAM {"event": "RAW_CLEARED", "condition": "q_RN_g_R"}
IDENTITY_MISSING_STREAM {"event": "RAW_READY", "condition": "q_RN_g_N", "path": "/data/gaob/Re-ID/DeMo-DualAxis/runs/r201l_missing49_20261007/full/MSVR310_r201l_axis_shared_s42/q_RN_g_N/raw.npz", "file": {"bytes": 8378665, "sha256": "c70738a985d43559bec35b61f6227807b01c04883380971ef8a098e73838b217"}, "installed_gt_cases": 4}
IDENTITY_MISSING_STREAM {"event": "RAW_CLEARED", "condition": "q_RN_g_N"}
IDENTITY_MISSING_STREAM {"event": "RAW_READY", "condition": "q_RN_g_T", "path": "/data/gaob/Re-ID/DeMo-DualAxis/runs/r201l_missing49_20261007/full/MSVR310_r201l_axis_shared_s42/q_RN_g_T/raw.npz", "file": {"bytes": 457996, "sha256": "cf05d24fc25a7bd925ecefd01da37ba8c30939ad7358131f7a65a5c7b9438802"}, "installed_gt_cases": 4}
IDENTITY_MISSING_STREAM {"event": "RAW_CLEARED", "condition": "q_RN_g_T"}
IDENTITY_MISSING_STREAM {"event": "RAW_READY", "condition": "q_RN_g_RN", "path": "/data/gaob/Re-ID/DeMo-DualAxis/runs/r201l_missing49_20261007/full/MSVR310_r201l_axis_shared_s42/q_RN_g_RN/raw.npz", "file": {"bytes": 8531349, "sha256": "024aee572934797b36b3a4c059d139b33b2af48bee6bb3cd591af611a7a25af3"}, "installed_gt_cases": 4}
IDENTITY_MISSING_STREAM {"event": "RAW_CLEARED", "condition": "q_RN_g_RN"}
IDENTITY_MISSING_STREAM {"event": "RAW_READY", "condition": "q_RN_g_RT", "path": "/data/gaob/Re-ID/DeMo-DualAxis/runs/r201l_missing49_20261007/full/MSVR310_r201l_axis_shared_s42/q_RN_g_RT/raw.npz", "file": {"bytes": 8337340, "sha256": "86ea451bc09df3043751deae03e02d03f9c979ab1ae16d158b08f58310b162a5"}, "installed_gt_cases": 4}
IDENTITY_MISSING_STREAM {"event": "RAW_CLEARED", "condition": "q_RN_g_RT"}
IDENTITY_MISSING_STREAM {"event": "RAW_READY", "condition": "q_RN_g_NT", "path": "/data/gaob/Re-ID/DeMo-DualAxis/runs/r201l_missing49_20261007/full/MSVR310_r201l_axis_shared_s42/q_RN_g_NT/raw.npz", "file": {"bytes": 8295774, "sha256": "ecd4f0527fd4bf9a031967c1587215c045e9dee4a446513f3b2e2dce09e4df18"}, "installed_gt_cases": 4}
IDENTITY_MISSING_STREAM {"event": "RAW_CLEARED", "condition": "q_RN_g_NT"}
IDENTITY_MISSING_STREAM {"event": "RAW_READY", "condition": "q_RT_g_RNT", "path": "/data/gaob/Re-ID/DeMo-DualAxis/runs/r201l_missing49_20261007/full/MSVR310_r201l_axis_shared_s42/q_RT_g_RNT/raw.npz", "file": {"bytes": 8368108, "sha256": "b6eef7f92992b736898ede1c24240046a712678bf216a97e7a102dc9a0d4a7c2"}, "installed_gt_cases": 4}
IDENTITY_MISSING_STREAM {"event": "RAW_CLEARED", "condition": "q_RT_g_RNT"}
IDENTITY_MISSING_STREAM {"event": "RAW_READY", "condition": "q_RT_g_R", "path": "/data/gaob/Re-ID/DeMo-DualAxis/runs/r201l_missing49_20261007/full/MSVR310_r201l_axis_shared_s42/q_RT_g_R/raw.npz", "file": {"bytes": 8423083, "sha256": "6e9ef4beb7a0a2161c17976da3a35f2e33053370295b8da9ed763502aa4d3a21"}, "installed_gt_cases": 4}
IDENTITY_MISSING_STREAM {"event": "RAW_CLEARED", "condition": "q_RT_g_R"}
IDENTITY_MISSING_STREAM {"event": "RAW_READY", "condition": "q_RT_g_N", "path": "/data/gaob/Re-ID/DeMo-DualAxis/runs/r201l_missing49_20261007/full/MSVR310_r201l_axis_shared_s42/q_RT_g_N/raw.npz", "file": {"bytes": 463792, "sha256": "10e8b0c756069cf42386e991996d178b03f03697e12db65cce75dd9149864c6c"}, "installed_gt_cases": 4}
IDENTITY_MISSING_STREAM {"event": "RAW_CLEARED", "condition": "q_RT_g_N"}
IDENTITY_MISSING_STREAM {"event": "RAW_READY", "condition": "q_RT_g_T", "path": "/data/gaob/Re-ID/DeMo-DualAxis/runs/r201l_missing49_20261007/full/MSVR310_r201l_axis_shared_s42/q_RT_g_T/raw.npz", "file": {"bytes": 8304236, "sha256": "0e47e7cbf3efe5ffa4006468fa5a79cb5a36b45573789d11e3906dac645744f5"}, "installed_gt_cases": 4}
IDENTITY_MISSING_STREAM {"event": "RAW_CLEARED", "condition": "q_RT_g_T"}
IDENTITY_MISSING_STREAM {"event": "RAW_READY", "condition": "q_RT_g_RN", "path": "/data/gaob/Re-ID/DeMo-DualAxis/runs/r201l_missing49_20261007/full/MSVR310_r201l_axis_shared_s42/q_RT_g_RN/raw.npz", "file": {"bytes": 8339996, "sha256": "e9671feeb8d11d2da65d1e029157ea1362165e7c43a01a86902d745909f1fee5"}, "installed_gt_cases": 4}
IDENTITY_MISSING_STREAM {"event": "RAW_CLEARED", "condition": "q_RT_g_RN"}
IDENTITY_MISSING_STREAM {"event": "RAW_READY", "condition": "q_RT_g_RT", "path": "/data/gaob/Re-ID/DeMo-DualAxis/runs/r201l_missing49_20261007/full/MSVR310_r201l_axis_shared_s42/q_RT_g_RT/raw.npz", "file": {"bytes": 8536586, "sha256": "5bc612ad7147829375116551540179fcb99be8c4f4c32e781008f0aa60b9acfa"}, "installed_gt_cases": 4}
IDENTITY_MISSING_STREAM {"event": "RAW_CLEARED", "condition": "q_RT_g_RT"}
IDENTITY_MISSING_STREAM {"event": "RAW_READY", "condition": "q_RT_g_NT", "path": "/data/gaob/Re-ID/DeMo-DualAxis/runs/r201l_missing49_20261007/full/MSVR310_r201l_axis_shared_s42/q_RT_g_NT/raw.npz", "file": {"bytes": 8064270, "sha256": "bf1304c8cfbe8b1da9b89159f66af35e0ddab776e7d9c8bd95ffba25ca25ae06"}, "installed_gt_cases": 4}
IDENTITY_MISSING_STREAM {"event": "RAW_CLEARED", "condition": "q_RT_g_NT"}
IDENTITY_MISSING_STREAM {"event": "RAW_READY", "condition": "q_NT_g_RNT", "path": "/data/gaob/Re-ID/DeMo-DualAxis/runs/r201l_missing49_20261007/full/MSVR310_r201l_axis_shared_s42/q_NT_g_RNT/raw.npz", "file": {"bytes": 8353043, "sha256": "d153333536e24d66ecab9ae8aa014d1e25392f4709dd9e66e2bcb9fa91160754"}, "installed_gt_cases": 4}
IDENTITY_MISSING_STREAM {"event": "RAW_CLEARED", "condition": "q_NT_g_RNT"}
IDENTITY_MISSING_STREAM {"event": "RAW_READY", "condition": "q_NT_g_R", "path": "/data/gaob/Re-ID/DeMo-DualAxis/runs/r201l_missing49_20261007/full/MSVR310_r201l_axis_shared_s42/q_NT_g_R/raw.npz", "file": {"bytes": 463978, "sha256": "b570f003e874f864900dbd10a9997f914dfd5e2d6a851b38be115a3886974a1c"}, "installed_gt_cases": 4}
IDENTITY_MISSING_STREAM {"event": "RAW_CLEARED", "condition": "q_NT_g_R"}
IDENTITY_MISSING_STREAM {"event": "RAW_READY", "condition": "q_NT_g_N", "path": "/data/gaob/Re-ID/DeMo-DualAxis/runs/r201l_missing49_20261007/full/MSVR310_r201l_axis_shared_s42/q_NT_g_N/raw.npz", "file": {"bytes": 8422600, "sha256": "baae93b99da75a90fc6bade27394f8b784fb7c5085a5b8a11b1d31951cddd946"}, "installed_gt_cases": 4}
IDENTITY_MISSING_STREAM {"event": "RAW_CLEARED", "condition": "q_NT_g_N"}
IDENTITY_MISSING_STREAM {"event": "RAW_READY", "condition": "q_NT_g_T", "path": "/data/gaob/Re-ID/DeMo-DualAxis/runs/r201l_missing49_20261007/full/MSVR310_r201l_axis_shared_s42/q_NT_g_T/raw.npz", "file": {"bytes": 8325280, "sha256": "587b4890ce69adba6ced1e007e7fef15efb03771dcfcfc96a39ba0a153854514"}, "installed_gt_cases": 4}
IDENTITY_MISSING_STREAM {"event": "RAW_CLEARED", "condition": "q_NT_g_T"}
IDENTITY_MISSING_STREAM {"event": "RAW_READY", "condition": "q_NT_g_RN", "path": "/data/gaob/Re-ID/DeMo-DualAxis/runs/r201l_missing49_20261007/full/MSVR310_r201l_axis_shared_s42/q_NT_g_RN/raw.npz", "file": {"bytes": 8299223, "sha256": "89152b6a8a27970226e8c2bd32a405666b515bb6e9b1d2e99602bf86d3b54485"}, "installed_gt_cases": 4}
IDENTITY_MISSING_STREAM {"event": "RAW_CLEARED", "condition": "q_NT_g_RN"}
IDENTITY_MISSING_STREAM {"event": "RAW_READY", "condition": "q_NT_g_RT", "path": "/data/gaob/Re-ID/DeMo-DualAxis/runs/r201l_missing49_20261007/full/MSVR310_r201l_axis_shared_s42/q_NT_g_RT/raw.npz", "file": {"bytes": 8061874, "sha256": "90ddbba33aad7b158f80babc2a399e5b5e91bfcb3c74d6be9c7a4042a16d56fa"}, "installed_gt_cases": 4}
IDENTITY_MISSING_STREAM {"event": "RAW_CLEARED", "condition": "q_NT_g_RT"}
IDENTITY_MISSING_STREAM {"event": "RAW_READY", "condition": "q_NT_g_NT", "path": "/data/gaob/Re-ID/DeMo-DualAxis/runs/r201l_missing49_20261007/full/MSVR310_r201l_axis_shared_s42/q_NT_g_NT/raw.npz", "file": {"bytes": 8587423, "sha256": "1010f7475fade2f900dad8e28c13e2f4ff8033543bcfa7b083c093c7b55cfcaa"}, "installed_gt_cases": 4}
IDENTITY_MISSING_STREAM {"event": "RAW_CLEARED", "condition": "q_NT_g_NT"}
IDENTITY_MISSING_STREAM {"event": "EVALUATION_COMPLETE", "conditions": 49, "cases": 196, "optimizer_updates": 0}
