/data/gaob/Re-ID/conda-envs/tri_reid/lib/python3.10/site-packages/timm/models/helpers.py:7: FutureWarning: Importing from timm.models.helpers is deprecated, please import via timm.models
  warnings.warn(f"Importing from {__name__} is deprecated, please import via timm.models", FutureWarning)
/data/gaob/Re-ID/conda-envs/tri_reid/lib/python3.10/site-packages/timm/models/registry.py:4: FutureWarning: Importing from timm.models.registry is deprecated, please import via timm.models
  warnings.warn(f"Importing from {__name__} is deprecated, please import via timm.models", FutureWarning)
/data/gaob/Re-ID/conda-envs/tri_reid/lib/python3.10/site-packages/timm/models/layers/__init__.py:48: FutureWarning: Importing from timm.models.layers is deprecated, please import via timm.layers
  warnings.warn(f"Importing from {__name__} is deprecated, please import via timm.layers", FutureWarning)
using Transformer_type: ViT-B-16 as a backbone
Resized position embedding: %s to %s torch.Size([197, 768]) torch.Size([129, 768])
Position embedding resize to height:8 width: 16
Successfully load ckpt!
<All keys matched successfully>
Loading pretrained model from CLIP
camera number is : 8
IDENTITY_MISSING_FEATURE_BANKS_CPU_ONLY {"available_sets": 7, "cuda_allocated_bytes": 8519680, "new_optimizer_updates": 0}
IDENTITY_MISSING_STREAM {"event": "RAW_READY", "condition": "q_RNT_g_RNT", "path": "/data/gaob/Re-ID/DeMo-DualAxis/runs/r201l_missing49_20261007/full/MSVR310_r201l_frequency_shared_s42/q_RNT_g_RNT/raw.npz", "file": {"bytes": 8587016, "sha256": "d850658bce697f339026d64de08783d4874921edaac28b37de40a4bb42865085"}, "installed_gt_cases": 4}
IDENTITY_MISSING_STREAM {"event": "RAW_CLEARED", "condition": "q_RNT_g_RNT"}
IDENTITY_MISSING_STREAM {"event": "RAW_READY", "condition": "q_RNT_g_R", "path": "/data/gaob/Re-ID/DeMo-DualAxis/runs/r201l_missing49_20261007/full/MSVR310_r201l_frequency_shared_s42/q_RNT_g_R/raw.npz", "file": {"bytes": 8350979, "sha256": "b6fbba8b7eb7944a2bde24cd55d0a6ee68b585b9d9f2a1238c06c4309376b23d"}, "installed_gt_cases": 4}
IDENTITY_MISSING_STREAM {"event": "RAW_CLEARED", "condition": "q_RNT_g_R"}
IDENTITY_MISSING_STREAM {"event": "RAW_READY", "condition": "q_RNT_g_N", "path": "/data/gaob/Re-ID/DeMo-DualAxis/runs/r201l_missing49_20261007/full/MSVR310_r201l_frequency_shared_s42/q_RNT_g_N/raw.npz", "file": {"bytes": 8319372, "sha256": "07790f9ea48cc29c8c733f6571fa80dc807a8d01e488fd818184b926eb8c6c47"}, "installed_gt_cases": 4}
IDENTITY_MISSING_STREAM {"event": "RAW_CLEARED", "condition": "q_RNT_g_N"}
IDENTITY_MISSING_STREAM {"event": "RAW_READY", "condition": "q_RNT_g_T", "path": "/data/gaob/Re-ID/DeMo-DualAxis/runs/r201l_missing49_20261007/full/MSVR310_r201l_frequency_shared_s42/q_RNT_g_T/raw.npz", "file": {"bytes": 8196728, "sha256": "76780de96209bc0fd220d630a4a57ba87b1a9bffe914ca109b70f63d9b7392d0"}, "installed_gt_cases": 4}
IDENTITY_MISSING_STREAM {"event": "RAW_CLEARED", "condition": "q_RNT_g_T"}
IDENTITY_MISSING_STREAM {"event": "RAW_READY", "condition": "q_RNT_g_RN", "path": "/data/gaob/Re-ID/DeMo-DualAxis/runs/r201l_missing49_20261007/full/MSVR310_r201l_frequency_shared_s42/q_RNT_g_RN/raw.npz", "file": {"bytes": 8424795, "sha256": "ad8fd5c3696b1df2f26c6683bb3e07015cd488ec927fa873683e22bfce1df977"}, "installed_gt_cases": 4}
IDENTITY_MISSING_STREAM {"event": "RAW_CLEARED", "condition": "q_RNT_g_RN"}
IDENTITY_MISSING_STREAM {"event": "RAW_READY", "condition": "q_RNT_g_RT", "path": "/data/gaob/Re-ID/DeMo-DualAxis/runs/r201l_missing49_20261007/full/MSVR310_r201l_frequency_shared_s42/q_RNT_g_RT/raw.npz", "file": {"bytes": 8369641, "sha256": "a7c4ecb523da100a4e306afcace7839b8080afdd352e08cc281fe51a2cf399f4"}, "installed_gt_cases": 4}
IDENTITY_MISSING_STREAM {"event": "RAW_CLEARED", "condition": "q_RNT_g_RT"}
IDENTITY_MISSING_STREAM {"event": "RAW_READY", "condition": "q_RNT_g_NT", "path": "/data/gaob/Re-ID/DeMo-DualAxis/runs/r201l_missing49_20261007/full/MSVR310_r201l_frequency_shared_s42/q_RNT_g_NT/raw.npz", "file": {"bytes": 8351474, "sha256": "ffa4d10f461c01eda814a9ee5584d62c27bc8112d4348d71a673c8e75a62105f"}, "installed_gt_cases": 4}
IDENTITY_MISSING_STREAM {"event": "RAW_CLEARED", "condition": "q_RNT_g_NT"}
IDENTITY_MISSING_STREAM {"event": "RAW_READY", "condition": "q_R_g_RNT", "path": "/data/gaob/Re-ID/DeMo-DualAxis/runs/r201l_missing49_20261007/full/MSVR310_r201l_frequency_shared_s42/q_R_g_RNT/raw.npz", "file": {"bytes": 8339617, "sha256": "d898d7685677179155f3a20fac25e94ec19f655e37be91309ac6d41267901afe"}, "installed_gt_cases": 4}
IDENTITY_MISSING_STREAM {"event": "RAW_CLEARED", "condition": "q_R_g_RNT"}
IDENTITY_MISSING_STREAM {"event": "RAW_READY", "condition": "q_R_g_R", "path": "/data/gaob/Re-ID/DeMo-DualAxis/runs/r201l_missing49_20261007/full/MSVR310_r201l_frequency_shared_s42/q_R_g_R/raw.npz", "file": {"bytes": 8540018, "sha256": "2205fbc33c5f5efe92faf49bfc8dbe87fb95453af5d19fb76be35e02aea34b2f"}, "installed_gt_cases": 4}
IDENTITY_MISSING_STREAM {"event": "RAW_CLEARED", "condition": "q_R_g_R"}
IDENTITY_MISSING_STREAM {"event": "RAW_READY", "condition": "q_R_g_N", "path": "/data/gaob/Re-ID/DeMo-DualAxis/runs/r201l_missing49_20261007/full/MSVR310_r201l_frequency_shared_s42/q_R_g_N/raw.npz", "file": {"bytes": 450458, "sha256": "6674c7f65b798a9205e7d09d3e7b7250b50123e8ddfa2e8d6147059cd09a2856"}, "installed_gt_cases": 4}
IDENTITY_MISSING_STREAM {"event": "RAW_CLEARED", "condition": "q_R_g_N"}
IDENTITY_MISSING_STREAM {"event": "RAW_READY", "condition": "q_R_g_T", "path": "/data/gaob/Re-ID/DeMo-DualAxis/runs/r201l_missing49_20261007/full/MSVR310_r201l_frequency_shared_s42/q_R_g_T/raw.npz", "file": {"bytes": 444942, "sha256": "02a0dc3a379fe934173f473ecf3bcb0a26cd6db6a1c7bc740a2812f49c0b89bc"}, "installed_gt_cases": 4}
IDENTITY_MISSING_STREAM {"event": "RAW_CLEARED", "condition": "q_R_g_T"}
IDENTITY_MISSING_STREAM {"event": "RAW_READY", "condition": "q_R_g_RN", "path": "/data/gaob/Re-ID/DeMo-DualAxis/runs/r201l_missing49_20261007/full/MSVR310_r201l_frequency_shared_s42/q_R_g_RN/raw.npz", "file": {"bytes": 8416192, "sha256": "eeb7cd723feb92359b573a0b524522c068e5003c4c891c4ed476870980146e78"}, "installed_gt_cases": 4}
IDENTITY_MISSING_STREAM {"event": "RAW_CLEARED", "condition": "q_R_g_RN"}
IDENTITY_MISSING_STREAM {"event": "RAW_READY", "condition": "q_R_g_RT", "path": "/data/gaob/Re-ID/DeMo-DualAxis/runs/r201l_missing49_20261007/full/MSVR310_r201l_frequency_shared_s42/q_R_g_RT/raw.npz", "file": {"bytes": 8416878, "sha256": "95995cbc02d7bc1a524e7045f9a8450cb0c083ed21b7efa7344db548eb4e2495"}, "installed_gt_cases": 4}
IDENTITY_MISSING_STREAM {"event": "RAW_CLEARED", "condition": "q_R_g_RT"}
IDENTITY_MISSING_STREAM {"event": "RAW_READY", "condition": "q_R_g_NT", "path": "/data/gaob/Re-ID/DeMo-DualAxis/runs/r201l_missing49_20261007/full/MSVR310_r201l_frequency_shared_s42/q_R_g_NT/raw.npz", "file": {"bytes": 467629, "sha256": "63445d5b5c0fbf03b8f162e817eaec1bf10a7de272e454280c0004c08645238d"}, "installed_gt_cases": 4}
IDENTITY_MISSING_STREAM {"event": "RAW_CLEARED", "condition": "q_R_g_NT"}
IDENTITY_MISSING_STREAM {"event": "RAW_READY", "condition": "q_N_g_RNT", "path": "/data/gaob/Re-ID/DeMo-DualAxis/runs/r201l_missing49_20261007/full/MSVR310_r201l_frequency_shared_s42/q_N_g_RNT/raw.npz", "file": {"bytes": 8311272, "sha256": "d25bbdfc5784785533159fc804b56a7b115bf3d47a3ff95bf23b7095b5c2b6cb"}, "installed_gt_cases": 4}
IDENTITY_MISSING_STREAM {"event": "RAW_CLEARED", "condition": "q_N_g_RNT"}
IDENTITY_MISSING_STREAM {"event": "RAW_READY", "condition": "q_N_g_R", "path": "/data/gaob/Re-ID/DeMo-DualAxis/runs/r201l_missing49_20261007/full/MSVR310_r201l_frequency_shared_s42/q_N_g_R/raw.npz", "file": {"bytes": 447073, "sha256": "3ce4c83dff48d8ee88465aba151ffb8dae0297d8222003eb74923dbadb1fa12a"}, "installed_gt_cases": 4}
IDENTITY_MISSING_STREAM {"event": "RAW_CLEARED", "condition": "q_N_g_R"}
IDENTITY_MISSING_STREAM {"event": "RAW_READY", "condition": "q_N_g_N", "path": "/data/gaob/Re-ID/DeMo-DualAxis/runs/r201l_missing49_20261007/full/MSVR310_r201l_frequency_shared_s42/q_N_g_N/raw.npz", "file": {"bytes": 8556359, "sha256": "dfd073a5a55cf1fd8783a4139e2b4d9cf5fe32d3b548ec889bb970400db960b1"}, "installed_gt_cases": 4}
IDENTITY_MISSING_STREAM {"event": "RAW_CLEARED", "condition": "q_N_g_N"}
IDENTITY_MISSING_STREAM {"event": "RAW_READY", "condition": "q_N_g_T", "path": "/data/gaob/Re-ID/DeMo-DualAxis/runs/r201l_missing49_20261007/full/MSVR310_r201l_frequency_shared_s42/q_N_g_T/raw.npz", "file": {"bytes": 445170, "sha256": "16890cc7ec18ffdf1e817d4c4662bed8f0c86ff899ce7550d17feb5b6c1dfde3"}, "installed_gt_cases": 4}
IDENTITY_MISSING_STREAM {"event": "RAW_CLEARED", "condition": "q_N_g_T"}
IDENTITY_MISSING_STREAM {"event": "RAW_READY", "condition": "q_N_g_RN", "path": "/data/gaob/Re-ID/DeMo-DualAxis/runs/r201l_missing49_20261007/full/MSVR310_r201l_frequency_shared_s42/q_N_g_RN/raw.npz", "file": {"bytes": 8376166, "sha256": "5094959f36cad67b0c73cd2e303bedd4746feef031265480001d9e380c500e28"}, "installed_gt_cases": 4}
IDENTITY_MISSING_STREAM {"event": "RAW_CLEARED", "condition": "q_N_g_RN"}
IDENTITY_MISSING_STREAM {"event": "RAW_READY", "condition": "q_N_g_RT", "path": "/data/gaob/Re-ID/DeMo-DualAxis/runs/r201l_missing49_20261007/full/MSVR310_r201l_frequency_shared_s42/q_N_g_RT/raw.npz", "file": {"bytes": 456953, "sha256": "a0d83b7ffae5417409f70bea55c3cf29aa7445cdb917e5d8b227e7ce25a7ec64"}, "installed_gt_cases": 4}
IDENTITY_MISSING_STREAM {"event": "RAW_CLEARED", "condition": "q_N_g_RT"}
IDENTITY_MISSING_STREAM {"event": "RAW_READY", "condition": "q_N_g_NT", "path": "/data/gaob/Re-ID/DeMo-DualAxis/runs/r201l_missing49_20261007/full/MSVR310_r201l_frequency_shared_s42/q_N_g_NT/raw.npz", "file": {"bytes": 8418748, "sha256": "d2e8914b2b5c6ad792dfc3513661978cebaee3658f93c340db2229e1768f73df"}, "installed_gt_cases": 4}
IDENTITY_MISSING_STREAM {"event": "RAW_CLEARED", "condition": "q_N_g_NT"}
IDENTITY_MISSING_STREAM {"event": "RAW_READY", "condition": "q_T_g_RNT", "path": "/data/gaob/Re-ID/DeMo-DualAxis/runs/r201l_missing49_20261007/full/MSVR310_r201l_frequency_shared_s42/q_T_g_RNT/raw.npz", "file": {"bytes": 8123684, "sha256": "7151fd037c3bb95459b373b74aa07f5bc5e046995d72a592ca5d403f0244e530"}, "installed_gt_cases": 4}
IDENTITY_MISSING_STREAM {"event": "RAW_CLEARED", "condition": "q_T_g_RNT"}
IDENTITY_MISSING_STREAM {"event": "RAW_READY", "condition": "q_T_g_R", "path": "/data/gaob/Re-ID/DeMo-DualAxis/runs/r201l_missing49_20261007/full/MSVR310_r201l_frequency_shared_s42/q_T_g_R/raw.npz", "file": {"bytes": 445348, "sha256": "3d6d758c6dc18c7bd91bb847d3e0b981aebb1a892b5a9724064b5e5d9d4335f4"}, "installed_gt_cases": 4}
IDENTITY_MISSING_STREAM {"event": "RAW_CLEARED", "condition": "q_T_g_R"}
IDENTITY_MISSING_STREAM {"event": "RAW_READY", "condition": "q_T_g_N", "path": "/data/gaob/Re-ID/DeMo-DualAxis/runs/r201l_missing49_20261007/full/MSVR310_r201l_frequency_shared_s42/q_T_g_N/raw.npz", "file": {"bytes": 447534, "sha256": "e42bbd65c7b3fd6be40cc6b592f23f5bfbd653e2c3513b439e1cfa5fdbe73912"}, "installed_gt_cases": 4}
IDENTITY_MISSING_STREAM {"event": "RAW_CLEARED", "condition": "q_T_g_N"}
IDENTITY_MISSING_STREAM {"event": "RAW_READY", "condition": "q_T_g_T", "path": "/data/gaob/Re-ID/DeMo-DualAxis/runs/r201l_missing49_20261007/full/MSVR310_r201l_frequency_shared_s42/q_T_g_T/raw.npz", "file": {"bytes": 8523991, "sha256": "523a4b90b73d557ecfaf2684fea8e81da253a8eb065db73c8e4202bd5f905b31"}, "installed_gt_cases": 4}
IDENTITY_MISSING_STREAM {"event": "RAW_CLEARED", "condition": "q_T_g_T"}
IDENTITY_MISSING_STREAM {"event": "RAW_READY", "condition": "q_T_g_RN", "path": "/data/gaob/Re-ID/DeMo-DualAxis/runs/r201l_missing49_20261007/full/MSVR310_r201l_frequency_shared_s42/q_T_g_RN/raw.npz", "file": {"bytes": 454710, "sha256": "38681fecdd8bf166edaa062f3c9eb878355cf820a81a19cb4aad0586eb873efa"}, "installed_gt_cases": 4}
IDENTITY_MISSING_STREAM {"event": "RAW_CLEARED", "condition": "q_T_g_RN"}
IDENTITY_MISSING_STREAM {"event": "RAW_READY", "condition": "q_T_g_RT", "path": "/data/gaob/Re-ID/DeMo-DualAxis/runs/r201l_missing49_20261007/full/MSVR310_r201l_frequency_shared_s42/q_T_g_RT/raw.npz", "file": {"bytes": 8274035, "sha256": "5508e22733fa981c7016e5a9aa5b46d1a09ad91a0574cd8afbf988ac0c508300"}, "installed_gt_cases": 4}
IDENTITY_MISSING_STREAM {"event": "RAW_CLEARED", "condition": "q_T_g_RT"}
IDENTITY_MISSING_STREAM {"event": "RAW_READY", "condition": "q_T_g_NT", "path": "/data/gaob/Re-ID/DeMo-DualAxis/runs/r201l_missing49_20261007/full/MSVR310_r201l_frequency_shared_s42/q_T_g_NT/raw.npz", "file": {"bytes": 8302443, "sha256": "4be746cba1f783a2b2003186720f8697d43fc1677b91043b75252ebfb81284e3"}, "installed_gt_cases": 4}
IDENTITY_MISSING_STREAM {"event": "RAW_CLEARED", "condition": "q_T_g_NT"}
IDENTITY_MISSING_STREAM {"event": "RAW_READY", "condition": "q_RN_g_RNT", "path": "/data/gaob/Re-ID/DeMo-DualAxis/runs/r201l_missing49_20261007/full/MSVR310_r201l_frequency_shared_s42/q_RN_g_RNT/raw.npz", "file": {"bytes": 8421878, "sha256": "54a868f5d9b20a785bf92fd7e0d5083b4dc94c70ed6763983be6ffa9cfcc7af9"}, "installed_gt_cases": 4}
IDENTITY_MISSING_STREAM {"event": "RAW_CLEARED", "condition": "q_RN_g_RNT"}
IDENTITY_MISSING_STREAM {"event": "RAW_READY", "condition": "q_RN_g_R", "path": "/data/gaob/Re-ID/DeMo-DualAxis/runs/r201l_missing49_20261007/full/MSVR310_r201l_frequency_shared_s42/q_RN_g_R/raw.npz", "file": {"bytes": 8418785, "sha256": "af5f44d56c3515f102598fc44fd8a9282e41c8460303a52438ac6cd5fa89f59a"}, "installed_gt_cases": 4}
IDENTITY_MISSING_STREAM {"event": "RAW_CLEARED", "condition": "q_RN_g_R"}
IDENTITY_MISSING_STREAM {"event": "RAW_READY", "condition": "q_RN_g_N", "path": "/data/gaob/Re-ID/DeMo-DualAxis/runs/r201l_missing49_20261007/full/MSVR310_r201l_frequency_shared_s42/q_RN_g_N/raw.npz", "file": {"bytes": 8378316, "sha256": "91875d5725c99994aa45b3c737541440924aa0b4fd3dc684f7e6093bbbb524fd"}, "installed_gt_cases": 4}
IDENTITY_MISSING_STREAM {"event": "RAW_CLEARED", "condition": "q_RN_g_N"}
IDENTITY_MISSING_STREAM {"event": "RAW_READY", "condition": "q_RN_g_T", "path": "/data/gaob/Re-ID/DeMo-DualAxis/runs/r201l_missing49_20261007/full/MSVR310_r201l_frequency_shared_s42/q_RN_g_T/raw.npz", "file": {"bytes": 468430, "sha256": "35a13f598c3555998f4adb153276d854d863494fbd136353cbd7e66eb70e5b02"}, "installed_gt_cases": 4}
IDENTITY_MISSING_STREAM {"event": "RAW_CLEARED", "condition": "q_RN_g_T"}
IDENTITY_MISSING_STREAM {"event": "RAW_READY", "condition": "q_RN_g_RN", "path": "/data/gaob/Re-ID/DeMo-DualAxis/runs/r201l_missing49_20261007/full/MSVR310_r201l_frequency_shared_s42/q_RN_g_RN/raw.npz", "file": {"bytes": 8531468, "sha256": "bac80b97dac3ef434b261c31542c16ba99d9a23a654fd6f576b8e5fbc32c6d3e"}, "installed_gt_cases": 4}
IDENTITY_MISSING_STREAM {"event": "RAW_CLEARED", "condition": "q_RN_g_RN"}
IDENTITY_MISSING_STREAM {"event": "RAW_READY", "condition": "q_RN_g_RT", "path": "/data/gaob/Re-ID/DeMo-DualAxis/runs/r201l_missing49_20261007/full/MSVR310_r201l_frequency_shared_s42/q_RN_g_RT/raw.npz", "file": {"bytes": 8336610, "sha256": "70341e60d6eb4eb2e1d0760c267258c2780c28197840a53676e18813226de4e4"}, "installed_gt_cases": 4}
IDENTITY_MISSING_STREAM {"event": "RAW_CLEARED", "condition": "q_RN_g_RT"}
IDENTITY_MISSING_STREAM {"event": "RAW_READY", "condition": "q_RN_g_NT", "path": "/data/gaob/Re-ID/DeMo-DualAxis/runs/r201l_missing49_20261007/full/MSVR310_r201l_frequency_shared_s42/q_RN_g_NT/raw.npz", "file": {"bytes": 8295360, "sha256": "14a640e7b0c475b80fccc02ebb18e9d5218ac5b6ea9ae939a8e78bbbc80dc4b0"}, "installed_gt_cases": 4}
IDENTITY_MISSING_STREAM {"event": "RAW_CLEARED", "condition": "q_RN_g_NT"}
IDENTITY_MISSING_STREAM {"event": "RAW_READY", "condition": "q_RT_g_RNT", "path": "/data/gaob/Re-ID/DeMo-DualAxis/runs/r201l_missing49_20261007/full/MSVR310_r201l_frequency_shared_s42/q_RT_g_RNT/raw.npz", "file": {"bytes": 8367567, "sha256": "23b1ae7a2485c07f899c337102f9f87f257becfcb72d7aab86503d1fe24e01e7"}, "installed_gt_cases": 4}
IDENTITY_MISSING_STREAM {"event": "RAW_CLEARED", "condition": "q_RT_g_RNT"}
IDENTITY_MISSING_STREAM {"event": "RAW_READY", "condition": "q_RT_g_R", "path": "/data/gaob/Re-ID/DeMo-DualAxis/runs/r201l_missing49_20261007/full/MSVR310_r201l_frequency_shared_s42/q_RT_g_R/raw.npz", "file": {"bytes": 8422417, "sha256": "269009a3404e06cbe49ff0135bc57d0ca0f4769c5a5ff206df35ea3e143cca61"}, "installed_gt_cases": 4}
IDENTITY_MISSING_STREAM {"event": "RAW_CLEARED", "condition": "q_RT_g_R"}
IDENTITY_MISSING_STREAM {"event": "RAW_READY", "condition": "q_RT_g_N", "path": "/data/gaob/Re-ID/DeMo-DualAxis/runs/r201l_missing49_20261007/full/MSVR310_r201l_frequency_shared_s42/q_RT_g_N/raw.npz", "file": {"bytes": 466070, "sha256": "945c65fa5a3ded5d887b6d6b6b937197686fd105961b98cd30a40f1f17b1da00"}, "installed_gt_cases": 4}
IDENTITY_MISSING_STREAM {"event": "RAW_CLEARED", "condition": "q_RT_g_N"}
IDENTITY_MISSING_STREAM {"event": "RAW_READY", "condition": "q_RT_g_T", "path": "/data/gaob/Re-ID/DeMo-DualAxis/runs/r201l_missing49_20261007/full/MSVR310_r201l_frequency_shared_s42/q_RT_g_T/raw.npz", "file": {"bytes": 8302968, "sha256": "b832e4ecd22100e10da7d78a766bfcc65675aefcc8c7edaafe595493e4eeca52"}, "installed_gt_cases": 4}
IDENTITY_MISSING_STREAM {"event": "RAW_CLEARED", "condition": "q_RT_g_T"}
IDENTITY_MISSING_STREAM {"event": "RAW_READY", "condition": "q_RT_g_RN", "path": "/data/gaob/Re-ID/DeMo-DualAxis/runs/r201l_missing49_20261007/full/MSVR310_r201l_frequency_shared_s42/q_RT_g_RN/raw.npz", "file": {"bytes": 8339506, "sha256": "75208d9878883912e488e21f34c720214c063bc0980a2920c3ba44cba1a3b8bb"}, "installed_gt_cases": 4}
IDENTITY_MISSING_STREAM {"event": "RAW_CLEARED", "condition": "q_RT_g_RN"}
IDENTITY_MISSING_STREAM {"event": "RAW_READY", "condition": "q_RT_g_RT", "path": "/data/gaob/Re-ID/DeMo-DualAxis/runs/r201l_missing49_20261007/full/MSVR310_r201l_frequency_shared_s42/q_RT_g_RT/raw.npz", "file": {"bytes": 8536113, "sha256": "4f87d11fd2db398fe2d796e2e02b211f138379a4fa0d652250882f104d2ff3df"}, "installed_gt_cases": 4}
IDENTITY_MISSING_STREAM {"event": "RAW_CLEARED", "condition": "q_RT_g_RT"}
IDENTITY_MISSING_STREAM {"event": "RAW_READY", "condition": "q_RT_g_NT", "path": "/data/gaob/Re-ID/DeMo-DualAxis/runs/r201l_missing49_20261007/full/MSVR310_r201l_frequency_shared_s42/q_RT_g_NT/raw.npz", "file": {"bytes": 8064149, "sha256": "d7c9d8438a3d71ca75aa0229976fb1c531c25d59b3dcd55093705f09e8703768"}, "installed_gt_cases": 4}
IDENTITY_MISSING_STREAM {"event": "RAW_CLEARED", "condition": "q_RT_g_NT"}
IDENTITY_MISSING_STREAM {"event": "RAW_READY", "condition": "q_NT_g_RNT", "path": "/data/gaob/Re-ID/DeMo-DualAxis/runs/r201l_missing49_20261007/full/MSVR310_r201l_frequency_shared_s42/q_NT_g_RNT/raw.npz", "file": {"bytes": 8352889, "sha256": "f1515987fd7a1ca9efecbf9542d143b5bd7a974305df7977bcfc3ab4f7f53800"}, "installed_gt_cases": 4}
IDENTITY_MISSING_STREAM {"event": "RAW_CLEARED", "condition": "q_NT_g_RNT"}
IDENTITY_MISSING_STREAM {"event": "RAW_READY", "condition": "q_NT_g_R", "path": "/data/gaob/Re-ID/DeMo-DualAxis/runs/r201l_missing49_20261007/full/MSVR310_r201l_frequency_shared_s42/q_NT_g_R/raw.npz", "file": {"bytes": 473143, "sha256": "a2f37247a4a3bef665af08bb343a254166b77daea2c03512b6aa45096f1877d3"}, "installed_gt_cases": 4}
IDENTITY_MISSING_STREAM {"event": "RAW_CLEARED", "condition": "q_NT_g_R"}
IDENTITY_MISSING_STREAM {"event": "RAW_READY", "condition": "q_NT_g_N", "path": "/data/gaob/Re-ID/DeMo-DualAxis/runs/r201l_missing49_20261007/full/MSVR310_r201l_frequency_shared_s42/q_NT_g_N/raw.npz", "file": {"bytes": 8421973, "sha256": "423faa671f3a715fe78cc8f668c089891ff1849a2a449953bf729a80c0e17ca7"}, "installed_gt_cases": 4}
IDENTITY_MISSING_STREAM {"event": "RAW_CLEARED", "condition": "q_NT_g_N"}
IDENTITY_MISSING_STREAM {"event": "RAW_READY", "condition": "q_NT_g_T", "path": "/data/gaob/Re-ID/DeMo-DualAxis/runs/r201l_missing49_20261007/full/MSVR310_r201l_frequency_shared_s42/q_NT_g_T/raw.npz", "file": {"bytes": 8324673, "sha256": "c5f915cde89c8d79d10906e86da3f65e95ca11408d7a29c48279615ff0d8cefb"}, "installed_gt_cases": 4}
IDENTITY_MISSING_STREAM {"event": "RAW_CLEARED", "condition": "q_NT_g_T"}
IDENTITY_MISSING_STREAM {"event": "RAW_READY", "condition": "q_NT_g_RN", "path": "/data/gaob/Re-ID/DeMo-DualAxis/runs/r201l_missing49_20261007/full/MSVR310_r201l_frequency_shared_s42/q_NT_g_RN/raw.npz", "file": {"bytes": 8299556, "sha256": "1c17bded10a4aba9cdf28b514878708b4124e03d9157729e2067c1875d68daf6"}, "installed_gt_cases": 4}
IDENTITY_MISSING_STREAM {"event": "RAW_CLEARED", "condition": "q_NT_g_RN"}
IDENTITY_MISSING_STREAM {"event": "RAW_READY", "condition": "q_NT_g_RT", "path": "/data/gaob/Re-ID/DeMo-DualAxis/runs/r201l_missing49_20261007/full/MSVR310_r201l_frequency_shared_s42/q_NT_g_RT/raw.npz", "file": {"bytes": 8060936, "sha256": "f9c53efc1512637cc94bdeb8b539066dafb56d7464f94dbba68cb4bd595e2f0c"}, "installed_gt_cases": 4}
IDENTITY_MISSING_STREAM {"event": "RAW_CLEARED", "condition": "q_NT_g_RT"}
IDENTITY_MISSING_STREAM {"event": "RAW_READY", "condition": "q_NT_g_NT", "path": "/data/gaob/Re-ID/DeMo-DualAxis/runs/r201l_missing49_20261007/full/MSVR310_r201l_frequency_shared_s42/q_NT_g_NT/raw.npz", "file": {"bytes": 8587742, "sha256": "61d776d15efb1e3c1127a03e6c5eced998af9f8ab3bf198e8a5528783e72f579"}, "installed_gt_cases": 4}
IDENTITY_MISSING_STREAM {"event": "RAW_CLEARED", "condition": "q_NT_g_NT"}
IDENTITY_MISSING_STREAM {"event": "EVALUATION_COMPLETE", "conditions": 49, "cases": 196, "optimizer_updates": 0}
