/data/gaob/Re-ID/conda-envs/tri_reid/lib/python3.10/site-packages/timm/models/helpers.py:7: FutureWarning: Importing from timm.models.helpers is deprecated, please import via timm.models
  warnings.warn(f"Importing from {__name__} is deprecated, please import via timm.models", FutureWarning)
/data/gaob/Re-ID/conda-envs/tri_reid/lib/python3.10/site-packages/timm/models/registry.py:4: FutureWarning: Importing from timm.models.registry is deprecated, please import via timm.models
  warnings.warn(f"Importing from {__name__} is deprecated, please import via timm.models", FutureWarning)
/data/gaob/Re-ID/conda-envs/tri_reid/lib/python3.10/site-packages/timm/models/layers/__init__.py:48: FutureWarning: Importing from timm.models.layers is deprecated, please import via timm.layers
  warnings.warn(f"Importing from {__name__} is deprecated, please import via timm.layers", FutureWarning)
using Transformer_type: ViT-B-16 as a backbone
Resized position embedding: %s to %s torch.Size([197, 768]) torch.Size([129, 768])
Position embedding resize to height:8 width: 16
Successfully load ckpt!
<All keys matched successfully>
Loading pretrained model from CLIP
camera number is : 8
IDENTITY_MISSING_FEATURE_BANKS_CPU_ONLY {"available_sets": 7, "cuda_allocated_bytes": 8519680, "new_optimizer_updates": 0}
IDENTITY_MISSING_STREAM {"event": "RAW_READY", "condition": "q_RNT_g_RNT", "path": "/data/gaob/Re-ID/DeMo-DualAxis/runs/r201l_missing49_20261007/full/RGBNT100_r201l_axis_shared_s42/q_RNT_g_RNT/raw.npz", "file": {"bytes": 200221062, "sha256": "1f3b97b389e76431101fee31442e0d811f7b77ff31e888940af76afb329e6233"}, "installed_gt_cases": 4}
IDENTITY_MISSING_STREAM {"event": "RAW_CLEARED", "condition": "q_RNT_g_RNT"}
IDENTITY_MISSING_STREAM {"event": "RAW_READY", "condition": "q_RNT_g_R", "path": "/data/gaob/Re-ID/DeMo-DualAxis/runs/r201l_missing49_20261007/full/RGBNT100_r201l_axis_shared_s42/q_RNT_g_R/raw.npz", "file": {"bytes": 194517281, "sha256": "aa81fcfcba6c9baba0f4e87953e8faf18efb5cc259589460d5b125aa300e9cdf"}, "installed_gt_cases": 4}
IDENTITY_MISSING_STREAM {"event": "RAW_CLEARED", "condition": "q_RNT_g_R"}
IDENTITY_MISSING_STREAM {"event": "RAW_READY", "condition": "q_RNT_g_N", "path": "/data/gaob/Re-ID/DeMo-DualAxis/runs/r201l_missing49_20261007/full/RGBNT100_r201l_axis_shared_s42/q_RNT_g_N/raw.npz", "file": {"bytes": 195142366, "sha256": "feafdd86fe98775d293af5db2d6d489a806ddef2001a228743e76f1e5b6085d1"}, "installed_gt_cases": 4}
IDENTITY_MISSING_STREAM {"event": "RAW_CLEARED", "condition": "q_RNT_g_N"}
IDENTITY_MISSING_STREAM {"event": "RAW_READY", "condition": "q_RNT_g_T", "path": "/data/gaob/Re-ID/DeMo-DualAxis/runs/r201l_missing49_20261007/full/RGBNT100_r201l_axis_shared_s42/q_RNT_g_T/raw.npz", "file": {"bytes": 189066561, "sha256": "714ee281acbee0ba2f0d4a152202c193e027d92d6bde808abf2d0004f733a463"}, "installed_gt_cases": 4}
IDENTITY_MISSING_STREAM {"event": "RAW_CLEARED", "condition": "q_RNT_g_T"}
IDENTITY_MISSING_STREAM {"event": "RAW_READY", "condition": "q_RNT_g_RN", "path": "/data/gaob/Re-ID/DeMo-DualAxis/runs/r201l_missing49_20261007/full/RGBNT100_r201l_axis_shared_s42/q_RNT_g_RN/raw.npz", "file": {"bytes": 196539828, "sha256": "5e0fcfc44078ac079557a654ed0ae9af4d1c7c1e978570d8b85d343ed5e80c73"}, "installed_gt_cases": 4}
IDENTITY_MISSING_STREAM {"event": "RAW_CLEARED", "condition": "q_RNT_g_RN"}
IDENTITY_MISSING_STREAM {"event": "RAW_READY", "condition": "q_RNT_g_RT", "path": "/data/gaob/Re-ID/DeMo-DualAxis/runs/r201l_missing49_20261007/full/RGBNT100_r201l_axis_shared_s42/q_RNT_g_RT/raw.npz", "file": {"bytes": 197011454, "sha256": "c530c20eec0baa64d3e218437031fdf6cedc5b8db64dce78a588e5a1ed04a852"}, "installed_gt_cases": 4}
IDENTITY_MISSING_STREAM {"event": "RAW_CLEARED", "condition": "q_RNT_g_RT"}
IDENTITY_MISSING_STREAM {"event": "RAW_READY", "condition": "q_RNT_g_NT", "path": "/data/gaob/Re-ID/DeMo-DualAxis/runs/r201l_missing49_20261007/full/RGBNT100_r201l_axis_shared_s42/q_RNT_g_NT/raw.npz", "file": {"bytes": 197891379, "sha256": "34bc7daad32081dae5d94a545c8747cd3d1288b9017edc3e839241d948c3e6b7"}, "installed_gt_cases": 4}
IDENTITY_MISSING_STREAM {"event": "RAW_CLEARED", "condition": "q_RNT_g_NT"}
IDENTITY_MISSING_STREAM {"event": "RAW_READY", "condition": "q_R_g_RNT", "path": "/data/gaob/Re-ID/DeMo-DualAxis/runs/r201l_missing49_20261007/full/RGBNT100_r201l_axis_shared_s42/q_R_g_RNT/raw.npz", "file": {"bytes": 194406189, "sha256": "7718cdfee0ceafa7df61b506cfd35fb7d296a28d08d3c5aed5ec47e4d586b2d7"}, "installed_gt_cases": 4}
IDENTITY_MISSING_STREAM {"event": "RAW_CLEARED", "condition": "q_R_g_RNT"}
IDENTITY_MISSING_STREAM {"event": "RAW_READY", "condition": "q_R_g_R", "path": "/data/gaob/Re-ID/DeMo-DualAxis/runs/r201l_missing49_20261007/full/RGBNT100_r201l_axis_shared_s42/q_R_g_R/raw.npz", "file": {"bytes": 202765554, "sha256": "dad2a45f8883ad01a0580e1f3fcf0b738e17ade01f5d61e90eb49200b0698b7d"}, "installed_gt_cases": 4}
IDENTITY_MISSING_STREAM {"event": "RAW_CLEARED", "condition": "q_R_g_R"}
IDENTITY_MISSING_STREAM {"event": "RAW_READY", "condition": "q_R_g_N", "path": "/data/gaob/Re-ID/DeMo-DualAxis/runs/r201l_missing49_20261007/full/RGBNT100_r201l_axis_shared_s42/q_R_g_N/raw.npz", "file": {"bytes": 12396923, "sha256": "84870e32e13bea32fe716b1f9134197b499dd049c667312103136465f7da3e90"}, "installed_gt_cases": 4}
IDENTITY_MISSING_STREAM {"event": "RAW_CLEARED", "condition": "q_R_g_N"}
IDENTITY_MISSING_STREAM {"event": "RAW_READY", "condition": "q_R_g_T", "path": "/data/gaob/Re-ID/DeMo-DualAxis/runs/r201l_missing49_20261007/full/RGBNT100_r201l_axis_shared_s42/q_R_g_T/raw.npz", "file": {"bytes": 12046903, "sha256": "467d3a340acfda0be0e7b46eb3786edb2ae828ef4be944b7ebe80c46be64f9a5"}, "installed_gt_cases": 4}
IDENTITY_MISSING_STREAM {"event": "RAW_CLEARED", "condition": "q_R_g_T"}
IDENTITY_MISSING_STREAM {"event": "RAW_READY", "condition": "q_R_g_RN", "path": "/data/gaob/Re-ID/DeMo-DualAxis/runs/r201l_missing49_20261007/full/RGBNT100_r201l_axis_shared_s42/q_R_g_RN/raw.npz", "file": {"bytes": 197067250, "sha256": "f4107e8c67b1732a6932f428eb2b15d9ec4dd49592247d142f3ce36dd129894e"}, "installed_gt_cases": 4}
IDENTITY_MISSING_STREAM {"event": "RAW_CLEARED", "condition": "q_R_g_RN"}
IDENTITY_MISSING_STREAM {"event": "RAW_READY", "condition": "q_R_g_RT", "path": "/data/gaob/Re-ID/DeMo-DualAxis/runs/r201l_missing49_20261007/full/RGBNT100_r201l_axis_shared_s42/q_R_g_RT/raw.npz", "file": {"bytes": 196823078, "sha256": "5f6437fc80070a12310a1337accce03978608b1c80086de2c4b1c19daae0ed17"}, "installed_gt_cases": 4}
IDENTITY_MISSING_STREAM {"event": "RAW_CLEARED", "condition": "q_R_g_RT"}
IDENTITY_MISSING_STREAM {"event": "RAW_READY", "condition": "q_R_g_NT", "path": "/data/gaob/Re-ID/DeMo-DualAxis/runs/r201l_missing49_20261007/full/RGBNT100_r201l_axis_shared_s42/q_R_g_NT/raw.npz", "file": {"bytes": 12290737, "sha256": "daea82ed381a81098b341bac6086f9a1e5677f383a88fc249f7b888bdca74def"}, "installed_gt_cases": 4}
IDENTITY_MISSING_STREAM {"event": "RAW_CLEARED", "condition": "q_R_g_NT"}
IDENTITY_MISSING_STREAM {"event": "RAW_READY", "condition": "q_N_g_RNT", "path": "/data/gaob/Re-ID/DeMo-DualAxis/runs/r201l_missing49_20261007/full/RGBNT100_r201l_axis_shared_s42/q_N_g_RNT/raw.npz", "file": {"bytes": 195090587, "sha256": "bea4d3845582c4dafd447d5a5fc66d2e1fd681cec8b188bbf529b3fd67781d45"}, "installed_gt_cases": 4}
IDENTITY_MISSING_STREAM {"event": "RAW_CLEARED", "condition": "q_N_g_RNT"}
IDENTITY_MISSING_STREAM {"event": "RAW_READY", "condition": "q_N_g_R", "path": "/data/gaob/Re-ID/DeMo-DualAxis/runs/r201l_missing49_20261007/full/RGBNT100_r201l_axis_shared_s42/q_N_g_R/raw.npz", "file": {"bytes": 12303975, "sha256": "45091817cbf43a94fd58da44842302b7d5266da9cdc3ddc917059c489bcf8674"}, "installed_gt_cases": 4}
IDENTITY_MISSING_STREAM {"event": "RAW_CLEARED", "condition": "q_N_g_R"}
IDENTITY_MISSING_STREAM {"event": "RAW_READY", "condition": "q_N_g_N", "path": "/data/gaob/Re-ID/DeMo-DualAxis/runs/r201l_missing49_20261007/full/RGBNT100_r201l_axis_shared_s42/q_N_g_N/raw.npz", "file": {"bytes": 201608238, "sha256": "25a30428afdd5d5796d904313f2e4a491b1e6aec343806650bf0140021c2aa1b"}, "installed_gt_cases": 4}
IDENTITY_MISSING_STREAM {"event": "RAW_CLEARED", "condition": "q_N_g_N"}
IDENTITY_MISSING_STREAM {"event": "RAW_READY", "condition": "q_N_g_T", "path": "/data/gaob/Re-ID/DeMo-DualAxis/runs/r201l_missing49_20261007/full/RGBNT100_r201l_axis_shared_s42/q_N_g_T/raw.npz", "file": {"bytes": 12504409, "sha256": "31235ce21dbd4ec6bcbd53fa88fdbe6355310ce85ed1ccf2de64d54a54c00b07"}, "installed_gt_cases": 4}
IDENTITY_MISSING_STREAM {"event": "RAW_CLEARED", "condition": "q_N_g_T"}
IDENTITY_MISSING_STREAM {"event": "RAW_READY", "condition": "q_N_g_RN", "path": "/data/gaob/Re-ID/DeMo-DualAxis/runs/r201l_missing49_20261007/full/RGBNT100_r201l_axis_shared_s42/q_N_g_RN/raw.npz", "file": {"bytes": 197175564, "sha256": "a8b9ab974b6e6d4bb77bd0480fa2d07f472f647216fd1b919316e49466363934"}, "installed_gt_cases": 4}
IDENTITY_MISSING_STREAM {"event": "RAW_CLEARED", "condition": "q_N_g_RN"}
IDENTITY_MISSING_STREAM {"event": "RAW_READY", "condition": "q_N_g_RT", "path": "/data/gaob/Re-ID/DeMo-DualAxis/runs/r201l_missing49_20261007/full/RGBNT100_r201l_axis_shared_s42/q_N_g_RT/raw.npz", "file": {"bytes": 12715590, "sha256": "52f91a24b3fa6018e5afab652fa9eb77e75fe8babe10138585cf0ff36bbb6ac0"}, "installed_gt_cases": 4}
IDENTITY_MISSING_STREAM {"event": "RAW_CLEARED", "condition": "q_N_g_RT"}
IDENTITY_MISSING_STREAM {"event": "RAW_READY", "condition": "q_N_g_NT", "path": "/data/gaob/Re-ID/DeMo-DualAxis/runs/r201l_missing49_20261007/full/RGBNT100_r201l_axis_shared_s42/q_N_g_NT/raw.npz", "file": {"bytes": 196738348, "sha256": "02c27d084414a5ecd776687db7a3f0150a9e7a4283323b2d75b35c95a143214b"}, "installed_gt_cases": 4}
IDENTITY_MISSING_STREAM {"event": "RAW_CLEARED", "condition": "q_N_g_NT"}
IDENTITY_MISSING_STREAM {"event": "RAW_READY", "condition": "q_T_g_RNT", "path": "/data/gaob/Re-ID/DeMo-DualAxis/runs/r201l_missing49_20261007/full/RGBNT100_r201l_axis_shared_s42/q_T_g_RNT/raw.npz", "file": {"bytes": 195794563, "sha256": "0a65e719fa9a536735564c3ac50fcc856c040d88c6fa890250dea844e9b6f11a"}, "installed_gt_cases": 4}
IDENTITY_MISSING_STREAM {"event": "RAW_CLEARED", "condition": "q_T_g_RNT"}
IDENTITY_MISSING_STREAM {"event": "RAW_READY", "condition": "q_T_g_R", "path": "/data/gaob/Re-ID/DeMo-DualAxis/runs/r201l_missing49_20261007/full/RGBNT100_r201l_axis_shared_s42/q_T_g_R/raw.npz", "file": {"bytes": 12388778, "sha256": "4f6ea2a9316bb338165587d6876a235302b0cea87ed7cc78ace8307cce0d56dc"}, "installed_gt_cases": 4}
IDENTITY_MISSING_STREAM {"event": "RAW_CLEARED", "condition": "q_T_g_R"}
IDENTITY_MISSING_STREAM {"event": "RAW_READY", "condition": "q_T_g_N", "path": "/data/gaob/Re-ID/DeMo-DualAxis/runs/r201l_missing49_20261007/full/RGBNT100_r201l_axis_shared_s42/q_T_g_N/raw.npz", "file": {"bytes": 12937990, "sha256": "5b171f95872e712f11e8225b6568641ae868497443c64544204b0ec4acaa3938"}, "installed_gt_cases": 4}
IDENTITY_MISSING_STREAM {"event": "RAW_CLEARED", "condition": "q_T_g_N"}
IDENTITY_MISSING_STREAM {"event": "RAW_READY", "condition": "q_T_g_T", "path": "/data/gaob/Re-ID/DeMo-DualAxis/runs/r201l_missing49_20261007/full/RGBNT100_r201l_axis_shared_s42/q_T_g_T/raw.npz", "file": {"bytes": 194860347, "sha256": "557ea3f29f37953dc99efe0e8ed7a201e5498959350a796fd945d4acf749e4d4"}, "installed_gt_cases": 4}
IDENTITY_MISSING_STREAM {"event": "RAW_CLEARED", "condition": "q_T_g_T"}
IDENTITY_MISSING_STREAM {"event": "RAW_READY", "condition": "q_T_g_RN", "path": "/data/gaob/Re-ID/DeMo-DualAxis/runs/r201l_missing49_20261007/full/RGBNT100_r201l_axis_shared_s42/q_T_g_RN/raw.npz", "file": {"bytes": 12894166, "sha256": "b940fc16339fa83e66867e9884db171b79c3b00f69d0b7b86dedbc51665def82"}, "installed_gt_cases": 4}
IDENTITY_MISSING_STREAM {"event": "RAW_CLEARED", "condition": "q_T_g_RN"}
IDENTITY_MISSING_STREAM {"event": "RAW_READY", "condition": "q_T_g_RT", "path": "/data/gaob/Re-ID/DeMo-DualAxis/runs/r201l_missing49_20261007/full/RGBNT100_r201l_axis_shared_s42/q_T_g_RT/raw.npz", "file": {"bytes": 197853543, "sha256": "87ce46c02026f0e8fa0d285a194d3b17a99d0c6edae458f6ae3e2ee4dc0bfe29"}, "installed_gt_cases": 4}
IDENTITY_MISSING_STREAM {"event": "RAW_CLEARED", "condition": "q_T_g_RT"}
IDENTITY_MISSING_STREAM {"event": "RAW_READY", "condition": "q_T_g_NT", "path": "/data/gaob/Re-ID/DeMo-DualAxis/runs/r201l_missing49_20261007/full/RGBNT100_r201l_axis_shared_s42/q_T_g_NT/raw.npz", "file": {"bytes": 197310375, "sha256": "240928b34a4843077d5998457b7b4b88160a943b5e8cadc606b22ed5008af6bc"}, "installed_gt_cases": 4}
IDENTITY_MISSING_STREAM {"event": "RAW_CLEARED", "condition": "q_T_g_NT"}
IDENTITY_MISSING_STREAM {"event": "RAW_READY", "condition": "q_RN_g_RNT", "path": "/data/gaob/Re-ID/DeMo-DualAxis/runs/r201l_missing49_20261007/full/RGBNT100_r201l_axis_shared_s42/q_RN_g_RNT/raw.npz", "file": {"bytes": 196854534, "sha256": "2a029bd12a4d8db175b74b4809f59183de38f70939291e1e42d649c9391b8ce5"}, "installed_gt_cases": 4}
IDENTITY_MISSING_STREAM {"event": "RAW_CLEARED", "condition": "q_RN_g_RNT"}
IDENTITY_MISSING_STREAM {"event": "RAW_READY", "condition": "q_RN_g_R", "path": "/data/gaob/Re-ID/DeMo-DualAxis/runs/r201l_missing49_20261007/full/RGBNT100_r201l_axis_shared_s42/q_RN_g_R/raw.npz", "file": {"bytes": 197049395, "sha256": "83e6fbdc2a18877676d14131a9d11404e82b504a59afa96fc88e32510048e8d4"}, "installed_gt_cases": 4}
IDENTITY_MISSING_STREAM {"event": "RAW_CLEARED", "condition": "q_RN_g_R"}
IDENTITY_MISSING_STREAM {"event": "RAW_READY", "condition": "q_RN_g_N", "path": "/data/gaob/Re-ID/DeMo-DualAxis/runs/r201l_missing49_20261007/full/RGBNT100_r201l_axis_shared_s42/q_RN_g_N/raw.npz", "file": {"bytes": 197342828, "sha256": "5b92b4ef6e25c1262b23c862ecb617de6ed798b2208a80b67abb0ca356645912"}, "installed_gt_cases": 4}
IDENTITY_MISSING_STREAM {"event": "RAW_CLEARED", "condition": "q_RN_g_N"}
IDENTITY_MISSING_STREAM {"event": "RAW_READY", "condition": "q_RN_g_T", "path": "/data/gaob/Re-ID/DeMo-DualAxis/runs/r201l_missing49_20261007/full/RGBNT100_r201l_axis_shared_s42/q_RN_g_T/raw.npz", "file": {"bytes": 12700040, "sha256": "7a70df0c06b2274f0f63ff8a81d0431805586ae26a24d04631ab9c8bbab3b98b"}, "installed_gt_cases": 4}
IDENTITY_MISSING_STREAM {"event": "RAW_CLEARED", "condition": "q_RN_g_T"}
IDENTITY_MISSING_STREAM {"event": "RAW_READY", "condition": "q_RN_g_RN", "path": "/data/gaob/Re-ID/DeMo-DualAxis/runs/r201l_missing49_20261007/full/RGBNT100_r201l_axis_shared_s42/q_RN_g_RN/raw.npz", "file": {"bytes": 200829504, "sha256": "15c700cb19521607283814793fcbbcf8d2112f990d28cb9e6f371cc583e931b3"}, "installed_gt_cases": 4}
IDENTITY_MISSING_STREAM {"event": "RAW_CLEARED", "condition": "q_RN_g_RN"}
IDENTITY_MISSING_STREAM {"event": "RAW_READY", "condition": "q_RN_g_RT", "path": "/data/gaob/Re-ID/DeMo-DualAxis/runs/r201l_missing49_20261007/full/RGBNT100_r201l_axis_shared_s42/q_RN_g_RT/raw.npz", "file": {"bytes": 193926188, "sha256": "4ef6744b91a418201383c093c782145825afc590fc67d10e0cf3605ea7b61747"}, "installed_gt_cases": 4}
IDENTITY_MISSING_STREAM {"event": "RAW_CLEARED", "condition": "q_RN_g_RT"}
IDENTITY_MISSING_STREAM {"event": "RAW_READY", "condition": "q_RN_g_NT", "path": "/data/gaob/Re-ID/DeMo-DualAxis/runs/r201l_missing49_20261007/full/RGBNT100_r201l_axis_shared_s42/q_RN_g_NT/raw.npz", "file": {"bytes": 195170075, "sha256": "bae7aff69d77f6c42797647981fbb0c086ad164cedcfa64655363be74d51d0f2"}, "installed_gt_cases": 4}
IDENTITY_MISSING_STREAM {"event": "RAW_CLEARED", "condition": "q_RN_g_NT"}
IDENTITY_MISSING_STREAM {"event": "RAW_READY", "condition": "q_RT_g_RNT", "path": "/data/gaob/Re-ID/DeMo-DualAxis/runs/r201l_missing49_20261007/full/RGBNT100_r201l_axis_shared_s42/q_RT_g_RNT/raw.npz", "file": {"bytes": 197006129, "sha256": "e1efc0a70cd9cb4b24bf90f2978bf2908fd45724ce954a304ca9e73dae0b08f4"}, "installed_gt_cases": 4}
IDENTITY_MISSING_STREAM {"event": "RAW_CLEARED", "condition": "q_RT_g_RNT"}
IDENTITY_MISSING_STREAM {"event": "RAW_READY", "condition": "q_RT_g_R", "path": "/data/gaob/Re-ID/DeMo-DualAxis/runs/r201l_missing49_20261007/full/RGBNT100_r201l_axis_shared_s42/q_RT_g_R/raw.npz", "file": {"bytes": 196676135, "sha256": "919cb555f00b07bd5e31f3eb53ccdb46aa3dbafa892954c86dbd7dd1bf470114"}, "installed_gt_cases": 4}
IDENTITY_MISSING_STREAM {"event": "RAW_CLEARED", "condition": "q_RT_g_R"}
IDENTITY_MISSING_STREAM {"event": "RAW_READY", "condition": "q_RT_g_N", "path": "/data/gaob/Re-ID/DeMo-DualAxis/runs/r201l_missing49_20261007/full/RGBNT100_r201l_axis_shared_s42/q_RT_g_N/raw.npz", "file": {"bytes": 12896849, "sha256": "e03ef7eb39e70928819f4150512c108f286e78b4331ea6996413580f4c1d0eb7"}, "installed_gt_cases": 4}
IDENTITY_MISSING_STREAM {"event": "RAW_CLEARED", "condition": "q_RT_g_N"}
IDENTITY_MISSING_STREAM {"event": "RAW_READY", "condition": "q_RT_g_T", "path": "/data/gaob/Re-ID/DeMo-DualAxis/runs/r201l_missing49_20261007/full/RGBNT100_r201l_axis_shared_s42/q_RT_g_T/raw.npz", "file": {"bytes": 190925407, "sha256": "508653ee909a3ecc9af6d04b3737ca5a145cdd5f0818915f2bba8a299d413633"}, "installed_gt_cases": 4}
IDENTITY_MISSING_STREAM {"event": "RAW_CLEARED", "condition": "q_RT_g_T"}
IDENTITY_MISSING_STREAM {"event": "RAW_READY", "condition": "q_RT_g_RN", "path": "/data/gaob/Re-ID/DeMo-DualAxis/runs/r201l_missing49_20261007/full/RGBNT100_r201l_axis_shared_s42/q_RT_g_RN/raw.npz", "file": {"bytes": 193654499, "sha256": "5f1e447e0dc6b88c4b12ef7cb5e734804cbae33b329b89b9c3d4888d25152b7a"}, "installed_gt_cases": 4}
IDENTITY_MISSING_STREAM {"event": "RAW_CLEARED", "condition": "q_RT_g_RN"}
IDENTITY_MISSING_STREAM {"event": "RAW_READY", "condition": "q_RT_g_RT", "path": "/data/gaob/Re-ID/DeMo-DualAxis/runs/r201l_missing49_20261007/full/RGBNT100_r201l_axis_shared_s42/q_RT_g_RT/raw.npz", "file": {"bytes": 200274568, "sha256": "cdfef029759288b67ff48e0ef61f91cd04bc78e4e88c51d5f46a6e031c13a233"}, "installed_gt_cases": 4}
IDENTITY_MISSING_STREAM {"event": "RAW_CLEARED", "condition": "q_RT_g_RT"}
IDENTITY_MISSING_STREAM {"event": "RAW_READY", "condition": "q_RT_g_NT", "path": "/data/gaob/Re-ID/DeMo-DualAxis/runs/r201l_missing49_20261007/full/RGBNT100_r201l_axis_shared_s42/q_RT_g_NT/raw.npz", "file": {"bytes": 195566852, "sha256": "81f35c90d230f3b64e12fabf2ac652d45a9cef38fc705d30c01c14ec4c4a6d78"}, "installed_gt_cases": 4}
IDENTITY_MISSING_STREAM {"event": "RAW_CLEARED", "condition": "q_RT_g_NT"}
IDENTITY_MISSING_STREAM {"event": "RAW_READY", "condition": "q_NT_g_RNT", "path": "/data/gaob/Re-ID/DeMo-DualAxis/runs/r201l_missing49_20261007/full/RGBNT100_r201l_axis_shared_s42/q_NT_g_RNT/raw.npz", "file": {"bytes": 197888609, "sha256": "b0c35b6b7a3996f88ea747b90e2196947700e9227dfd2923a5ed307940c4bb05"}, "installed_gt_cases": 4}
IDENTITY_MISSING_STREAM {"event": "RAW_CLEARED", "condition": "q_NT_g_RNT"}
IDENTITY_MISSING_STREAM {"event": "RAW_READY", "condition": "q_NT_g_R", "path": "/data/gaob/Re-ID/DeMo-DualAxis/runs/r201l_missing49_20261007/full/RGBNT100_r201l_axis_shared_s42/q_NT_g_R/raw.npz", "file": {"bytes": 12255081, "sha256": "95f45b9ee1a4fdbce3b8d266c1d1c733bfb5737f459a99fbcce9b3cba5fcc774"}, "installed_gt_cases": 4}
IDENTITY_MISSING_STREAM {"event": "RAW_CLEARED", "condition": "q_NT_g_R"}
IDENTITY_MISSING_STREAM {"event": "RAW_READY", "condition": "q_NT_g_N", "path": "/data/gaob/Re-ID/DeMo-DualAxis/runs/r201l_missing49_20261007/full/RGBNT100_r201l_axis_shared_s42/q_NT_g_N/raw.npz", "file": {"bytes": 196655461, "sha256": "8f0f11e5a514ba9f490bece1a45d4ff152d8958f8e00d5b39d30c6a984ab14a9"}, "installed_gt_cases": 4}
IDENTITY_MISSING_STREAM {"event": "RAW_CLEARED", "condition": "q_NT_g_N"}
IDENTITY_MISSING_STREAM {"event": "RAW_READY", "condition": "q_NT_g_T", "path": "/data/gaob/Re-ID/DeMo-DualAxis/runs/r201l_missing49_20261007/full/RGBNT100_r201l_axis_shared_s42/q_NT_g_T/raw.npz", "file": {"bytes": 190463690, "sha256": "82126cb29d49225188012f1f6f78aa6023ace78b70319a7adc85c8a95cea8bbe"}, "installed_gt_cases": 4}
IDENTITY_MISSING_STREAM {"event": "RAW_CLEARED", "condition": "q_NT_g_T"}
IDENTITY_MISSING_STREAM {"event": "RAW_READY", "condition": "q_NT_g_RN", "path": "/data/gaob/Re-ID/DeMo-DualAxis/runs/r201l_missing49_20261007/full/RGBNT100_r201l_axis_shared_s42/q_NT_g_RN/raw.npz", "file": {"bytes": 194778060, "sha256": "6c10d9bb9734ffe8b45a3537c93a2b27af02f3e5f37b57b782c2347afde3283a"}, "installed_gt_cases": 4}
IDENTITY_MISSING_STREAM {"event": "RAW_CLEARED", "condition": "q_NT_g_RN"}
IDENTITY_MISSING_STREAM {"event": "RAW_READY", "condition": "q_NT_g_RT", "path": "/data/gaob/Re-ID/DeMo-DualAxis/runs/r201l_missing49_20261007/full/RGBNT100_r201l_axis_shared_s42/q_NT_g_RT/raw.npz", "file": {"bytes": 195632963, "sha256": "a228426ccb788d21ba1f3d33b59f57f4712b873b2882bef55f3d4e1088595f5b"}, "installed_gt_cases": 4}
IDENTITY_MISSING_STREAM {"event": "RAW_CLEARED", "condition": "q_NT_g_RT"}
IDENTITY_MISSING_STREAM {"event": "RAW_READY", "condition": "q_NT_g_NT", "path": "/data/gaob/Re-ID/DeMo-DualAxis/runs/r201l_missing49_20261007/full/RGBNT100_r201l_axis_shared_s42/q_NT_g_NT/raw.npz", "file": {"bytes": 200757628, "sha256": "2d80f069758018151da3d5b76c2366b32e0fa4962cda53039ca49dca5c83e9a9"}, "installed_gt_cases": 4}
IDENTITY_MISSING_STREAM {"event": "RAW_CLEARED", "condition": "q_NT_g_NT"}
IDENTITY_MISSING_STREAM {"event": "EVALUATION_COMPLETE", "conditions": 49, "cases": 196, "optimizer_updates": 0}
