/data/gaob/Re-ID/conda-envs/tri_reid/lib/python3.10/site-packages/timm/models/helpers.py:7: FutureWarning: Importing from timm.models.helpers is deprecated, please import via timm.models
  warnings.warn(f"Importing from {__name__} is deprecated, please import via timm.models", FutureWarning)
/data/gaob/Re-ID/conda-envs/tri_reid/lib/python3.10/site-packages/timm/models/registry.py:4: FutureWarning: Importing from timm.models.registry is deprecated, please import via timm.models
  warnings.warn(f"Importing from {__name__} is deprecated, please import via timm.models", FutureWarning)
/data/gaob/Re-ID/conda-envs/tri_reid/lib/python3.10/site-packages/timm/models/layers/__init__.py:48: FutureWarning: Importing from timm.models.layers is deprecated, please import via timm.layers
  warnings.warn(f"Importing from {__name__} is deprecated, please import via timm.layers", FutureWarning)
using Transformer_type: ViT-B-16 as a backbone
Resized position embedding: %s to %s torch.Size([197, 768]) torch.Size([129, 768])
Position embedding resize to height:8 width: 16
Successfully load ckpt!
<All keys matched successfully>
Loading pretrained model from CLIP
camera number is : 8
IDENTITY_MISSING_FEATURE_BANKS_CPU_ONLY {"available_sets": 7, "cuda_allocated_bytes": 8519680, "new_optimizer_updates": 0}
IDENTITY_MISSING_STREAM {"event": "RAW_READY", "condition": "q_RNT_g_RNT", "path": "/data/gaob/Re-ID/DeMo-DualAxis/runs/r201l_missing49_20261007/full/RGBNT100_r201l_frequency_shared_s42/q_RNT_g_RNT/raw.npz", "file": {"bytes": 200276202, "sha256": "1773233f4c83ce1c95162557952a3f152dc45bb5446b5f6454869f5e0daa5eb5"}, "installed_gt_cases": 4}
IDENTITY_MISSING_STREAM {"event": "RAW_CLEARED", "condition": "q_RNT_g_RNT"}
IDENTITY_MISSING_STREAM {"event": "RAW_READY", "condition": "q_RNT_g_R", "path": "/data/gaob/Re-ID/DeMo-DualAxis/runs/r201l_missing49_20261007/full/RGBNT100_r201l_frequency_shared_s42/q_RNT_g_R/raw.npz", "file": {"bytes": 194576522, "sha256": "13db16d0160297a1d4b15d6cfff0d476787a1591100613673d7ad2833aa805a1"}, "installed_gt_cases": 4}
IDENTITY_MISSING_STREAM {"event": "RAW_CLEARED", "condition": "q_RNT_g_R"}
IDENTITY_MISSING_STREAM {"event": "RAW_READY", "condition": "q_RNT_g_N", "path": "/data/gaob/Re-ID/DeMo-DualAxis/runs/r201l_missing49_20261007/full/RGBNT100_r201l_frequency_shared_s42/q_RNT_g_N/raw.npz", "file": {"bytes": 195167602, "sha256": "ef6f3b3bfbb94897e4cc8a2950a8fc4ddbc637c641eea73ae9495a92e8dff5ec"}, "installed_gt_cases": 4}
IDENTITY_MISSING_STREAM {"event": "RAW_CLEARED", "condition": "q_RNT_g_N"}
IDENTITY_MISSING_STREAM {"event": "RAW_READY", "condition": "q_RNT_g_T", "path": "/data/gaob/Re-ID/DeMo-DualAxis/runs/r201l_missing49_20261007/full/RGBNT100_r201l_frequency_shared_s42/q_RNT_g_T/raw.npz", "file": {"bytes": 189082015, "sha256": "9a9800ed013f69c65e5d516811cd93e75ed74bb71b055ff80c5c0ad78f983e40"}, "installed_gt_cases": 4}
IDENTITY_MISSING_STREAM {"event": "RAW_CLEARED", "condition": "q_RNT_g_T"}
IDENTITY_MISSING_STREAM {"event": "RAW_READY", "condition": "q_RNT_g_RN", "path": "/data/gaob/Re-ID/DeMo-DualAxis/runs/r201l_missing49_20261007/full/RGBNT100_r201l_frequency_shared_s42/q_RNT_g_RN/raw.npz", "file": {"bytes": 196566265, "sha256": "bcff29f81c2314a7ec8bcf66f3095889676aa38ca8de062e26941c67d3efb968"}, "installed_gt_cases": 4}
IDENTITY_MISSING_STREAM {"event": "RAW_CLEARED", "condition": "q_RNT_g_RN"}
IDENTITY_MISSING_STREAM {"event": "RAW_READY", "condition": "q_RNT_g_RT", "path": "/data/gaob/Re-ID/DeMo-DualAxis/runs/r201l_missing49_20261007/full/RGBNT100_r201l_frequency_shared_s42/q_RNT_g_RT/raw.npz", "file": {"bytes": 197035086, "sha256": "fddfe68a9e5cfcc74f883caacc0f2a8cbea509df1e8a414bd2412075eec58b2f"}, "installed_gt_cases": 4}
IDENTITY_MISSING_STREAM {"event": "RAW_CLEARED", "condition": "q_RNT_g_RT"}
IDENTITY_MISSING_STREAM {"event": "RAW_READY", "condition": "q_RNT_g_NT", "path": "/data/gaob/Re-ID/DeMo-DualAxis/runs/r201l_missing49_20261007/full/RGBNT100_r201l_frequency_shared_s42/q_RNT_g_NT/raw.npz", "file": {"bytes": 197917311, "sha256": "14f070d82ce4b0d064f5fae74d817614d071e39735f4038ba2ded0a680cced0e"}, "installed_gt_cases": 4}
IDENTITY_MISSING_STREAM {"event": "RAW_CLEARED", "condition": "q_RNT_g_NT"}
IDENTITY_MISSING_STREAM {"event": "RAW_READY", "condition": "q_R_g_RNT", "path": "/data/gaob/Re-ID/DeMo-DualAxis/runs/r201l_missing49_20261007/full/RGBNT100_r201l_frequency_shared_s42/q_R_g_RNT/raw.npz", "file": {"bytes": 194451576, "sha256": "931e623b61516f949b29ebd4b97f2d606e586c431c910cba2d2dff619bceb549"}, "installed_gt_cases": 4}
IDENTITY_MISSING_STREAM {"event": "RAW_CLEARED", "condition": "q_R_g_RNT"}
IDENTITY_MISSING_STREAM {"event": "RAW_READY", "condition": "q_R_g_R", "path": "/data/gaob/Re-ID/DeMo-DualAxis/runs/r201l_missing49_20261007/full/RGBNT100_r201l_frequency_shared_s42/q_R_g_R/raw.npz", "file": {"bytes": 202957895, "sha256": "79ea7b7867d3b3127ebd9cb17c859b9eefcb05b9714e3728953b2c39896b3fb7"}, "installed_gt_cases": 4}
IDENTITY_MISSING_STREAM {"event": "RAW_CLEARED", "condition": "q_R_g_R"}
IDENTITY_MISSING_STREAM {"event": "RAW_READY", "condition": "q_R_g_N", "path": "/data/gaob/Re-ID/DeMo-DualAxis/runs/r201l_missing49_20261007/full/RGBNT100_r201l_frequency_shared_s42/q_R_g_N/raw.npz", "file": {"bytes": 12530224, "sha256": "cb1c3497fec51ab0aba217ee850f80fe7f105e95365197c516cf732c89156556"}, "installed_gt_cases": 4}
IDENTITY_MISSING_STREAM {"event": "RAW_CLEARED", "condition": "q_R_g_N"}
IDENTITY_MISSING_STREAM {"event": "RAW_READY", "condition": "q_R_g_T", "path": "/data/gaob/Re-ID/DeMo-DualAxis/runs/r201l_missing49_20261007/full/RGBNT100_r201l_frequency_shared_s42/q_R_g_T/raw.npz", "file": {"bytes": 12126057, "sha256": "f7d4e37872808d4be09db186ca743c7311f5439e848c2d745f7d887e4bc9882f"}, "installed_gt_cases": 4}
IDENTITY_MISSING_STREAM {"event": "RAW_CLEARED", "condition": "q_R_g_T"}
IDENTITY_MISSING_STREAM {"event": "RAW_READY", "condition": "q_R_g_RN", "path": "/data/gaob/Re-ID/DeMo-DualAxis/runs/r201l_missing49_20261007/full/RGBNT100_r201l_frequency_shared_s42/q_R_g_RN/raw.npz", "file": {"bytes": 197138888, "sha256": "229a4b8c987ed8f9dcbed6811bc12692380fa2027d73275f1e6766a9d5e16b51"}, "installed_gt_cases": 4}
IDENTITY_MISSING_STREAM {"event": "RAW_CLEARED", "condition": "q_R_g_RN"}
IDENTITY_MISSING_STREAM {"event": "RAW_READY", "condition": "q_R_g_RT", "path": "/data/gaob/Re-ID/DeMo-DualAxis/runs/r201l_missing49_20261007/full/RGBNT100_r201l_frequency_shared_s42/q_R_g_RT/raw.npz", "file": {"bytes": 196891621, "sha256": "a4a5df7df54a4647de392a764a65401e920b658ff90214ba3c668830d4d66eaf"}, "installed_gt_cases": 4}
IDENTITY_MISSING_STREAM {"event": "RAW_CLEARED", "condition": "q_R_g_RT"}
IDENTITY_MISSING_STREAM {"event": "RAW_READY", "condition": "q_R_g_NT", "path": "/data/gaob/Re-ID/DeMo-DualAxis/runs/r201l_missing49_20261007/full/RGBNT100_r201l_frequency_shared_s42/q_R_g_NT/raw.npz", "file": {"bytes": 12301530, "sha256": "6c5b613bc20f76fef1346fc74aee3a63f48528cc5baf5247c3fb6133d395fa0d"}, "installed_gt_cases": 4}
IDENTITY_MISSING_STREAM {"event": "RAW_CLEARED", "condition": "q_R_g_NT"}
IDENTITY_MISSING_STREAM {"event": "RAW_READY", "condition": "q_N_g_RNT", "path": "/data/gaob/Re-ID/DeMo-DualAxis/runs/r201l_missing49_20261007/full/RGBNT100_r201l_frequency_shared_s42/q_N_g_RNT/raw.npz", "file": {"bytes": 195109688, "sha256": "050d29accd04843adca07f8f82a3b307ff3c3222f69dfea869a1f3ff7b4c663a"}, "installed_gt_cases": 4}
IDENTITY_MISSING_STREAM {"event": "RAW_CLEARED", "condition": "q_N_g_RNT"}
IDENTITY_MISSING_STREAM {"event": "RAW_READY", "condition": "q_N_g_R", "path": "/data/gaob/Re-ID/DeMo-DualAxis/runs/r201l_missing49_20261007/full/RGBNT100_r201l_frequency_shared_s42/q_N_g_R/raw.npz", "file": {"bytes": 12384779, "sha256": "ab3d98d37a6ee69c45da893b3246021a7ee44f0f6fec7c34887cca3f28cc5521"}, "installed_gt_cases": 4}
IDENTITY_MISSING_STREAM {"event": "RAW_CLEARED", "condition": "q_N_g_R"}
IDENTITY_MISSING_STREAM {"event": "RAW_READY", "condition": "q_N_g_N", "path": "/data/gaob/Re-ID/DeMo-DualAxis/runs/r201l_missing49_20261007/full/RGBNT100_r201l_frequency_shared_s42/q_N_g_N/raw.npz", "file": {"bytes": 201659033, "sha256": "77f2fec38b67d5edd17daf35fb605fb35b8bd1f6e9d02f7e2e1a31582eff5857"}, "installed_gt_cases": 4}
IDENTITY_MISSING_STREAM {"event": "RAW_CLEARED", "condition": "q_N_g_N"}
IDENTITY_MISSING_STREAM {"event": "RAW_READY", "condition": "q_N_g_T", "path": "/data/gaob/Re-ID/DeMo-DualAxis/runs/r201l_missing49_20261007/full/RGBNT100_r201l_frequency_shared_s42/q_N_g_T/raw.npz", "file": {"bytes": 12467219, "sha256": "4a9832eaae8a4382c47766aeae02d7c8747663acafb41798062520f641ff949d"}, "installed_gt_cases": 4}
IDENTITY_MISSING_STREAM {"event": "RAW_CLEARED", "condition": "q_N_g_T"}
IDENTITY_MISSING_STREAM {"event": "RAW_READY", "condition": "q_N_g_RN", "path": "/data/gaob/Re-ID/DeMo-DualAxis/runs/r201l_missing49_20261007/full/RGBNT100_r201l_frequency_shared_s42/q_N_g_RN/raw.npz", "file": {"bytes": 197204841, "sha256": "77e100d37359550333fb3a609124216261b4334270c756318c4110caea495c76"}, "installed_gt_cases": 4}
IDENTITY_MISSING_STREAM {"event": "RAW_CLEARED", "condition": "q_N_g_RN"}
IDENTITY_MISSING_STREAM {"event": "RAW_READY", "condition": "q_N_g_RT", "path": "/data/gaob/Re-ID/DeMo-DualAxis/runs/r201l_missing49_20261007/full/RGBNT100_r201l_frequency_shared_s42/q_N_g_RT/raw.npz", "file": {"bytes": 12698826, "sha256": "a2a4bd3c12253d9405bd8a52a4923be8c1f54188d811e4a207e7c14ac880d0f8"}, "installed_gt_cases": 4}
IDENTITY_MISSING_STREAM {"event": "RAW_CLEARED", "condition": "q_N_g_RT"}
IDENTITY_MISSING_STREAM {"event": "RAW_READY", "condition": "q_N_g_NT", "path": "/data/gaob/Re-ID/DeMo-DualAxis/runs/r201l_missing49_20261007/full/RGBNT100_r201l_frequency_shared_s42/q_N_g_NT/raw.npz", "file": {"bytes": 196759460, "sha256": "3d837fa2205f4171d9da8e0a23dac62da8d8de90bc6b2a4c65b8f7bd4ef66be9"}, "installed_gt_cases": 4}
IDENTITY_MISSING_STREAM {"event": "RAW_CLEARED", "condition": "q_N_g_NT"}
IDENTITY_MISSING_STREAM {"event": "RAW_READY", "condition": "q_T_g_RNT", "path": "/data/gaob/Re-ID/DeMo-DualAxis/runs/r201l_missing49_20261007/full/RGBNT100_r201l_frequency_shared_s42/q_T_g_RNT/raw.npz", "file": {"bytes": 195815659, "sha256": "cc6897bc2c562ed6219db629bffeec31c2161b6845c2d9bf51cfd65d208dd21b"}, "installed_gt_cases": 4}
IDENTITY_MISSING_STREAM {"event": "RAW_CLEARED", "condition": "q_T_g_RNT"}
IDENTITY_MISSING_STREAM {"event": "RAW_READY", "condition": "q_T_g_R", "path": "/data/gaob/Re-ID/DeMo-DualAxis/runs/r201l_missing49_20261007/full/RGBNT100_r201l_frequency_shared_s42/q_T_g_R/raw.npz", "file": {"bytes": 12420130, "sha256": "7bfdb1362b527bab1313b83099628dc720923a6d02ebb99a043bd611f4e64eba"}, "installed_gt_cases": 4}
IDENTITY_MISSING_STREAM {"event": "RAW_CLEARED", "condition": "q_T_g_R"}
IDENTITY_MISSING_STREAM {"event": "RAW_READY", "condition": "q_T_g_N", "path": "/data/gaob/Re-ID/DeMo-DualAxis/runs/r201l_missing49_20261007/full/RGBNT100_r201l_frequency_shared_s42/q_T_g_N/raw.npz", "file": {"bytes": 12900325, "sha256": "b6f8cd889a6d878a51d9cfb69fb65edc1bda8d5ad1ef8c4d508e9fc67af02b1d"}, "installed_gt_cases": 4}
IDENTITY_MISSING_STREAM {"event": "RAW_CLEARED", "condition": "q_T_g_N"}
IDENTITY_MISSING_STREAM {"event": "RAW_READY", "condition": "q_T_g_T", "path": "/data/gaob/Re-ID/DeMo-DualAxis/runs/r201l_missing49_20261007/full/RGBNT100_r201l_frequency_shared_s42/q_T_g_T/raw.npz", "file": {"bytes": 194905076, "sha256": "30ed4befb98c153c0667b2412b0135d7c22beb073bb7f64b2a6750a823cd3b5e"}, "installed_gt_cases": 4}
IDENTITY_MISSING_STREAM {"event": "RAW_CLEARED", "condition": "q_T_g_T"}
IDENTITY_MISSING_STREAM {"event": "RAW_READY", "condition": "q_T_g_RN", "path": "/data/gaob/Re-ID/DeMo-DualAxis/runs/r201l_missing49_20261007/full/RGBNT100_r201l_frequency_shared_s42/q_T_g_RN/raw.npz", "file": {"bytes": 12759453, "sha256": "e6e97ede42b6e74bc63f87c956c0381329a009afd7677e196763845e2e513f56"}, "installed_gt_cases": 4}
IDENTITY_MISSING_STREAM {"event": "RAW_CLEARED", "condition": "q_T_g_RN"}
IDENTITY_MISSING_STREAM {"event": "RAW_READY", "condition": "q_T_g_RT", "path": "/data/gaob/Re-ID/DeMo-DualAxis/runs/r201l_missing49_20261007/full/RGBNT100_r201l_frequency_shared_s42/q_T_g_RT/raw.npz", "file": {"bytes": 197885314, "sha256": "8602293dff861d39f3e007d00707e8ead4d3d4b3731bf4d8ebcd418761c8ad42"}, "installed_gt_cases": 4}
IDENTITY_MISSING_STREAM {"event": "RAW_CLEARED", "condition": "q_T_g_RT"}
IDENTITY_MISSING_STREAM {"event": "RAW_READY", "condition": "q_T_g_NT", "path": "/data/gaob/Re-ID/DeMo-DualAxis/runs/r201l_missing49_20261007/full/RGBNT100_r201l_frequency_shared_s42/q_T_g_NT/raw.npz", "file": {"bytes": 197332544, "sha256": "999a285da798cffc305f313cba26a26d8bc87b5ace6f248e02ba5cb26b9afe8e"}, "installed_gt_cases": 4}
IDENTITY_MISSING_STREAM {"event": "RAW_CLEARED", "condition": "q_T_g_NT"}
IDENTITY_MISSING_STREAM {"event": "RAW_READY", "condition": "q_RN_g_RNT", "path": "/data/gaob/Re-ID/DeMo-DualAxis/runs/r201l_missing49_20261007/full/RGBNT100_r201l_frequency_shared_s42/q_RN_g_RNT/raw.npz", "file": {"bytes": 196875867, "sha256": "5c54553a304026ffbeb4734fb58d5f23f8390745feb6a811ac142b1ad6260440"}, "installed_gt_cases": 4}
IDENTITY_MISSING_STREAM {"event": "RAW_CLEARED", "condition": "q_RN_g_RNT"}
IDENTITY_MISSING_STREAM {"event": "RAW_READY", "condition": "q_RN_g_R", "path": "/data/gaob/Re-ID/DeMo-DualAxis/runs/r201l_missing49_20261007/full/RGBNT100_r201l_frequency_shared_s42/q_RN_g_R/raw.npz", "file": {"bytes": 197121102, "sha256": "b35314d3f6afb1761a1fb36454543b28b5a52b91739518aca2ddd9cc2cb17599"}, "installed_gt_cases": 4}
IDENTITY_MISSING_STREAM {"event": "RAW_CLEARED", "condition": "q_RN_g_R"}
IDENTITY_MISSING_STREAM {"event": "RAW_READY", "condition": "q_RN_g_N", "path": "/data/gaob/Re-ID/DeMo-DualAxis/runs/r201l_missing49_20261007/full/RGBNT100_r201l_frequency_shared_s42/q_RN_g_N/raw.npz", "file": {"bytes": 197377105, "sha256": "4877d1d86fdc666f0a26ea943c4658738ce1033784150f4f3f5789d61764f9d2"}, "installed_gt_cases": 4}
IDENTITY_MISSING_STREAM {"event": "RAW_CLEARED", "condition": "q_RN_g_N"}
IDENTITY_MISSING_STREAM {"event": "RAW_READY", "condition": "q_RN_g_T", "path": "/data/gaob/Re-ID/DeMo-DualAxis/runs/r201l_missing49_20261007/full/RGBNT100_r201l_frequency_shared_s42/q_RN_g_T/raw.npz", "file": {"bytes": 12714516, "sha256": "35c81b5ada3047792222b35a82a85ef9148bc7b66df4d06977b0efa1270eae36"}, "installed_gt_cases": 4}
IDENTITY_MISSING_STREAM {"event": "RAW_CLEARED", "condition": "q_RN_g_T"}
IDENTITY_MISSING_STREAM {"event": "RAW_READY", "condition": "q_RN_g_RN", "path": "/data/gaob/Re-ID/DeMo-DualAxis/runs/r201l_missing49_20261007/full/RGBNT100_r201l_frequency_shared_s42/q_RN_g_RN/raw.npz", "file": {"bytes": 200894615, "sha256": "33d2ae37dd112c4888df817694424faca996fa815839d6630aa813c65286ad0e"}, "installed_gt_cases": 4}
IDENTITY_MISSING_STREAM {"event": "RAW_CLEARED", "condition": "q_RN_g_RN"}
IDENTITY_MISSING_STREAM {"event": "RAW_READY", "condition": "q_RN_g_RT", "path": "/data/gaob/Re-ID/DeMo-DualAxis/runs/r201l_missing49_20261007/full/RGBNT100_r201l_frequency_shared_s42/q_RN_g_RT/raw.npz", "file": {"bytes": 193976965, "sha256": "9633aa5b5ca50a564d1c00f31f716eefdd4df40590d92ad4068cb30c33c195f1"}, "installed_gt_cases": 4}
IDENTITY_MISSING_STREAM {"event": "RAW_CLEARED", "condition": "q_RN_g_RT"}
IDENTITY_MISSING_STREAM {"event": "RAW_READY", "condition": "q_RN_g_NT", "path": "/data/gaob/Re-ID/DeMo-DualAxis/runs/r201l_missing49_20261007/full/RGBNT100_r201l_frequency_shared_s42/q_RN_g_NT/raw.npz", "file": {"bytes": 195193893, "sha256": "cd874a289090a6e0130140f2e257a13ebe3ea2b2b267366955098ed12e7f9509"}, "installed_gt_cases": 4}
IDENTITY_MISSING_STREAM {"event": "RAW_CLEARED", "condition": "q_RN_g_NT"}
IDENTITY_MISSING_STREAM {"event": "RAW_READY", "condition": "q_RT_g_RNT", "path": "/data/gaob/Re-ID/DeMo-DualAxis/runs/r201l_missing49_20261007/full/RGBNT100_r201l_frequency_shared_s42/q_RT_g_RNT/raw.npz", "file": {"bytes": 197026649, "sha256": "ff89c669992cb9c0b3ddd667b494364995be8e48092ed2d8804fb9b6153a003b"}, "installed_gt_cases": 4}
IDENTITY_MISSING_STREAM {"event": "RAW_CLEARED", "condition": "q_RT_g_RNT"}
IDENTITY_MISSING_STREAM {"event": "RAW_READY", "condition": "q_RT_g_R", "path": "/data/gaob/Re-ID/DeMo-DualAxis/runs/r201l_missing49_20261007/full/RGBNT100_r201l_frequency_shared_s42/q_RT_g_R/raw.npz", "file": {"bytes": 196744840, "sha256": "89bd0f91469ebfc48979b1eaa27bda502d8c47734e46a81dadc20aff74de74bb"}, "installed_gt_cases": 4}
IDENTITY_MISSING_STREAM {"event": "RAW_CLEARED", "condition": "q_RT_g_R"}
IDENTITY_MISSING_STREAM {"event": "RAW_READY", "condition": "q_RT_g_N", "path": "/data/gaob/Re-ID/DeMo-DualAxis/runs/r201l_missing49_20261007/full/RGBNT100_r201l_frequency_shared_s42/q_RT_g_N/raw.npz", "file": {"bytes": 13030752, "sha256": "e9f5c96859b1db3cd134e94aa189cef21eeac657c186a31cc8e49b2cfce788bd"}, "installed_gt_cases": 4}
IDENTITY_MISSING_STREAM {"event": "RAW_CLEARED", "condition": "q_RT_g_N"}
IDENTITY_MISSING_STREAM {"event": "RAW_READY", "condition": "q_RT_g_T", "path": "/data/gaob/Re-ID/DeMo-DualAxis/runs/r201l_missing49_20261007/full/RGBNT100_r201l_frequency_shared_s42/q_RT_g_T/raw.npz", "file": {"bytes": 190946318, "sha256": "68d67d12d371fa7f728c41b1dbed52968d065c9a4f612bc012deb87b30e6b341"}, "installed_gt_cases": 4}
IDENTITY_MISSING_STREAM {"event": "RAW_CLEARED", "condition": "q_RT_g_T"}
IDENTITY_MISSING_STREAM {"event": "RAW_READY", "condition": "q_RT_g_RN", "path": "/data/gaob/Re-ID/DeMo-DualAxis/runs/r201l_missing49_20261007/full/RGBNT100_r201l_frequency_shared_s42/q_RT_g_RN/raw.npz", "file": {"bytes": 193705552, "sha256": "d5373287096b44d94169c379bc0a51bad3e4ae5febd9bdeb5596638e2857e57e"}, "installed_gt_cases": 4}
IDENTITY_MISSING_STREAM {"event": "RAW_CLEARED", "condition": "q_RT_g_RN"}
IDENTITY_MISSING_STREAM {"event": "RAW_READY", "condition": "q_RT_g_RT", "path": "/data/gaob/Re-ID/DeMo-DualAxis/runs/r201l_missing49_20261007/full/RGBNT100_r201l_frequency_shared_s42/q_RT_g_RT/raw.npz", "file": {"bytes": 200343584, "sha256": "5b21506740dbb2687a01003cf9ba30f6ad4359307d6871b2b853c74addd13e85"}, "installed_gt_cases": 4}
IDENTITY_MISSING_STREAM {"event": "RAW_CLEARED", "condition": "q_RT_g_RT"}
IDENTITY_MISSING_STREAM {"event": "RAW_READY", "condition": "q_RT_g_NT", "path": "/data/gaob/Re-ID/DeMo-DualAxis/runs/r201l_missing49_20261007/full/RGBNT100_r201l_frequency_shared_s42/q_RT_g_NT/raw.npz", "file": {"bytes": 195594083, "sha256": "0fe5260bfe423af8af038f722573114449a9b1a93b56b59af9eb689b91759dba"}, "installed_gt_cases": 4}
IDENTITY_MISSING_STREAM {"event": "RAW_CLEARED", "condition": "q_RT_g_NT"}
IDENTITY_MISSING_STREAM {"event": "RAW_READY", "condition": "q_NT_g_RNT", "path": "/data/gaob/Re-ID/DeMo-DualAxis/runs/r201l_missing49_20261007/full/RGBNT100_r201l_frequency_shared_s42/q_NT_g_RNT/raw.npz", "file": {"bytes": 197919572, "sha256": "f68f9cb370a0edd2cceb9c311e3d2cbb5f800f2c43122d269362e0897a6562c3"}, "installed_gt_cases": 4}
IDENTITY_MISSING_STREAM {"event": "RAW_CLEARED", "condition": "q_NT_g_RNT"}
IDENTITY_MISSING_STREAM {"event": "RAW_READY", "condition": "q_NT_g_R", "path": "/data/gaob/Re-ID/DeMo-DualAxis/runs/r201l_missing49_20261007/full/RGBNT100_r201l_frequency_shared_s42/q_NT_g_R/raw.npz", "file": {"bytes": 12444043, "sha256": "4e4e337ee0c67fffbcd67e6ad89b1442ff96a95ff6b0e51571ed69d489e00915"}, "installed_gt_cases": 4}
IDENTITY_MISSING_STREAM {"event": "RAW_CLEARED", "condition": "q_NT_g_R"}
IDENTITY_MISSING_STREAM {"event": "RAW_READY", "condition": "q_NT_g_N", "path": "/data/gaob/Re-ID/DeMo-DualAxis/runs/r201l_missing49_20261007/full/RGBNT100_r201l_frequency_shared_s42/q_NT_g_N/raw.npz", "file": {"bytes": 196677084, "sha256": "40dc42ba3264fe32794d0a86be653b55b6e682efb51bfad2af680e7762180ab3"}, "installed_gt_cases": 4}
IDENTITY_MISSING_STREAM {"event": "RAW_CLEARED", "condition": "q_NT_g_N"}
IDENTITY_MISSING_STREAM {"event": "RAW_READY", "condition": "q_NT_g_T", "path": "/data/gaob/Re-ID/DeMo-DualAxis/runs/r201l_missing49_20261007/full/RGBNT100_r201l_frequency_shared_s42/q_NT_g_T/raw.npz", "file": {"bytes": 190478479, "sha256": "afac1bc7bde254ab5aba82b1cdd532e0bd73a908c77c39a7431082b32c5b5d4f"}, "installed_gt_cases": 4}
IDENTITY_MISSING_STREAM {"event": "RAW_CLEARED", "condition": "q_NT_g_T"}
IDENTITY_MISSING_STREAM {"event": "RAW_READY", "condition": "q_NT_g_RN", "path": "/data/gaob/Re-ID/DeMo-DualAxis/runs/r201l_missing49_20261007/full/RGBNT100_r201l_frequency_shared_s42/q_NT_g_RN/raw.npz", "file": {"bytes": 194788599, "sha256": "e09f0c19e19fa87d06191830c1172d3207edb97a79f0777202ae4d97f6872f88"}, "installed_gt_cases": 4}
IDENTITY_MISSING_STREAM {"event": "RAW_CLEARED", "condition": "q_NT_g_RN"}
IDENTITY_MISSING_STREAM {"event": "RAW_READY", "condition": "q_NT_g_RT", "path": "/data/gaob/Re-ID/DeMo-DualAxis/runs/r201l_missing49_20261007/full/RGBNT100_r201l_frequency_shared_s42/q_NT_g_RT/raw.npz", "file": {"bytes": 195666413, "sha256": "3bf3aac5883675fd795c2a3b9a8cce5202585c1c0effaa43215e34f226664b44"}, "installed_gt_cases": 4}
IDENTITY_MISSING_STREAM {"event": "RAW_CLEARED", "condition": "q_NT_g_RT"}
IDENTITY_MISSING_STREAM {"event": "RAW_READY", "condition": "q_NT_g_NT", "path": "/data/gaob/Re-ID/DeMo-DualAxis/runs/r201l_missing49_20261007/full/RGBNT100_r201l_frequency_shared_s42/q_NT_g_NT/raw.npz", "file": {"bytes": 200799078, "sha256": "cc465d6b18536ce7489fcbf23a7cf3cd8940656d65df404c09532a7eb1bc8cca"}, "installed_gt_cases": 4}
IDENTITY_MISSING_STREAM {"event": "RAW_CLEARED", "condition": "q_NT_g_NT"}
IDENTITY_MISSING_STREAM {"event": "EVALUATION_COMPLETE", "conditions": 49, "cases": 196, "optimizer_updates": 0}
