/data2/gb/Re-ID/conda-envs/tri_reid/lib/python3.10/site-packages/timm/models/helpers.py:7: FutureWarning: Importing from timm.models.helpers is deprecated, please import via timm.models
  warnings.warn(f"Importing from {__name__} is deprecated, please import via timm.models", FutureWarning)
/data2/gb/Re-ID/conda-envs/tri_reid/lib/python3.10/site-packages/timm/models/registry.py:4: FutureWarning: Importing from timm.models.registry is deprecated, please import via timm.models
  warnings.warn(f"Importing from {__name__} is deprecated, please import via timm.models", FutureWarning)
/data2/gb/Re-ID/conda-envs/tri_reid/lib/python3.10/site-packages/timm/models/layers/__init__.py:48: FutureWarning: Importing from timm.models.layers is deprecated, please import via timm.layers
  warnings.warn(f"Importing from {__name__} is deprecated, please import via timm.layers", FutureWarning)
using Transformer_type: ViT-B-16 as a backbone
Resized position embedding: %s to %s torch.Size([197, 768]) torch.Size([129, 768])
Position embedding resize to height:16 width: 8
Successfully load ckpt!
<All keys matched successfully>
Loading pretrained model from CLIP
camera number is : 4
STRESS_CONDITION clean {"mAP": 39.29653197455368, "mINP": 29.423396484094376, "Rank-1": 39.952153110047846, "Rank-5": 51.794258373205736, "Rank-10": 61.1244019138756, "Rank-20": 70.57416267942584}
STRESS_CONDITION RGB_blur_sigma1p5 {"mAP": 37.72191771376277, "mINP": 28.986631168743564, "Rank-1": 39.83253588516747, "Rank-5": 51.55502392344498, "Rank-10": 57.17703349282297, "Rank-20": 64.47368421052632}
STRESS_CONDITION RGB_blur_sigma3 {"mAP": 35.53834542499667, "mINP": 27.940563919117693, "Rank-1": 36.36363636363637, "Rank-5": 46.889952153110045, "Rank-10": 52.87081339712919, "Rank-20": 60.28708133971292}
STRESS_CONDITION NI_blur_sigma1p5 {"mAP": 39.29794474173511, "mINP": 29.727333907909586, "Rank-1": 40.311004784689, "Rank-5": 52.751196172248804, "Rank-10": 59.210526315789465, "Rank-20": 67.94258373205741}
STRESS_CONDITION NI_blur_sigma3 {"mAP": 37.88884150122468, "mINP": 29.207614049358572, "Rank-1": 39.11483253588517, "Rank-5": 49.88038277511962, "Rank-10": 57.17703349282297, "Rank-20": 64.35406698564593}
STRESS_CONDITION TI_blur_sigma1p5 {"mAP": 37.07264912315532, "mINP": 28.22901524552053, "Rank-1": 36.84210526315789, "Rank-5": 48.20574162679426, "Rank-10": 55.86124401913876, "Rank-20": 66.50717703349282}
STRESS_CONDITION TI_blur_sigma3 {"mAP": 35.67556103850365, "mINP": 26.75992504863559, "Rank-1": 35.76555023923445, "Rank-5": 45.334928229665074, "Rank-10": 53.588516746411486, "Rank-20": 63.51674641148325}
STRESS_CONDITION psi_off_frozen {"mAP": 39.30743095083174, "mINP": 29.38261383107254, "Rank-1": 39.83253588516747, "Rank-5": 51.91387559808612, "Rank-10": 60.88516746411483, "Rank-20": 70.57416267942584}
