/data/gaob/Re-ID/conda-envs/tri_reid/lib/python3.10/site-packages/timm/models/helpers.py:7: FutureWarning: Importing from timm.models.helpers is deprecated, please import via timm.models
  warnings.warn(f"Importing from {__name__} is deprecated, please import via timm.models", FutureWarning)
/data/gaob/Re-ID/conda-envs/tri_reid/lib/python3.10/site-packages/timm/models/registry.py:4: FutureWarning: Importing from timm.models.registry is deprecated, please import via timm.models
  warnings.warn(f"Importing from {__name__} is deprecated, please import via timm.models", FutureWarning)
/data/gaob/Re-ID/conda-envs/tri_reid/lib/python3.10/site-packages/timm/models/layers/__init__.py:48: FutureWarning: Importing from timm.models.layers is deprecated, please import via timm.layers
  warnings.warn(f"Importing from {__name__} is deprecated, please import via timm.layers", FutureWarning)
using Transformer_type: ViT-B-16 as a backbone
Resized position embedding: %s to %s torch.Size([197, 768]) torch.Size([129, 768])
Position embedding resize to height:8 width: 16
Successfully load ckpt!
<All keys matched successfully>
Loading pretrained model from CLIP
camera number is : 8
DEVELOPMENT_MISSING_CONDITION q_RNT_g_RNT {"mAP": 48.029942170639366, "mINP": 34.573193748039294, "Rank-1": 59.04761904761905, "Rank-5": 72.85714285714285, "Rank-10": 78.57142857142857, "Rank-20": 80.0}
DEVELOPMENT_MISSING_CONDITION q_RNT_g_NT {"mAP": 44.55032428436288, "mINP": 29.777516754699736, "Rank-1": 56.666666666666664, "Rank-5": 75.23809523809524, "Rank-10": 77.61904761904762, "Rank-20": 81.9047619047619}
DEVELOPMENT_MISSING_CONDITION q_RNT_g_RT {"mAP": 46.75894672586615, "mINP": 32.151565949784015, "Rank-1": 57.61904761904761, "Rank-5": 70.95238095238095, "Rank-10": 75.23809523809524, "Rank-20": 81.9047619047619}
DEVELOPMENT_MISSING_CONDITION q_RNT_g_RN {"mAP": 45.61660020874655, "mINP": 32.703975651149456, "Rank-1": 56.19047619047619, "Rank-5": 71.9047619047619, "Rank-10": 77.14285714285715, "Rank-20": 81.9047619047619}
DEVELOPMENT_MISSING_CONDITION q_RNT_g_T {"mAP": 21.592638768996473, "mINP": 7.544221689799341, "Rank-1": 28.57142857142857, "Rank-5": 52.38095238095239, "Rank-10": 59.04761904761905, "Rank-20": 72.38095238095238}
DEVELOPMENT_MISSING_CONDITION q_RNT_g_N {"mAP": 41.526267803690445, "mINP": 24.932369255265936, "Rank-1": 53.80952380952381, "Rank-5": 73.33333333333333, "Rank-10": 78.0952380952381, "Rank-20": 85.71428571428571}
DEVELOPMENT_MISSING_CONDITION q_RNT_g_R {"mAP": 43.261056278664185, "mINP": 28.239497685055415, "Rank-1": 52.85714285714286, "Rank-5": 72.38095238095238, "Rank-10": 74.28571428571429, "Rank-20": 82.38095238095238}
DEVELOPMENT_MISSING_CONDITION q_NT_g_RNT {"mAP": 42.601827539937894, "mINP": 29.36821531330424, "Rank-1": 51.42857142857142, "Rank-5": 72.85714285714285, "Rank-10": 76.66666666666667, "Rank-20": 80.47619047619048}
DEVELOPMENT_MISSING_CONDITION q_NT_g_NT {"mAP": 44.37319401084529, "mINP": 30.530408606001053, "Rank-1": 56.666666666666664, "Rank-5": 71.9047619047619, "Rank-10": 77.61904761904762, "Rank-20": 82.85714285714286}
DEVELOPMENT_MISSING_CONDITION q_NT_g_RT {"mAP": 34.908423821224474, "mINP": 21.305570740621356, "Rank-1": 42.857142857142854, "Rank-5": 63.8095238095238, "Rank-10": 72.85714285714285, "Rank-20": 79.52380952380952}
DEVELOPMENT_MISSING_CONDITION q_NT_g_RN {"mAP": 40.10478308469773, "mINP": 28.07533231434486, "Rank-1": 48.095238095238095, "Rank-5": 71.42857142857143, "Rank-10": 79.04761904761905, "Rank-20": 82.85714285714286}
DEVELOPMENT_MISSING_CONDITION q_NT_g_T {"mAP": 22.983969865759885, "mINP": 8.153017269982483, "Rank-1": 35.714285714285715, "Rank-5": 58.57142857142858, "Rank-10": 66.66666666666666, "Rank-20": 70.95238095238095}
DEVELOPMENT_MISSING_CONDITION q_NT_g_N {"mAP": 40.34092881856945, "mINP": 24.74549796206651, "Rank-1": 50.476190476190474, "Rank-5": 71.42857142857143, "Rank-10": 77.61904761904762, "Rank-20": 85.23809523809524}
DEVELOPMENT_MISSING_CONDITION q_NT_g_R {"mAP": 31.37077879282864, "mINP": 21.527243079268064, "Rank-1": 30.952380952380953, "Rank-5": 63.33333333333333, "Rank-10": 72.85714285714285, "Rank-20": 80.0}
DEVELOPMENT_MISSING_CONDITION q_RT_g_RNT {"mAP": 45.81272274757703, "mINP": 30.977173479244268, "Rank-1": 55.714285714285715, "Rank-5": 71.42857142857143, "Rank-10": 75.23809523809524, "Rank-20": 80.47619047619048}
DEVELOPMENT_MISSING_CONDITION q_RT_g_NT {"mAP": 36.32062170070595, "mINP": 18.377559199076213, "Rank-1": 42.857142857142854, "Rank-5": 70.0, "Rank-10": 74.76190476190476, "Rank-20": 79.04761904761905}
DEVELOPMENT_MISSING_CONDITION q_RT_g_RT {"mAP": 46.11868221181793, "mINP": 30.85672269329348, "Rank-1": 57.14285714285714, "Rank-5": 71.9047619047619, "Rank-10": 76.19047619047619, "Rank-20": 80.0}
DEVELOPMENT_MISSING_CONDITION q_RT_g_RN {"mAP": 43.88939997047426, "mINP": 30.061919782276032, "Rank-1": 55.23809523809524, "Rank-5": 70.95238095238095, "Rank-10": 74.76190476190476, "Rank-20": 80.47619047619048}
DEVELOPMENT_MISSING_CONDITION q_RT_g_T {"mAP": 23.464766106357644, "mINP": 8.03910069340715, "Rank-1": 35.714285714285715, "Rank-5": 58.57142857142858, "Rank-10": 65.23809523809524, "Rank-20": 69.52380952380952}
DEVELOPMENT_MISSING_CONDITION q_RT_g_N {"mAP": 34.89213967957294, "mINP": 19.402177910889144, "Rank-1": 43.333333333333336, "Rank-5": 68.57142857142857, "Rank-10": 77.61904761904762, "Rank-20": 80.95238095238095}
DEVELOPMENT_MISSING_CONDITION q_RT_g_R {"mAP": 42.248738078684376, "mINP": 27.119643689548095, "Rank-1": 53.80952380952381, "Rank-5": 69.04761904761905, "Rank-10": 73.80952380952381, "Rank-20": 81.42857142857143}
DEVELOPMENT_MISSING_CONDITION q_RN_g_RNT {"mAP": 47.29014507937764, "mINP": 32.70634931852983, "Rank-1": 56.666666666666664, "Rank-5": 70.47619047619048, "Rank-10": 76.66666666666667, "Rank-20": 81.9047619047619}
DEVELOPMENT_MISSING_CONDITION q_RN_g_NT {"mAP": 43.8188564553698, "mINP": 28.592240191428548, "Rank-1": 57.61904761904761, "Rank-5": 73.33333333333333, "Rank-10": 79.52380952380952, "Rank-20": 84.28571428571429}
DEVELOPMENT_MISSING_CONDITION q_RN_g_RT {"mAP": 45.502031895001046, "mINP": 31.1938582538064, "Rank-1": 53.80952380952381, "Rank-5": 69.52380952380952, "Rank-10": 73.80952380952381, "Rank-20": 80.95238095238095}
DEVELOPMENT_MISSING_CONDITION q_RN_g_RN {"mAP": 46.01403369275265, "mINP": 32.35854734658508, "Rank-1": 56.666666666666664, "Rank-5": 71.42857142857143, "Rank-10": 78.57142857142857, "Rank-20": 82.38095238095238}
DEVELOPMENT_MISSING_CONDITION q_RN_g_T {"mAP": 14.755676189045532, "mINP": 6.608369014932336, "Rank-1": 13.333333333333334, "Rank-5": 39.523809523809526, "Rank-10": 50.476190476190474, "Rank-20": 59.523809523809526}
DEVELOPMENT_MISSING_CONDITION q_RN_g_N {"mAP": 41.263333233164694, "mINP": 24.691986848734683, "Rank-1": 55.714285714285715, "Rank-5": 72.38095238095238, "Rank-10": 79.04761904761905, "Rank-20": 84.76190476190476}
DEVELOPMENT_MISSING_CONDITION q_RN_g_R {"mAP": 42.99027924330913, "mINP": 27.446715516052706, "Rank-1": 55.714285714285715, "Rank-5": 69.52380952380952, "Rank-10": 74.76190476190476, "Rank-20": 80.95238095238095}
DEVELOPMENT_MISSING_CONDITION q_T_g_RNT {"mAP": 14.638921819021943, "mINP": 8.969676708230304, "Rank-1": 14.285714285714285, "Rank-5": 34.285714285714285, "Rank-10": 45.714285714285715, "Rank-20": 53.80952380952381}
DEVELOPMENT_MISSING_CONDITION q_T_g_NT {"mAP": 17.713819394608958, "mINP": 7.884690980002294, "Rank-1": 25.71428571428571, "Rank-5": 44.761904761904766, "Rank-10": 54.761904761904766, "Rank-20": 62.857142857142854}
DEVELOPMENT_MISSING_CONDITION q_T_g_RT {"mAP": 18.141670052738498, "mINP": 7.546351510780499, "Rank-1": 24.285714285714285, "Rank-5": 45.23809523809524, "Rank-10": 54.285714285714285, "Rank-20": 66.19047619047619}
DEVELOPMENT_MISSING_CONDITION q_T_g_RN {"mAP": 13.26084779656829, "mINP": 9.512941578264165, "Rank-1": 10.952380952380953, "Rank-5": 23.809523809523807, "Rank-10": 33.33333333333333, "Rank-20": 41.42857142857143}
DEVELOPMENT_MISSING_CONDITION q_T_g_T {"mAP": 20.51755191725527, "mINP": 6.973889131570374, "Rank-1": 35.23809523809524, "Rank-5": 56.666666666666664, "Rank-10": 64.28571428571429, "Rank-20": 71.42857142857143}
DEVELOPMENT_MISSING_CONDITION q_T_g_N {"mAP": 12.137352536126029, "mINP": 7.625297821312707, "Rank-1": 11.904761904761903, "Rank-5": 25.238095238095237, "Rank-10": 34.76190476190476, "Rank-20": 42.857142857142854}
DEVELOPMENT_MISSING_CONDITION q_T_g_R {"mAP": 11.609152987499503, "mINP": 8.48701675935492, "Rank-1": 7.6190476190476195, "Rank-5": 21.904761904761905, "Rank-10": 29.04761904761905, "Rank-20": 43.80952380952381}
DEVELOPMENT_MISSING_CONDITION q_N_g_RNT {"mAP": 41.09269146989625, "mINP": 28.471106755226817, "Rank-1": 45.23809523809524, "Rank-5": 71.42857142857143, "Rank-10": 76.19047619047619, "Rank-20": 81.9047619047619}
DEVELOPMENT_MISSING_CONDITION q_N_g_NT {"mAP": 42.47559195230936, "mINP": 27.98850880179239, "Rank-1": 52.85714285714286, "Rank-5": 71.42857142857143, "Rank-10": 79.52380952380952, "Rank-20": 86.19047619047619}
DEVELOPMENT_MISSING_CONDITION q_N_g_RT {"mAP": 34.43813495392163, "mINP": 22.831511001470453, "Rank-1": 40.0, "Rank-5": 62.857142857142854, "Rank-10": 72.85714285714285, "Rank-20": 80.0}
DEVELOPMENT_MISSING_CONDITION q_N_g_RN {"mAP": 39.95543751011402, "mINP": 26.94853137637057, "Rank-1": 49.047619047619044, "Rank-5": 71.42857142857143, "Rank-10": 79.04761904761905, "Rank-20": 84.76190476190476}
DEVELOPMENT_MISSING_CONDITION q_N_g_T {"mAP": 13.96982328840074, "mINP": 6.496400494609319, "Rank-1": 13.333333333333334, "Rank-5": 32.857142857142854, "Rank-10": 43.80952380952381, "Rank-20": 54.761904761904766}
DEVELOPMENT_MISSING_CONDITION q_N_g_N {"mAP": 40.01756056873508, "mINP": 23.54778405363916, "Rank-1": 54.761904761904766, "Rank-5": 72.38095238095238, "Rank-10": 80.47619047619048, "Rank-20": 86.19047619047619}
DEVELOPMENT_MISSING_CONDITION q_N_g_R {"mAP": 33.36866410322841, "mINP": 21.852973798405873, "Rank-1": 41.904761904761905, "Rank-5": 60.476190476190474, "Rank-10": 70.0, "Rank-20": 79.04761904761905}
DEVELOPMENT_MISSING_CONDITION q_R_g_RNT {"mAP": 43.15363352891474, "mINP": 28.882775898150413, "Rank-1": 50.95238095238095, "Rank-5": 67.14285714285714, "Rank-10": 74.76190476190476, "Rank-20": 80.0}
DEVELOPMENT_MISSING_CONDITION q_R_g_NT {"mAP": 34.5470419350449, "mINP": 19.696700057202708, "Rank-1": 42.38095238095238, "Rank-5": 64.76190476190476, "Rank-10": 72.38095238095238, "Rank-20": 81.42857142857143}
DEVELOPMENT_MISSING_CONDITION q_R_g_RT {"mAP": 43.62194335066793, "mINP": 28.796129642016616, "Rank-1": 53.80952380952381, "Rank-5": 69.04761904761905, "Rank-10": 73.80952380952381, "Rank-20": 80.0}
DEVELOPMENT_MISSING_CONDITION q_R_g_RN {"mAP": 41.57799116791134, "mINP": 26.656984610786367, "Rank-1": 51.42857142857142, "Rank-5": 69.04761904761905, "Rank-10": 75.71428571428571, "Rank-20": 80.95238095238095}
DEVELOPMENT_MISSING_CONDITION q_R_g_T {"mAP": 12.422540569753577, "mINP": 6.120981941356478, "Rank-1": 7.142857142857142, "Rank-5": 32.857142857142854, "Rank-10": 49.047619047619044, "Rank-20": 60.0}
DEVELOPMENT_MISSING_CONDITION q_R_g_N {"mAP": 34.51952476224822, "mINP": 19.216117849437943, "Rank-1": 43.333333333333336, "Rank-5": 70.0, "Rank-10": 76.66666666666667, "Rank-20": 83.80952380952381}
DEVELOPMENT_MISSING_CONDITION q_R_g_R {"mAP": 41.32431542898373, "mINP": 25.465905234808474, "Rank-1": 51.90476190476191, "Rank-5": 66.19047619047619, "Rank-10": 73.33333333333333, "Rank-20": 81.42857142857143}
