/data/gaob/Re-ID/conda-envs/tri_reid/lib/python3.10/site-packages/timm/models/helpers.py:7: FutureWarning: Importing from timm.models.helpers is deprecated, please import via timm.models
  warnings.warn(f"Importing from {__name__} is deprecated, please import via timm.models", FutureWarning)
/data/gaob/Re-ID/conda-envs/tri_reid/lib/python3.10/site-packages/timm/models/registry.py:4: FutureWarning: Importing from timm.models.registry is deprecated, please import via timm.models
  warnings.warn(f"Importing from {__name__} is deprecated, please import via timm.models", FutureWarning)
/data/gaob/Re-ID/conda-envs/tri_reid/lib/python3.10/site-packages/timm/models/layers/__init__.py:48: FutureWarning: Importing from timm.models.layers is deprecated, please import via timm.layers
  warnings.warn(f"Importing from {__name__} is deprecated, please import via timm.layers", FutureWarning)
using Transformer_type: ViT-B-16 as a backbone
Resized position embedding: %s to %s torch.Size([197, 768]) torch.Size([129, 768])
Position embedding resize to height:8 width: 16
Successfully load ckpt!
<All keys matched successfully>
Loading pretrained model from CLIP
camera number is : 8
DEVELOPMENT_MISSING_CONDITION q_RNT_g_RNT {"mAP": 49.18247885278516, "mINP": 35.392003660034696, "Rank-1": 58.57142857142858, "Rank-5": 74.28571428571429, "Rank-10": 79.52380952380952, "Rank-20": 80.95238095238095}
DEVELOPMENT_MISSING_CONDITION q_RNT_g_NT {"mAP": 46.56945959090959, "mINP": 29.251754683715998, "Rank-1": 57.14285714285714, "Rank-5": 72.38095238095238, "Rank-10": 79.04761904761905, "Rank-20": 83.80952380952381}
DEVELOPMENT_MISSING_CONDITION q_RNT_g_RT {"mAP": 46.665084133377846, "mINP": 33.029826544772575, "Rank-1": 56.666666666666664, "Rank-5": 73.80952380952381, "Rank-10": 78.0952380952381, "Rank-20": 81.42857142857143}
DEVELOPMENT_MISSING_CONDITION q_RNT_g_RN {"mAP": 46.622668658162134, "mINP": 33.39165393111032, "Rank-1": 56.666666666666664, "Rank-5": 72.38095238095238, "Rank-10": 78.0952380952381, "Rank-20": 81.42857142857143}
DEVELOPMENT_MISSING_CONDITION q_RNT_g_T {"mAP": 23.21997341484889, "mINP": 8.792179364388085, "Rank-1": 28.57142857142857, "Rank-5": 56.19047619047619, "Rank-10": 64.28571428571429, "Rank-20": 73.33333333333333}
DEVELOPMENT_MISSING_CONDITION q_RNT_g_N {"mAP": 42.572709939946606, "mINP": 25.35672100628271, "Rank-1": 55.23809523809524, "Rank-5": 73.33333333333333, "Rank-10": 78.0952380952381, "Rank-20": 83.33333333333334}
DEVELOPMENT_MISSING_CONDITION q_RNT_g_R {"mAP": 42.40196007266948, "mINP": 29.16125019003638, "Rank-1": 51.90476190476191, "Rank-5": 71.9047619047619, "Rank-10": 75.71428571428571, "Rank-20": 80.47619047619048}
DEVELOPMENT_MISSING_CONDITION q_NT_g_RNT {"mAP": 43.47127564186298, "mINP": 28.6426789349671, "Rank-1": 50.0, "Rank-5": 75.23809523809524, "Rank-10": 78.57142857142857, "Rank-20": 81.9047619047619}
DEVELOPMENT_MISSING_CONDITION q_NT_g_NT {"mAP": 47.790982674321334, "mINP": 30.827252482680223, "Rank-1": 60.476190476190474, "Rank-5": 75.71428571428571, "Rank-10": 80.0, "Rank-20": 87.61904761904762}
DEVELOPMENT_MISSING_CONDITION q_NT_g_RT {"mAP": 37.00497526914346, "mINP": 21.884348993538808, "Rank-1": 48.095238095238095, "Rank-5": 67.14285714285714, "Rank-10": 73.80952380952381, "Rank-20": 83.33333333333334}
DEVELOPMENT_MISSING_CONDITION q_NT_g_RN {"mAP": 41.69577426420366, "mINP": 27.975113652473638, "Rank-1": 50.476190476190474, "Rank-5": 72.38095238095238, "Rank-10": 77.61904761904762, "Rank-20": 82.38095238095238}
DEVELOPMENT_MISSING_CONDITION q_NT_g_T {"mAP": 25.190416223539742, "mINP": 8.44080462399943, "Rank-1": 39.04761904761905, "Rank-5": 55.23809523809524, "Rank-10": 65.23809523809524, "Rank-20": 76.19047619047619}
DEVELOPMENT_MISSING_CONDITION q_NT_g_N {"mAP": 42.841630578602036, "mINP": 25.054434928670798, "Rank-1": 54.761904761904766, "Rank-5": 73.80952380952381, "Rank-10": 80.47619047619048, "Rank-20": 86.66666666666667}
DEVELOPMENT_MISSING_CONDITION q_NT_g_R {"mAP": 33.51566963326205, "mINP": 22.070202351061667, "Rank-1": 35.714285714285715, "Rank-5": 65.23809523809524, "Rank-10": 71.42857142857143, "Rank-20": 84.76190476190476}
DEVELOPMENT_MISSING_CONDITION q_RT_g_RNT {"mAP": 47.2771609147701, "mINP": 31.661704946947882, "Rank-1": 56.19047619047619, "Rank-5": 72.38095238095238, "Rank-10": 76.66666666666667, "Rank-20": 81.42857142857143}
DEVELOPMENT_MISSING_CONDITION q_RT_g_NT {"mAP": 39.61591644687858, "mINP": 19.527697274247615, "Rank-1": 51.90476190476191, "Rank-5": 66.19047619047619, "Rank-10": 74.28571428571429, "Rank-20": 80.95238095238095}
DEVELOPMENT_MISSING_CONDITION q_RT_g_RT {"mAP": 46.33225023495315, "mINP": 31.371728038603386, "Rank-1": 57.14285714285714, "Rank-5": 71.9047619047619, "Rank-10": 77.14285714285715, "Rank-20": 80.47619047619048}
DEVELOPMENT_MISSING_CONDITION q_RT_g_RN {"mAP": 43.4690837742051, "mINP": 29.515298825540615, "Rank-1": 53.80952380952381, "Rank-5": 69.52380952380952, "Rank-10": 77.14285714285715, "Rank-20": 80.95238095238095}
DEVELOPMENT_MISSING_CONDITION q_RT_g_T {"mAP": 26.032503958077907, "mINP": 8.385251517513126, "Rank-1": 37.142857142857146, "Rank-5": 56.19047619047619, "Rank-10": 62.857142857142854, "Rank-20": 71.9047619047619}
DEVELOPMENT_MISSING_CONDITION q_RT_g_N {"mAP": 35.68700484716605, "mINP": 18.01665097913935, "Rank-1": 44.761904761904766, "Rank-5": 71.42857142857143, "Rank-10": 76.19047619047619, "Rank-20": 80.95238095238095}
DEVELOPMENT_MISSING_CONDITION q_RT_g_R {"mAP": 41.53106432585806, "mINP": 27.79476594414297, "Rank-1": 53.80952380952381, "Rank-5": 70.0, "Rank-10": 74.76190476190476, "Rank-20": 79.52380952380952}
DEVELOPMENT_MISSING_CONDITION q_RN_g_RNT {"mAP": 46.15019862801224, "mINP": 33.504243581195524, "Rank-1": 53.80952380952381, "Rank-5": 72.38095238095238, "Rank-10": 77.61904761904762, "Rank-20": 84.76190476190476}
DEVELOPMENT_MISSING_CONDITION q_RN_g_NT {"mAP": 44.198704054429165, "mINP": 27.77546669412374, "Rank-1": 54.285714285714285, "Rank-5": 72.85714285714285, "Rank-10": 79.04761904761905, "Rank-20": 85.71428571428571}
DEVELOPMENT_MISSING_CONDITION q_RN_g_RT {"mAP": 43.901668352103904, "mINP": 30.553415193151746, "Rank-1": 51.90476190476191, "Rank-5": 72.38095238095238, "Rank-10": 77.61904761904762, "Rank-20": 82.85714285714286}
DEVELOPMENT_MISSING_CONDITION q_RN_g_RN {"mAP": 46.38522734668465, "mINP": 32.43951116043779, "Rank-1": 57.14285714285714, "Rank-5": 70.95238095238095, "Rank-10": 78.57142857142857, "Rank-20": 83.80952380952381}
DEVELOPMENT_MISSING_CONDITION q_RN_g_T {"mAP": 17.628802400816003, "mINP": 7.060083218066469, "Rank-1": 18.571428571428573, "Rank-5": 42.38095238095238, "Rank-10": 55.23809523809524, "Rank-20": 65.71428571428571}
DEVELOPMENT_MISSING_CONDITION q_RN_g_N {"mAP": 43.33157606297419, "mINP": 25.28418754868972, "Rank-1": 54.761904761904766, "Rank-5": 76.66666666666667, "Rank-10": 80.47619047619048, "Rank-20": 85.23809523809524}
DEVELOPMENT_MISSING_CONDITION q_RN_g_R {"mAP": 41.14245433352405, "mINP": 28.13009283149342, "Rank-1": 51.90476190476191, "Rank-5": 69.52380952380952, "Rank-10": 77.61904761904762, "Rank-20": 80.95238095238095}
DEVELOPMENT_MISSING_CONDITION q_T_g_RNT {"mAP": 17.01153931714226, "mINP": 10.17370921324491, "Rank-1": 14.761904761904763, "Rank-5": 35.23809523809524, "Rank-10": 44.285714285714285, "Rank-20": 56.666666666666664}
DEVELOPMENT_MISSING_CONDITION q_T_g_NT {"mAP": 19.112432298173676, "mINP": 9.1793833400329, "Rank-1": 22.380952380952383, "Rank-5": 42.38095238095238, "Rank-10": 49.047619047619044, "Rank-20": 58.57142857142858}
DEVELOPMENT_MISSING_CONDITION q_T_g_RT {"mAP": 21.29973403752102, "mINP": 8.515302618104794, "Rank-1": 23.809523809523807, "Rank-5": 47.61904761904761, "Rank-10": 56.666666666666664, "Rank-20": 66.66666666666666}
DEVELOPMENT_MISSING_CONDITION q_T_g_RN {"mAP": 14.350955462062132, "mINP": 9.811138147187346, "Rank-1": 11.428571428571429, "Rank-5": 26.666666666666668, "Rank-10": 35.714285714285715, "Rank-20": 45.714285714285715}
DEVELOPMENT_MISSING_CONDITION q_T_g_T {"mAP": 22.49943815652509, "mINP": 6.967300660022659, "Rank-1": 34.76190476190476, "Rank-5": 54.761904761904766, "Rank-10": 58.0952380952381, "Rank-20": 64.28571428571429}
DEVELOPMENT_MISSING_CONDITION q_T_g_N {"mAP": 12.910806839717987, "mINP": 7.562785256809692, "Rank-1": 10.952380952380953, "Rank-5": 24.761904761904763, "Rank-10": 34.76190476190476, "Rank-20": 46.19047619047619}
DEVELOPMENT_MISSING_CONDITION q_T_g_R {"mAP": 12.847908272836369, "mINP": 8.549051013224855, "Rank-1": 10.0, "Rank-5": 26.666666666666668, "Rank-10": 37.142857142857146, "Rank-20": 50.476190476190474}
DEVELOPMENT_MISSING_CONDITION q_N_g_RNT {"mAP": 40.83729399251334, "mINP": 28.092880380557844, "Rank-1": 46.666666666666664, "Rank-5": 74.28571428571429, "Rank-10": 79.52380952380952, "Rank-20": 87.61904761904762}
DEVELOPMENT_MISSING_CONDITION q_N_g_NT {"mAP": 43.55205915104188, "mINP": 26.97654387106342, "Rank-1": 52.85714285714286, "Rank-5": 76.66666666666667, "Rank-10": 82.85714285714286, "Rank-20": 90.0}
DEVELOPMENT_MISSING_CONDITION q_N_g_RT {"mAP": 34.03267290889021, "mINP": 21.790399991951098, "Rank-1": 37.61904761904762, "Rank-5": 65.23809523809524, "Rank-10": 77.61904761904762, "Rank-20": 87.61904761904762}
DEVELOPMENT_MISSING_CONDITION q_N_g_RN {"mAP": 41.10457772290108, "mINP": 26.651562926584482, "Rank-1": 51.90476190476191, "Rank-5": 73.80952380952381, "Rank-10": 79.04761904761905, "Rank-20": 87.14285714285714}
DEVELOPMENT_MISSING_CONDITION q_N_g_T {"mAP": 15.843137002161795, "mINP": 6.35593686418216, "Rank-1": 16.19047619047619, "Rank-5": 39.04761904761905, "Rank-10": 52.85714285714286, "Rank-20": 65.23809523809524}
DEVELOPMENT_MISSING_CONDITION q_N_g_N {"mAP": 42.78998124793242, "mINP": 24.054021472191224, "Rank-1": 55.714285714285715, "Rank-5": 76.66666666666667, "Rank-10": 82.85714285714286, "Rank-20": 88.09523809523809}
DEVELOPMENT_MISSING_CONDITION q_N_g_R {"mAP": 32.62952070123998, "mINP": 21.882608807293572, "Rank-1": 40.0, "Rank-5": 60.0, "Rank-10": 72.85714285714285, "Rank-20": 82.38095238095238}
DEVELOPMENT_MISSING_CONDITION q_R_g_RNT {"mAP": 42.11845536177054, "mINP": 28.438430321624747, "Rank-1": 51.42857142857142, "Rank-5": 65.71428571428571, "Rank-10": 74.28571428571429, "Rank-20": 80.47619047619048}
DEVELOPMENT_MISSING_CONDITION q_R_g_NT {"mAP": 34.86812957209526, "mINP": 18.166979859579286, "Rank-1": 44.761904761904766, "Rank-5": 64.28571428571429, "Rank-10": 70.95238095238095, "Rank-20": 80.0}
DEVELOPMENT_MISSING_CONDITION q_R_g_RT {"mAP": 41.18232049815524, "mINP": 27.838349810415135, "Rank-1": 48.57142857142857, "Rank-5": 69.52380952380952, "Rank-10": 75.71428571428571, "Rank-20": 80.47619047619048}
DEVELOPMENT_MISSING_CONDITION q_R_g_RN {"mAP": 40.71475941223814, "mINP": 27.588779919699213, "Rank-1": 50.476190476190474, "Rank-5": 65.71428571428571, "Rank-10": 73.80952380952381, "Rank-20": 80.47619047619048}
DEVELOPMENT_MISSING_CONDITION q_R_g_T {"mAP": 14.43162113349562, "mINP": 6.243975464614585, "Rank-1": 15.238095238095239, "Rank-5": 40.0, "Rank-10": 49.047619047619044, "Rank-20": 63.8095238095238}
DEVELOPMENT_MISSING_CONDITION q_R_g_N {"mAP": 34.472391283304276, "mINP": 18.02201971039423, "Rank-1": 42.857142857142854, "Rank-5": 66.66666666666666, "Rank-10": 74.76190476190476, "Rank-20": 80.47619047619048}
DEVELOPMENT_MISSING_CONDITION q_R_g_R {"mAP": 40.0452148645593, "mINP": 26.4271656370329, "Rank-1": 50.476190476190474, "Rank-5": 66.66666666666666, "Rank-10": 72.85714285714285, "Rank-20": 80.47619047619048}
