/data/gaob/Re-ID/conda-envs/tri_reid/lib/python3.10/site-packages/timm/models/helpers.py:7: FutureWarning: Importing from timm.models.helpers is deprecated, please import via timm.models
  warnings.warn(f"Importing from {__name__} is deprecated, please import via timm.models", FutureWarning)
/data/gaob/Re-ID/conda-envs/tri_reid/lib/python3.10/site-packages/timm/models/registry.py:4: FutureWarning: Importing from timm.models.registry is deprecated, please import via timm.models
  warnings.warn(f"Importing from {__name__} is deprecated, please import via timm.models", FutureWarning)
/data/gaob/Re-ID/conda-envs/tri_reid/lib/python3.10/site-packages/timm/models/layers/__init__.py:48: FutureWarning: Importing from timm.models.layers is deprecated, please import via timm.layers
  warnings.warn(f"Importing from {__name__} is deprecated, please import via timm.layers", FutureWarning)
using Transformer_type: ViT-B-16 as a backbone
Resized position embedding: %s to %s torch.Size([197, 768]) torch.Size([129, 768])
Position embedding resize to height:8 width: 16
Successfully load ckpt!
<All keys matched successfully>
Loading pretrained model from CLIP
camera number is : 8
DEVELOPMENT_MISSING_CONDITION q_RNT_g_RNT {"mAP": 47.63067187373347, "mINP": 32.83699211907191, "Rank-1": 59.523809523809526, "Rank-5": 72.38095238095238, "Rank-10": 77.14285714285715, "Rank-20": 81.42857142857143}
DEVELOPMENT_MISSING_CONDITION q_RNT_g_NT {"mAP": 41.4413629878273, "mINP": 25.990842409155725, "Rank-1": 51.42857142857142, "Rank-5": 70.47619047619048, "Rank-10": 76.19047619047619, "Rank-20": 81.42857142857143}
DEVELOPMENT_MISSING_CONDITION q_RNT_g_RT {"mAP": 38.70192453335955, "mINP": 23.731490649593862, "Rank-1": 46.19047619047619, "Rank-5": 66.19047619047619, "Rank-10": 72.38095238095238, "Rank-20": 79.52380952380952}
DEVELOPMENT_MISSING_CONDITION q_RNT_g_RN {"mAP": 43.043492499923246, "mINP": 29.16777915661116, "Rank-1": 53.80952380952381, "Rank-5": 71.42857142857143, "Rank-10": 76.19047619047619, "Rank-20": 80.0}
DEVELOPMENT_MISSING_CONDITION q_RNT_g_T {"mAP": 19.653114721488933, "mINP": 7.498313734119427, "Rank-1": 32.857142857142854, "Rank-5": 47.14285714285714, "Rank-10": 57.14285714285714, "Rank-20": 62.857142857142854}
DEVELOPMENT_MISSING_CONDITION q_RNT_g_N {"mAP": 39.113382444884245, "mINP": 21.71212639305123, "Rank-1": 53.80952380952381, "Rank-5": 70.0, "Rank-10": 75.23809523809524, "Rank-20": 82.85714285714286}
DEVELOPMENT_MISSING_CONDITION q_RNT_g_R {"mAP": 36.135987333022776, "mINP": 22.103678782067817, "Rank-1": 46.19047619047619, "Rank-5": 63.8095238095238, "Rank-10": 75.23809523809524, "Rank-20": 81.42857142857143}
DEVELOPMENT_MISSING_CONDITION q_NT_g_RNT {"mAP": 34.591486081324426, "mINP": 21.223629916042984, "Rank-1": 41.904761904761905, "Rank-5": 61.904761904761905, "Rank-10": 73.33333333333333, "Rank-20": 79.52380952380952}
DEVELOPMENT_MISSING_CONDITION q_NT_g_NT {"mAP": 40.36397538284084, "mINP": 24.16788674597346, "Rank-1": 55.714285714285715, "Rank-5": 71.9047619047619, "Rank-10": 78.0952380952381, "Rank-20": 86.19047619047619}
DEVELOPMENT_MISSING_CONDITION q_NT_g_RT {"mAP": 21.171557905545423, "mINP": 10.633227570954526, "Rank-1": 28.57142857142857, "Rank-5": 48.57142857142857, "Rank-10": 57.61904761904761, "Rank-20": 64.76190476190476}
DEVELOPMENT_MISSING_CONDITION q_NT_g_RN {"mAP": 34.623981220203106, "mINP": 22.432698526796166, "Rank-1": 40.95238095238095, "Rank-5": 62.857142857142854, "Rank-10": 73.80952380952381, "Rank-20": 82.38095238095238}
DEVELOPMENT_MISSING_CONDITION q_NT_g_T {"mAP": 17.715869874229845, "mINP": 6.20381463893171, "Rank-1": 32.38095238095238, "Rank-5": 48.095238095238095, "Rank-10": 56.666666666666664, "Rank-20": 63.33333333333333}
DEVELOPMENT_MISSING_CONDITION q_NT_g_N {"mAP": 37.723293665086935, "mINP": 20.706019951051825, "Rank-1": 45.23809523809524, "Rank-5": 72.85714285714285, "Rank-10": 80.95238095238095, "Rank-20": 86.19047619047619}
DEVELOPMENT_MISSING_CONDITION q_NT_g_R {"mAP": 27.091606490445436, "mINP": 16.014939157879247, "Rank-1": 27.142857142857142, "Rank-5": 54.285714285714285, "Rank-10": 60.476190476190474, "Rank-20": 70.95238095238095}
DEVELOPMENT_MISSING_CONDITION q_RT_g_RNT {"mAP": 30.288432628857866, "mINP": 19.142784892741442, "Rank-1": 36.19047619047619, "Rank-5": 58.0952380952381, "Rank-10": 65.71428571428571, "Rank-20": 72.85714285714285}
DEVELOPMENT_MISSING_CONDITION q_RT_g_NT {"mAP": 24.471662121265787, "mINP": 11.05399511387237, "Rank-1": 36.19047619047619, "Rank-5": 54.761904761904766, "Rank-10": 62.857142857142854, "Rank-20": 68.0952380952381}
DEVELOPMENT_MISSING_CONDITION q_RT_g_RT {"mAP": 41.135578885518704, "mINP": 26.267809259053347, "Rank-1": 50.95238095238095, "Rank-5": 68.0952380952381, "Rank-10": 72.38095238095238, "Rank-20": 81.42857142857143}
DEVELOPMENT_MISSING_CONDITION q_RT_g_RN {"mAP": 34.39238629802236, "mINP": 21.02612062950505, "Rank-1": 40.95238095238095, "Rank-5": 62.857142857142854, "Rank-10": 70.47619047619048, "Rank-20": 76.19047619047619}
DEVELOPMENT_MISSING_CONDITION q_RT_g_T {"mAP": 18.174754908439816, "mINP": 6.515402528402809, "Rank-1": 32.857142857142854, "Rank-5": 49.047619047619044, "Rank-10": 55.23809523809524, "Rank-20": 61.42857142857143}
DEVELOPMENT_MISSING_CONDITION q_RT_g_N {"mAP": 30.845697226552332, "mINP": 14.635862044227746, "Rank-1": 41.904761904761905, "Rank-5": 62.38095238095238, "Rank-10": 66.66666666666666, "Rank-20": 78.0952380952381}
DEVELOPMENT_MISSING_CONDITION q_RT_g_R {"mAP": 37.31874840728008, "mINP": 22.70939237515712, "Rank-1": 45.23809523809524, "Rank-5": 64.28571428571429, "Rank-10": 72.85714285714285, "Rank-20": 82.85714285714286}
DEVELOPMENT_MISSING_CONDITION q_RN_g_RNT {"mAP": 44.196165485145926, "mINP": 32.0033258407696, "Rank-1": 48.095238095238095, "Rank-5": 71.42857142857143, "Rank-10": 75.71428571428571, "Rank-20": 81.9047619047619}
DEVELOPMENT_MISSING_CONDITION q_RN_g_NT {"mAP": 39.93418331633913, "mINP": 24.59812402600298, "Rank-1": 50.476190476190474, "Rank-5": 74.76190476190476, "Rank-10": 80.95238095238095, "Rank-20": 88.57142857142857}
DEVELOPMENT_MISSING_CONDITION q_RN_g_RT {"mAP": 37.633845990851206, "mINP": 24.30187251577678, "Rank-1": 42.857142857142854, "Rank-5": 62.857142857142854, "Rank-10": 73.33333333333333, "Rank-20": 83.33333333333334}
DEVELOPMENT_MISSING_CONDITION q_RN_g_RN {"mAP": 45.30245978917505, "mINP": 31.92461613156045, "Rank-1": 57.61904761904761, "Rank-5": 72.38095238095238, "Rank-10": 77.61904761904762, "Rank-20": 84.76190476190476}
DEVELOPMENT_MISSING_CONDITION q_RN_g_T {"mAP": 10.395606517457127, "mINP": 5.331732643427574, "Rank-1": 5.714285714285714, "Rank-5": 24.761904761904763, "Rank-10": 40.0, "Rank-20": 55.714285714285715}
DEVELOPMENT_MISSING_CONDITION q_RN_g_N {"mAP": 39.61257418999953, "mINP": 22.30445350305864, "Rank-1": 49.523809523809526, "Rank-5": 74.28571428571429, "Rank-10": 80.0, "Rank-20": 85.71428571428571}
DEVELOPMENT_MISSING_CONDITION q_RN_g_R {"mAP": 38.89262511278686, "mINP": 24.285615533871706, "Rank-1": 47.61904761904761, "Rank-5": 67.14285714285714, "Rank-10": 75.71428571428571, "Rank-20": 81.9047619047619}
DEVELOPMENT_MISSING_CONDITION q_T_g_RNT {"mAP": 8.973614436016252, "mINP": 5.892813554699303, "Rank-1": 5.238095238095238, "Rank-5": 17.142857142857142, "Rank-10": 29.04761904761905, "Rank-20": 45.23809523809524}
DEVELOPMENT_MISSING_CONDITION q_T_g_NT {"mAP": 12.646769097861563, "mINP": 5.932788453247309, "Rank-1": 16.19047619047619, "Rank-5": 33.33333333333333, "Rank-10": 45.714285714285715, "Rank-20": 56.19047619047619}
DEVELOPMENT_MISSING_CONDITION q_T_g_RT {"mAP": 12.851329253065916, "mINP": 5.599780042803153, "Rank-1": 19.523809523809526, "Rank-5": 33.33333333333333, "Rank-10": 39.04761904761905, "Rank-20": 54.285714285714285}
DEVELOPMENT_MISSING_CONDITION q_T_g_RN {"mAP": 9.065519009166106, "mINP": 7.224658584904758, "Rank-1": 5.238095238095238, "Rank-5": 9.523809523809524, "Rank-10": 17.142857142857142, "Rank-20": 29.04761904761905}
DEVELOPMENT_MISSING_CONDITION q_T_g_T {"mAP": 16.865313935417404, "mINP": 6.014070169715302, "Rank-1": 31.428571428571427, "Rank-5": 48.095238095238095, "Rank-10": 56.19047619047619, "Rank-20": 63.33333333333333}
DEVELOPMENT_MISSING_CONDITION q_T_g_N {"mAP": 8.086935965477359, "mINP": 5.707386835799309, "Rank-1": 4.761904761904762, "Rank-5": 14.285714285714285, "Rank-10": 22.380952380952383, "Rank-20": 33.80952380952381}
DEVELOPMENT_MISSING_CONDITION q_T_g_R {"mAP": 9.062338675407041, "mINP": 5.751380531214172, "Rank-1": 5.238095238095238, "Rank-5": 16.19047619047619, "Rank-10": 24.285714285714285, "Rank-20": 37.61904761904762}
DEVELOPMENT_MISSING_CONDITION q_N_g_RNT {"mAP": 35.36353884703767, "mINP": 24.987689003292775, "Rank-1": 38.095238095238095, "Rank-5": 62.38095238095238, "Rank-10": 75.71428571428571, "Rank-20": 84.76190476190476}
DEVELOPMENT_MISSING_CONDITION q_N_g_NT {"mAP": 37.57478154170515, "mINP": 22.685036302505875, "Rank-1": 42.38095238095238, "Rank-5": 74.76190476190476, "Rank-10": 83.33333333333334, "Rank-20": 89.52380952380953}
DEVELOPMENT_MISSING_CONDITION q_N_g_RT {"mAP": 28.383549516177165, "mINP": 19.412337927968327, "Rank-1": 30.0, "Rank-5": 53.333333333333336, "Rank-10": 65.23809523809524, "Rank-20": 72.85714285714285}
DEVELOPMENT_MISSING_CONDITION q_N_g_RN {"mAP": 34.24988199743233, "mINP": 22.239541429992553, "Rank-1": 38.57142857142858, "Rank-5": 61.904761904761905, "Rank-10": 75.71428571428571, "Rank-20": 83.33333333333334}
DEVELOPMENT_MISSING_CONDITION q_N_g_T {"mAP": 9.949399389649717, "mINP": 5.436030052259074, "Rank-1": 9.047619047619047, "Rank-5": 26.666666666666668, "Rank-10": 41.42857142857143, "Rank-20": 52.85714285714286}
DEVELOPMENT_MISSING_CONDITION q_N_g_N {"mAP": 37.69753543925681, "mINP": 20.65472016718363, "Rank-1": 48.57142857142857, "Rank-5": 73.33333333333333, "Rank-10": 81.42857142857143, "Rank-20": 86.66666666666667}
DEVELOPMENT_MISSING_CONDITION q_N_g_R {"mAP": 27.14906824116923, "mINP": 16.63623140502982, "Rank-1": 29.523809523809526, "Rank-5": 52.85714285714286, "Rank-10": 63.33333333333333, "Rank-20": 70.95238095238095}
DEVELOPMENT_MISSING_CONDITION q_R_g_RNT {"mAP": 35.69601365437231, "mINP": 22.315416585271148, "Rank-1": 37.142857142857146, "Rank-5": 61.904761904761905, "Rank-10": 69.04761904761905, "Rank-20": 75.71428571428571}
DEVELOPMENT_MISSING_CONDITION q_R_g_NT {"mAP": 31.26492116050596, "mINP": 18.211904349370073, "Rank-1": 32.857142857142854, "Rank-5": 66.19047619047619, "Rank-10": 75.23809523809524, "Rank-20": 82.85714285714286}
DEVELOPMENT_MISSING_CONDITION q_R_g_RT {"mAP": 36.945666237896084, "mINP": 23.739974997897782, "Rank-1": 41.42857142857143, "Rank-5": 61.42857142857143, "Rank-10": 71.42857142857143, "Rank-20": 82.38095238095238}
DEVELOPMENT_MISSING_CONDITION q_R_g_RN {"mAP": 34.788993715196206, "mINP": 21.62477932270267, "Rank-1": 39.523809523809526, "Rank-5": 65.23809523809524, "Rank-10": 71.42857142857143, "Rank-20": 76.66666666666667}
DEVELOPMENT_MISSING_CONDITION q_R_g_T {"mAP": 9.92743327956663, "mINP": 5.395006128305014, "Rank-1": 3.3333333333333335, "Rank-5": 24.285714285714285, "Rank-10": 39.523809523809526, "Rank-20": 54.285714285714285}
DEVELOPMENT_MISSING_CONDITION q_R_g_N {"mAP": 32.365098602593115, "mINP": 17.405298816583013, "Rank-1": 40.0, "Rank-5": 65.23809523809524, "Rank-10": 74.28571428571429, "Rank-20": 81.42857142857143}
DEVELOPMENT_MISSING_CONDITION q_R_g_R {"mAP": 40.32445691193608, "mINP": 23.648026769976664, "Rank-1": 53.333333333333336, "Rank-5": 66.66666666666666, "Rank-10": 72.38095238095238, "Rank-20": 80.95238095238095}
