/data/gaob/Re-ID/conda-envs/tri_reid/lib/python3.10/site-packages/timm/models/helpers.py:7: FutureWarning: Importing from timm.models.helpers is deprecated, please import via timm.models
  warnings.warn(f"Importing from {__name__} is deprecated, please import via timm.models", FutureWarning)
/data/gaob/Re-ID/conda-envs/tri_reid/lib/python3.10/site-packages/timm/models/registry.py:4: FutureWarning: Importing from timm.models.registry is deprecated, please import via timm.models
  warnings.warn(f"Importing from {__name__} is deprecated, please import via timm.models", FutureWarning)
/data/gaob/Re-ID/conda-envs/tri_reid/lib/python3.10/site-packages/timm/models/layers/__init__.py:48: FutureWarning: Importing from timm.models.layers is deprecated, please import via timm.layers
  warnings.warn(f"Importing from {__name__} is deprecated, please import via timm.layers", FutureWarning)
using Transformer_type: ViT-B-16 as a backbone
Resized position embedding: %s to %s torch.Size([197, 768]) torch.Size([129, 768])
Position embedding resize to height:8 width: 16
Successfully load ckpt!
<All keys matched successfully>
Loading pretrained model from CLIP
camera number is : 8
MISSING_CONDITION clean {"mAP": 31.52247830488984, "mINP": 12.04578268688808, "Rank-1": 46.86971235194585, "Rank-5": 67.34348561759728, "Rank-10": 74.78849407783417, "Rank-20": 80.37225042301185}
MISSING_CONDITION both_missing_r {"mAP": 23.224297606095828, "mINP": 8.301766887132114, "Rank-1": 34.01015228426396, "Rank-5": 58.03722504230119, "Rank-10": 66.66666666666666, "Rank-20": 77.49576988155668}
MISSING_CONDITION query_missing_r {"mAP": 8.580421398505637, "mINP": 4.216086694759498, "Rank-1": 10.490693739424705, "Rank-5": 23.85786802030457, "Rank-10": 34.01015228426396, "Rank-20": 46.7005076142132}
MISSING_CONDITION both_missing_n {"mAP": 26.459330887483105, "mINP": 8.876807564450887, "Rank-1": 41.62436548223351, "Rank-5": 60.74450084602368, "Rank-10": 68.8663282571912, "Rank-20": 76.14213197969542}
MISSING_CONDITION query_missing_n {"mAP": 16.64471634905898, "mINP": 6.670678242468757, "Rank-1": 22.673434856175973, "Rank-5": 39.25549915397631, "Rank-10": 49.407783417935704, "Rank-20": 61.42131979695431}
MISSING_CONDITION both_missing_t {"mAP": 30.009709571500387, "mINP": 12.855584447686647, "Rank-1": 42.978003384094755, "Rank-5": 64.12859560067682, "Rank-10": 72.92724196277496, "Rank-20": 81.21827411167513}
MISSING_CONDITION query_missing_t {"mAP": 27.4631562135645, "mINP": 10.161222279638702, "Rank-1": 41.455160744500844, "Rank-5": 62.605752961082906, "Rank-10": 72.92724196277496, "Rank-20": 81.04906937394247}
MISSING_CONDITION both_missing_rn {"mAP": 5.906967361627443, "mINP": 1.6607152965368122, "Rank-1": 10.65989847715736, "Rank-5": 26.39593908629442, "Rank-10": 33.840947546531304, "Rank-20": 41.11675126903553}
MISSING_CONDITION query_missing_rn {"mAP": 3.141945407098919, "mINP": 2.4270744732349145, "Rank-1": 1.6920473773265652, "Rank-5": 6.937394247038917, "Rank-10": 9.475465313028765, "Rank-20": 16.07445008460237}
MISSING_CONDITION both_missing_rt {"mAP": 22.055993203649706, "mINP": 7.731862735213793, "Rank-1": 35.53299492385787, "Rank-5": 58.88324873096447, "Rank-10": 69.03553299492386, "Rank-20": 78.34179357021996}
MISSING_CONDITION query_missing_rt {"mAP": 5.5206774748261545, "mINP": 3.090966252311312, "Rank-1": 4.060913705583756, "Rank-5": 12.521150592216582, "Rank-10": 17.59729272419628, "Rank-20": 30.62605752961083}
MISSING_CONDITION both_missing_nt {"mAP": 25.459972100652905, "mINP": 10.551830057590477, "Rank-1": 36.88663282571912, "Rank-5": 58.206429780033844, "Rank-10": 67.34348561759728, "Rank-20": 75.80372250423012}
MISSING_CONDITION query_missing_nt {"mAP": 12.307783236389266, "mINP": 5.355846183214718, "Rank-1": 14.213197969543149, "Rank-5": 28.59560067681895, "Rank-10": 39.93231810490694, "Rank-20": 53.97631133671743}
