/data/gaob/Re-ID/conda-envs/tri_reid/lib/python3.10/site-packages/timm/models/helpers.py:7: FutureWarning: Importing from timm.models.helpers is deprecated, please import via timm.models
  warnings.warn(f"Importing from {__name__} is deprecated, please import via timm.models", FutureWarning)
/data/gaob/Re-ID/conda-envs/tri_reid/lib/python3.10/site-packages/timm/models/registry.py:4: FutureWarning: Importing from timm.models.registry is deprecated, please import via timm.models
  warnings.warn(f"Importing from {__name__} is deprecated, please import via timm.models", FutureWarning)
/data/gaob/Re-ID/conda-envs/tri_reid/lib/python3.10/site-packages/timm/models/layers/__init__.py:48: FutureWarning: Importing from timm.models.layers is deprecated, please import via timm.layers
  warnings.warn(f"Importing from {__name__} is deprecated, please import via timm.layers", FutureWarning)
using Transformer_type: ViT-B-16 as a backbone
Resized position embedding: %s to %s torch.Size([197, 768]) torch.Size([129, 768])
Position embedding resize to height:8 width: 16
Successfully load ckpt!
<All keys matched successfully>
Loading pretrained model from CLIP
camera number is : 8
DEVELOPMENT_MISSING_CONDITION q_RNT_g_RNT {"mAP": 47.47468569204681, "mINP": 33.25489444003678, "Rank-1": 59.523809523809526, "Rank-5": 74.28571428571429, "Rank-10": 77.14285714285715, "Rank-20": 80.0}
DEVELOPMENT_MISSING_CONDITION q_RNT_g_NT {"mAP": 42.66603464993132, "mINP": 25.902978577059226, "Rank-1": 58.0952380952381, "Rank-5": 72.85714285714285, "Rank-10": 78.0952380952381, "Rank-20": 83.80952380952381}
DEVELOPMENT_MISSING_CONDITION q_RNT_g_RT {"mAP": 44.81055205034997, "mINP": 29.438150984692925, "Rank-1": 54.761904761904766, "Rank-5": 71.42857142857143, "Rank-10": 75.71428571428571, "Rank-20": 80.0}
DEVELOPMENT_MISSING_CONDITION q_RNT_g_RN {"mAP": 45.065876678120794, "mINP": 30.988491112622086, "Rank-1": 56.19047619047619, "Rank-5": 72.85714285714285, "Rank-10": 76.19047619047619, "Rank-20": 80.95238095238095}
DEVELOPMENT_MISSING_CONDITION q_RNT_g_T {"mAP": 10.980679386987873, "mINP": 5.416078911447405, "Rank-1": 14.761904761904763, "Rank-5": 33.33333333333333, "Rank-10": 46.666666666666664, "Rank-20": 56.666666666666664}
DEVELOPMENT_MISSING_CONDITION q_RNT_g_N {"mAP": 37.99694937578319, "mINP": 20.548087201650524, "Rank-1": 51.42857142857142, "Rank-5": 71.9047619047619, "Rank-10": 77.14285714285715, "Rank-20": 82.38095238095238}
DEVELOPMENT_MISSING_CONDITION q_RNT_g_R {"mAP": 41.8226644365658, "mINP": 25.921092167616035, "Rank-1": 53.333333333333336, "Rank-5": 68.57142857142857, "Rank-10": 74.28571428571429, "Rank-20": 79.04761904761905}
DEVELOPMENT_MISSING_CONDITION q_NT_g_RNT {"mAP": 21.94251917148765, "mINP": 13.743033064584722, "Rank-1": 23.333333333333332, "Rank-5": 43.80952380952381, "Rank-10": 51.42857142857142, "Rank-20": 65.23809523809524}
DEVELOPMENT_MISSING_CONDITION q_NT_g_NT {"mAP": 41.603530669919195, "mINP": 25.363142227163266, "Rank-1": 57.61904761904761, "Rank-5": 70.95238095238095, "Rank-10": 77.14285714285715, "Rank-20": 82.85714285714286}
DEVELOPMENT_MISSING_CONDITION q_NT_g_RT {"mAP": 8.926784127593711, "mINP": 6.997508191236185, "Rank-1": 4.285714285714286, "Rank-5": 14.761904761904763, "Rank-10": 27.61904761904762, "Rank-20": 47.61904761904761}
DEVELOPMENT_MISSING_CONDITION q_NT_g_RN {"mAP": 21.588628244622107, "mINP": 14.14880164809246, "Rank-1": 21.428571428571427, "Rank-5": 45.714285714285715, "Rank-10": 51.90476190476191, "Rank-20": 62.38095238095238}
DEVELOPMENT_MISSING_CONDITION q_NT_g_T {"mAP": 12.58298989158626, "mINP": 5.5502562250792815, "Rank-1": 18.095238095238095, "Rank-5": 37.61904761904762, "Rank-10": 51.42857142857142, "Rank-20": 60.952380952380956}
DEVELOPMENT_MISSING_CONDITION q_NT_g_N {"mAP": 37.24733147462935, "mINP": 21.238226133081035, "Rank-1": 49.047619047619044, "Rank-5": 70.95238095238095, "Rank-10": 75.71428571428571, "Rank-20": 83.33333333333334}
DEVELOPMENT_MISSING_CONDITION q_NT_g_R {"mAP": 7.5877538469702746, "mINP": 6.223369622033867, "Rank-1": 0.4761904761904762, "Rank-5": 14.285714285714285, "Rank-10": 22.380952380952383, "Rank-20": 39.523809523809526}
DEVELOPMENT_MISSING_CONDITION q_RT_g_RNT {"mAP": 35.26870317547062, "mINP": 22.674375865990708, "Rank-1": 44.285714285714285, "Rank-5": 63.33333333333333, "Rank-10": 71.9047619047619, "Rank-20": 75.23809523809524}
DEVELOPMENT_MISSING_CONDITION q_RT_g_NT {"mAP": 9.201947995730633, "mINP": 6.146463975786045, "Rank-1": 2.857142857142857, "Rank-5": 15.714285714285714, "Rank-10": 27.142857142857142, "Rank-20": 47.61904761904761}
DEVELOPMENT_MISSING_CONDITION q_RT_g_RT {"mAP": 44.285745778962024, "mINP": 29.814661879977212, "Rank-1": 55.714285714285715, "Rank-5": 69.52380952380952, "Rank-10": 73.80952380952381, "Rank-20": 79.04761904761905}
DEVELOPMENT_MISSING_CONDITION q_RT_g_RN {"mAP": 29.444467088968512, "mINP": 18.12686265048238, "Rank-1": 32.38095238095238, "Rank-5": 62.857142857142854, "Rank-10": 69.52380952380952, "Rank-20": 74.76190476190476}
DEVELOPMENT_MISSING_CONDITION q_RT_g_T {"mAP": 16.63822753241277, "mINP": 6.578906478046311, "Rank-1": 25.238095238095237, "Rank-5": 45.714285714285715, "Rank-10": 54.761904761904766, "Rank-20": 61.42857142857143}
DEVELOPMENT_MISSING_CONDITION q_RT_g_N {"mAP": 5.242620582132855, "mINP": 4.633391430168489, "Rank-1": 0.9523809523809524, "Rank-5": 7.142857142857142, "Rank-10": 10.476190476190476, "Rank-20": 17.61904761904762}
DEVELOPMENT_MISSING_CONDITION q_RT_g_R {"mAP": 42.28220349679747, "mINP": 26.74591614136409, "Rank-1": 53.333333333333336, "Rank-5": 70.47619047619048, "Rank-10": 72.38095238095238, "Rank-20": 79.04761904761905}
DEVELOPMENT_MISSING_CONDITION q_RN_g_RNT {"mAP": 47.356725844756525, "mINP": 33.77098734029478, "Rank-1": 60.476190476190474, "Rank-5": 75.23809523809524, "Rank-10": 79.52380952380952, "Rank-20": 84.76190476190476}
DEVELOPMENT_MISSING_CONDITION q_RN_g_NT {"mAP": 43.00629337417855, "mINP": 27.44835266260562, "Rank-1": 57.61904761904761, "Rank-5": 77.61904761904762, "Rank-10": 82.85714285714286, "Rank-20": 88.57142857142857}
DEVELOPMENT_MISSING_CONDITION q_RN_g_RT {"mAP": 44.28290929978397, "mINP": 28.428906198503697, "Rank-1": 53.80952380952381, "Rank-5": 73.80952380952381, "Rank-10": 80.47619047619048, "Rank-20": 86.66666666666667}
DEVELOPMENT_MISSING_CONDITION q_RN_g_RN {"mAP": 45.293093318249056, "mINP": 31.019636933450823, "Rank-1": 56.666666666666664, "Rank-5": 72.85714285714285, "Rank-10": 75.23809523809524, "Rank-20": 81.9047619047619}
DEVELOPMENT_MISSING_CONDITION q_RN_g_T {"mAP": 9.39071776698088, "mINP": 5.244284122259989, "Rank-1": 8.095238095238095, "Rank-5": 21.904761904761905, "Rank-10": 43.80952380952381, "Rank-20": 61.42857142857143}
DEVELOPMENT_MISSING_CONDITION q_RN_g_N {"mAP": 37.80547295338166, "mINP": 21.044577586381173, "Rank-1": 50.95238095238095, "Rank-5": 70.95238095238095, "Rank-10": 79.04761904761905, "Rank-20": 82.85714285714286}
DEVELOPMENT_MISSING_CONDITION q_RN_g_R {"mAP": 42.17080304587106, "mINP": 25.802239942674287, "Rank-1": 55.23809523809524, "Rank-5": 67.61904761904762, "Rank-10": 75.71428571428571, "Rank-20": 79.04761904761905}
DEVELOPMENT_MISSING_CONDITION q_T_g_RNT {"mAP": 6.220504666526159, "mINP": 6.105853339451145, "Rank-1": 0.9523809523809524, "Rank-5": 9.523809523809524, "Rank-10": 13.333333333333334, "Rank-20": 13.80952380952381}
DEVELOPMENT_MISSING_CONDITION q_T_g_NT {"mAP": 6.586068452665583, "mINP": 5.148821452744688, "Rank-1": 0.9523809523809524, "Rank-5": 10.0, "Rank-10": 15.714285714285714, "Rank-20": 20.476190476190474}
DEVELOPMENT_MISSING_CONDITION q_T_g_RT {"mAP": 6.525436677399532, "mINP": 6.035333829562801, "Rank-1": 0.9523809523809524, "Rank-5": 10.476190476190476, "Rank-10": 14.285714285714285, "Rank-20": 21.428571428571427}
DEVELOPMENT_MISSING_CONDITION q_T_g_RN {"mAP": 5.402123175732852, "mINP": 5.164979491260293, "Rank-1": 0.9523809523809524, "Rank-5": 9.047619047619047, "Rank-10": 13.333333333333334, "Rank-20": 13.333333333333334}
DEVELOPMENT_MISSING_CONDITION q_T_g_T {"mAP": 18.653530622803018, "mINP": 6.477477292724795, "Rank-1": 32.38095238095238, "Rank-5": 50.476190476190474, "Rank-10": 57.14285714285714, "Rank-20": 63.8095238095238}
DEVELOPMENT_MISSING_CONDITION q_T_g_N {"mAP": 4.213654410780868, "mINP": 4.179404877790153, "Rank-1": 0.9523809523809524, "Rank-5": 5.714285714285714, "Rank-10": 8.571428571428571, "Rank-20": 14.285714285714285}
DEVELOPMENT_MISSING_CONDITION q_T_g_R {"mAP": 5.449731320263238, "mINP": 5.220347946010639, "Rank-1": 0.0, "Rank-5": 10.0, "Rank-10": 11.904761904761903, "Rank-20": 14.761904761904763}
DEVELOPMENT_MISSING_CONDITION q_N_g_RNT {"mAP": 20.118282124238213, "mINP": 13.159477464633984, "Rank-1": 19.047619047619047, "Rank-5": 36.19047619047619, "Rank-10": 48.095238095238095, "Rank-20": 62.38095238095238}
DEVELOPMENT_MISSING_CONDITION q_N_g_NT {"mAP": 41.09687655326814, "mINP": 26.821637915617053, "Rank-1": 51.42857142857142, "Rank-5": 76.19047619047619, "Rank-10": 81.42857142857143, "Rank-20": 88.09523809523809}
DEVELOPMENT_MISSING_CONDITION q_N_g_RT {"mAP": 7.034898573911348, "mINP": 6.705335165652933, "Rank-1": 0.0, "Rank-5": 7.142857142857142, "Rank-10": 11.428571428571429, "Rank-20": 25.71428571428571}
DEVELOPMENT_MISSING_CONDITION q_N_g_RN {"mAP": 21.91169437323471, "mINP": 13.759208019208502, "Rank-1": 21.428571428571427, "Rank-5": 40.95238095238095, "Rank-10": 50.476190476190474, "Rank-20": 60.476190476190474}
DEVELOPMENT_MISSING_CONDITION q_N_g_T {"mAP": 8.72831182999236, "mINP": 5.118141820758549, "Rank-1": 7.6190476190476195, "Rank-5": 19.047619047619047, "Rank-10": 30.0, "Rank-20": 46.19047619047619}
DEVELOPMENT_MISSING_CONDITION q_N_g_N {"mAP": 37.54459110508244, "mINP": 22.169522272390864, "Rank-1": 51.42857142857142, "Rank-5": 71.42857142857143, "Rank-10": 75.23809523809524, "Rank-20": 85.23809523809524}
DEVELOPMENT_MISSING_CONDITION q_N_g_R {"mAP": 7.5748989952429495, "mINP": 6.638192511762226, "Rank-1": 0.0, "Rank-5": 11.428571428571429, "Rank-10": 20.476190476190474, "Rank-20": 35.714285714285715}
DEVELOPMENT_MISSING_CONDITION q_R_g_RNT {"mAP": 31.397367819015678, "mINP": 21.618303741937787, "Rank-1": 38.095238095238095, "Rank-5": 62.38095238095238, "Rank-10": 69.52380952380952, "Rank-20": 77.61904761904762}
DEVELOPMENT_MISSING_CONDITION q_R_g_NT {"mAP": 9.759930153162365, "mINP": 7.457368574381749, "Rank-1": 0.9523809523809524, "Rank-5": 27.142857142857142, "Rank-10": 40.95238095238095, "Rank-20": 51.90476190476191}
DEVELOPMENT_MISSING_CONDITION q_R_g_RT {"mAP": 40.92283251284306, "mINP": 27.3557521698162, "Rank-1": 52.38095238095239, "Rank-5": 69.04761904761905, "Rank-10": 75.71428571428571, "Rank-20": 83.33333333333334}
DEVELOPMENT_MISSING_CONDITION q_R_g_RN {"mAP": 27.202416856067874, "mINP": 17.261654347877858, "Rank-1": 29.04761904761905, "Rank-5": 58.57142857142858, "Rank-10": 69.04761904761905, "Rank-20": 73.80952380952381}
DEVELOPMENT_MISSING_CONDITION q_R_g_T {"mAP": 8.474376445283852, "mINP": 5.361676184139188, "Rank-1": 5.714285714285714, "Rank-5": 19.047619047619047, "Rank-10": 30.476190476190478, "Rank-20": 52.85714285714286}
DEVELOPMENT_MISSING_CONDITION q_R_g_N {"mAP": 5.634064509624939, "mINP": 4.903336902430145, "Rank-1": 0.9523809523809524, "Rank-5": 5.238095238095238, "Rank-10": 12.380952380952381, "Rank-20": 23.809523809523807}
DEVELOPMENT_MISSING_CONDITION q_R_g_R {"mAP": 42.162846274623995, "mINP": 26.559116711007952, "Rank-1": 54.285714285714285, "Rank-5": 68.0952380952381, "Rank-10": 71.9047619047619, "Rank-20": 77.14285714285715}
