/data/gaob/Re-ID/conda-envs/tri_reid/lib/python3.10/site-packages/timm/models/helpers.py:7: FutureWarning: Importing from timm.models.helpers is deprecated, please import via timm.models
  warnings.warn(f"Importing from {__name__} is deprecated, please import via timm.models", FutureWarning)
/data/gaob/Re-ID/conda-envs/tri_reid/lib/python3.10/site-packages/timm/models/registry.py:4: FutureWarning: Importing from timm.models.registry is deprecated, please import via timm.models
  warnings.warn(f"Importing from {__name__} is deprecated, please import via timm.models", FutureWarning)
/data/gaob/Re-ID/conda-envs/tri_reid/lib/python3.10/site-packages/timm/models/layers/__init__.py:48: FutureWarning: Importing from timm.models.layers is deprecated, please import via timm.layers
  warnings.warn(f"Importing from {__name__} is deprecated, please import via timm.layers", FutureWarning)
using Transformer_type: ViT-B-16 as a backbone
Resized position embedding: %s to %s torch.Size([197, 768]) torch.Size([129, 768])
Position embedding resize to height:8 width: 16
Successfully load ckpt!
<All keys matched successfully>
Loading pretrained model from CLIP
camera number is : 8
MISSING_CONDITION clean {"mAP": 78.39588253817968, "mINP": 51.31987105265393, "Rank-1": 94.46064139941691, "Rank-5": 95.56851311953352, "Rank-10": 96.61807580174927, "Rank-20": 97.43440233236151}
MISSING_CONDITION both_missing_r {"mAP": 70.62018246672098, "mINP": 39.892899652338784, "Rank-1": 89.67930029154519, "Rank-5": 91.19533527696792, "Rank-10": 92.12827988338192, "Rank-20": 93.58600583090379}
MISSING_CONDITION query_missing_r {"mAP": 66.0203082563475, "mINP": 36.47886079797665, "Rank-1": 85.77259475218659, "Rank-5": 88.5131195335277, "Rank-10": 89.79591836734694, "Rank-20": 91.83673469387756}
MISSING_CONDITION both_missing_n {"mAP": 76.6738925583846, "mINP": 45.941588730987846, "Rank-1": 93.93586005830905, "Rank-5": 94.6938775510204, "Rank-10": 95.10204081632652, "Rank-20": 95.97667638483965}
MISSING_CONDITION query_missing_n {"mAP": 70.34166332764278, "mINP": 39.46351903440908, "Rank-1": 89.6209912536443, "Rank-5": 91.07871720116619, "Rank-10": 91.72011661807579, "Rank-20": 94.51895043731778}
MISSING_CONDITION both_missing_t {"mAP": 62.635742948132645, "mINP": 36.34970020351992, "Rank-1": 80.75801749271136, "Rank-5": 83.03206997084548, "Rank-10": 84.31486880466473, "Rank-20": 86.58892128279884}
MISSING_CONDITION query_missing_t {"mAP": 52.85019315791346, "mINP": 30.643814291601196, "Rank-1": 61.92419825072887, "Rank-5": 65.3061224489796, "Rank-10": 67.23032069970846, "Rank-20": 71.37026239067056}
MISSING_CONDITION both_missing_rn {"mAP": 39.054373248274146, "mINP": 16.73481611533876, "Rank-1": 62.157434402332356, "Rank-5": 68.0466472303207, "Rank-10": 71.42857142857143, "Rank-20": 76.73469387755102}
MISSING_CONDITION query_missing_rn {"mAP": 21.066843180277615, "mINP": 12.790180855021111, "Rank-1": 20.34985422740525, "Rank-5": 25.18950437317784, "Rank-10": 28.57142857142857, "Rank-20": 33.586005830903794}
MISSING_CONDITION both_missing_rt {"mAP": 47.4272177471847, "mINP": 22.487326860325652, "Rank-1": 66.8804664723032, "Rank-5": 70.61224489795919, "Rank-10": 73.17784256559767, "Rank-20": 75.8600583090379}
MISSING_CONDITION query_missing_rt {"mAP": 22.990953031326676, "mINP": 13.896020356729078, "Rank-1": 20.408163265306122, "Rank-5": 24.664723032069972, "Rank-10": 26.880466472303205, "Rank-20": 30.787172011661806}
MISSING_CONDITION both_missing_nt {"mAP": 56.81943061364279, "mINP": 29.473779087005337, "Rank-1": 75.68513119533527, "Rank-5": 79.82507288629738, "Rank-10": 81.92419825072886, "Rank-20": 84.72303206997086}
MISSING_CONDITION query_missing_nt {"mAP": 29.31680906815067, "mINP": 16.135448067604987, "Rank-1": 31.078717201166178, "Rank-5": 34.46064139941691, "Rank-10": 36.61807580174927, "Rank-20": 41.63265306122449}
