/data/gaob/Re-ID/conda-envs/tri_reid/lib/python3.10/site-packages/timm/models/helpers.py:7: FutureWarning: Importing from timm.models.helpers is deprecated, please import via timm.models
  warnings.warn(f"Importing from {__name__} is deprecated, please import via timm.models", FutureWarning)
/data/gaob/Re-ID/conda-envs/tri_reid/lib/python3.10/site-packages/timm/models/registry.py:4: FutureWarning: Importing from timm.models.registry is deprecated, please import via timm.models
  warnings.warn(f"Importing from {__name__} is deprecated, please import via timm.models", FutureWarning)
/data/gaob/Re-ID/conda-envs/tri_reid/lib/python3.10/site-packages/timm/models/layers/__init__.py:48: FutureWarning: Importing from timm.models.layers is deprecated, please import via timm.layers
  warnings.warn(f"Importing from {__name__} is deprecated, please import via timm.layers", FutureWarning)
using Transformer_type: ViT-B-16 as a backbone
Resized position embedding: %s to %s torch.Size([197, 768]) torch.Size([129, 768])
Position embedding resize to height:16 width: 8
Successfully load ckpt!
<All keys matched successfully>
Loading pretrained model from CLIP
camera number is : 4
using soft triplet loss for training
label smooth on, numclasses: 171
Traceback (most recent call last):
  File "/data/gaob/Re-ID/DeMo-DualAxis/run_r201h_protocol_list.py", line 75, in <module>
    main()
  File "/data/gaob/Re-ID/DeMo-DualAxis/run_r201h_protocol_list.py", line 70, in main
    runner.main(builder=build,update=update,variants=VARIANTS,method_revision=revision,
  File "/data/gaob/Re-ID/DeMo-DualAxis/run_full_official_frozen_anchor_experiment.py", line 103, in main
    details.append(update(model, batch, optimizer, scaler, loss_fn, xent, PARTIAL_SETS[i % 6], args.variant))
  File "/data/gaob/Re-ID/DeMo-DualAxis/run_r201h_protocol_list.py", line 63, in update
    detail=g.step(model,batch,optimizer,scaler,losses,xent,retained,variant)
  File "/data/gaob/Re-ID/DeMo-DualAxis/run_r201g_normal_priority.py", line 52, in step
    full_loss = sum(model.loss_weights[i // 2] * loss_fn(output[i], output[i + 1], target, cam)
  File "/data/gaob/Re-ID/DeMo-DualAxis/run_r201g_normal_priority.py", line 52, in <genexpr>
    full_loss = sum(model.loss_weights[i // 2] * loss_fn(output[i], output[i + 1], target, cam)
  File "/data/gaob/Re-ID/DeMo-DualAxis/run_r201h_protocol_list.py", line 56, in losses
    assert gradient.abs().sum()>0
AssertionError
