/data2/gb/Re-ID/conda-envs/tri_reid/lib/python3.10/site-packages/timm/models/helpers.py:7: FutureWarning: Importing from timm.models.helpers is deprecated, please import via timm.models
  warnings.warn(f"Importing from {__name__} is deprecated, please import via timm.models", FutureWarning)
/data2/gb/Re-ID/conda-envs/tri_reid/lib/python3.10/site-packages/timm/models/registry.py:4: FutureWarning: Importing from timm.models.registry is deprecated, please import via timm.models
  warnings.warn(f"Importing from {__name__} is deprecated, please import via timm.models", FutureWarning)
/data2/gb/Re-ID/conda-envs/tri_reid/lib/python3.10/site-packages/timm/models/layers/__init__.py:48: FutureWarning: Importing from timm.models.layers is deprecated, please import via timm.layers
  warnings.warn(f"Importing from {__name__} is deprecated, please import via timm.layers", FutureWarning)
using Transformer_type: ViT-B-16 as a backbone
Resized position embedding: %s to %s torch.Size([197, 768]) torch.Size([129, 768])
Position embedding resize to height:16 width: 8
Successfully load ckpt!
<All keys matched successfully>
Loading pretrained model from CLIP
camera number is : 4
===========Building DeMo===========
STRESS_CONDITION clean {"mAP": 38.571801522185595, "mINP": 27.85557600945362, "Rank-1": 37.79904306220095, "Rank-5": 51.91387559808612, "Rank-10": 61.72248803827751, "Rank-20": 73.20574162679426}
STRESS_CONDITION RGB_blur_sigma1p5 {"mAP": 35.22863373322297, "mINP": 25.866233783088223, "Rank-1": 34.569377990430624, "Rank-5": 48.20574162679426, "Rank-10": 57.77511961722488, "Rank-20": 71.05263157894737}
STRESS_CONDITION RGB_blur_sigma3 {"mAP": 33.0971162400351, "mINP": 24.406422872459892, "Rank-1": 30.741626794258377, "Rank-5": 44.25837320574163, "Rank-10": 54.30622009569378, "Rank-20": 67.70334928229666}
STRESS_CONDITION NI_blur_sigma1p5 {"mAP": 38.28504286714086, "mINP": 28.81867928510829, "Rank-1": 36.72248803827751, "Rank-5": 50.717703349282296, "Rank-10": 59.210526315789465, "Rank-20": 71.41148325358851}
STRESS_CONDITION NI_blur_sigma3 {"mAP": 36.87231200083376, "mINP": 28.21898933647236, "Rank-1": 34.688995215311, "Rank-5": 48.20574162679426, "Rank-10": 56.10047846889952, "Rank-20": 67.94258373205741}
STRESS_CONDITION TI_blur_sigma1p5 {"mAP": 34.64567857596198, "mINP": 25.893095841739523, "Rank-1": 32.89473684210527, "Rank-5": 45.334928229665074, "Rank-10": 54.90430622009569, "Rank-20": 67.94258373205741}
STRESS_CONDITION TI_blur_sigma3 {"mAP": 31.36211649628708, "mINP": 24.20911308220277, "Rank-1": 27.751196172248804, "Rank-5": 40.430622009569376, "Rank-10": 50.358851674641144, "Rank-20": 61.72248803827751}
