/data/gaob/Re-ID/conda-envs/tri_reid/lib/python3.10/site-packages/timm/models/helpers.py:7: FutureWarning: Importing from timm.models.helpers is deprecated, please import via timm.models
  warnings.warn(f"Importing from {__name__} is deprecated, please import via timm.models", FutureWarning)
/data/gaob/Re-ID/conda-envs/tri_reid/lib/python3.10/site-packages/timm/models/registry.py:4: FutureWarning: Importing from timm.models.registry is deprecated, please import via timm.models
  warnings.warn(f"Importing from {__name__} is deprecated, please import via timm.models", FutureWarning)
/data/gaob/Re-ID/conda-envs/tri_reid/lib/python3.10/site-packages/timm/models/layers/__init__.py:48: FutureWarning: Importing from timm.models.layers is deprecated, please import via timm.layers
  warnings.warn(f"Importing from {__name__} is deprecated, please import via timm.layers", FutureWarning)
using Transformer_type: ViT-B-16 as a backbone
Resized position embedding: %s to %s torch.Size([197, 768]) torch.Size([129, 768])
Position embedding resize to height:8 width: 16
Successfully load ckpt!
<All keys matched successfully>
Loading pretrained model from CLIP
camera number is : 8
using Transformer_type: ViT-B-16 as a backbone
Resized position embedding: %s to %s torch.Size([197, 768]) torch.Size([129, 768])
Position embedding resize to height:8 width: 16
Successfully load ckpt!
<All keys matched successfully>
Loading pretrained model from CLIP
camera number is : 8
using Transformer_type: ViT-B-16 as a backbone
Resized position embedding: %s to %s torch.Size([197, 768]) torch.Size([129, 768])
Position embedding resize to height:8 width: 16
Successfully load ckpt!
<All keys matched successfully>
Loading pretrained model from CLIP
camera number is : 8
using Transformer_type: ViT-B-16 as a backbone
Resized position embedding: %s to %s torch.Size([197, 768]) torch.Size([129, 768])
Position embedding resize to height:8 width: 16
Successfully load ckpt!
<All keys matched successfully>
Loading pretrained model from CLIP
camera number is : 8
using Transformer_type: ViT-B-16 as a backbone
Resized position embedding: %s to %s torch.Size([197, 768]) torch.Size([129, 768])
Position embedding resize to height:8 width: 16
Successfully load ckpt!
<All keys matched successfully>
Loading pretrained model from CLIP
camera number is : 8
using Transformer_type: ViT-B-16 as a backbone
Resized position embedding: %s to %s torch.Size([197, 768]) torch.Size([129, 768])
Position embedding resize to height:8 width: 16
Successfully load ckpt!
<All keys matched successfully>
Loading pretrained model from CLIP
camera number is : 8
using Transformer_type: ViT-B-16 as a backbone
Resized position embedding: %s to %s torch.Size([197, 768]) torch.Size([129, 768])
Position embedding resize to height:8 width: 16
Successfully load ckpt!
<All keys matched successfully>
Loading pretrained model from CLIP
camera number is : 8
using Transformer_type: ViT-B-16 as a backbone
Resized position embedding: %s to %s torch.Size([197, 768]) torch.Size([129, 768])
Position embedding resize to height:8 width: 16
Successfully load ckpt!
<All keys matched successfully>
Loading pretrained model from CLIP
camera number is : 8
using Transformer_type: ViT-B-16 as a backbone
Resized position embedding: %s to %s torch.Size([197, 768]) torch.Size([129, 768])
Position embedding resize to height:8 width: 16
Successfully load ckpt!
<All keys matched successfully>
Loading pretrained model from CLIP
camera number is : 8
using Transformer_type: ViT-B-16 as a backbone
Resized position embedding: %s to %s torch.Size([197, 768]) torch.Size([129, 768])
Position embedding resize to height:8 width: 16
Successfully load ckpt!
<All keys matched successfully>
Loading pretrained model from CLIP
camera number is : 8
using Transformer_type: ViT-B-16 as a backbone
Resized position embedding: %s to %s torch.Size([197, 768]) torch.Size([129, 768])
Position embedding resize to height:8 width: 16
Successfully load ckpt!
<All keys matched successfully>
Loading pretrained model from CLIP
camera number is : 8
using Transformer_type: ViT-B-16 as a backbone
Resized position embedding: %s to %s torch.Size([197, 768]) torch.Size([129, 768])
Position embedding resize to height:8 width: 16
Successfully load ckpt!
<All keys matched successfully>
Loading pretrained model from CLIP
camera number is : 8
COMMON_OUTLET_TENSOR_PASS {"status": "PASS_COMMON_OUTLET_TENSOR_CONTRACT", "checks": [{"pooling": "original_mean", "variant": "axis_shared", "retained": "R", "finite": true, "invalid_coordinates_zero": true, "unchanged_private": true}, {"pooling": "original_mean", "variant": "axis_shared", "retained": "N", "finite": true, "invalid_coordinates_zero": true, "unchanged_private": true}, {"pooling": "original_mean", "variant": "axis_shared", "retained": "T", "finite": true, "invalid_coordinates_zero": true, "unchanged_private": true}, {"pooling": "original_mean", "variant": "axis_shared", "retained": "RN", "finite": true, "invalid_coordinates_zero": true, "unchanged_private": true}, {"pooling": "original_mean", "variant": "axis_shared", "retained": "RT", "finite": true, "invalid_coordinates_zero": true, "unchanged_private": true}, {"pooling": "original_mean", "variant": "axis_shared", "retained": "NT", "finite": true, "invalid_coordinates_zero": true, "unchanged_private": true}, {"pooling": "original_mean", "variant": "axis_shared", "retained": "RNT", "finite": true, "invalid_coordinates_zero": true, "unchanged_private": true}, {"pooling": "original_mean", "variant": "frequency_shared", "retained": "R", "finite": true, "invalid_coordinates_zero": true, "unchanged_private": true}, {"pooling": "original_mean", "variant": "frequency_shared", "retained": "N", "finite": true, "invalid_coordinates_zero": true, "unchanged_private": true}, {"pooling": "original_mean", "variant": "frequency_shared", "retained": "T", "finite": true, "invalid_coordinates_zero": true, "unchanged_private": true}, {"pooling": "original_mean", "variant": "frequency_shared", "retained": "RN", "finite": true, "invalid_coordinates_zero": true, "unchanged_private": true}, {"pooling": "original_mean", "variant": "frequency_shared", "retained": "RT", "finite": true, "invalid_coordinates_zero": true, "unchanged_private": true}, {"pooling": "original_mean", "variant": "frequency_shared", "retained": "NT", "finite": true, "invalid_coordinates_zero": true, "unchanged_private": true}, {"pooling": "original_mean", "variant": "frequency_shared", "retained": "RNT", "finite": true, "invalid_coordinates_zero": true, "unchanged_private": true}, {"pooling": "original_mean", "variant": "twins_shared", "retained": "R", "finite": true, "invalid_coordinates_zero": true, "unchanged_private": true}, {"pooling": "original_mean", "variant": "twins_shared", "retained": "N", "finite": true, "invalid_coordinates_zero": true, "unchanged_private": true}, {"pooling": "original_mean", "variant": "twins_shared", "retained": "T", "finite": true, "invalid_coordinates_zero": true, "unchanged_private": true}, {"pooling": "original_mean", "variant": "twins_shared", "retained": "RN", "finite": true, "invalid_coordinates_zero": true, "unchanged_private": true}, {"pooling": "original_mean", "variant": "twins_shared", "retained": "RT", "finite": true, "invalid_coordinates_zero": true, "unchanged_private": true}, {"pooling": "original_mean", "variant": "twins_shared", "retained": "NT", "finite": true, "invalid_coordinates_zero": true, "unchanged_private": true}, {"pooling": "original_mean", "variant": "twins_shared", "retained": "RNT", "finite": true, "invalid_coordinates_zero": true, "unchanged_private": true}, {"pooling": "original_mean", "variant": "demo_shared", "retained": "R", "finite": true, "invalid_coordinates_zero": true, "unchanged_private": true}, {"pooling": "original_mean", "variant": "demo_shared", "retained": "N", "finite": true, "invalid_coordinates_zero": true, "unchanged_private": true}, {"pooling": "original_mean", "variant": "demo_shared", "retained": "T", "finite": true, "invalid_coordinates_zero": true, "unchanged_private": true}, {"pooling": "original_mean", "variant": "demo_shared", "retained": "RN", "finite": true, "invalid_coordinates_zero": true, "unchanged_private": true}, {"pooling": "original_mean", "variant": "demo_shared", "retained": "RT", "finite": true, "invalid_coordinates_zero": true, "unchanged_private": true}, {"pooling": "original_mean", "variant": "demo_shared", "retained": "NT", "finite": true, "invalid_coordinates_zero": true, "unchanged_private": true}, {"pooling": "original_mean", "variant": "demo_shared", "retained": "RNT", "finite": true, "invalid_coordinates_zero": true, "unchanged_private": true}, {"pooling": "eligible_mean", "variant": "axis_shared", "retained": "R", "finite": true, "invalid_coordinates_zero": true, "unchanged_private": true}, {"pooling": "eligible_mean", "variant": "axis_shared", "retained": "N", "finite": true, "invalid_coordinates_zero": true, "unchanged_private": true}, {"pooling": "eligible_mean", "variant": "axis_shared", "retained": "T", "finite": true, "invalid_coordinates_zero": true, "unchanged_private": true}, {"pooling": "eligible_mean", "variant": "axis_shared", "retained": "RN", "finite": true, "invalid_coordinates_zero": true, "unchanged_private": true}, {"pooling": "eligible_mean", "variant": "axis_shared", "retained": "RT", "finite": true, "invalid_coordinates_zero": true, "unchanged_private": true}, {"pooling": "eligible_mean", "variant": "axis_shared", "retained": "NT", "finite": true, "invalid_coordinates_zero": true, "unchanged_private": true}, {"pooling": "eligible_mean", "variant": "axis_shared", "retained": "RNT", "finite": true, "invalid_coordinates_zero": true, "unchanged_private": true}, {"pooling": "eligible_mean", "variant": "frequency_shared", "retained": "R", "finite": true, "invalid_coordinates_zero": true, "unchanged_private": true}, {"pooling": "eligible_mean", "variant": "frequency_shared", "retained": "N", "finite": true, "invalid_coordinates_zero": true, "unchanged_private": true}, {"pooling": "eligible_mean", "variant": "frequency_shared", "retained": "T", "finite": true, "invalid_coordinates_zero": true, "unchanged_private": true}, {"pooling": "eligible_mean", "variant": "frequency_shared", "retained": "RN", "finite": true, "invalid_coordinates_zero": true, "unchanged_private": true}, {"pooling": "eligible_mean", "variant": "frequency_shared", "retained": "RT", "finite": true, "invalid_coordinates_zero": true, "unchanged_private": true}, {"pooling": "eligible_mean", "variant": "frequency_shared", "retained": "NT", "finite": true, "invalid_coordinates_zero": true, "unchanged_private": true}, {"pooling": "eligible_mean", "variant": "frequency_shared", "retained": "RNT", "finite": true, "invalid_coordinates_zero": true, "unchanged_private": true}, {"pooling": "eligible_mean", "variant": "twins_shared", "retained": "R", "finite": true, "invalid_coordinates_zero": true, "unchanged_private": true}, {"pooling": "eligible_mean", "variant": "twins_shared", "retained": "N", "finite": true, "invalid_coordinates_zero": true, "unchanged_private": true}, {"pooling": "eligible_mean", "variant": "twins_shared", "retained": "T", "finite": true, "invalid_coordinates_zero": true, "unchanged_private": true}, {"pooling": "eligible_mean", "variant": "twins_shared", "retained": "RN", "finite": true, "invalid_coordinates_zero": true, "unchanged_private": true}, {"pooling": "eligible_mean", "variant": "twins_shared", "retained": "RT", "finite": true, "invalid_coordinates_zero": true, "unchanged_private": true}, {"pooling": "eligible_mean", "variant": "twins_shared", "retained": "NT", "finite": true, "invalid_coordinates_zero": true, "unchanged_private": true}, {"pooling": "eligible_mean", "variant": "twins_shared", "retained": "RNT", "finite": true, "invalid_coordinates_zero": true, "unchanged_private": true}, {"pooling": "seed_query", "variant": "axis_shared", "retained": "R", "finite": true, "invalid_coordinates_zero": true, "unchanged_private": true}, {"pooling": "seed_query", "variant": "axis_shared", "retained": "N", "finite": true, "invalid_coordinates_zero": true, "unchanged_private": true}, {"pooling": "seed_query", "variant": "axis_shared", "retained": "T", "finite": true, "invalid_coordinates_zero": true, "unchanged_private": true}, {"pooling": "seed_query", "variant": "axis_shared", "retained": "RN", "finite": true, "invalid_coordinates_zero": true, "unchanged_private": true}, {"pooling": "seed_query", "variant": "axis_shared", "retained": "RT", "finite": true, "invalid_coordinates_zero": true, "unchanged_private": true}, {"pooling": "seed_query", "variant": "axis_shared", "retained": "NT", "finite": true, "invalid_coordinates_zero": true, "unchanged_private": true}, {"pooling": "seed_query", "variant": "axis_shared", "retained": "RNT", "finite": true, "invalid_coordinates_zero": true, "unchanged_private": true}, {"pooling": "seed_query", "variant": "frequency_shared", "retained": "R", "finite": true, "invalid_coordinates_zero": true, "unchanged_private": true}, {"pooling": "seed_query", "variant": "frequency_shared", "retained": "N", "finite": true, "invalid_coordinates_zero": true, "unchanged_private": true}, {"pooling": "seed_query", "variant": "frequency_shared", "retained": "T", "finite": true, "invalid_coordinates_zero": true, "unchanged_private": true}, {"pooling": "seed_query", "variant": "frequency_shared", "retained": "RN", "finite": true, "invalid_coordinates_zero": true, "unchanged_private": true}, {"pooling": "seed_query", "variant": "frequency_shared", "retained": "RT", "finite": true, "invalid_coordinates_zero": true, "unchanged_private": true}, {"pooling": "seed_query", "variant": "frequency_shared", "retained": "NT", "finite": true, "invalid_coordinates_zero": true, "unchanged_private": true}, {"pooling": "seed_query", "variant": "frequency_shared", "retained": "RNT", "finite": true, "invalid_coordinates_zero": true, "unchanged_private": true}, {"pooling": "seed_query", "variant": "twins_shared", "retained": "R", "finite": true, "invalid_coordinates_zero": true, "unchanged_private": true}, {"pooling": "seed_query", "variant": "twins_shared", "retained": "N", "finite": true, "invalid_coordinates_zero": true, "unchanged_private": true}, {"pooling": "seed_query", "variant": "twins_shared", "retained": "T", "finite": true, "invalid_coordinates_zero": true, "unchanged_private": true}, {"pooling": "seed_query", "variant": "twins_shared", "retained": "RN", "finite": true, "invalid_coordinates_zero": true, "unchanged_private": true}, {"pooling": "seed_query", "variant": "twins_shared", "retained": "RT", "finite": true, "invalid_coordinates_zero": true, "unchanged_private": true}, {"pooling": "seed_query", "variant": "twins_shared", "retained": "NT", "finite": true, "invalid_coordinates_zero": true, "unchanged_private": true}, {"pooling": "seed_query", "variant": "twins_shared", "retained": "RNT", "finite": true, "invalid_coordinates_zero": true, "unchanged_private": true}], "parameter_counts": {"original_mean/axis_shared": {"parameters": 100263558, "trainable_parameters": 100251270}, "original_mean/frequency_shared": {"parameters": 100263558, "trainable_parameters": 100251270}, "original_mean/twins_shared": {"parameters": 100263558, "trainable_parameters": 100251270}, "original_mean/demo_shared": {"parameters": 99397120, "trainable_parameters": 99385856}, "eligible_mean/axis_shared": {"parameters": 100263558, "trainable_parameters": 100251270}, "eligible_mean/frequency_shared": {"parameters": 100263558, "trainable_parameters": 100251270}, "eligible_mean/twins_shared": {"parameters": 100263558, "trainable_parameters": 100251270}, "seed_query/axis_shared": {"parameters": 100263558, "trainable_parameters": 100251270}, "seed_query/frequency_shared": {"parameters": 100263558, "trainable_parameters": 100251270}, "seed_query/twins_shared": {"parameters": 100263558, "trainable_parameters": 100251270}}, "augmented_initial_states_exact": true, "shared_initial_state_exact": true, "active_shared_query": true, "seeded_readout_original_mean_parity": true, "local_query_rng_unchanged": true, "partial_gallery_detached": true, "optimizer_updates": 0, "official_test_uses": 0}
