/data/gaob/Re-ID/conda-envs/tri_reid/lib/python3.10/site-packages/timm/models/helpers.py:7: FutureWarning: Importing from timm.models.helpers is deprecated, please import via timm.models
  warnings.warn(f"Importing from {__name__} is deprecated, please import via timm.models", FutureWarning)
/data/gaob/Re-ID/conda-envs/tri_reid/lib/python3.10/site-packages/timm/models/registry.py:4: FutureWarning: Importing from timm.models.registry is deprecated, please import via timm.models
  warnings.warn(f"Importing from {__name__} is deprecated, please import via timm.models", FutureWarning)
/data/gaob/Re-ID/conda-envs/tri_reid/lib/python3.10/site-packages/timm/models/layers/__init__.py:48: FutureWarning: Importing from timm.models.layers is deprecated, please import via timm.layers
  warnings.warn(f"Importing from {__name__} is deprecated, please import via timm.layers", FutureWarning)
using Transformer_type: ViT-B-16 as a backbone
Resized position embedding: %s to %s torch.Size([197, 768]) torch.Size([129, 768])
Position embedding resize to height:8 width: 16
Successfully load ckpt!
<All keys matched successfully>
Loading pretrained model from CLIP
camera number is : 8
OFFICIAL_49 MSVR310 axis_shared q_RNT_g_RNT {"mAP": 47.9394026506869, "mINP": 24.477367671372104, "Rank-1": 65.98984771573603, "Rank-5": 80.03384094754654, "Rank-10": 84.77157360406092, "Rank-20": 90.86294416243655}
OFFICIAL_49 MSVR310 axis_shared q_RNT_g_R {"mAP": 41.15372746866564, "mINP": 20.352154509436986, "Rank-1": 56.683587140439926, "Rank-5": 75.1269035532995, "Rank-10": 81.55668358714044, "Rank-20": 87.47884940778341}
OFFICIAL_49 MSVR310 axis_shared q_RNT_g_N {"mAP": 34.93027305467874, "mINP": 15.183424578496188, "Rank-1": 51.09983079526227, "Rank-5": 73.77326565143824, "Rank-10": 81.21827411167513, "Rank-20": 88.49407783417935}
OFFICIAL_49 MSVR310 axis_shared q_RNT_g_T {"mAP": 14.680673153405909, "mINP": 4.382735463937807, "Rank-1": 21.658206429780034, "Rank-5": 46.192893401015226, "Rank-10": 57.868020304568525, "Rank-20": 68.35871404399323}
OFFICIAL_49 MSVR310 axis_shared q_RNT_g_RN {"mAP": 46.2172420472246, "mINP": 23.560525569418296, "Rank-1": 64.12859560067682, "Rank-5": 79.69543147208121, "Rank-10": 85.10998307952623, "Rank-20": 89.34010152284264}
OFFICIAL_49 MSVR310 axis_shared q_RNT_g_RT {"mAP": 45.3428183612887, "mINP": 22.341207491924553, "Rank-1": 60.74450084602368, "Rank-5": 77.66497461928934, "Rank-10": 82.91032148900169, "Rank-20": 88.3248730964467}
OFFICIAL_49 MSVR310 axis_shared q_RNT_g_NT {"mAP": 39.88270965748453, "mINP": 17.95533979345849, "Rank-1": 59.05245346869712, "Rank-5": 76.81895093062606, "Rank-10": 84.0947546531303, "Rank-20": 90.01692047377327}
OFFICIAL_49 MSVR310 axis_shared q_R_g_RNT {"mAP": 40.232348088341695, "mINP": 21.02032273897744, "Rank-1": 53.63790186125211, "Rank-5": 71.74280879864637, "Rank-10": 79.86463620981388, "Rank-20": 87.30964467005076}
OFFICIAL_49 MSVR310 axis_shared q_R_g_R {"mAP": 38.72061401484579, "mINP": 20.23016882453965, "Rank-1": 51.26903553299492, "Rank-5": 71.40439932318104, "Rank-10": 77.15736040609137, "Rank-20": 84.77157360406092}
OFFICIAL_49 MSVR310 axis_shared q_R_g_N {"mAP": 28.61649866391848, "mINP": 11.826679533839782, "Rank-1": 38.40947546531303, "Rank-5": 63.62098138747885, "Rank-10": 72.92724196277496, "Rank-20": 81.38747884940778}
OFFICIAL_49 MSVR310 axis_shared q_R_g_T {"mAP": 8.774670291868915, "mINP": 2.9771661603422905, "Rank-1": 10.152284263959391, "Rank-5": 29.272419627749578, "Rank-10": 40.4399323181049, "Rank-20": 51.09983079526227}
OFFICIAL_49 MSVR310 axis_shared q_R_g_RN {"mAP": 39.56846135476703, "mINP": 21.40120503771601, "Rank-1": 51.776649746192895, "Rank-5": 70.89678510998309, "Rank-10": 79.01861252115059, "Rank-20": 86.29441624365482}
OFFICIAL_49 MSVR310 axis_shared q_R_g_RT {"mAP": 39.35832185466623, "mINP": 20.15699347337643, "Rank-1": 52.28426395939086, "Rank-5": 71.40439932318104, "Rank-10": 77.66497461928934, "Rank-20": 86.29441624365482}
OFFICIAL_49 MSVR310 axis_shared q_R_g_NT {"mAP": 28.781593717217017, "mINP": 12.564878439795043, "Rank-1": 39.08629441624365, "Rank-5": 61.59052453468698, "Rank-10": 73.60406091370558, "Rank-20": 80.71065989847716}
OFFICIAL_49 MSVR310 axis_shared q_N_g_RNT {"mAP": 34.530364973797425, "mINP": 15.913483337871433, "Rank-1": 46.7005076142132, "Rank-5": 69.20473773265653, "Rank-10": 79.69543147208121, "Rank-20": 89.34010152284264}
OFFICIAL_49 MSVR310 axis_shared q_N_g_R {"mAP": 27.06450258835528, "mINP": 11.119777051034012, "Rank-1": 34.01015228426396, "Rank-5": 53.46869712351946, "Rank-10": 62.605752961082906, "Rank-20": 73.60406091370558}
OFFICIAL_49 MSVR310 axis_shared q_N_g_N {"mAP": 32.37570195745429, "mINP": 12.623726615724948, "Rank-1": 52.115059221658214, "Rank-5": 74.11167512690355, "Rank-10": 80.20304568527918, "Rank-20": 89.00169204737732}
OFFICIAL_49 MSVR310 axis_shared q_N_g_T {"mAP": 8.393729940066983, "mINP": 2.749688715258735, "Rank-1": 10.152284263959391, "Rank-5": 25.380710659898476, "Rank-10": 37.22504230118444, "Rank-20": 52.62267343485617}
OFFICIAL_49 MSVR310 axis_shared q_N_g_RN {"mAP": 32.87469482315269, "mINP": 15.242402578417243, "Rank-1": 46.02368866328257, "Rank-5": 67.68189509306261, "Rank-10": 78.1725888324873, "Rank-20": 87.9864636209814}
OFFICIAL_49 MSVR310 axis_shared q_N_g_RT {"mAP": 27.732855076801787, "mINP": 12.078013769885883, "Rank-1": 33.840947546531304, "Rank-5": 54.483925549915405, "Rank-10": 65.31302876480541, "Rank-20": 76.81895093062606}
OFFICIAL_49 MSVR310 axis_shared q_N_g_NT {"mAP": 34.17934052871106, "mINP": 14.66153676802214, "Rank-1": 51.438240270727576, "Rank-5": 74.11167512690355, "Rank-10": 81.21827411167513, "Rank-20": 90.01692047377327}
OFFICIAL_49 MSVR310 axis_shared q_T_g_RNT {"mAP": 15.095450808226671, "mINP": 5.911136750180357, "Rank-1": 19.796954314720814, "Rank-5": 38.578680203045685, "Rank-10": 51.26903553299492, "Rank-20": 61.082910321489}
OFFICIAL_49 MSVR310 axis_shared q_T_g_R {"mAP": 9.537449440777303, "mINP": 4.381340698167432, "Rank-1": 8.629441624365482, "Rank-5": 23.181049069373945, "Rank-10": 34.179357021996616, "Rank-20": 45.008460236886634}
OFFICIAL_49 MSVR310 axis_shared q_T_g_N {"mAP": 9.437961323950146, "mINP": 3.9482184785931893, "Rank-1": 10.152284263959391, "Rank-5": 26.22673434856176, "Rank-10": 36.209813874788495, "Rank-20": 47.88494077834179}
OFFICIAL_49 MSVR310 axis_shared q_T_g_T {"mAP": 13.720900225694654, "mINP": 3.21739786406995, "Rank-1": 27.749576988155667, "Rank-5": 43.65482233502538, "Rank-10": 54.314720812182735, "Rank-20": 65.14382402707277}
OFFICIAL_49 MSVR310 axis_shared q_T_g_RN {"mAP": 10.906191918134938, "mINP": 4.927305601469933, "Rank-1": 10.490693739424705, "Rank-5": 26.057529610829107, "Rank-10": 37.7326565143824, "Rank-20": 48.05414551607445}
OFFICIAL_49 MSVR310 axis_shared q_T_g_RT {"mAP": 15.418407581607957, "mINP": 5.115718328418198, "Rank-1": 23.181049069373945, "Rank-5": 42.63959390862944, "Rank-10": 54.483925549915405, "Rank-20": 65.31302876480541}
OFFICIAL_49 MSVR310 axis_shared q_T_g_NT {"mAP": 15.608482846657765, "mINP": 4.969450425719801, "Rank-1": 25.719120135363788, "Rank-5": 44.33164128595601, "Rank-10": 53.97631133671743, "Rank-20": 64.63620981387479}
OFFICIAL_49 MSVR310 axis_shared q_RN_g_RNT {"mAP": 46.176435052572, "mINP": 23.307862499505887, "Rank-1": 62.944162436548226, "Rank-5": 78.84940778341793, "Rank-10": 84.0947546531303, "Rank-20": 90.35532994923858}
OFFICIAL_49 MSVR310 axis_shared q_RN_g_R {"mAP": 41.06339108499243, "mINP": 21.058330249609565, "Rank-1": 56.51438240270728, "Rank-5": 73.77326565143824, "Rank-10": 80.8798646362098, "Rank-20": 87.64805414551607}
OFFICIAL_49 MSVR310 axis_shared q_RN_g_N {"mAP": 34.54691286486832, "mINP": 14.524966714169363, "Rank-1": 51.945854483925544, "Rank-5": 73.77326565143824, "Rank-10": 81.21827411167513, "Rank-20": 89.00169204737732}
OFFICIAL_49 MSVR310 axis_shared q_RN_g_T {"mAP": 9.676081343077456, "mINP": 3.0441391395090394, "Rank-1": 12.351945854483926, "Rank-5": 32.656514382402705, "Rank-10": 44.50084602368866, "Rank-20": 57.52961082910322}
OFFICIAL_49 MSVR310 axis_shared q_RN_g_RN {"mAP": 46.1402916213314, "mINP": 23.698526012175797, "Rank-1": 63.113367174280874, "Rank-5": 79.01861252115059, "Rank-10": 84.77157360406092, "Rank-20": 90.18612521150592}
OFFICIAL_49 MSVR310 axis_shared q_RN_g_RT {"mAP": 42.37867357686246, "mINP": 21.509895266912572, "Rank-1": 56.34517766497462, "Rank-5": 74.11167512690355, "Rank-10": 81.7258883248731, "Rank-20": 87.30964467005076}
OFFICIAL_49 MSVR310 axis_shared q_RN_g_NT {"mAP": 36.14199157359197, "mINP": 15.500119301155154, "Rank-1": 54.82233502538071, "Rank-5": 74.2808798646362, "Rank-10": 82.06429780033841, "Rank-20": 88.49407783417935}
OFFICIAL_49 MSVR310 axis_shared q_RT_g_RNT {"mAP": 44.706479142705916, "mINP": 22.95352780461944, "Rank-1": 59.729272419627755, "Rank-5": 77.15736040609137, "Rank-10": 82.91032148900169, "Rank-20": 88.3248730964467}
OFFICIAL_49 MSVR310 axis_shared q_RT_g_R {"mAP": 40.09188833841584, "mINP": 20.739653468235975, "Rank-1": 54.314720812182735, "Rank-5": 72.41962774957699, "Rank-10": 79.01861252115059, "Rank-20": 86.12521150592217}
OFFICIAL_49 MSVR310 axis_shared q_RT_g_N {"mAP": 29.59816670590549, "mINP": 12.64589045772274, "Rank-1": 39.08629441624365, "Rank-5": 68.18950930626058, "Rank-10": 76.48054145516075, "Rank-20": 85.27918781725889}
OFFICIAL_49 MSVR310 axis_shared q_RT_g_T {"mAP": 15.774670056382822, "mINP": 4.24160941035955, "Rank-1": 26.39593908629442, "Rank-5": 49.746192893401016, "Rank-10": 56.852791878172596, "Rank-20": 68.52791878172589}
OFFICIAL_49 MSVR310 axis_shared q_RT_g_RN {"mAP": 42.034532271742364, "mINP": 22.65363744672939, "Rank-1": 54.145516074450086, "Rank-5": 73.43485617597293, "Rank-10": 81.89509306260575, "Rank-20": 87.47884940778341}
OFFICIAL_49 MSVR310 axis_shared q_RT_g_RT {"mAP": 44.29601513915428, "mINP": 22.5713839254872, "Rank-1": 57.868020304568525, "Rank-5": 76.98815566835871, "Rank-10": 82.23350253807106, "Rank-20": 87.9864636209814}
OFFICIAL_49 MSVR310 axis_shared q_RT_g_NT {"mAP": 32.1926661377898, "mINP": 12.67177944624308, "Rank-1": 46.86971235194585, "Rank-5": 70.55837563451777, "Rank-10": 78.34179357021996, "Rank-20": 84.94077834179356}
OFFICIAL_49 MSVR310 axis_shared q_NT_g_RNT {"mAP": 38.664464770795895, "mINP": 18.40847780391167, "Rank-1": 52.62267343485617, "Rank-5": 73.77326565143824, "Rank-10": 81.89509306260575, "Rank-20": 89.5093062605753}
OFFICIAL_49 MSVR310 axis_shared q_NT_g_R {"mAP": 27.98074064837958, "mINP": 11.542316845498664, "Rank-1": 36.88663282571912, "Rank-5": 58.03722504230119, "Rank-10": 66.15905245346869, "Rank-20": 73.26565143824027}
OFFICIAL_49 MSVR310 axis_shared q_NT_g_N {"mAP": 34.07852372806058, "mINP": 14.140062668977885, "Rank-1": 53.63790186125211, "Rank-5": 73.9424703891709, "Rank-10": 81.21827411167513, "Rank-20": 89.84771573604061}
OFFICIAL_49 MSVR310 axis_shared q_NT_g_T {"mAP": 15.593095707787242, "mINP": 4.062088697344682, "Rank-1": 26.22673434856176, "Rank-5": 49.23857868020304, "Rank-10": 58.71404399323181, "Rank-20": 68.18950930626058}
OFFICIAL_49 MSVR310 axis_shared q_NT_g_RN {"mAP": 34.958855204793785, "mINP": 16.193424620427642, "Rank-1": 48.73096446700508, "Rank-5": 70.05076142131979, "Rank-10": 79.52622673434855, "Rank-20": 88.66328257191202}
OFFICIAL_49 MSVR310 axis_shared q_NT_g_RT {"mAP": 30.72742295030834, "mINP": 12.430497515343172, "Rank-1": 41.62436548223351, "Rank-5": 66.15905245346869, "Rank-10": 75.63451776649747, "Rank-20": 83.24873096446701}
OFFICIAL_49 MSVR310 axis_shared q_NT_g_NT {"mAP": 39.36462327125601, "mINP": 17.592517630154603, "Rank-1": 57.52961082910322, "Rank-5": 76.98815566835871, "Rank-10": 84.26395939086294, "Rank-20": 90.35532994923858}
