/data/gaob/Re-ID/conda-envs/tri_reid/lib/python3.10/site-packages/timm/models/helpers.py:7: FutureWarning: Importing from timm.models.helpers is deprecated, please import via timm.models
  warnings.warn(f"Importing from {__name__} is deprecated, please import via timm.models", FutureWarning)
/data/gaob/Re-ID/conda-envs/tri_reid/lib/python3.10/site-packages/timm/models/registry.py:4: FutureWarning: Importing from timm.models.registry is deprecated, please import via timm.models
  warnings.warn(f"Importing from {__name__} is deprecated, please import via timm.models", FutureWarning)
/data/gaob/Re-ID/conda-envs/tri_reid/lib/python3.10/site-packages/timm/models/layers/__init__.py:48: FutureWarning: Importing from timm.models.layers is deprecated, please import via timm.layers
  warnings.warn(f"Importing from {__name__} is deprecated, please import via timm.layers", FutureWarning)
using Transformer_type: ViT-B-16 as a backbone
Resized position embedding: %s to %s torch.Size([197, 768]) torch.Size([129, 768])
Position embedding resize to height:8 width: 16
Successfully load ckpt!
<All keys matched successfully>
Loading pretrained model from CLIP
camera number is : 8
OFFICIAL_49 MSVR310 demo_shared q_RNT_g_RNT {"mAP": 46.9795968298586, "mINP": 24.048294068091856, "Rank-1": 63.95939086294417, "Rank-5": 79.86463620981388, "Rank-10": 84.4331641285956, "Rank-20": 89.34010152284264}
OFFICIAL_49 MSVR310 demo_shared q_RNT_g_R {"mAP": 40.181539290134836, "mINP": 20.58356643805879, "Rank-1": 55.32994923857868, "Rank-5": 73.26565143824027, "Rank-10": 81.89509306260575, "Rank-20": 86.46362098138748}
OFFICIAL_49 MSVR310 demo_shared q_RNT_g_N {"mAP": 33.46588497195723, "mINP": 14.441339862709585, "Rank-1": 50.592216582064296, "Rank-5": 72.92724196277496, "Rank-10": 80.8798646362098, "Rank-20": 87.47884940778341}
OFFICIAL_49 MSVR310 demo_shared q_RNT_g_T {"mAP": 14.132169465502448, "mINP": 4.6965131863686915, "Rank-1": 21.489001692047378, "Rank-5": 42.63959390862944, "Rank-10": 52.79187817258884, "Rank-20": 65.31302876480541}
OFFICIAL_49 MSVR310 demo_shared q_RNT_g_RN {"mAP": 44.91690408254149, "mINP": 22.757935952479485, "Rank-1": 61.42131979695431, "Rank-5": 78.68020304568529, "Rank-10": 84.0947546531303, "Rank-20": 89.17089678510999}
OFFICIAL_49 MSVR310 demo_shared q_RNT_g_RT {"mAP": 44.353784365532675, "mINP": 22.426627802877945, "Rank-1": 59.22165820642979, "Rank-5": 78.00338409475465, "Rank-10": 82.23350253807106, "Rank-20": 86.97123519458545}
OFFICIAL_49 MSVR310 demo_shared q_RNT_g_NT {"mAP": 38.58965181902943, "mINP": 17.534214935868135, "Rank-1": 55.668358714044, "Rank-5": 75.97292724196278, "Rank-10": 82.91032148900169, "Rank-20": 88.66328257191202}
OFFICIAL_49 MSVR310 demo_shared q_R_g_RNT {"mAP": 38.69448043119929, "mINP": 20.428114147661056, "Rank-1": 49.57698815566836, "Rank-5": 70.89678510998309, "Rank-10": 79.01861252115059, "Rank-20": 84.4331641285956}
OFFICIAL_49 MSVR310 demo_shared q_R_g_R {"mAP": 37.81467048412389, "mINP": 19.145570917017224, "Rank-1": 53.299492385786806, "Rank-5": 69.37394247038917, "Rank-10": 76.14213197969542, "Rank-20": 82.40270727580372}
OFFICIAL_49 MSVR310 demo_shared q_R_g_N {"mAP": 26.627464269669314, "mINP": 11.45328584943128, "Rank-1": 36.209813874788495, "Rank-5": 60.74450084602368, "Rank-10": 70.55837563451777, "Rank-20": 79.18781725888326}
OFFICIAL_49 MSVR310 demo_shared q_R_g_T {"mAP": 7.799125441982703, "mINP": 2.9471711699498817, "Rank-1": 7.7834179357022, "Rank-5": 23.011844331641285, "Rank-10": 33.67174280879864, "Rank-20": 45.854483925549914}
OFFICIAL_49 MSVR310 demo_shared q_R_g_RN {"mAP": 38.26380936429285, "mINP": 20.41205804848259, "Rank-1": 52.115059221658214, "Rank-5": 69.37394247038917, "Rank-10": 77.834179357022, "Rank-20": 83.75634517766497}
OFFICIAL_49 MSVR310 demo_shared q_R_g_RT {"mAP": 38.059189725997086, "mINP": 18.953070219972528, "Rank-1": 49.91539763113367, "Rank-5": 68.8663282571912, "Rank-10": 78.00338409475465, "Rank-20": 83.92554991539764}
OFFICIAL_49 MSVR310 demo_shared q_R_g_NT {"mAP": 27.248037809165567, "mINP": 12.568215333671775, "Rank-1": 36.04060913705584, "Rank-5": 60.236886632825716, "Rank-10": 71.2351945854484, "Rank-20": 78.84940778341793}
OFFICIAL_49 MSVR310 demo_shared q_N_g_RNT {"mAP": 35.33300323103488, "mINP": 15.833674189852646, "Rank-1": 51.945854483925544, "Rank-5": 71.06598984771574, "Rank-10": 78.68020304568529, "Rank-20": 86.63282571912013}
OFFICIAL_49 MSVR310 demo_shared q_N_g_R {"mAP": 26.361308519424618, "mINP": 11.050467080249614, "Rank-1": 35.19458544839256, "Rank-5": 56.852791878172596, "Rank-10": 64.80541455160744, "Rank-20": 73.26565143824027}
OFFICIAL_49 MSVR310 demo_shared q_N_g_N {"mAP": 31.73514691924299, "mINP": 11.69915338054208, "Rank-1": 51.26903553299492, "Rank-5": 72.08121827411168, "Rank-10": 81.7258883248731, "Rank-20": 88.3248730964467}
OFFICIAL_49 MSVR310 demo_shared q_N_g_T {"mAP": 8.28628247788658, "mINP": 3.0597254881524116, "Rank-1": 8.79864636209814, "Rank-5": 24.027072758037225, "Rank-10": 36.88663282571912, "Rank-20": 48.90016920473773}
OFFICIAL_49 MSVR310 demo_shared q_N_g_RN {"mAP": 33.54619849224794, "mINP": 14.693253289298275, "Rank-1": 49.746192893401016, "Rank-5": 70.89678510998309, "Rank-10": 79.01861252115059, "Rank-20": 86.46362098138748}
OFFICIAL_49 MSVR310 demo_shared q_N_g_RT {"mAP": 27.392532961770456, "mINP": 12.492475009868231, "Rank-1": 34.85617597292725, "Rank-5": 57.021996615905245, "Rank-10": 67.85109983079526, "Rank-20": 75.80372250423012}
OFFICIAL_49 MSVR310 demo_shared q_N_g_NT {"mAP": 33.441074232363555, "mINP": 13.875496317747594, "Rank-1": 51.09983079526227, "Rank-5": 72.92724196277496, "Rank-10": 81.7258883248731, "Rank-20": 88.49407783417935}
OFFICIAL_49 MSVR310 demo_shared q_T_g_RNT {"mAP": 14.838712632179876, "mINP": 5.882833898064414, "Rank-1": 18.61252115059222, "Rank-5": 40.27072758037225, "Rank-10": 51.776649746192895, "Rank-20": 63.113367174280874}
OFFICIAL_49 MSVR310 demo_shared q_T_g_R {"mAP": 8.860460375654677, "mINP": 3.816324771362474, "Rank-1": 9.137055837563452, "Rank-5": 19.289340101522843, "Rank-10": 27.411167512690355, "Rank-20": 40.4399323181049}
OFFICIAL_49 MSVR310 demo_shared q_T_g_N {"mAP": 8.770636804453497, "mINP": 3.7451205341321834, "Rank-1": 9.983079526226735, "Rank-5": 23.519458544839257, "Rank-10": 32.99492385786802, "Rank-20": 47.03891708967851}
OFFICIAL_49 MSVR310 demo_shared q_T_g_T {"mAP": 12.26629165465031, "mINP": 2.8431221157872812, "Rank-1": 23.85786802030457, "Rank-5": 41.793570219966156, "Rank-10": 52.62267343485617, "Rank-20": 63.62098138747885}
OFFICIAL_49 MSVR310 demo_shared q_T_g_RN {"mAP": 9.776219350513706, "mINP": 4.4197944745167055, "Rank-1": 10.829103214890017, "Rank-5": 23.3502538071066, "Rank-10": 32.31810490693739, "Rank-20": 45.008460236886634}
OFFICIAL_49 MSVR310 demo_shared q_T_g_RT {"mAP": 14.697328353751304, "mINP": 4.799702964791078, "Rank-1": 22.504230118443317, "Rank-5": 43.824027072758035, "Rank-10": 52.96108291032149, "Rank-20": 64.12859560067682}
OFFICIAL_49 MSVR310 demo_shared q_T_g_NT {"mAP": 14.148328316575212, "mINP": 4.489518647390416, "Rank-1": 22.504230118443317, "Rank-5": 43.65482233502538, "Rank-10": 54.82233502538071, "Rank-20": 64.80541455160744}
OFFICIAL_49 MSVR310 demo_shared q_RN_g_RNT {"mAP": 44.431626709681424, "mINP": 22.118219296196866, "Rank-1": 61.25211505922166, "Rank-5": 78.1725888324873, "Rank-10": 84.60236886632826, "Rank-20": 89.00169204737732}
OFFICIAL_49 MSVR310 demo_shared q_RN_g_R {"mAP": 40.140285582676704, "mINP": 20.819118363318747, "Rank-1": 55.83756345177665, "Rank-5": 72.92724196277496, "Rank-10": 79.69543147208121, "Rank-20": 85.95600676818951}
OFFICIAL_49 MSVR310 demo_shared q_RN_g_N {"mAP": 33.17133866892034, "mINP": 13.634617519365172, "Rank-1": 51.438240270727576, "Rank-5": 73.9424703891709, "Rank-10": 81.04906937394247, "Rank-20": 87.30964467005076}
OFFICIAL_49 MSVR310 demo_shared q_RN_g_T {"mAP": 8.94533274115075, "mINP": 3.353934093464353, "Rank-1": 10.998307952622675, "Rank-5": 26.39593908629442, "Rank-10": 37.39424703891709, "Rank-20": 50.25380710659898}
OFFICIAL_49 MSVR310 demo_shared q_RN_g_RN {"mAP": 44.42562486499649, "mINP": 22.273803968174683, "Rank-1": 62.098138747884946, "Rank-5": 78.51099830795262, "Rank-10": 84.77157360406092, "Rank-20": 89.5093062605753}
OFFICIAL_49 MSVR310 demo_shared q_RN_g_RT {"mAP": 41.2659114548208, "mINP": 20.927567705688325, "Rank-1": 54.99153976311336, "Rank-5": 74.61928934010153, "Rank-10": 80.37225042301185, "Rank-20": 86.46362098138748}
OFFICIAL_49 MSVR310 demo_shared q_RN_g_NT {"mAP": 34.705159519887, "mINP": 14.992851178306987, "Rank-1": 53.46869712351946, "Rank-5": 74.11167512690355, "Rank-10": 82.06429780033841, "Rank-20": 87.30964467005076}
OFFICIAL_49 MSVR310 demo_shared q_RT_g_RNT {"mAP": 43.48673172646595, "mINP": 22.881324156957955, "Rank-1": 58.206429780033844, "Rank-5": 75.29610829103216, "Rank-10": 80.8798646362098, "Rank-20": 85.95600676818951}
OFFICIAL_49 MSVR310 demo_shared q_RT_g_R {"mAP": 39.30765836217167, "mINP": 20.466150507315632, "Rank-1": 53.299492385786806, "Rank-5": 71.06598984771574, "Rank-10": 79.01861252115059, "Rank-20": 84.77157360406092}
OFFICIAL_49 MSVR310 demo_shared q_RT_g_N {"mAP": 27.735123104993743, "mINP": 12.105021240931594, "Rank-1": 38.578680203045685, "Rank-5": 64.12859560067682, "Rank-10": 73.26565143824027, "Rank-20": 81.7258883248731}
OFFICIAL_49 MSVR310 demo_shared q_RT_g_T {"mAP": 14.78308610596877, "mINP": 4.276677292232025, "Rank-1": 25.211505922165824, "Rank-5": 47.20812182741117, "Rank-10": 55.32994923857868, "Rank-20": 65.31302876480541}
OFFICIAL_49 MSVR310 demo_shared q_RT_g_RN {"mAP": 41.06246155095254, "mINP": 21.498412779233707, "Rank-1": 56.0067681895093, "Rank-5": 73.9424703891709, "Rank-10": 79.69543147208121, "Rank-20": 85.27918781725889}
OFFICIAL_49 MSVR310 demo_shared q_RT_g_RT {"mAP": 43.16928423872745, "mINP": 22.37505397681525, "Rank-1": 57.360406091370564, "Rank-5": 75.1269035532995, "Rank-10": 80.37225042301185, "Rank-20": 85.95600676818951}
OFFICIAL_49 MSVR310 demo_shared q_RT_g_NT {"mAP": 30.970222146462895, "mINP": 12.655084736195011, "Rank-1": 48.73096446700508, "Rank-5": 68.18950930626058, "Rank-10": 75.97292724196278, "Rank-20": 82.57191201353638}
OFFICIAL_49 MSVR310 demo_shared q_NT_g_RNT {"mAP": 39.08886119134152, "mINP": 18.30752856306731, "Rank-1": 56.51438240270728, "Rank-5": 74.2808798646362, "Rank-10": 80.20304568527918, "Rank-20": 87.30964467005076}
OFFICIAL_49 MSVR310 demo_shared q_NT_g_R {"mAP": 27.38923259697553, "mINP": 11.432865850784886, "Rank-1": 36.209813874788495, "Rank-5": 57.360406091370564, "Rank-10": 66.32825719120136, "Rank-20": 74.2808798646362}
OFFICIAL_49 MSVR310 demo_shared q_NT_g_N {"mAP": 33.16923710619577, "mINP": 13.480416041852877, "Rank-1": 51.945854483925544, "Rank-5": 74.78849407783417, "Rank-10": 81.89509306260575, "Rank-20": 88.3248730964467}
OFFICIAL_49 MSVR310 demo_shared q_NT_g_T {"mAP": 14.99754084970381, "mINP": 4.301919404665312, "Rank-1": 25.211505922165824, "Rank-5": 46.36209813874789, "Rank-10": 56.683587140439926, "Rank-20": 67.34348561759728}
OFFICIAL_49 MSVR310 demo_shared q_NT_g_RN {"mAP": 34.87869142873954, "mINP": 15.847216830892794, "Rank-1": 49.57698815566836, "Rank-5": 72.41962774957699, "Rank-10": 78.68020304568529, "Rank-20": 85.6175972927242}
OFFICIAL_49 MSVR310 demo_shared q_NT_g_RT {"mAP": 30.56202155941028, "mINP": 13.318229070376852, "Rank-1": 43.31641285956007, "Rank-5": 64.80541455160744, "Rank-10": 74.45008460236888, "Rank-20": 81.7258883248731}
OFFICIAL_49 MSVR310 demo_shared q_NT_g_NT {"mAP": 38.824799708470884, "mINP": 16.805800452460275, "Rank-1": 58.206429780033844, "Rank-5": 76.31133671742809, "Rank-10": 82.40270727580372, "Rank-20": 88.15566835871405}
