/data/gaob/Re-ID/conda-envs/tri_reid/lib/python3.10/site-packages/timm/models/helpers.py:7: FutureWarning: Importing from timm.models.helpers is deprecated, please import via timm.models
  warnings.warn(f"Importing from {__name__} is deprecated, please import via timm.models", FutureWarning)
/data/gaob/Re-ID/conda-envs/tri_reid/lib/python3.10/site-packages/timm/models/registry.py:4: FutureWarning: Importing from timm.models.registry is deprecated, please import via timm.models
  warnings.warn(f"Importing from {__name__} is deprecated, please import via timm.models", FutureWarning)
/data/gaob/Re-ID/conda-envs/tri_reid/lib/python3.10/site-packages/timm/models/layers/__init__.py:48: FutureWarning: Importing from timm.models.layers is deprecated, please import via timm.layers
  warnings.warn(f"Importing from {__name__} is deprecated, please import via timm.layers", FutureWarning)
using Transformer_type: ViT-B-16 as a backbone
Resized position embedding: %s to %s torch.Size([197, 768]) torch.Size([129, 768])
Position embedding resize to height:8 width: 16
Successfully load ckpt!
<All keys matched successfully>
Loading pretrained model from CLIP
camera number is : 8
===========Building DeMo===========
DEVELOPMENT_MISSING_CONDITION q_RNT_g_RNT {"mAP": 88.65372164553196, "mINP": 69.4223183130912, "Rank-1": 95.776, "Rank-5": 96.576, "Rank-10": 97.344, "Rank-20": 98.752}
DEVELOPMENT_MISSING_CONDITION q_RNT_g_NT {"mAP": 84.19669866926957, "mINP": 54.2921527423181, "Rank-1": 95.904, "Rank-5": 96.608, "Rank-10": 97.024, "Rank-20": 98.08}
DEVELOPMENT_MISSING_CONDITION q_RNT_g_RT {"mAP": 88.02501491962691, "mINP": 64.12680897663469, "Rank-1": 96.736, "Rank-5": 97.21600000000001, "Rank-10": 97.408, "Rank-20": 98.14399999999999}
DEVELOPMENT_MISSING_CONDITION q_RNT_g_RN {"mAP": 78.38248803331128, "mINP": 53.24970259486474, "Rank-1": 89.75999999999999, "Rank-5": 90.56, "Rank-10": 90.976, "Rank-20": 92.128}
DEVELOPMENT_MISSING_CONDITION q_RNT_g_T {"mAP": 53.293751945724296, "mINP": 24.954332914480716, "Rank-1": 73.47200000000001, "Rank-5": 78.24, "Rank-10": 80.352, "Rank-20": 84.096}
DEVELOPMENT_MISSING_CONDITION q_RNT_g_N {"mAP": 68.81076337213683, "mINP": 42.544674856812506, "Rank-1": 85.792, "Rank-5": 86.688, "Rank-10": 87.072, "Rank-20": 88.064}
DEVELOPMENT_MISSING_CONDITION q_RNT_g_R {"mAP": 76.13060360678406, "mINP": 54.28964319427171, "Rank-1": 86.24000000000001, "Rank-5": 87.968, "Rank-10": 89.024, "Rank-20": 91.67999999999999}
DEVELOPMENT_MISSING_CONDITION q_NT_g_RNT {"mAP": 78.92699662240513, "mINP": 50.67445659660594, "Rank-1": 91.616, "Rank-5": 93.472, "Rank-10": 94.75200000000001, "Rank-20": 96.192}
DEVELOPMENT_MISSING_CONDITION q_NT_g_NT {"mAP": 84.2868915140157, "mINP": 54.595422335433966, "Rank-1": 95.52000000000001, "Rank-5": 96.544, "Rank-10": 96.896, "Rank-20": 98.016}
DEVELOPMENT_MISSING_CONDITION q_NT_g_RT {"mAP": 42.20697249650595, "mINP": 22.188834847565477, "Rank-1": 50.176, "Rank-5": 54.944, "Rank-10": 57.152, "Rank-20": 61.312}
DEVELOPMENT_MISSING_CONDITION q_NT_g_RN {"mAP": 56.73607420912364, "mINP": 38.503130296301855, "Rank-1": 62.944, "Rank-5": 68.73599999999999, "Rank-10": 71.104, "Rank-20": 75.936}
DEVELOPMENT_MISSING_CONDITION q_NT_g_T {"mAP": 53.844288876359414, "mINP": 25.402185085067057, "Rank-1": 74.528, "Rank-5": 78.304, "Rank-10": 80.47999999999999, "Rank-20": 85.056}
DEVELOPMENT_MISSING_CONDITION q_NT_g_N {"mAP": 69.53984910824872, "mINP": 42.122812793456426, "Rank-1": 86.656, "Rank-5": 87.68, "Rank-10": 88.032, "Rank-20": 88.864}
DEVELOPMENT_MISSING_CONDITION q_NT_g_R {"mAP": 10.173593964256753, "mINP": 10.958453978192736, "Rank-1": 5.6000000000000005, "Rank-5": 5.6000000000000005, "Rank-10": 5.6000000000000005, "Rank-20": 6.4}
DEVELOPMENT_MISSING_CONDITION q_RT_g_RNT {"mAP": 84.22609326589095, "mINP": 59.30600965427685, "Rank-1": 94.176, "Rank-5": 96.352, "Rank-10": 97.11999999999999, "Rank-20": 98.944}
DEVELOPMENT_MISSING_CONDITION q_RT_g_NT {"mAP": 40.184022791009184, "mINP": 19.955136391982137, "Rank-1": 48.288, "Rank-5": 52.64, "Rank-10": 55.36, "Rank-20": 60.544}
DEVELOPMENT_MISSING_CONDITION q_RT_g_RT {"mAP": 87.71887802436747, "mINP": 62.887392786400135, "Rank-1": 96.416, "Rank-5": 96.832, "Rank-10": 97.344, "Rank-20": 97.98400000000001}
DEVELOPMENT_MISSING_CONDITION q_RT_g_RN {"mAP": 69.36227237640958, "mINP": 48.186996828526794, "Rank-1": 77.824, "Rank-5": 82.016, "Rank-10": 84.64, "Rank-20": 88.992}
DEVELOPMENT_MISSING_CONDITION q_RT_g_T {"mAP": 53.628286450093576, "mINP": 25.274206831930208, "Rank-1": 74.4, "Rank-5": 78.78399999999999, "Rank-10": 80.64, "Rank-20": 84.032}
DEVELOPMENT_MISSING_CONDITION q_RT_g_N {"mAP": 10.070601744317438, "mINP": 10.65123954547251, "Rank-1": 5.6000000000000005, "Rank-5": 5.6000000000000005, "Rank-10": 5.664000000000001, "Rank-20": 6.4}
DEVELOPMENT_MISSING_CONDITION q_RT_g_R {"mAP": 76.41632832846278, "mINP": 54.01313160852288, "Rank-1": 86.624, "Rank-5": 88.64, "Rank-10": 91.2, "Rank-20": 93.152}
DEVELOPMENT_MISSING_CONDITION q_RN_g_RNT {"mAP": 74.68183852585345, "mINP": 50.592025342486956, "Rank-1": 86.24000000000001, "Rank-5": 88.256, "Rank-10": 89.152, "Rank-20": 90.688}
DEVELOPMENT_MISSING_CONDITION q_RN_g_NT {"mAP": 56.499414502866394, "mINP": 35.84859934501417, "Rank-1": 66.144, "Rank-5": 69.824, "Rank-10": 73.184, "Rank-20": 77.60000000000001}
DEVELOPMENT_MISSING_CONDITION q_RN_g_RT {"mAP": 64.8633496010687, "mINP": 47.472036524369805, "Rank-1": 70.75200000000001, "Rank-5": 76.992, "Rank-10": 81.024, "Rank-20": 85.47200000000001}
DEVELOPMENT_MISSING_CONDITION q_RN_g_RN {"mAP": 78.25555757838514, "mINP": 53.09209947679435, "Rank-1": 90.432, "Rank-5": 90.976, "Rank-10": 91.392, "Rank-20": 92.352}
DEVELOPMENT_MISSING_CONDITION q_RN_g_T {"mAP": 9.150465057810692, "mINP": 7.108948839250118, "Rank-1": 7.424, "Rank-5": 11.328000000000001, "Rank-10": 12.0, "Rank-20": 12.0}
DEVELOPMENT_MISSING_CONDITION q_RN_g_N {"mAP": 68.92128989319902, "mINP": 42.46875036116423, "Rank-1": 85.056, "Rank-5": 86.816, "Rank-10": 87.29599999999999, "Rank-20": 88.416}
DEVELOPMENT_MISSING_CONDITION q_RN_g_R {"mAP": 76.19932204890944, "mINP": 53.974866650695816, "Rank-1": 86.336, "Rank-5": 88.70400000000001, "Rank-10": 90.656, "Rank-20": 92.608}
DEVELOPMENT_MISSING_CONDITION q_T_g_RNT {"mAP": 30.698226778017467, "mINP": 17.25052877951443, "Rank-1": 30.752000000000002, "Rank-5": 35.296, "Rank-10": 37.632, "Rank-20": 41.28}
DEVELOPMENT_MISSING_CONDITION q_T_g_NT {"mAP": 40.17629699040424, "mINP": 20.248353368759766, "Rank-1": 47.616, "Rank-5": 52.70399999999999, "Rank-10": 56.928, "Rank-20": 61.824}
DEVELOPMENT_MISSING_CONDITION q_T_g_RT {"mAP": 42.026863591873855, "mINP": 22.36007021177526, "Rank-1": 49.28, "Rank-5": 53.984, "Rank-10": 56.51199999999999, "Rank-20": 60.64000000000001}
DEVELOPMENT_MISSING_CONDITION q_T_g_RN {"mAP": 10.329524427010268, "mINP": 11.82895399106943, "Rank-1": 4.0, "Rank-5": 9.6, "Rank-10": 9.6, "Rank-20": 9.6}
DEVELOPMENT_MISSING_CONDITION q_T_g_T {"mAP": 53.60004475702572, "mINP": 25.242707428373556, "Rank-1": 73.536, "Rank-5": 77.568, "Rank-10": 80.47999999999999, "Rank-20": 84.86399999999999}
DEVELOPMENT_MISSING_CONDITION q_T_g_N {"mAP": 9.655030625460919, "mINP": 9.83958487388591, "Rank-1": 5.6000000000000005, "Rank-5": 5.6000000000000005, "Rank-10": 5.792, "Rank-20": 9.248000000000001}
DEVELOPMENT_MISSING_CONDITION q_T_g_R {"mAP": 9.773333156235188, "mINP": 10.679863294812995, "Rank-1": 5.6000000000000005, "Rank-5": 5.6000000000000005, "Rank-10": 5.6000000000000005, "Rank-20": 6.4}
DEVELOPMENT_MISSING_CONDITION q_N_g_RNT {"mAP": 46.883339376108935, "mINP": 32.96095041599729, "Rank-1": 47.36, "Rank-5": 52.896, "Rank-10": 56.288000000000004, "Rank-20": 61.216}
DEVELOPMENT_MISSING_CONDITION q_N_g_NT {"mAP": 57.92201971397636, "mINP": 35.91675837525658, "Rank-1": 67.52, "Rank-5": 72.224, "Rank-10": 75.264, "Rank-20": 79.808}
DEVELOPMENT_MISSING_CONDITION q_N_g_RT {"mAP": 11.686023223351306, "mINP": 10.952992946840364, "Rank-1": 6.4, "Rank-5": 6.4, "Rank-10": 6.4, "Rank-20": 6.4}
DEVELOPMENT_MISSING_CONDITION q_N_g_RN {"mAP": 56.1652581846245, "mINP": 38.22923385141815, "Rank-1": 61.72800000000001, "Rank-5": 68.448, "Rank-10": 70.784, "Rank-20": 74.848}
DEVELOPMENT_MISSING_CONDITION q_N_g_T {"mAP": 9.129482292707209, "mINP": 7.093467542815457, "Rank-1": 6.4, "Rank-5": 6.4, "Rank-10": 8.32, "Rank-20": 12.0}
DEVELOPMENT_MISSING_CONDITION q_N_g_N {"mAP": 69.33223836484342, "mINP": 41.9981155181147, "Rank-1": 85.344, "Rank-5": 87.2, "Rank-10": 88.032, "Rank-20": 88.928}
DEVELOPMENT_MISSING_CONDITION q_N_g_R {"mAP": 10.420147927339736, "mINP": 11.180212357091825, "Rank-1": 5.6000000000000005, "Rank-5": 5.6000000000000005, "Rank-10": 5.6000000000000005, "Rank-20": 6.4}
DEVELOPMENT_MISSING_CONDITION q_R_g_RNT {"mAP": 57.60812009818235, "mINP": 41.39320938465927, "Rank-1": 59.136, "Rank-5": 64.96, "Rank-10": 67.168, "Rank-20": 71.936}
DEVELOPMENT_MISSING_CONDITION q_R_g_NT {"mAP": 9.683659785877612, "mINP": 8.607945243432287, "Rank-1": 7.199999999999999, "Rank-5": 8.288, "Rank-10": 10.4, "Rank-20": 12.479999999999999}
DEVELOPMENT_MISSING_CONDITION q_R_g_RT {"mAP": 64.65544609401898, "mINP": 46.92693111750668, "Rank-1": 71.2, "Rank-5": 79.52, "Rank-10": 82.368, "Rank-20": 86.592}
DEVELOPMENT_MISSING_CONDITION q_R_g_RN {"mAP": 67.93015917131541, "mINP": 46.62523683072312, "Rank-1": 74.24, "Rank-5": 80.192, "Rank-10": 83.2, "Rank-20": 89.632}
DEVELOPMENT_MISSING_CONDITION q_R_g_T {"mAP": 8.947085973048681, "mINP": 6.784829667791624, "Rank-1": 6.4, "Rank-5": 6.4, "Rank-10": 6.4, "Rank-20": 7.167999999999999}
DEVELOPMENT_MISSING_CONDITION q_R_g_N {"mAP": 10.138338749317251, "mINP": 10.57408328074937, "Rank-1": 5.6000000000000005, "Rank-5": 6.4, "Rank-10": 6.4, "Rank-20": 6.4}
DEVELOPMENT_MISSING_CONDITION q_R_g_R {"mAP": 76.47974302173799, "mINP": 53.40521394184918, "Rank-1": 88.0, "Rank-5": 90.944, "Rank-10": 92.64, "Rank-20": 93.728}
