/data2/gb/Re-ID/conda-envs/tri_reid/lib/python3.10/site-packages/timm/models/helpers.py:7: FutureWarning: Importing from timm.models.helpers is deprecated, please import via timm.models
  warnings.warn(f"Importing from {__name__} is deprecated, please import via timm.models", FutureWarning)
/data2/gb/Re-ID/conda-envs/tri_reid/lib/python3.10/site-packages/timm/models/registry.py:4: FutureWarning: Importing from timm.models.registry is deprecated, please import via timm.models
  warnings.warn(f"Importing from {__name__} is deprecated, please import via timm.models", FutureWarning)
/data2/gb/Re-ID/conda-envs/tri_reid/lib/python3.10/site-packages/timm/models/layers/__init__.py:48: FutureWarning: Importing from timm.models.layers is deprecated, please import via timm.layers
  warnings.warn(f"Importing from {__name__} is deprecated, please import via timm.layers", FutureWarning)
using Transformer_type: ViT-B-16 as a backbone
Resized position embedding: %s to %s torch.Size([197, 768]) torch.Size([129, 768])
Position embedding resize to height:16 width: 8
Successfully load ckpt!
<All keys matched successfully>
Loading pretrained model from CLIP
camera number is : 4
MISSING_CONDITION clean {"mAP": 45.61274523123643, "mINP": 34.05007389919233, "Rank-1": 45.69377990430622, "Rank-5": 57.29665071770334, "Rank-10": 65.19138755980862, "Rank-20": 72.84688995215312}
MISSING_CONDITION both_missing_r {"mAP": 36.528967836998916, "mINP": 25.50407896063216, "Rank-1": 38.27751196172249, "Rank-5": 48.803827751196174, "Rank-10": 56.81818181818182, "Rank-20": 67.70334928229666}
MISSING_CONDITION query_missing_r {"mAP": 33.24708297185467, "mINP": 23.43161856900147, "Rank-1": 34.569377990430624, "Rank-5": 47.72727272727273, "Rank-10": 54.665071770334926, "Rank-20": 65.78947368421053}
MISSING_CONDITION both_missing_n {"mAP": 34.38753413565982, "mINP": 26.248345008079056, "Rank-1": 32.535885167464116, "Rank-5": 44.13875598086124, "Rank-10": 51.794258373205736, "Rank-20": 61.961722488038276}
MISSING_CONDITION query_missing_n {"mAP": 33.2314043369442, "mINP": 26.507344790047526, "Rank-1": 27.990430622009573, "Rank-5": 41.62679425837321, "Rank-10": 50.358851674641144, "Rank-20": 58.49282296650718}
MISSING_CONDITION both_missing_t {"mAP": 31.99270348667282, "mINP": 22.66462370712038, "Rank-1": 30.741626794258377, "Rank-5": 41.14832535885167, "Rank-10": 49.641148325358856, "Rank-20": 60.526315789473685}
MISSING_CONDITION query_missing_t {"mAP": 26.80609024428073, "mINP": 18.966514462196532, "Rank-1": 24.16267942583732, "Rank-5": 38.15789473684211, "Rank-10": 45.09569377990431, "Rank-20": 55.980861244019145}
MISSING_CONDITION both_missing_rn {"mAP": 21.026604691322834, "mINP": 13.98633305015312, "Rank-1": 17.464114832535884, "Rank-5": 31.9377990430622, "Rank-10": 39.354066985645936, "Rank-20": 50.358851674641144}
MISSING_CONDITION query_missing_rn {"mAP": 17.433260570521842, "mINP": 12.4160249629643, "Rank-1": 12.55980861244019, "Rank-5": 24.760765550239235, "Rank-10": 34.688995215311, "Rank-20": 45.57416267942584}
MISSING_CONDITION both_missing_rt {"mAP": 17.742693778605094, "mINP": 13.254533287994223, "Rank-1": 12.440191387559809, "Rank-5": 27.51196172248804, "Rank-10": 40.311004784689, "Rank-20": 57.17703349282297}
MISSING_CONDITION query_missing_rt {"mAP": 13.45463590178645, "mINP": 10.911466092990956, "Rank-1": 8.253588516746412, "Rank-5": 13.875598086124402, "Rank-10": 21.052631578947366, "Rank-20": 33.49282296650718}
MISSING_CONDITION both_missing_nt {"mAP": 20.853339063871605, "mINP": 14.14827337091612, "Rank-1": 21.291866028708135, "Rank-5": 31.220095693779903, "Rank-10": 37.67942583732057, "Rank-20": 45.334928229665074}
MISSING_CONDITION query_missing_nt {"mAP": 15.586892356339257, "mINP": 11.324308755999466, "Rank-1": 12.320574162679426, "Rank-5": 21.650717703349283, "Rank-10": 29.1866028708134, "Rank-20": 43.42105263157895}
