/data/gb/Re-ID/conda-envs/tri_reid/lib/python3.10/site-packages/timm/models/helpers.py:7: FutureWarning: Importing from timm.models.helpers is deprecated, please import via timm.models
  warnings.warn(f"Importing from {__name__} is deprecated, please import via timm.models", FutureWarning)
/data/gb/Re-ID/conda-envs/tri_reid/lib/python3.10/site-packages/timm/models/registry.py:4: FutureWarning: Importing from timm.models.registry is deprecated, please import via timm.models
  warnings.warn(f"Importing from {__name__} is deprecated, please import via timm.models", FutureWarning)
/data/gb/Re-ID/conda-envs/tri_reid/lib/python3.10/site-packages/timm/models/layers/__init__.py:48: FutureWarning: Importing from timm.models.layers is deprecated, please import via timm.layers
  warnings.warn(f"Importing from {__name__} is deprecated, please import via timm.layers", FutureWarning)
using Transformer_type: ViT-B-16 as a backbone
Resized position embedding: %s to %s torch.Size([197, 768]) torch.Size([129, 768])
Position embedding resize to height:8 width: 16
Successfully load ckpt!
<All keys matched successfully>
Loading pretrained model from CLIP
camera number is : 8
===========Building DeMo===========
DEVELOPMENT_MISSING_CONDITION q_RNT_g_RNT {"mAP": 88.65372164553196, "mINP": 69.4223183130912, "Rank-1": 95.776, "Rank-5": 96.576, "Rank-10": 97.344, "Rank-20": 98.752}
DEVELOPMENT_MISSING_CONDITION q_RNT_g_NT {"mAP": 84.19666470262803, "mINP": 54.29208172011312, "Rank-1": 95.904, "Rank-5": 96.608, "Rank-10": 97.024, "Rank-20": 98.08}
DEVELOPMENT_MISSING_CONDITION q_RNT_g_RT {"mAP": 88.02502025469688, "mINP": 64.12680897663469, "Rank-1": 96.736, "Rank-5": 97.21600000000001, "Rank-10": 97.408, "Rank-20": 98.14399999999999}
DEVELOPMENT_MISSING_CONDITION q_RNT_g_RN {"mAP": 78.38247606657123, "mINP": 53.24970259486474, "Rank-1": 89.75999999999999, "Rank-5": 90.56, "Rank-10": 90.976, "Rank-20": 92.128}
DEVELOPMENT_MISSING_CONDITION q_RNT_g_T {"mAP": 53.29375365718069, "mINP": 24.954340094757427, "Rank-1": 73.47200000000001, "Rank-5": 78.24, "Rank-10": 80.352, "Rank-20": 84.096}
DEVELOPMENT_MISSING_CONDITION q_RNT_g_N {"mAP": 68.81079329971061, "mINP": 42.544650670923254, "Rank-1": 85.792, "Rank-5": 86.688, "Rank-10": 87.072, "Rank-20": 88.064}
DEVELOPMENT_MISSING_CONDITION q_RNT_g_R {"mAP": 76.13061368846736, "mINP": 54.28973033752901, "Rank-1": 86.24000000000001, "Rank-5": 87.968, "Rank-10": 89.024, "Rank-20": 91.67999999999999}
DEVELOPMENT_MISSING_CONDITION q_NT_g_RNT {"mAP": 78.92702322516824, "mINP": 50.67444185980876, "Rank-1": 91.616, "Rank-5": 93.472, "Rank-10": 94.75200000000001, "Rank-20": 96.192}
DEVELOPMENT_MISSING_CONDITION q_NT_g_NT {"mAP": 84.286907353113, "mINP": 54.595422335433966, "Rank-1": 95.52000000000001, "Rank-5": 96.544, "Rank-10": 96.896, "Rank-20": 98.016}
DEVELOPMENT_MISSING_CONDITION q_NT_g_RT {"mAP": 42.20698056516181, "mINP": 22.188900106515035, "Rank-1": 50.176, "Rank-5": 54.944, "Rank-10": 57.152, "Rank-20": 61.312}
DEVELOPMENT_MISSING_CONDITION q_NT_g_RN {"mAP": 56.73604881911528, "mINP": 38.503164770593884, "Rank-1": 62.944, "Rank-5": 68.73599999999999, "Rank-10": 71.104, "Rank-20": 75.936}
DEVELOPMENT_MISSING_CONDITION q_NT_g_T {"mAP": 53.844236033692596, "mINP": 25.402187068662137, "Rank-1": 74.528, "Rank-5": 78.304, "Rank-10": 80.47999999999999, "Rank-20": 85.056}
DEVELOPMENT_MISSING_CONDITION q_NT_g_N {"mAP": 69.53987803950628, "mINP": 42.12277163325062, "Rank-1": 86.656, "Rank-5": 87.68, "Rank-10": 88.032, "Rank-20": 88.864}
DEVELOPMENT_MISSING_CONDITION q_NT_g_R {"mAP": 10.173598338195818, "mINP": 10.958511661081461, "Rank-1": 5.6000000000000005, "Rank-5": 5.6000000000000005, "Rank-10": 5.6000000000000005, "Rank-20": 6.4}
DEVELOPMENT_MISSING_CONDITION q_RT_g_RNT {"mAP": 84.22609069839554, "mINP": 59.30600684586476, "Rank-1": 94.176, "Rank-5": 96.352, "Rank-10": 97.11999999999999, "Rank-20": 98.944}
DEVELOPMENT_MISSING_CONDITION q_RT_g_NT {"mAP": 40.18400657864864, "mINP": 19.955139186155954, "Rank-1": 48.288, "Rank-5": 52.64, "Rank-10": 55.36, "Rank-20": 60.544}
DEVELOPMENT_MISSING_CONDITION q_RT_g_RT {"mAP": 87.71887671879047, "mINP": 62.88746818689076, "Rank-1": 96.416, "Rank-5": 96.832, "Rank-10": 97.344, "Rank-20": 97.98400000000001}
DEVELOPMENT_MISSING_CONDITION q_RT_g_RN {"mAP": 69.3622805293187, "mINP": 48.1870105901489, "Rank-1": 77.824, "Rank-5": 82.016, "Rank-10": 84.64, "Rank-20": 88.992}
DEVELOPMENT_MISSING_CONDITION q_RT_g_T {"mAP": 53.6282673901955, "mINP": 25.274301722144553, "Rank-1": 74.4, "Rank-5": 78.78399999999999, "Rank-10": 80.64, "Rank-20": 84.032}
DEVELOPMENT_MISSING_CONDITION q_RT_g_N {"mAP": 10.070601157440102, "mINP": 10.651240608846624, "Rank-1": 5.6000000000000005, "Rank-5": 5.6000000000000005, "Rank-10": 5.664000000000001, "Rank-20": 6.4}
DEVELOPMENT_MISSING_CONDITION q_RT_g_R {"mAP": 76.4163034725985, "mINP": 54.01310673621553, "Rank-1": 86.624, "Rank-5": 88.64, "Rank-10": 91.2, "Rank-20": 93.152}
DEVELOPMENT_MISSING_CONDITION q_RN_g_RNT {"mAP": 74.68183796291477, "mINP": 50.59200719816354, "Rank-1": 86.24000000000001, "Rank-5": 88.256, "Rank-10": 89.152, "Rank-20": 90.688}
DEVELOPMENT_MISSING_CONDITION q_RN_g_NT {"mAP": 56.4994300656557, "mINP": 35.84849498917811, "Rank-1": 66.144, "Rank-5": 69.824, "Rank-10": 73.184, "Rank-20": 77.60000000000001}
DEVELOPMENT_MISSING_CONDITION q_RN_g_RT {"mAP": 64.86335131823535, "mINP": 47.47203890488647, "Rank-1": 70.75200000000001, "Rank-5": 76.992, "Rank-10": 81.024, "Rank-20": 85.47200000000001}
DEVELOPMENT_MISSING_CONDITION q_RN_g_RN {"mAP": 78.25555120186593, "mINP": 53.09211071541219, "Rank-1": 90.432, "Rank-5": 90.976, "Rank-10": 91.392, "Rank-20": 92.352}
DEVELOPMENT_MISSING_CONDITION q_RN_g_T {"mAP": 9.15046440060002, "mINP": 7.108960516153771, "Rank-1": 7.424, "Rank-5": 11.328000000000001, "Rank-10": 12.0, "Rank-20": 12.0}
DEVELOPMENT_MISSING_CONDITION q_RN_g_N {"mAP": 68.921304337408, "mINP": 42.468915475069096, "Rank-1": 85.056, "Rank-5": 86.816, "Rank-10": 87.29599999999999, "Rank-20": 88.416}
DEVELOPMENT_MISSING_CONDITION q_RN_g_R {"mAP": 76.19936798944042, "mINP": 53.974765494741995, "Rank-1": 86.336, "Rank-5": 88.70400000000001, "Rank-10": 90.656, "Rank-20": 92.608}
DEVELOPMENT_MISSING_CONDITION q_T_g_RNT {"mAP": 30.69821642715939, "mINP": 17.250526193103877, "Rank-1": 30.752000000000002, "Rank-5": 35.296, "Rank-10": 37.632, "Rank-20": 41.28}
DEVELOPMENT_MISSING_CONDITION q_T_g_NT {"mAP": 40.17628960961716, "mINP": 20.248339490310087, "Rank-1": 47.616, "Rank-5": 52.70399999999999, "Rank-10": 56.928, "Rank-20": 61.824}
DEVELOPMENT_MISSING_CONDITION q_T_g_RT {"mAP": 42.02682021497915, "mINP": 22.360109659142072, "Rank-1": 49.28, "Rank-5": 53.984, "Rank-10": 56.51199999999999, "Rank-20": 60.64000000000001}
DEVELOPMENT_MISSING_CONDITION q_T_g_RN {"mAP": 10.329534940809502, "mINP": 11.828953022852142, "Rank-1": 4.0, "Rank-5": 9.6, "Rank-10": 9.6, "Rank-20": 9.6}
DEVELOPMENT_MISSING_CONDITION q_T_g_T {"mAP": 53.60002806446688, "mINP": 25.242696786870393, "Rank-1": 73.536, "Rank-5": 77.568, "Rank-10": 80.47999999999999, "Rank-20": 84.86399999999999}
DEVELOPMENT_MISSING_CONDITION q_T_g_N {"mAP": 9.655029132025891, "mINP": 9.83958808143924, "Rank-1": 5.6000000000000005, "Rank-5": 5.6000000000000005, "Rank-10": 5.792, "Rank-20": 9.248000000000001}
DEVELOPMENT_MISSING_CONDITION q_T_g_R {"mAP": 9.773332794549777, "mINP": 10.679928884158599, "Rank-1": 5.6000000000000005, "Rank-5": 5.6000000000000005, "Rank-10": 5.6000000000000005, "Rank-20": 6.4}
DEVELOPMENT_MISSING_CONDITION q_N_g_RNT {"mAP": 46.88336253677953, "mINP": 32.9610035870838, "Rank-1": 47.36, "Rank-5": 52.896, "Rank-10": 56.288000000000004, "Rank-20": 61.216}
DEVELOPMENT_MISSING_CONDITION q_N_g_NT {"mAP": 57.922014893479655, "mINP": 35.916762665750795, "Rank-1": 67.52, "Rank-5": 72.224, "Rank-10": 75.264, "Rank-20": 79.808}
DEVELOPMENT_MISSING_CONDITION q_N_g_RT {"mAP": 11.686023306537432, "mINP": 10.952993857065838, "Rank-1": 6.4, "Rank-5": 6.4, "Rank-10": 6.4, "Rank-20": 6.4}
DEVELOPMENT_MISSING_CONDITION q_N_g_RN {"mAP": 56.1652400447603, "mINP": 38.22920619269264, "Rank-1": 61.72800000000001, "Rank-5": 68.448, "Rank-10": 70.784, "Rank-20": 74.848}
DEVELOPMENT_MISSING_CONDITION q_N_g_T {"mAP": 9.1294867211031, "mINP": 7.093467445381879, "Rank-1": 6.4, "Rank-5": 6.4, "Rank-10": 8.32, "Rank-20": 12.0}
DEVELOPMENT_MISSING_CONDITION q_N_g_N {"mAP": 69.3322145841633, "mINP": 41.998157048647116, "Rank-1": 85.344, "Rank-5": 87.2, "Rank-10": 88.032, "Rank-20": 88.928}
DEVELOPMENT_MISSING_CONDITION q_N_g_R {"mAP": 10.42014671418253, "mINP": 11.180218478673124, "Rank-1": 5.6000000000000005, "Rank-5": 5.6000000000000005, "Rank-10": 5.6000000000000005, "Rank-20": 6.4}
DEVELOPMENT_MISSING_CONDITION q_R_g_RNT {"mAP": 57.60812338587349, "mINP": 41.39321054303431, "Rank-1": 59.136, "Rank-5": 64.96, "Rank-10": 67.168, "Rank-20": 71.936}
DEVELOPMENT_MISSING_CONDITION q_R_g_NT {"mAP": 9.683656251101194, "mINP": 8.607944493055127, "Rank-1": 7.199999999999999, "Rank-5": 8.288, "Rank-10": 10.4, "Rank-20": 12.479999999999999}
DEVELOPMENT_MISSING_CONDITION q_R_g_RT {"mAP": 64.6554246628194, "mINP": 46.92693111750668, "Rank-1": 71.2, "Rank-5": 79.52, "Rank-10": 82.368, "Rank-20": 86.592}
DEVELOPMENT_MISSING_CONDITION q_R_g_RN {"mAP": 67.93019712301518, "mINP": 46.62527884060289, "Rank-1": 74.24, "Rank-5": 80.192, "Rank-10": 83.2, "Rank-20": 89.632}
DEVELOPMENT_MISSING_CONDITION q_R_g_T {"mAP": 8.947089016187897, "mINP": 6.784832239532291, "Rank-1": 6.4, "Rank-5": 6.4, "Rank-10": 6.4, "Rank-20": 7.167999999999999}
DEVELOPMENT_MISSING_CONDITION q_R_g_N {"mAP": 10.138333689416196, "mINP": 10.574026494169855, "Rank-1": 5.6000000000000005, "Rank-5": 6.4, "Rank-10": 6.4, "Rank-20": 6.4}
DEVELOPMENT_MISSING_CONDITION q_R_g_R {"mAP": 76.47974827591493, "mINP": 53.40533982034441, "Rank-1": 88.0, "Rank-5": 90.944, "Rank-10": 92.64, "Rank-20": 93.728}
