/data/gaob/Re-ID/conda-envs/tri_reid/lib/python3.10/site-packages/timm/models/helpers.py:7: FutureWarning: Importing from timm.models.helpers is deprecated, please import via timm.models
  warnings.warn(f"Importing from {__name__} is deprecated, please import via timm.models", FutureWarning)
/data/gaob/Re-ID/conda-envs/tri_reid/lib/python3.10/site-packages/timm/models/registry.py:4: FutureWarning: Importing from timm.models.registry is deprecated, please import via timm.models
  warnings.warn(f"Importing from {__name__} is deprecated, please import via timm.models", FutureWarning)
/data/gaob/Re-ID/conda-envs/tri_reid/lib/python3.10/site-packages/timm/models/layers/__init__.py:48: FutureWarning: Importing from timm.models.layers is deprecated, please import via timm.layers
  warnings.warn(f"Importing from {__name__} is deprecated, please import via timm.layers", FutureWarning)
using Transformer_type: ViT-B-16 as a backbone
Resized position embedding: %s to %s torch.Size([197, 768]) torch.Size([129, 768])
Position embedding resize to height:8 width: 16
Successfully load ckpt!
<All keys matched successfully>
Loading pretrained model from CLIP
camera number is : 8
===========Building DeMo===========
MISSING_CONDITION clean {"mAP": 37.676860975101704, "mINP": 16.058947560809095, "Rank-1": 54.82233502538071, "Rank-5": 73.9424703891709, "Rank-10": 79.69543147208121, "Rank-20": 83.92554991539764}
MISSING_CONDITION both_missing_r {"mAP": 26.514046549105984, "mINP": 9.07277928881332, "Rank-1": 43.9932318104907, "Rank-5": 64.63620981387479, "Rank-10": 73.9424703891709, "Rank-20": 81.55668358714044}
MISSING_CONDITION query_missing_r {"mAP": 14.883214219166947, "mINP": 5.439922032519096, "Rank-1": 15.736040609137056, "Rank-5": 35.36379018612521, "Rank-10": 45.854483925549914, "Rank-20": 57.360406091370564}
MISSING_CONDITION both_missing_n {"mAP": 31.44856078838125, "mINP": 11.602251764359375, "Rank-1": 46.86971235194585, "Rank-5": 69.54314720812182, "Rank-10": 75.97292724196278, "Rank-20": 81.38747884940778}
MISSING_CONDITION query_missing_n {"mAP": 21.713509390150826, "mINP": 8.656529247488413, "Rank-1": 28.08798646362098, "Rank-5": 53.299492385786806, "Rank-10": 62.43654822335025, "Rank-20": 73.9424703891709}
MISSING_CONDITION both_missing_t {"mAP": 35.94354468404269, "mINP": 15.513454419176565, "Rank-1": 53.299492385786806, "Rank-5": 71.2351945854484, "Rank-10": 78.68020304568529, "Rank-20": 84.4331641285956}
MISSING_CONDITION query_missing_t {"mAP": 35.2957486589887, "mINP": 13.316489105317913, "Rank-1": 52.115059221658214, "Rank-5": 72.7580372250423, "Rank-10": 78.84940778341793, "Rank-20": 84.94077834179356}
MISSING_CONDITION both_missing_rn {"mAP": 6.645045448627096, "mINP": 1.8258757551107043, "Rank-1": 14.720812182741117, "Rank-5": 29.610829103214893, "Rank-10": 38.578680203045685, "Rank-20": 48.223350253807105}
MISSING_CONDITION query_missing_rn {"mAP": 3.604489665859166, "mINP": 2.065759345270456, "Rank-1": 1.5228426395939088, "Rank-5": 3.2148900169204735, "Rank-10": 9.983079526226735, "Rank-20": 20.812182741116754}
MISSING_CONDITION both_missing_rt {"mAP": 23.11636513283176, "mINP": 7.444404081711305, "Rank-1": 38.917089678511, "Rank-5": 62.098138747884946, "Rank-10": 70.89678510998309, "Rank-20": 80.03384094754654}
MISSING_CONDITION query_missing_rt {"mAP": 11.179519552533458, "mINP": 4.9009994944552275, "Rank-1": 9.983079526226735, "Rank-5": 22.165820642978005, "Rank-10": 34.686971235194584, "Rank-20": 50.42301184433165}
MISSING_CONDITION both_missing_nt {"mAP": 30.94798756301696, "mINP": 12.13083374924191, "Rank-1": 46.7005076142132, "Rank-5": 66.15905245346869, "Rank-10": 74.78849407783417, "Rank-20": 80.03384094754654}
MISSING_CONDITION query_missing_nt {"mAP": 16.940567159934112, "mINP": 6.593993510651278, "Rank-1": 20.642978003384094, "Rank-5": 44.67005076142132, "Rank-10": 56.34517766497462, "Rank-20": 65.31302876480541}
