/data2/gb/Re-ID/conda-envs/tri_reid/lib/python3.10/site-packages/timm/models/helpers.py:7: FutureWarning: Importing from timm.models.helpers is deprecated, please import via timm.models
  warnings.warn(f"Importing from {__name__} is deprecated, please import via timm.models", FutureWarning)
/data2/gb/Re-ID/conda-envs/tri_reid/lib/python3.10/site-packages/timm/models/registry.py:4: FutureWarning: Importing from timm.models.registry is deprecated, please import via timm.models
  warnings.warn(f"Importing from {__name__} is deprecated, please import via timm.models", FutureWarning)
/data2/gb/Re-ID/conda-envs/tri_reid/lib/python3.10/site-packages/timm/models/layers/__init__.py:48: FutureWarning: Importing from timm.models.layers is deprecated, please import via timm.layers
  warnings.warn(f"Importing from {__name__} is deprecated, please import via timm.layers", FutureWarning)
using Transformer_type: ViT-B-16 as a backbone
Resized position embedding: %s to %s torch.Size([197, 768]) torch.Size([129, 768])
Position embedding resize to height:16 width: 8
Successfully load ckpt!
<All keys matched successfully>
Loading pretrained model from CLIP
camera number is : 4
STRESS_CONDITION clean {"mAP": 42.390658273538016, "mINP": 31.284294359030635, "Rank-1": 41.74641148325359, "Rank-5": 55.86124401913876, "Rank-10": 63.75598086124402, "Rank-20": 71.5311004784689}
STRESS_CONDITION RGB_blur_sigma1p5 {"mAP": 41.69420661823825, "mINP": 31.953822408277688, "Rank-1": 42.22488038277512, "Rank-5": 54.78468899521531, "Rank-10": 62.20095693779905, "Rank-20": 70.69377990430623}
STRESS_CONDITION RGB_blur_sigma3 {"mAP": 39.250560770612594, "mINP": 30.767528001274215, "Rank-1": 38.995215311004785, "Rank-5": 50.0, "Rank-10": 57.535885167464116, "Rank-20": 68.0622009569378}
STRESS_CONDITION NI_blur_sigma1p5 {"mAP": 41.47862535413709, "mINP": 31.259279987022943, "Rank-1": 41.26794258373206, "Rank-5": 54.186602870813395, "Rank-10": 61.961722488038276, "Rank-20": 69.85645933014354}
STRESS_CONDITION NI_blur_sigma3 {"mAP": 39.69476702635609, "mINP": 30.357764906744723, "Rank-1": 37.79904306220095, "Rank-5": 51.196172248803826, "Rank-10": 58.3732057416268, "Rank-20": 67.46411483253588}
STRESS_CONDITION TI_blur_sigma1p5 {"mAP": 39.9919473637367, "mINP": 29.964532302403285, "Rank-1": 40.19138755980861, "Rank-5": 53.110047846889955, "Rank-10": 62.08133971291866, "Rank-20": 69.61722488038278}
STRESS_CONDITION TI_blur_sigma3 {"mAP": 37.838341062820206, "mINP": 28.83596824763593, "Rank-1": 36.36363636363637, "Rank-5": 49.52153110047847, "Rank-10": 59.09090909090909, "Rank-20": 67.22488038277513}
