/data/gaob/Re-ID/conda-envs/tri_reid/lib/python3.10/site-packages/timm/models/helpers.py:7: FutureWarning: Importing from timm.models.helpers is deprecated, please import via timm.models
  warnings.warn(f"Importing from {__name__} is deprecated, please import via timm.models", FutureWarning)
/data/gaob/Re-ID/conda-envs/tri_reid/lib/python3.10/site-packages/timm/models/registry.py:4: FutureWarning: Importing from timm.models.registry is deprecated, please import via timm.models
  warnings.warn(f"Importing from {__name__} is deprecated, please import via timm.models", FutureWarning)
/data/gaob/Re-ID/conda-envs/tri_reid/lib/python3.10/site-packages/timm/models/layers/__init__.py:48: FutureWarning: Importing from timm.models.layers is deprecated, please import via timm.layers
  warnings.warn(f"Importing from {__name__} is deprecated, please import via timm.layers", FutureWarning)
using Transformer_type: ViT-B-16 as a backbone
Resized position embedding: %s to %s torch.Size([197, 768]) torch.Size([129, 768])
Position embedding resize to height:8 width: 16
Successfully load ckpt!
<All keys matched successfully>
Loading pretrained model from CLIP
camera number is : 8
using soft triplet loss for training
label smooth on, numclasses: 103
EPOCH {"epoch": 1, "steps": 10, "loss": 13.76761589050293, "seconds": 13.757132768630981, "mAP": 24.170442905625407, "Rank-1": 41.42857142857143, "Rank-5": 56.19047619047619, "Rank-10": 63.8095238095238} BEST {"mAP": 24.170442905625407, "Rank-1": 41.42857142857143, "Rank-5": 56.19047619047619, "Rank-10": 63.8095238095238, "query_count": 210, "gallery_count": 360, "descriptor_dim": 5632, "epoch": 1}
EPOCH {"epoch": 2, "steps": 19, "loss": 11.7916136847602, "seconds": 11.017513036727905, "mAP": 23.686647387443443, "Rank-1": 32.38095238095238, "Rank-5": 50.476190476190474, "Rank-10": 56.666666666666664} BEST {"mAP": 24.170442905625407, "Rank-1": 41.42857142857143, "Rank-5": 56.19047619047619, "Rank-10": 63.8095238095238, "query_count": 210, "gallery_count": 360, "descriptor_dim": 5632, "epoch": 1}
EPOCH {"epoch": 3, "steps": 28, "loss": 11.570227834913466, "seconds": 11.336621761322021, "mAP": 23.682537347995527, "Rank-1": 30.0, "Rank-5": 50.476190476190474, "Rank-10": 57.61904761904761} BEST {"mAP": 24.170442905625407, "Rank-1": 41.42857142857143, "Rank-5": 56.19047619047619, "Rank-10": 63.8095238095238, "query_count": 210, "gallery_count": 360, "descriptor_dim": 5632, "epoch": 1}
EPOCH {"epoch": 4, "steps": 37, "loss": 11.27458381652832, "seconds": 11.415786504745483, "mAP": 26.356489486699548, "Rank-1": 34.285714285714285, "Rank-5": 52.85714285714286, "Rank-10": 61.904761904761905} BEST {"mAP": 26.356489486699548, "Rank-1": 34.285714285714285, "Rank-5": 52.85714285714286, "Rank-10": 61.904761904761905, "query_count": 210, "gallery_count": 360, "descriptor_dim": 5632, "epoch": 4}
EPOCH {"epoch": 5, "steps": 46, "loss": 10.88286961449517, "seconds": 11.801997184753418, "mAP": 28.68095386843163, "Rank-1": 39.523809523809526, "Rank-5": 56.666666666666664, "Rank-10": 62.38095238095238} BEST {"mAP": 28.68095386843163, "Rank-1": 39.523809523809526, "Rank-5": 56.666666666666664, "Rank-10": 62.38095238095238, "query_count": 210, "gallery_count": 360, "descriptor_dim": 5632, "epoch": 5}
EPOCH {"epoch": 6, "steps": 55, "loss": 10.175230767991808, "seconds": 11.576815843582153, "mAP": 30.640006698524473, "Rank-1": 41.42857142857143, "Rank-5": 58.57142857142858, "Rank-10": 63.8095238095238} BEST {"mAP": 30.640006698524473, "Rank-1": 41.42857142857143, "Rank-5": 58.57142857142858, "Rank-10": 63.8095238095238, "query_count": 210, "gallery_count": 360, "descriptor_dim": 5632, "epoch": 6}
EPOCH {"epoch": 7, "steps": 64, "loss": 9.463302612304688, "seconds": 11.445340394973755, "mAP": 33.75888514337072, "Rank-1": 43.80952380952381, "Rank-5": 60.952380952380956, "Rank-10": 66.19047619047619} BEST {"mAP": 33.75888514337072, "Rank-1": 43.80952380952381, "Rank-5": 60.952380952380956, "Rank-10": 66.19047619047619, "query_count": 210, "gallery_count": 360, "descriptor_dim": 5632, "epoch": 7}
EPOCH {"epoch": 8, "steps": 73, "loss": 8.905702590942383, "seconds": 11.543938159942627, "mAP": 35.45026113909209, "Rank-1": 45.714285714285715, "Rank-5": 61.42857142857143, "Rank-10": 65.71428571428571} BEST {"mAP": 35.45026113909209, "Rank-1": 45.714285714285715, "Rank-5": 61.42857142857143, "Rank-10": 65.71428571428571, "query_count": 210, "gallery_count": 360, "descriptor_dim": 5632, "epoch": 8}
EPOCH {"epoch": 9, "steps": 82, "loss": 8.191439151763916, "seconds": 11.533496379852295, "mAP": 36.650109959338714, "Rank-1": 49.047619047619044, "Rank-5": 63.33333333333333, "Rank-10": 68.57142857142857} BEST {"mAP": 36.650109959338714, "Rank-1": 49.047619047619044, "Rank-5": 63.33333333333333, "Rank-10": 68.57142857142857, "query_count": 210, "gallery_count": 360, "descriptor_dim": 5632, "epoch": 9}
EPOCH {"epoch": 10, "steps": 91, "loss": 7.639399740431044, "seconds": 11.2991304397583, "mAP": 35.997249127093575, "Rank-1": 48.095238095238095, "Rank-5": 64.28571428571429, "Rank-10": 70.0} BEST {"mAP": 36.650109959338714, "Rank-1": 49.047619047619044, "Rank-5": 63.33333333333333, "Rank-10": 68.57142857142857, "query_count": 210, "gallery_count": 360, "descriptor_dim": 5632, "epoch": 9}
EPOCH {"epoch": 11, "steps": 100, "loss": 7.362157715691461, "seconds": 11.668489456176758, "mAP": 35.42061058226687, "Rank-1": 45.23809523809524, "Rank-5": 61.42857142857143, "Rank-10": 70.47619047619048} BEST {"mAP": 36.650109959338714, "Rank-1": 49.047619047619044, "Rank-5": 63.33333333333333, "Rank-10": 68.57142857142857, "query_count": 210, "gallery_count": 360, "descriptor_dim": 5632, "epoch": 9}
EPOCH {"epoch": 12, "steps": 109, "loss": 7.175761858622233, "seconds": 11.464392185211182, "mAP": 35.158292891224846, "Rank-1": 43.80952380952381, "Rank-5": 62.857142857142854, "Rank-10": 68.57142857142857} BEST {"mAP": 36.650109959338714, "Rank-1": 49.047619047619044, "Rank-5": 63.33333333333333, "Rank-10": 68.57142857142857, "query_count": 210, "gallery_count": 360, "descriptor_dim": 5632, "epoch": 9}
EPOCH {"epoch": 13, "steps": 118, "loss": 6.942470338609484, "seconds": 11.518309831619263, "mAP": 35.87315782824903, "Rank-1": 45.714285714285715, "Rank-5": 63.33333333333333, "Rank-10": 70.47619047619048} BEST {"mAP": 36.650109959338714, "Rank-1": 49.047619047619044, "Rank-5": 63.33333333333333, "Rank-10": 68.57142857142857, "query_count": 210, "gallery_count": 360, "descriptor_dim": 5632, "epoch": 9}
