/data2/gb/Re-ID/conda-envs/tri_reid/lib/python3.10/site-packages/timm/models/helpers.py:7: FutureWarning: Importing from timm.models.helpers is deprecated, please import via timm.models
  warnings.warn(f"Importing from {__name__} is deprecated, please import via timm.models", FutureWarning)
/data2/gb/Re-ID/conda-envs/tri_reid/lib/python3.10/site-packages/timm/models/registry.py:4: FutureWarning: Importing from timm.models.registry is deprecated, please import via timm.models
  warnings.warn(f"Importing from {__name__} is deprecated, please import via timm.models", FutureWarning)
/data2/gb/Re-ID/conda-envs/tri_reid/lib/python3.10/site-packages/timm/models/layers/__init__.py:48: FutureWarning: Importing from timm.models.layers is deprecated, please import via timm.layers
  warnings.warn(f"Importing from {__name__} is deprecated, please import via timm.layers", FutureWarning)
using Transformer_type: ViT-B-16 as a backbone
Resized position embedding: %s to %s torch.Size([197, 768]) torch.Size([129, 768])
Position embedding resize to height:16 width: 8
Successfully load ckpt!
<All keys matched successfully>
Loading pretrained model from CLIP
camera number is : 4
MISSING_CONDITION clean {"mAP": 38.925506444204686, "mINP": 26.56211668700138, "Rank-1": 40.311004784689, "Rank-5": 55.622009569377994, "Rank-10": 64.11483253588517, "Rank-20": 74.76076555023924}
MISSING_CONDITION both_missing_r {"mAP": 31.147809333247835, "mINP": 20.37312220358065, "Rank-1": 32.29665071770335, "Rank-5": 44.49760765550239, "Rank-10": 52.39234449760766, "Rank-20": 67.82296650717703}
MISSING_CONDITION query_missing_r {"mAP": 28.03377489680006, "mINP": 18.28413160897662, "Rank-1": 26.555023923444978, "Rank-5": 42.464114832535884, "Rank-10": 51.55502392344498, "Rank-20": 63.8755980861244}
MISSING_CONDITION both_missing_n {"mAP": 31.12665419976438, "mINP": 22.131404087356714, "Rank-1": 29.545454545454547, "Rank-5": 46.5311004784689, "Rank-10": 54.54545454545454, "Rank-20": 66.74641148325358}
MISSING_CONDITION query_missing_n {"mAP": 30.835044569267183, "mINP": 21.515762807568265, "Rank-1": 28.4688995215311, "Rank-5": 42.464114832535884, "Rank-10": 50.717703349282296, "Rank-20": 62.32057416267942}
MISSING_CONDITION both_missing_t {"mAP": 26.09624357968116, "mINP": 18.541911637600624, "Rank-1": 24.401913875598087, "Rank-5": 34.92822966507177, "Rank-10": 43.18181818181818, "Rank-20": 55.38277511961722}
MISSING_CONDITION query_missing_t {"mAP": 22.97297759977205, "mINP": 16.60888903514045, "Rank-1": 22.129186602870814, "Rank-5": 31.100478468899524, "Rank-10": 37.55980861244019, "Rank-20": 45.45454545454545}
MISSING_CONDITION both_missing_rn {"mAP": 22.26704697342402, "mINP": 13.82928656566296, "Rank-1": 20.454545454545457, "Rank-5": 33.133971291866025, "Rank-10": 39.354066985645936, "Rank-20": 50.59808612440191}
MISSING_CONDITION query_missing_rn {"mAP": 18.716661327141175, "mINP": 11.799324708332087, "Rank-1": 14.5933014354067, "Rank-5": 30.62200956937799, "Rank-10": 37.08133971291866, "Rank-20": 44.49760765550239}
MISSING_CONDITION both_missing_rt {"mAP": 15.408678101295143, "mINP": 11.079101073584548, "Rank-1": 10.406698564593302, "Rank-5": 22.48803827751196, "Rank-10": 32.057416267942585, "Rank-20": 47.60765550239234}
MISSING_CONDITION query_missing_rt {"mAP": 11.771840325140195, "mINP": 7.762934910576057, "Rank-1": 9.569377990430622, "Rank-5": 16.148325358851675, "Rank-10": 21.052631578947366, "Rank-20": 28.22966507177033}
MISSING_CONDITION both_missing_nt {"mAP": 18.228067903466265, "mINP": 12.834542989812306, "Rank-1": 17.583732057416267, "Rank-5": 28.11004784688995, "Rank-10": 33.73205741626794, "Rank-20": 43.0622009569378}
MISSING_CONDITION query_missing_nt {"mAP": 16.481233029210347, "mINP": 12.123212597171458, "Rank-1": 14.354066985645932, "Rank-5": 25.11961722488038, "Rank-10": 30.38277511961722, "Rank-20": 37.44019138755981}
