/data/gaob/Re-ID/conda-envs/tri_reid/lib/python3.10/site-packages/timm/models/helpers.py:7: FutureWarning: Importing from timm.models.helpers is deprecated, please import via timm.models
  warnings.warn(f"Importing from {__name__} is deprecated, please import via timm.models", FutureWarning)
/data/gaob/Re-ID/conda-envs/tri_reid/lib/python3.10/site-packages/timm/models/registry.py:4: FutureWarning: Importing from timm.models.registry is deprecated, please import via timm.models
  warnings.warn(f"Importing from {__name__} is deprecated, please import via timm.models", FutureWarning)
/data/gaob/Re-ID/conda-envs/tri_reid/lib/python3.10/site-packages/timm/models/layers/__init__.py:48: FutureWarning: Importing from timm.models.layers is deprecated, please import via timm.layers
  warnings.warn(f"Importing from {__name__} is deprecated, please import via timm.layers", FutureWarning)
using Transformer_type: ViT-B-16 as a backbone
Resized position embedding: %s to %s torch.Size([197, 768]) torch.Size([129, 768])
Position embedding resize to height:8 width: 16
Successfully load ckpt!
<All keys matched successfully>
Loading pretrained model from CLIP
camera number is : 8
DEVELOPMENT_MISSING_CONDITION q_RNT_g_RNT {"mAP": 46.23025305464108, "mINP": 33.72147024296272, "Rank-1": 57.14285714285714, "Rank-5": 70.0, "Rank-10": 75.23809523809524, "Rank-20": 79.04761904761905}
DEVELOPMENT_MISSING_CONDITION q_RNT_g_NT {"mAP": 43.97313529800622, "mINP": 29.468222007373257, "Rank-1": 57.14285714285714, "Rank-5": 72.38095238095238, "Rank-10": 76.19047619047619, "Rank-20": 82.85714285714286}
DEVELOPMENT_MISSING_CONDITION q_RNT_g_RT {"mAP": 43.4020946670836, "mINP": 29.96925126806168, "Rank-1": 53.333333333333336, "Rank-5": 69.52380952380952, "Rank-10": 73.33333333333333, "Rank-20": 77.14285714285715}
DEVELOPMENT_MISSING_CONDITION q_RNT_g_RN {"mAP": 45.28158073628791, "mINP": 32.261733660939186, "Rank-1": 55.714285714285715, "Rank-5": 68.57142857142857, "Rank-10": 77.14285714285715, "Rank-20": 83.33333333333334}
DEVELOPMENT_MISSING_CONDITION q_RNT_g_T {"mAP": 19.91497031833769, "mINP": 6.6149064825777595, "Rank-1": 25.238095238095237, "Rank-5": 49.047619047619044, "Rank-10": 59.04761904761905, "Rank-20": 68.0952380952381}
DEVELOPMENT_MISSING_CONDITION q_RNT_g_N {"mAP": 42.28499571259502, "mINP": 25.596779443444007, "Rank-1": 55.23809523809524, "Rank-5": 71.9047619047619, "Rank-10": 79.04761904761905, "Rank-20": 83.33333333333334}
DEVELOPMENT_MISSING_CONDITION q_RNT_g_R {"mAP": 41.52494082994392, "mINP": 28.020004325050714, "Rank-1": 51.90476190476191, "Rank-5": 69.04761904761905, "Rank-10": 75.71428571428571, "Rank-20": 81.42857142857143}
DEVELOPMENT_MISSING_CONDITION q_NT_g_RNT {"mAP": 41.167147646962, "mINP": 28.228938475956113, "Rank-1": 47.14285714285714, "Rank-5": 70.0, "Rank-10": 76.66666666666667, "Rank-20": 79.04761904761905}
DEVELOPMENT_MISSING_CONDITION q_NT_g_NT {"mAP": 42.96481606333894, "mINP": 28.95265489861223, "Rank-1": 54.761904761904766, "Rank-5": 70.0, "Rank-10": 77.14285714285715, "Rank-20": 83.80952380952381}
DEVELOPMENT_MISSING_CONDITION q_NT_g_RT {"mAP": 34.106330689621764, "mINP": 20.26650923921645, "Rank-1": 43.80952380952381, "Rank-5": 65.23809523809524, "Rank-10": 75.23809523809524, "Rank-20": 79.52380952380952}
DEVELOPMENT_MISSING_CONDITION q_NT_g_RN {"mAP": 41.55521241963241, "mINP": 27.85993122306072, "Rank-1": 49.523809523809526, "Rank-5": 70.0, "Rank-10": 76.66666666666667, "Rank-20": 83.33333333333334}
DEVELOPMENT_MISSING_CONDITION q_NT_g_T {"mAP": 20.808332086691134, "mINP": 6.799297587505433, "Rank-1": 30.476190476190478, "Rank-5": 53.333333333333336, "Rank-10": 61.904761904761905, "Rank-20": 68.0952380952381}
DEVELOPMENT_MISSING_CONDITION q_NT_g_N {"mAP": 41.53306679716503, "mINP": 25.507205116781588, "Rank-1": 53.333333333333336, "Rank-5": 72.85714285714285, "Rank-10": 78.0952380952381, "Rank-20": 84.28571428571429}
DEVELOPMENT_MISSING_CONDITION q_NT_g_R {"mAP": 33.184282522682715, "mINP": 20.50229017022679, "Rank-1": 40.476190476190474, "Rank-5": 67.14285714285714, "Rank-10": 72.85714285714285, "Rank-20": 80.47619047619048}
DEVELOPMENT_MISSING_CONDITION q_RT_g_RNT {"mAP": 43.58182609946164, "mINP": 30.5335981602989, "Rank-1": 54.761904761904766, "Rank-5": 67.14285714285714, "Rank-10": 72.38095238095238, "Rank-20": 78.0952380952381}
DEVELOPMENT_MISSING_CONDITION q_RT_g_NT {"mAP": 37.19484843179355, "mINP": 18.948966783674813, "Rank-1": 48.57142857142857, "Rank-5": 67.14285714285714, "Rank-10": 72.85714285714285, "Rank-20": 77.61904761904762}
DEVELOPMENT_MISSING_CONDITION q_RT_g_RT {"mAP": 42.386515910760664, "mINP": 28.70054114136069, "Rank-1": 55.23809523809524, "Rank-5": 65.71428571428571, "Rank-10": 71.9047619047619, "Rank-20": 79.04761904761905}
DEVELOPMENT_MISSING_CONDITION q_RT_g_RN {"mAP": 41.85161400598537, "mINP": 29.12976741920565, "Rank-1": 49.047619047619044, "Rank-5": 67.14285714285714, "Rank-10": 73.33333333333333, "Rank-20": 79.52380952380952}
DEVELOPMENT_MISSING_CONDITION q_RT_g_T {"mAP": 20.477041637466634, "mINP": 7.051017290996627, "Rank-1": 28.57142857142857, "Rank-5": 51.90476190476191, "Rank-10": 60.0, "Rank-20": 66.19047619047619}
DEVELOPMENT_MISSING_CONDITION q_RT_g_N {"mAP": 36.85257208492717, "mINP": 18.646209910666315, "Rank-1": 53.80952380952381, "Rank-5": 70.0, "Rank-10": 77.61904761904762, "Rank-20": 80.95238095238095}
DEVELOPMENT_MISSING_CONDITION q_RT_g_R {"mAP": 40.49068181231528, "mINP": 26.647961169643192, "Rank-1": 51.42857142857142, "Rank-5": 65.23809523809524, "Rank-10": 72.85714285714285, "Rank-20": 81.42857142857143}
DEVELOPMENT_MISSING_CONDITION q_RN_g_RNT {"mAP": 46.06727241308203, "mINP": 33.60331109974432, "Rank-1": 57.61904761904761, "Rank-5": 69.04761904761905, "Rank-10": 75.23809523809524, "Rank-20": 81.42857142857143}
DEVELOPMENT_MISSING_CONDITION q_RN_g_NT {"mAP": 42.75316423159119, "mINP": 28.591641497371036, "Rank-1": 53.333333333333336, "Rank-5": 73.33333333333333, "Rank-10": 77.61904761904762, "Rank-20": 83.80952380952381}
DEVELOPMENT_MISSING_CONDITION q_RN_g_RT {"mAP": 42.62059612542684, "mINP": 29.50062273344376, "Rank-1": 51.90476190476191, "Rank-5": 67.61904761904762, "Rank-10": 74.28571428571429, "Rank-20": 80.47619047619048}
DEVELOPMENT_MISSING_CONDITION q_RN_g_RN {"mAP": 45.493037141776405, "mINP": 32.64957036654524, "Rank-1": 55.714285714285715, "Rank-5": 71.42857142857143, "Rank-10": 77.14285714285715, "Rank-20": 84.28571428571429}
DEVELOPMENT_MISSING_CONDITION q_RN_g_T {"mAP": 13.598274907834206, "mINP": 5.895232965729519, "Rank-1": 11.428571428571429, "Rank-5": 32.857142857142854, "Rank-10": 45.23809523809524, "Rank-20": 62.38095238095238}
DEVELOPMENT_MISSING_CONDITION q_RN_g_N {"mAP": 42.12624268455863, "mINP": 26.13068463823914, "Rank-1": 54.285714285714285, "Rank-5": 70.95238095238095, "Rank-10": 79.52380952380952, "Rank-20": 84.28571428571429}
DEVELOPMENT_MISSING_CONDITION q_RN_g_R {"mAP": 40.99395034846853, "mINP": 27.23748165905458, "Rank-1": 52.85714285714286, "Rank-5": 68.0952380952381, "Rank-10": 75.23809523809524, "Rank-20": 80.47619047619048}
DEVELOPMENT_MISSING_CONDITION q_T_g_RNT {"mAP": 16.024357241556846, "mINP": 9.762312909309724, "Rank-1": 12.857142857142856, "Rank-5": 35.714285714285715, "Rank-10": 45.23809523809524, "Rank-20": 56.666666666666664}
DEVELOPMENT_MISSING_CONDITION q_T_g_NT {"mAP": 18.071090191000692, "mINP": 8.0516258599739, "Rank-1": 27.61904761904762, "Rank-5": 45.714285714285715, "Rank-10": 52.85714285714286, "Rank-20": 62.857142857142854}
DEVELOPMENT_MISSING_CONDITION q_T_g_RT {"mAP": 17.643066884224115, "mINP": 7.333424199054833, "Rank-1": 27.142857142857142, "Rank-5": 48.095238095238095, "Rank-10": 58.0952380952381, "Rank-20": 64.76190476190476}
DEVELOPMENT_MISSING_CONDITION q_T_g_RN {"mAP": 12.840950079626962, "mINP": 8.81968194871809, "Rank-1": 10.952380952380953, "Rank-5": 23.333333333333332, "Rank-10": 30.952380952380953, "Rank-20": 44.285714285714285}
DEVELOPMENT_MISSING_CONDITION q_T_g_T {"mAP": 18.365282902829982, "mINP": 6.565431360055843, "Rank-1": 30.952380952380953, "Rank-5": 48.095238095238095, "Rank-10": 59.04761904761905, "Rank-20": 65.23809523809524}
DEVELOPMENT_MISSING_CONDITION q_T_g_N {"mAP": 12.504851157733482, "mINP": 7.2221539788025115, "Rank-1": 13.333333333333334, "Rank-5": 24.761904761904763, "Rank-10": 33.33333333333333, "Rank-20": 41.904761904761905}
DEVELOPMENT_MISSING_CONDITION q_T_g_R {"mAP": 11.469319435656406, "mINP": 8.261820971737917, "Rank-1": 7.6190476190476195, "Rank-5": 22.857142857142858, "Rank-10": 30.952380952380953, "Rank-20": 42.857142857142854}
DEVELOPMENT_MISSING_CONDITION q_N_g_RNT {"mAP": 40.0912632711997, "mINP": 27.565592631225204, "Rank-1": 45.714285714285715, "Rank-5": 71.42857142857143, "Rank-10": 78.57142857142857, "Rank-20": 86.19047619047619}
DEVELOPMENT_MISSING_CONDITION q_N_g_NT {"mAP": 41.910903707502825, "mINP": 27.536806704120753, "Rank-1": 50.476190476190474, "Rank-5": 73.80952380952381, "Rank-10": 80.47619047619048, "Rank-20": 88.57142857142857}
DEVELOPMENT_MISSING_CONDITION q_N_g_RT {"mAP": 33.70555476367939, "mINP": 20.420122438224908, "Rank-1": 40.0, "Rank-5": 66.66666666666666, "Rank-10": 77.61904761904762, "Rank-20": 83.80952380952381}
DEVELOPMENT_MISSING_CONDITION q_N_g_RN {"mAP": 40.411153218186335, "mINP": 26.867805909972148, "Rank-1": 48.57142857142857, "Rank-5": 70.47619047619048, "Rank-10": 78.0952380952381, "Rank-20": 85.71428571428571}
DEVELOPMENT_MISSING_CONDITION q_N_g_T {"mAP": 12.051616997310786, "mINP": 5.47542720028549, "Rank-1": 8.095238095238095, "Rank-5": 30.0, "Rank-10": 45.23809523809524, "Rank-20": 61.904761904761905}
DEVELOPMENT_MISSING_CONDITION q_N_g_N {"mAP": 40.58635325070768, "mINP": 24.37034158282448, "Rank-1": 50.95238095238095, "Rank-5": 71.9047619047619, "Rank-10": 79.52380952380952, "Rank-20": 85.71428571428571}
DEVELOPMENT_MISSING_CONDITION q_N_g_R {"mAP": 33.04783019533459, "mINP": 19.94545158910802, "Rank-1": 43.333333333333336, "Rank-5": 63.33333333333333, "Rank-10": 73.80952380952381, "Rank-20": 81.9047619047619}
DEVELOPMENT_MISSING_CONDITION q_R_g_RNT {"mAP": 40.22923938204675, "mINP": 27.474544822026953, "Rank-1": 47.61904761904761, "Rank-5": 65.23809523809524, "Rank-10": 69.52380952380952, "Rank-20": 79.04761904761905}
DEVELOPMENT_MISSING_CONDITION q_R_g_NT {"mAP": 35.56926443553341, "mINP": 18.614659313503246, "Rank-1": 50.476190476190474, "Rank-5": 68.0952380952381, "Rank-10": 74.76190476190476, "Rank-20": 80.0}
DEVELOPMENT_MISSING_CONDITION q_R_g_RT {"mAP": 40.70858186125985, "mINP": 26.24789752917142, "Rank-1": 50.95238095238095, "Rank-5": 65.23809523809524, "Rank-10": 70.0, "Rank-20": 80.0}
DEVELOPMENT_MISSING_CONDITION q_R_g_RN {"mAP": 39.71089612470027, "mINP": 26.483010354213764, "Rank-1": 47.61904761904761, "Rank-5": 67.61904761904762, "Rank-10": 73.33333333333333, "Rank-20": 80.0}
DEVELOPMENT_MISSING_CONDITION q_R_g_T {"mAP": 12.075555110265464, "mINP": 5.852171478227635, "Rank-1": 10.476190476190476, "Rank-5": 33.80952380952381, "Rank-10": 44.761904761904766, "Rank-20": 58.57142857142858}
DEVELOPMENT_MISSING_CONDITION q_R_g_N {"mAP": 36.21779411175405, "mINP": 18.367394070709103, "Rank-1": 50.95238095238095, "Rank-5": 69.52380952380952, "Rank-10": 76.19047619047619, "Rank-20": 82.85714285714286}
DEVELOPMENT_MISSING_CONDITION q_R_g_R {"mAP": 39.85357192306231, "mINP": 24.973104056865825, "Rank-1": 50.476190476190474, "Rank-5": 65.23809523809524, "Rank-10": 71.9047619047619, "Rank-20": 80.0}
