/data/gaob/Re-ID/conda-envs/tri_reid/lib/python3.10/site-packages/timm/models/helpers.py:7: FutureWarning: Importing from timm.models.helpers is deprecated, please import via timm.models
  warnings.warn(f"Importing from {__name__} is deprecated, please import via timm.models", FutureWarning)
/data/gaob/Re-ID/conda-envs/tri_reid/lib/python3.10/site-packages/timm/models/registry.py:4: FutureWarning: Importing from timm.models.registry is deprecated, please import via timm.models
  warnings.warn(f"Importing from {__name__} is deprecated, please import via timm.models", FutureWarning)
/data/gaob/Re-ID/conda-envs/tri_reid/lib/python3.10/site-packages/timm/models/layers/__init__.py:48: FutureWarning: Importing from timm.models.layers is deprecated, please import via timm.layers
  warnings.warn(f"Importing from {__name__} is deprecated, please import via timm.layers", FutureWarning)
using Transformer_type: ViT-B-16 as a backbone
Resized position embedding: %s to %s torch.Size([197, 768]) torch.Size([129, 768])
Position embedding resize to height:8 width: 16
Successfully load ckpt!
<All keys matched successfully>
Loading pretrained model from CLIP
camera number is : 8
DEVELOPMENT_MISSING_CONDITION q_RNT_g_RNT {"mAP": 47.51282565827697, "mINP": 33.874207238074064, "Rank-1": 55.23809523809524, "Rank-5": 70.95238095238095, "Rank-10": 77.14285714285715, "Rank-20": 83.33333333333334}
DEVELOPMENT_MISSING_CONDITION q_RNT_g_NT {"mAP": 42.22923723463438, "mINP": 27.567871234004283, "Rank-1": 52.38095238095239, "Rank-5": 70.0, "Rank-10": 78.57142857142857, "Rank-20": 86.19047619047619}
DEVELOPMENT_MISSING_CONDITION q_RNT_g_RT {"mAP": 42.809671407026975, "mINP": 27.2278532522844, "Rank-1": 52.38095238095239, "Rank-5": 70.0, "Rank-10": 76.19047619047619, "Rank-20": 84.76190476190476}
DEVELOPMENT_MISSING_CONDITION q_RNT_g_RN {"mAP": 42.46999926086241, "mINP": 29.552568869178625, "Rank-1": 50.0, "Rank-5": 70.95238095238095, "Rank-10": 74.76190476190476, "Rank-20": 82.85714285714286}
DEVELOPMENT_MISSING_CONDITION q_RNT_g_T {"mAP": 16.104585740946437, "mINP": 6.856429355943434, "Rank-1": 20.0, "Rank-5": 42.38095238095238, "Rank-10": 54.285714285714285, "Rank-20": 67.61904761904762}
DEVELOPMENT_MISSING_CONDITION q_RNT_g_N {"mAP": 39.11754719591685, "mINP": 22.89275668989803, "Rank-1": 48.57142857142857, "Rank-5": 67.14285714285714, "Rank-10": 79.04761904761905, "Rank-20": 84.28571428571429}
DEVELOPMENT_MISSING_CONDITION q_RNT_g_R {"mAP": 40.16493543741236, "mINP": 24.4777093861519, "Rank-1": 51.90476190476191, "Rank-5": 70.0, "Rank-10": 75.23809523809524, "Rank-20": 81.9047619047619}
DEVELOPMENT_MISSING_CONDITION q_NT_g_RNT {"mAP": 42.05196900959217, "mINP": 27.315424624979613, "Rank-1": 53.333333333333336, "Rank-5": 71.42857142857143, "Rank-10": 78.57142857142857, "Rank-20": 86.19047619047619}
DEVELOPMENT_MISSING_CONDITION q_NT_g_NT {"mAP": 41.27195987851126, "mINP": 24.212105308622128, "Rank-1": 50.95238095238095, "Rank-5": 71.9047619047619, "Rank-10": 80.47619047619048, "Rank-20": 87.61904761904762}
DEVELOPMENT_MISSING_CONDITION q_NT_g_RT {"mAP": 30.70074812719019, "mINP": 15.621743481178227, "Rank-1": 40.95238095238095, "Rank-5": 59.523809523809526, "Rank-10": 70.47619047619048, "Rank-20": 78.0952380952381}
DEVELOPMENT_MISSING_CONDITION q_NT_g_RN {"mAP": 40.83056389768635, "mINP": 26.899267940152395, "Rank-1": 46.666666666666664, "Rank-5": 72.38095238095238, "Rank-10": 79.04761904761905, "Rank-20": 85.23809523809524}
DEVELOPMENT_MISSING_CONDITION q_NT_g_T {"mAP": 18.5359767638817, "mINP": 5.4987251086689035, "Rank-1": 31.9047619047619, "Rank-5": 49.523809523809526, "Rank-10": 57.61904761904761, "Rank-20": 63.33333333333333}
DEVELOPMENT_MISSING_CONDITION q_NT_g_N {"mAP": 40.52306096900038, "mINP": 23.13033556122892, "Rank-1": 55.23809523809524, "Rank-5": 71.9047619047619, "Rank-10": 80.95238095238095, "Rank-20": 89.52380952380953}
DEVELOPMENT_MISSING_CONDITION q_NT_g_R {"mAP": 34.27093930459054, "mINP": 20.189370310418468, "Rank-1": 39.04761904761905, "Rank-5": 65.71428571428571, "Rank-10": 75.23809523809524, "Rank-20": 83.33333333333334}
DEVELOPMENT_MISSING_CONDITION q_RT_g_RNT {"mAP": 41.14763938791951, "mINP": 24.71629296467825, "Rank-1": 52.85714285714286, "Rank-5": 66.19047619047619, "Rank-10": 73.80952380952381, "Rank-20": 79.52380952380952}
DEVELOPMENT_MISSING_CONDITION q_RT_g_NT {"mAP": 32.21355957766715, "mINP": 13.382852363296058, "Rank-1": 46.666666666666664, "Rank-5": 62.857142857142854, "Rank-10": 69.04761904761905, "Rank-20": 75.71428571428571}
DEVELOPMENT_MISSING_CONDITION q_RT_g_RT {"mAP": 42.40971766772472, "mINP": 26.501459914168723, "Rank-1": 52.38095238095239, "Rank-5": 70.47619047619048, "Rank-10": 75.23809523809524, "Rank-20": 83.33333333333334}
DEVELOPMENT_MISSING_CONDITION q_RT_g_RN {"mAP": 40.40723361638639, "mINP": 25.349911950998283, "Rank-1": 47.61904761904761, "Rank-5": 68.57142857142857, "Rank-10": 72.38095238095238, "Rank-20": 79.52380952380952}
DEVELOPMENT_MISSING_CONDITION q_RT_g_T {"mAP": 19.50971029603312, "mINP": 5.845713514792337, "Rank-1": 32.857142857142854, "Rank-5": 50.0, "Rank-10": 56.666666666666664, "Rank-20": 65.23809523809524}
DEVELOPMENT_MISSING_CONDITION q_RT_g_N {"mAP": 33.73542634164022, "mINP": 17.999400974962874, "Rank-1": 44.761904761904766, "Rank-5": 66.19047619047619, "Rank-10": 74.76190476190476, "Rank-20": 83.33333333333334}
DEVELOPMENT_MISSING_CONDITION q_RT_g_R {"mAP": 38.3297995764692, "mINP": 23.338886351653105, "Rank-1": 47.61904761904761, "Rank-5": 67.14285714285714, "Rank-10": 75.23809523809524, "Rank-20": 80.47619047619048}
DEVELOPMENT_MISSING_CONDITION q_RN_g_RNT {"mAP": 43.9689568299049, "mINP": 30.67459199016398, "Rank-1": 53.80952380952381, "Rank-5": 71.42857142857143, "Rank-10": 78.57142857142857, "Rank-20": 84.76190476190476}
DEVELOPMENT_MISSING_CONDITION q_RN_g_NT {"mAP": 41.725164524537924, "mINP": 26.799090400799535, "Rank-1": 51.42857142857142, "Rank-5": 73.33333333333333, "Rank-10": 77.61904761904762, "Rank-20": 87.14285714285714}
DEVELOPMENT_MISSING_CONDITION q_RN_g_RT {"mAP": 41.34607793484771, "mINP": 27.876245835695467, "Rank-1": 50.0, "Rank-5": 69.52380952380952, "Rank-10": 75.23809523809524, "Rank-20": 82.85714285714286}
DEVELOPMENT_MISSING_CONDITION q_RN_g_RN {"mAP": 44.70029953157598, "mINP": 31.72319371054517, "Rank-1": 52.38095238095239, "Rank-5": 72.38095238095238, "Rank-10": 77.14285714285715, "Rank-20": 84.76190476190476}
DEVELOPMENT_MISSING_CONDITION q_RN_g_T {"mAP": 10.263588170076295, "mINP": 5.636163937672788, "Rank-1": 9.523809523809524, "Rank-5": 24.761904761904763, "Rank-10": 35.23809523809524, "Rank-20": 49.523809523809526}
DEVELOPMENT_MISSING_CONDITION q_RN_g_N {"mAP": 41.451605738123284, "mINP": 23.876097282283403, "Rank-1": 55.714285714285715, "Rank-5": 71.42857142857143, "Rank-10": 79.04761904761905, "Rank-20": 87.14285714285714}
DEVELOPMENT_MISSING_CONDITION q_RN_g_R {"mAP": 40.26364961182359, "mINP": 25.35647898610008, "Rank-1": 50.0, "Rank-5": 70.0, "Rank-10": 75.23809523809524, "Rank-20": 81.9047619047619}
DEVELOPMENT_MISSING_CONDITION q_T_g_RNT {"mAP": 10.877865812800835, "mINP": 7.106585846801466, "Rank-1": 7.6190476190476195, "Rank-5": 19.523809523809526, "Rank-10": 29.04761904761905, "Rank-20": 41.42857142857143}
DEVELOPMENT_MISSING_CONDITION q_T_g_NT {"mAP": 13.411525974928912, "mINP": 5.2214806317982205, "Rank-1": 20.952380952380953, "Rank-5": 40.0, "Rank-10": 47.14285714285714, "Rank-20": 55.23809523809524}
DEVELOPMENT_MISSING_CONDITION q_T_g_RT {"mAP": 14.169302710322693, "mINP": 5.710453282484897, "Rank-1": 21.428571428571427, "Rank-5": 39.523809523809526, "Rank-10": 49.523809523809526, "Rank-20": 60.952380952380956}
DEVELOPMENT_MISSING_CONDITION q_T_g_RN {"mAP": 9.141708892845726, "mINP": 6.475635804936979, "Rank-1": 6.190476190476191, "Rank-5": 13.333333333333334, "Rank-10": 22.857142857142858, "Rank-20": 30.476190476190478}
DEVELOPMENT_MISSING_CONDITION q_T_g_T {"mAP": 17.06110718378681, "mINP": 5.380099377247892, "Rank-1": 34.76190476190476, "Rank-5": 45.23809523809524, "Rank-10": 53.80952380952381, "Rank-20": 61.42857142857143}
DEVELOPMENT_MISSING_CONDITION q_T_g_N {"mAP": 8.43062518717943, "mINP": 5.570199004425469, "Rank-1": 6.190476190476191, "Rank-5": 16.666666666666664, "Rank-10": 23.333333333333332, "Rank-20": 31.428571428571427}
DEVELOPMENT_MISSING_CONDITION q_T_g_R {"mAP": 8.077714462003593, "mINP": 5.937003867610975, "Rank-1": 5.714285714285714, "Rank-5": 13.333333333333334, "Rank-10": 20.0, "Rank-20": 34.285714285714285}
DEVELOPMENT_MISSING_CONDITION q_N_g_RNT {"mAP": 41.11973077322585, "mINP": 27.66484305803594, "Rank-1": 49.523809523809526, "Rank-5": 71.42857142857143, "Rank-10": 80.0, "Rank-20": 88.09523809523809}
DEVELOPMENT_MISSING_CONDITION q_N_g_NT {"mAP": 40.84403062212327, "mINP": 25.083154705029543, "Rank-1": 50.476190476190474, "Rank-5": 73.33333333333333, "Rank-10": 82.38095238095238, "Rank-20": 88.57142857142857}
DEVELOPMENT_MISSING_CONDITION q_N_g_RT {"mAP": 31.208221960550265, "mINP": 20.95711266960523, "Rank-1": 30.952380952380953, "Rank-5": 60.0, "Rank-10": 76.19047619047619, "Rank-20": 81.9047619047619}
DEVELOPMENT_MISSING_CONDITION q_N_g_RN {"mAP": 39.28327931649959, "mINP": 26.41386471794922, "Rank-1": 45.23809523809524, "Rank-5": 70.95238095238095, "Rank-10": 78.57142857142857, "Rank-20": 88.09523809523809}
DEVELOPMENT_MISSING_CONDITION q_N_g_T {"mAP": 9.688453963179809, "mINP": 5.281828948528354, "Rank-1": 9.047619047619047, "Rank-5": 20.952380952380953, "Rank-10": 34.76190476190476, "Rank-20": 47.14285714285714}
DEVELOPMENT_MISSING_CONDITION q_N_g_N {"mAP": 39.82131395170778, "mINP": 23.215139365204994, "Rank-1": 51.90476190476191, "Rank-5": 72.38095238095238, "Rank-10": 84.28571428571429, "Rank-20": 90.0}
DEVELOPMENT_MISSING_CONDITION q_N_g_R {"mAP": 32.171420529486255, "mINP": 20.275147140370613, "Rank-1": 38.095238095238095, "Rank-5": 61.42857142857143, "Rank-10": 70.47619047619048, "Rank-20": 80.47619047619048}
DEVELOPMENT_MISSING_CONDITION q_R_g_RNT {"mAP": 38.49419187488423, "mINP": 24.285866579606903, "Rank-1": 47.14285714285714, "Rank-5": 63.33333333333333, "Rank-10": 70.95238095238095, "Rank-20": 79.04761904761905}
DEVELOPMENT_MISSING_CONDITION q_R_g_NT {"mAP": 31.80774117332768, "mINP": 18.341408410831853, "Rank-1": 34.285714285714285, "Rank-5": 65.71428571428571, "Rank-10": 72.85714285714285, "Rank-20": 81.42857142857143}
DEVELOPMENT_MISSING_CONDITION q_R_g_RT {"mAP": 38.74497944799894, "mINP": 24.714989380326674, "Rank-1": 46.19047619047619, "Rank-5": 63.8095238095238, "Rank-10": 72.38095238095238, "Rank-20": 80.95238095238095}
DEVELOPMENT_MISSING_CONDITION q_R_g_RN {"mAP": 38.71371919232297, "mINP": 23.902141491436385, "Rank-1": 50.0, "Rank-5": 68.0952380952381, "Rank-10": 73.80952380952381, "Rank-20": 78.0952380952381}
DEVELOPMENT_MISSING_CONDITION q_R_g_T {"mAP": 9.48416506450522, "mINP": 5.523993529223832, "Rank-1": 7.6190476190476195, "Rank-5": 22.380952380952383, "Rank-10": 32.857142857142854, "Rank-20": 51.90476190476191}
DEVELOPMENT_MISSING_CONDITION q_R_g_N {"mAP": 33.7965055223277, "mINP": 18.261193278012794, "Rank-1": 41.904761904761905, "Rank-5": 67.61904761904762, "Rank-10": 74.28571428571429, "Rank-20": 81.9047619047619}
DEVELOPMENT_MISSING_CONDITION q_R_g_R {"mAP": 37.78105673130504, "mINP": 23.000987635777133, "Rank-1": 48.57142857142857, "Rank-5": 67.61904761904762, "Rank-10": 74.76190476190476, "Rank-20": 80.0}
