/data/gaob/Re-ID/conda-envs/tri_reid/lib/python3.10/site-packages/timm/models/helpers.py:7: FutureWarning: Importing from timm.models.helpers is deprecated, please import via timm.models
  warnings.warn(f"Importing from {__name__} is deprecated, please import via timm.models", FutureWarning)
/data/gaob/Re-ID/conda-envs/tri_reid/lib/python3.10/site-packages/timm/models/registry.py:4: FutureWarning: Importing from timm.models.registry is deprecated, please import via timm.models
  warnings.warn(f"Importing from {__name__} is deprecated, please import via timm.models", FutureWarning)
/data/gaob/Re-ID/conda-envs/tri_reid/lib/python3.10/site-packages/timm/models/layers/__init__.py:48: FutureWarning: Importing from timm.models.layers is deprecated, please import via timm.layers
  warnings.warn(f"Importing from {__name__} is deprecated, please import via timm.layers", FutureWarning)
using Transformer_type: ViT-B-16 as a backbone
Resized position embedding: %s to %s torch.Size([197, 768]) torch.Size([129, 768])
Position embedding resize to height:8 width: 16
Successfully load ckpt!
<All keys matched successfully>
Loading pretrained model from CLIP
camera number is : 8
DEVELOPMENT_MISSING_CONDITION q_RNT_g_RNT {"mAP": 48.697638515521405, "mINP": 35.16321241552324, "Rank-1": 59.523809523809526, "Rank-5": 71.42857142857143, "Rank-10": 77.14285714285715, "Rank-20": 79.04761904761905}
DEVELOPMENT_MISSING_CONDITION q_RNT_g_NT {"mAP": 45.401979591638856, "mINP": 29.657837812317055, "Rank-1": 57.61904761904761, "Rank-5": 73.80952380952381, "Rank-10": 75.71428571428571, "Rank-20": 80.95238095238095}
DEVELOPMENT_MISSING_CONDITION q_RNT_g_RT {"mAP": 44.117210686271676, "mINP": 30.17137213671095, "Rank-1": 54.761904761904766, "Rank-5": 69.52380952380952, "Rank-10": 73.33333333333333, "Rank-20": 78.0952380952381}
DEVELOPMENT_MISSING_CONDITION q_RNT_g_RN {"mAP": 45.6809276340652, "mINP": 31.85677996873157, "Rank-1": 56.666666666666664, "Rank-5": 71.9047619047619, "Rank-10": 76.19047619047619, "Rank-20": 79.52380952380952}
DEVELOPMENT_MISSING_CONDITION q_RNT_g_T {"mAP": 21.392612180969074, "mINP": 7.7945425007619225, "Rank-1": 28.095238095238095, "Rank-5": 50.95238095238095, "Rank-10": 58.0952380952381, "Rank-20": 67.14285714285714}
DEVELOPMENT_MISSING_CONDITION q_RNT_g_N {"mAP": 42.5596912239948, "mINP": 25.212842607569435, "Rank-1": 56.666666666666664, "Rank-5": 72.85714285714285, "Rank-10": 79.04761904761905, "Rank-20": 83.33333333333334}
DEVELOPMENT_MISSING_CONDITION q_RNT_g_R {"mAP": 41.39333741724268, "mINP": 26.966643063980257, "Rank-1": 54.285714285714285, "Rank-5": 69.52380952380952, "Rank-10": 73.80952380952381, "Rank-20": 77.61904761904762}
DEVELOPMENT_MISSING_CONDITION q_NT_g_RNT {"mAP": 42.13488382086395, "mINP": 29.094204964312404, "Rank-1": 47.14285714285714, "Rank-5": 73.33333333333333, "Rank-10": 77.14285714285715, "Rank-20": 80.47619047619048}
DEVELOPMENT_MISSING_CONDITION q_NT_g_NT {"mAP": 45.103124420993, "mINP": 29.863495355716452, "Rank-1": 56.19047619047619, "Rank-5": 71.42857142857143, "Rank-10": 77.61904761904762, "Rank-20": 82.85714285714286}
DEVELOPMENT_MISSING_CONDITION q_NT_g_RT {"mAP": 34.343106191595716, "mINP": 20.4741431152385, "Rank-1": 40.476190476190474, "Rank-5": 65.71428571428571, "Rank-10": 73.33333333333333, "Rank-20": 78.57142857142857}
DEVELOPMENT_MISSING_CONDITION q_NT_g_RN {"mAP": 40.78605877584104, "mINP": 26.537469827696164, "Rank-1": 48.57142857142857, "Rank-5": 72.38095238095238, "Rank-10": 78.0952380952381, "Rank-20": 80.47619047619048}
DEVELOPMENT_MISSING_CONDITION q_NT_g_T {"mAP": 23.353484441717146, "mINP": 8.407813079188479, "Rank-1": 34.76190476190476, "Rank-5": 52.85714285714286, "Rank-10": 60.952380952380956, "Rank-20": 68.0952380952381}
DEVELOPMENT_MISSING_CONDITION q_NT_g_N {"mAP": 43.44950639428972, "mINP": 26.04536619693923, "Rank-1": 56.19047619047619, "Rank-5": 74.28571428571429, "Rank-10": 79.04761904761905, "Rank-20": 83.80952380952381}
DEVELOPMENT_MISSING_CONDITION q_NT_g_R {"mAP": 33.14675405774658, "mINP": 20.159292090974308, "Rank-1": 38.095238095238095, "Rank-5": 62.857142857142854, "Rank-10": 70.0, "Rank-20": 77.14285714285715}
DEVELOPMENT_MISSING_CONDITION q_RT_g_RNT {"mAP": 45.01405315972132, "mINP": 29.12475417002767, "Rank-1": 58.0952380952381, "Rank-5": 68.57142857142857, "Rank-10": 74.76190476190476, "Rank-20": 79.04761904761905}
DEVELOPMENT_MISSING_CONDITION q_RT_g_NT {"mAP": 39.43302294435497, "mINP": 19.97969567702756, "Rank-1": 53.333333333333336, "Rank-5": 69.52380952380952, "Rank-10": 74.76190476190476, "Rank-20": 78.57142857142857}
DEVELOPMENT_MISSING_CONDITION q_RT_g_RT {"mAP": 44.43280379971689, "mINP": 28.990224364782176, "Rank-1": 54.761904761904766, "Rank-5": 70.0, "Rank-10": 75.23809523809524, "Rank-20": 78.57142857142857}
DEVELOPMENT_MISSING_CONDITION q_RT_g_RN {"mAP": 43.26744916348424, "mINP": 29.00547521182361, "Rank-1": 53.333333333333336, "Rank-5": 67.61904761904762, "Rank-10": 75.23809523809524, "Rank-20": 80.0}
DEVELOPMENT_MISSING_CONDITION q_RT_g_T {"mAP": 23.780817811883573, "mINP": 7.887417548307058, "Rank-1": 35.714285714285715, "Rank-5": 55.714285714285715, "Rank-10": 61.904761904761905, "Rank-20": 68.0952380952381}
DEVELOPMENT_MISSING_CONDITION q_RT_g_N {"mAP": 37.748111895834334, "mINP": 19.78633831349009, "Rank-1": 51.42857142857142, "Rank-5": 72.38095238095238, "Rank-10": 77.61904761904762, "Rank-20": 82.85714285714286}
DEVELOPMENT_MISSING_CONDITION q_RT_g_R {"mAP": 40.929330762970366, "mINP": 26.30152013485059, "Rank-1": 51.90476190476191, "Rank-5": 68.0952380952381, "Rank-10": 73.33333333333333, "Rank-20": 78.57142857142857}
DEVELOPMENT_MISSING_CONDITION q_RN_g_RNT {"mAP": 45.85905290067828, "mINP": 32.76891700610912, "Rank-1": 56.19047619047619, "Rank-5": 71.42857142857143, "Rank-10": 76.66666666666667, "Rank-20": 80.47619047619048}
DEVELOPMENT_MISSING_CONDITION q_RN_g_NT {"mAP": 45.012577452143304, "mINP": 29.550918050017515, "Rank-1": 58.0952380952381, "Rank-5": 75.71428571428571, "Rank-10": 80.0, "Rank-20": 82.38095238095238}
DEVELOPMENT_MISSING_CONDITION q_RN_g_RT {"mAP": 42.029422651863186, "mINP": 29.358043807791706, "Rank-1": 51.90476190476191, "Rank-5": 69.04761904761905, "Rank-10": 73.80952380952381, "Rank-20": 78.0952380952381}
DEVELOPMENT_MISSING_CONDITION q_RN_g_RN {"mAP": 45.72308691100918, "mINP": 32.009972128299374, "Rank-1": 56.19047619047619, "Rank-5": 70.47619047619048, "Rank-10": 78.0952380952381, "Rank-20": 81.42857142857143}
DEVELOPMENT_MISSING_CONDITION q_RN_g_T {"mAP": 13.646113655433926, "mINP": 6.250661853003218, "Rank-1": 11.428571428571429, "Rank-5": 33.80952380952381, "Rank-10": 46.666666666666664, "Rank-20": 62.857142857142854}
DEVELOPMENT_MISSING_CONDITION q_RN_g_N {"mAP": 43.81273654697654, "mINP": 26.058625524826684, "Rank-1": 57.14285714285714, "Rank-5": 75.23809523809524, "Rank-10": 79.04761904761905, "Rank-20": 84.28571428571429}
DEVELOPMENT_MISSING_CONDITION q_RN_g_R {"mAP": 40.55682318232287, "mINP": 26.771442602637336, "Rank-1": 50.95238095238095, "Rank-5": 67.61904761904762, "Rank-10": 73.80952380952381, "Rank-20": 77.14285714285715}
DEVELOPMENT_MISSING_CONDITION q_T_g_RNT {"mAP": 16.323550419684036, "mINP": 9.904483626824415, "Rank-1": 16.19047619047619, "Rank-5": 37.142857142857146, "Rank-10": 49.047619047619044, "Rank-20": 59.04761904761905}
DEVELOPMENT_MISSING_CONDITION q_T_g_NT {"mAP": 19.48264935344962, "mINP": 8.769974706739216, "Rank-1": 27.142857142857142, "Rank-5": 50.476190476190474, "Rank-10": 57.14285714285714, "Rank-20": 62.38095238095238}
DEVELOPMENT_MISSING_CONDITION q_T_g_RT {"mAP": 19.812887210443193, "mINP": 8.747230879596406, "Rank-1": 27.142857142857142, "Rank-5": 47.14285714285714, "Rank-10": 56.666666666666664, "Rank-20": 62.857142857142854}
DEVELOPMENT_MISSING_CONDITION q_T_g_RN {"mAP": 12.926402959695302, "mINP": 9.474731223098638, "Rank-1": 8.571428571428571, "Rank-5": 20.952380952380953, "Rank-10": 29.523809523809526, "Rank-20": 39.523809523809526}
DEVELOPMENT_MISSING_CONDITION q_T_g_T {"mAP": 20.675967089609905, "mINP": 7.644253489249622, "Rank-1": 35.23809523809524, "Rank-5": 53.333333333333336, "Rank-10": 60.952380952380956, "Rank-20": 64.76190476190476}
DEVELOPMENT_MISSING_CONDITION q_T_g_N {"mAP": 13.183749005229384, "mINP": 8.187049730195566, "Rank-1": 8.571428571428571, "Rank-5": 27.142857142857142, "Rank-10": 36.666666666666664, "Rank-20": 47.61904761904761}
DEVELOPMENT_MISSING_CONDITION q_T_g_R {"mAP": 11.879626963416884, "mINP": 8.814810521779187, "Rank-1": 7.6190476190476195, "Rank-5": 20.476190476190474, "Rank-10": 28.57142857142857, "Rank-20": 37.61904761904762}
DEVELOPMENT_MISSING_CONDITION q_N_g_RNT {"mAP": 39.55147517001689, "mINP": 26.55126326596861, "Rank-1": 45.714285714285715, "Rank-5": 72.85714285714285, "Rank-10": 78.57142857142857, "Rank-20": 82.38095238095238}
DEVELOPMENT_MISSING_CONDITION q_N_g_NT {"mAP": 44.01879040595013, "mINP": 28.16631573208043, "Rank-1": 57.61904761904761, "Rank-5": 77.14285714285715, "Rank-10": 81.9047619047619, "Rank-20": 86.19047619047619}
DEVELOPMENT_MISSING_CONDITION q_N_g_RT {"mAP": 32.066102791996514, "mINP": 21.67829928713106, "Rank-1": 34.76190476190476, "Rank-5": 62.857142857142854, "Rank-10": 73.33333333333333, "Rank-20": 81.42857142857143}
DEVELOPMENT_MISSING_CONDITION q_N_g_RN {"mAP": 39.31904524335498, "mINP": 26.070964714100914, "Rank-1": 49.047619047619044, "Rank-5": 69.52380952380952, "Rank-10": 77.61904761904762, "Rank-20": 84.28571428571429}
DEVELOPMENT_MISSING_CONDITION q_N_g_T {"mAP": 13.396457835175804, "mINP": 6.460794754597962, "Rank-1": 10.476190476190476, "Rank-5": 31.428571428571427, "Rank-10": 44.761904761904766, "Rank-20": 59.523809523809526}
DEVELOPMENT_MISSING_CONDITION q_N_g_N {"mAP": 41.709010682142086, "mINP": 25.083546596343844, "Rank-1": 53.333333333333336, "Rank-5": 73.80952380952381, "Rank-10": 80.0, "Rank-20": 85.71428571428571}
DEVELOPMENT_MISSING_CONDITION q_N_g_R {"mAP": 31.78049092835692, "mINP": 20.83820106401304, "Rank-1": 35.23809523809524, "Rank-5": 62.857142857142854, "Rank-10": 71.42857142857143, "Rank-20": 77.61904761904762}
DEVELOPMENT_MISSING_CONDITION q_R_g_RNT {"mAP": 41.19890764334885, "mINP": 27.088654225117477, "Rank-1": 50.95238095238095, "Rank-5": 62.38095238095238, "Rank-10": 68.0952380952381, "Rank-20": 78.0952380952381}
DEVELOPMENT_MISSING_CONDITION q_R_g_NT {"mAP": 35.38706235042492, "mINP": 18.538126927973085, "Rank-1": 47.14285714285714, "Rank-5": 67.14285714285714, "Rank-10": 73.80952380952381, "Rank-20": 80.95238095238095}
DEVELOPMENT_MISSING_CONDITION q_R_g_RT {"mAP": 40.604312435311925, "mINP": 27.36006148329598, "Rank-1": 51.42857142857142, "Rank-5": 63.8095238095238, "Rank-10": 68.57142857142857, "Rank-20": 77.14285714285715}
DEVELOPMENT_MISSING_CONDITION q_R_g_RN {"mAP": 40.18985754712801, "mINP": 26.225635296406715, "Rank-1": 50.476190476190474, "Rank-5": 63.8095238095238, "Rank-10": 71.9047619047619, "Rank-20": 78.0952380952381}
DEVELOPMENT_MISSING_CONDITION q_R_g_T {"mAP": 11.707226691583182, "mINP": 6.135197368771219, "Rank-1": 9.523809523809524, "Rank-5": 32.857142857142854, "Rank-10": 47.14285714285714, "Rank-20": 60.952380952380956}
DEVELOPMENT_MISSING_CONDITION q_R_g_N {"mAP": 36.40126955919285, "mINP": 19.12865192980817, "Rank-1": 49.047619047619044, "Rank-5": 69.04761904761905, "Rank-10": 77.14285714285715, "Rank-20": 81.9047619047619}
DEVELOPMENT_MISSING_CONDITION q_R_g_R {"mAP": 38.74107832804801, "mINP": 24.36827168507355, "Rank-1": 48.095238095238095, "Rank-5": 62.857142857142854, "Rank-10": 72.85714285714285, "Rank-20": 77.14285714285715}
