/data/gaob/Re-ID/conda-envs/tri_reid/lib/python3.10/site-packages/timm/models/helpers.py:7: FutureWarning: Importing from timm.models.helpers is deprecated, please import via timm.models
  warnings.warn(f"Importing from {__name__} is deprecated, please import via timm.models", FutureWarning)
/data/gaob/Re-ID/conda-envs/tri_reid/lib/python3.10/site-packages/timm/models/registry.py:4: FutureWarning: Importing from timm.models.registry is deprecated, please import via timm.models
  warnings.warn(f"Importing from {__name__} is deprecated, please import via timm.models", FutureWarning)
/data/gaob/Re-ID/conda-envs/tri_reid/lib/python3.10/site-packages/timm/models/layers/__init__.py:48: FutureWarning: Importing from timm.models.layers is deprecated, please import via timm.layers
  warnings.warn(f"Importing from {__name__} is deprecated, please import via timm.layers", FutureWarning)
using Transformer_type: ViT-B-16 as a backbone
Resized position embedding: %s to %s torch.Size([197, 768]) torch.Size([129, 768])
Position embedding resize to height:8 width: 16
Successfully load ckpt!
<All keys matched successfully>
Loading pretrained model from CLIP
camera number is : 8
DEVELOPMENT_MISSING_CONDITION q_RNT_g_RNT {"mAP": 49.14268421647602, "mINP": 34.83000723953678, "Rank-1": 63.33333333333333, "Rank-5": 70.95238095238095, "Rank-10": 77.14285714285715, "Rank-20": 80.0}
DEVELOPMENT_MISSING_CONDITION q_RNT_g_NT {"mAP": 43.39055279000526, "mINP": 27.118518108973788, "Rank-1": 54.761904761904766, "Rank-5": 71.42857142857143, "Rank-10": 77.14285714285715, "Rank-20": 81.42857142857143}
DEVELOPMENT_MISSING_CONDITION q_RNT_g_RT {"mAP": 46.05259346342685, "mINP": 28.411307865166712, "Rank-1": 62.857142857142854, "Rank-5": 71.9047619047619, "Rank-10": 75.71428571428571, "Rank-20": 82.38095238095238}
DEVELOPMENT_MISSING_CONDITION q_RNT_g_RN {"mAP": 45.54827043528492, "mINP": 30.107192269709433, "Rank-1": 57.14285714285714, "Rank-5": 73.80952380952381, "Rank-10": 79.52380952380952, "Rank-20": 83.80952380952381}
DEVELOPMENT_MISSING_CONDITION q_RNT_g_T {"mAP": 20.684617566577774, "mINP": 8.150725039849556, "Rank-1": 30.0, "Rank-5": 50.95238095238095, "Rank-10": 59.523809523809526, "Rank-20": 71.42857142857143}
DEVELOPMENT_MISSING_CONDITION q_RNT_g_N {"mAP": 37.24092399639651, "mINP": 21.924370074247044, "Rank-1": 46.666666666666664, "Rank-5": 68.0952380952381, "Rank-10": 76.19047619047619, "Rank-20": 83.80952380952381}
DEVELOPMENT_MISSING_CONDITION q_RNT_g_R {"mAP": 42.27910030537653, "mINP": 24.810934258045357, "Rank-1": 54.761904761904766, "Rank-5": 76.19047619047619, "Rank-10": 80.95238095238095, "Rank-20": 85.23809523809524}
DEVELOPMENT_MISSING_CONDITION q_NT_g_RNT {"mAP": 42.534860986509344, "mINP": 28.441251061815986, "Rank-1": 53.80952380952381, "Rank-5": 72.38095238095238, "Rank-10": 76.66666666666667, "Rank-20": 81.9047619047619}
DEVELOPMENT_MISSING_CONDITION q_NT_g_NT {"mAP": 44.02910410371889, "mINP": 27.867572630755692, "Rank-1": 58.0952380952381, "Rank-5": 72.38095238095238, "Rank-10": 77.61904761904762, "Rank-20": 87.14285714285714}
DEVELOPMENT_MISSING_CONDITION q_NT_g_RT {"mAP": 33.6550246776782, "mINP": 19.014208215452356, "Rank-1": 43.80952380952381, "Rank-5": 61.42857142857143, "Rank-10": 68.0952380952381, "Rank-20": 76.19047619047619}
DEVELOPMENT_MISSING_CONDITION q_NT_g_RN {"mAP": 38.63355981718161, "mINP": 24.797823965284017, "Rank-1": 47.61904761904761, "Rank-5": 68.57142857142857, "Rank-10": 78.57142857142857, "Rank-20": 83.33333333333334}
DEVELOPMENT_MISSING_CONDITION q_NT_g_T {"mAP": 21.578494046751878, "mINP": 7.4474638384088925, "Rank-1": 36.19047619047619, "Rank-5": 58.0952380952381, "Rank-10": 62.38095238095238, "Rank-20": 69.04761904761905}
DEVELOPMENT_MISSING_CONDITION q_NT_g_N {"mAP": 39.64634691256113, "mINP": 22.844956955169298, "Rank-1": 50.476190476190474, "Rank-5": 74.76190476190476, "Rank-10": 79.52380952380952, "Rank-20": 87.14285714285714}
DEVELOPMENT_MISSING_CONDITION q_NT_g_R {"mAP": 30.40373551763239, "mINP": 16.540797861086947, "Rank-1": 38.57142857142858, "Rank-5": 61.42857142857143, "Rank-10": 68.57142857142857, "Rank-20": 76.66666666666667}
DEVELOPMENT_MISSING_CONDITION q_RT_g_RNT {"mAP": 43.847663039731, "mINP": 28.545039281478996, "Rank-1": 50.476190476190474, "Rank-5": 66.19047619047619, "Rank-10": 71.42857142857143, "Rank-20": 79.04761904761905}
DEVELOPMENT_MISSING_CONDITION q_RT_g_NT {"mAP": 30.952239155065513, "mINP": 15.20513446037573, "Rank-1": 38.57142857142858, "Rank-5": 61.904761904761905, "Rank-10": 67.61904761904762, "Rank-20": 75.23809523809524}
DEVELOPMENT_MISSING_CONDITION q_RT_g_RT {"mAP": 45.8795198684352, "mINP": 28.990809111198356, "Rank-1": 61.904761904761905, "Rank-5": 70.47619047619048, "Rank-10": 76.66666666666667, "Rank-20": 82.38095238095238}
DEVELOPMENT_MISSING_CONDITION q_RT_g_RN {"mAP": 42.016233462322816, "mINP": 26.162784217184242, "Rank-1": 50.95238095238095, "Rank-5": 70.0, "Rank-10": 77.14285714285715, "Rank-20": 83.80952380952381}
DEVELOPMENT_MISSING_CONDITION q_RT_g_T {"mAP": 21.976713233010404, "mINP": 7.212034724163476, "Rank-1": 37.61904761904762, "Rank-5": 54.285714285714285, "Rank-10": 63.33333333333333, "Rank-20": 70.0}
DEVELOPMENT_MISSING_CONDITION q_RT_g_N {"mAP": 31.297174156949392, "mINP": 17.938421853248286, "Rank-1": 38.095238095238095, "Rank-5": 64.76190476190476, "Rank-10": 75.71428571428571, "Rank-20": 83.80952380952381}
DEVELOPMENT_MISSING_CONDITION q_RT_g_R {"mAP": 41.680673672525614, "mINP": 24.56365711050244, "Rank-1": 53.80952380952381, "Rank-5": 70.95238095238095, "Rank-10": 77.14285714285715, "Rank-20": 84.28571428571429}
DEVELOPMENT_MISSING_CONDITION q_RN_g_RNT {"mAP": 45.6149460343604, "mINP": 32.1028035967936, "Rank-1": 52.85714285714286, "Rank-5": 71.9047619047619, "Rank-10": 76.19047619047619, "Rank-20": 80.47619047619048}
DEVELOPMENT_MISSING_CONDITION q_RN_g_NT {"mAP": 39.937821979162635, "mINP": 23.563616209549114, "Rank-1": 48.095238095238095, "Rank-5": 72.85714285714285, "Rank-10": 78.57142857142857, "Rank-20": 83.80952380952381}
DEVELOPMENT_MISSING_CONDITION q_RN_g_RT {"mAP": 43.12246854183418, "mINP": 28.403140857888598, "Rank-1": 52.85714285714286, "Rank-5": 70.95238095238095, "Rank-10": 78.57142857142857, "Rank-20": 85.23809523809524}
DEVELOPMENT_MISSING_CONDITION q_RN_g_RN {"mAP": 45.12891989367247, "mINP": 30.68985066408309, "Rank-1": 56.19047619047619, "Rank-5": 72.38095238095238, "Rank-10": 77.61904761904762, "Rank-20": 82.85714285714286}
DEVELOPMENT_MISSING_CONDITION q_RN_g_T {"mAP": 13.248121027890033, "mINP": 6.289298849060251, "Rank-1": 16.19047619047619, "Rank-5": 32.857142857142854, "Rank-10": 52.85714285714286, "Rank-20": 60.476190476190474}
DEVELOPMENT_MISSING_CONDITION q_RN_g_N {"mAP": 40.30427190729623, "mINP": 23.254238639526218, "Rank-1": 50.95238095238095, "Rank-5": 75.71428571428571, "Rank-10": 79.52380952380952, "Rank-20": 85.23809523809524}
DEVELOPMENT_MISSING_CONDITION q_RN_g_R {"mAP": 42.11061620073819, "mINP": 25.655795035657064, "Rank-1": 53.80952380952381, "Rank-5": 71.42857142857143, "Rank-10": 77.61904761904762, "Rank-20": 84.28571428571429}
DEVELOPMENT_MISSING_CONDITION q_T_g_RNT {"mAP": 12.686176898591874, "mINP": 8.046086554753291, "Rank-1": 10.476190476190476, "Rank-5": 24.761904761904763, "Rank-10": 35.23809523809524, "Rank-20": 46.666666666666664}
DEVELOPMENT_MISSING_CONDITION q_T_g_NT {"mAP": 11.263484586605523, "mINP": 5.756780658522394, "Rank-1": 11.904761904761903, "Rank-5": 31.428571428571427, "Rank-10": 44.285714285714285, "Rank-20": 57.61904761904761}
DEVELOPMENT_MISSING_CONDITION q_T_g_RT {"mAP": 17.604083979036496, "mINP": 6.537761825542171, "Rank-1": 32.38095238095238, "Rank-5": 45.23809523809524, "Rank-10": 52.85714285714286, "Rank-20": 62.38095238095238}
DEVELOPMENT_MISSING_CONDITION q_T_g_RN {"mAP": 11.632590863215567, "mINP": 7.486860629760502, "Rank-1": 10.476190476190476, "Rank-5": 25.238095238095237, "Rank-10": 34.76190476190476, "Rank-20": 46.19047619047619}
DEVELOPMENT_MISSING_CONDITION q_T_g_T {"mAP": 19.246668885706793, "mINP": 6.2075121006657135, "Rank-1": 36.19047619047619, "Rank-5": 56.666666666666664, "Rank-10": 61.42857142857143, "Rank-20": 67.61904761904762}
DEVELOPMENT_MISSING_CONDITION q_T_g_N {"mAP": 9.253737504589493, "mINP": 5.638678031039437, "Rank-1": 7.142857142857142, "Rank-5": 21.428571428571427, "Rank-10": 30.0, "Rank-20": 43.80952380952381}
DEVELOPMENT_MISSING_CONDITION q_T_g_R {"mAP": 11.965864115970087, "mINP": 7.169534545623151, "Rank-1": 10.952380952380953, "Rank-5": 26.190476190476193, "Rank-10": 37.142857142857146, "Rank-20": 47.14285714285714}
DEVELOPMENT_MISSING_CONDITION q_N_g_RNT {"mAP": 41.295966915664664, "mINP": 25.76418370775986, "Rank-1": 54.285714285714285, "Rank-5": 72.38095238095238, "Rank-10": 76.66666666666667, "Rank-20": 82.85714285714286}
DEVELOPMENT_MISSING_CONDITION q_N_g_NT {"mAP": 39.17918682024448, "mINP": 22.857038685125595, "Rank-1": 49.047619047619044, "Rank-5": 73.33333333333333, "Rank-10": 78.57142857142857, "Rank-20": 85.23809523809524}
DEVELOPMENT_MISSING_CONDITION q_N_g_RT {"mAP": 31.275625100363442, "mINP": 19.286442631224475, "Rank-1": 33.80952380952381, "Rank-5": 62.38095238095238, "Rank-10": 70.95238095238095, "Rank-20": 80.95238095238095}
DEVELOPMENT_MISSING_CONDITION q_N_g_RN {"mAP": 38.23869764314566, "mINP": 24.13027322001665, "Rank-1": 46.666666666666664, "Rank-5": 70.47619047619048, "Rank-10": 76.19047619047619, "Rank-20": 86.19047619047619}
DEVELOPMENT_MISSING_CONDITION q_N_g_T {"mAP": 12.014453931930808, "mINP": 6.005040755713477, "Rank-1": 11.904761904761903, "Rank-5": 34.285714285714285, "Rank-10": 49.047619047619044, "Rank-20": 62.38095238095238}
DEVELOPMENT_MISSING_CONDITION q_N_g_N {"mAP": 39.89707939084369, "mINP": 22.550197456647382, "Rank-1": 50.476190476190474, "Rank-5": 73.80952380952381, "Rank-10": 80.0, "Rank-20": 88.57142857142857}
DEVELOPMENT_MISSING_CONDITION q_N_g_R {"mAP": 31.60101761783406, "mINP": 18.111745871367326, "Rank-1": 40.0, "Rank-5": 63.8095238095238, "Rank-10": 67.61904761904762, "Rank-20": 78.0952380952381}
DEVELOPMENT_MISSING_CONDITION q_R_g_RNT {"mAP": 40.15002359274816, "mINP": 26.214534537570117, "Rank-1": 47.14285714285714, "Rank-5": 67.14285714285714, "Rank-10": 77.14285714285715, "Rank-20": 83.80952380952381}
DEVELOPMENT_MISSING_CONDITION q_R_g_NT {"mAP": 31.9297812203277, "mINP": 17.786726474470353, "Rank-1": 35.23809523809524, "Rank-5": 61.42857142857143, "Rank-10": 70.0, "Rank-20": 80.95238095238095}
DEVELOPMENT_MISSING_CONDITION q_R_g_RT {"mAP": 40.59102744449264, "mINP": 25.664564073090208, "Rank-1": 49.523809523809526, "Rank-5": 69.04761904761905, "Rank-10": 75.23809523809524, "Rank-20": 83.80952380952381}
DEVELOPMENT_MISSING_CONDITION q_R_g_RN {"mAP": 39.96490213867725, "mINP": 24.33717016850515, "Rank-1": 50.0, "Rank-5": 68.57142857142857, "Rank-10": 76.66666666666667, "Rank-20": 84.76190476190476}
DEVELOPMENT_MISSING_CONDITION q_R_g_T {"mAP": 11.6755001841719, "mINP": 5.774030327924249, "Rank-1": 11.904761904761903, "Rank-5": 28.57142857142857, "Rank-10": 43.80952380952381, "Rank-20": 61.42857142857143}
DEVELOPMENT_MISSING_CONDITION q_R_g_N {"mAP": 32.84545751571061, "mINP": 19.659183446159567, "Rank-1": 37.142857142857146, "Rank-5": 66.66666666666666, "Rank-10": 75.71428571428571, "Rank-20": 82.38095238095238}
DEVELOPMENT_MISSING_CONDITION q_R_g_R {"mAP": 40.990821693892755, "mINP": 23.52235405168289, "Rank-1": 54.285714285714285, "Rank-5": 68.0952380952381, "Rank-10": 75.23809523809524, "Rank-20": 81.9047619047619}
