/data/gaob/Re-ID/conda-envs/tri_reid/lib/python3.10/site-packages/timm/models/helpers.py:7: FutureWarning: Importing from timm.models.helpers is deprecated, please import via timm.models
  warnings.warn(f"Importing from {__name__} is deprecated, please import via timm.models", FutureWarning)
/data/gaob/Re-ID/conda-envs/tri_reid/lib/python3.10/site-packages/timm/models/registry.py:4: FutureWarning: Importing from timm.models.registry is deprecated, please import via timm.models
  warnings.warn(f"Importing from {__name__} is deprecated, please import via timm.models", FutureWarning)
/data/gaob/Re-ID/conda-envs/tri_reid/lib/python3.10/site-packages/timm/models/layers/__init__.py:48: FutureWarning: Importing from timm.models.layers is deprecated, please import via timm.layers
  warnings.warn(f"Importing from {__name__} is deprecated, please import via timm.layers", FutureWarning)
using Transformer_type: ViT-B-16 as a backbone
Resized position embedding: %s to %s torch.Size([197, 768]) torch.Size([129, 768])
Position embedding resize to height:8 width: 16
Successfully load ckpt!
<All keys matched successfully>
Loading pretrained model from CLIP
camera number is : 8
===========Building DeMo===========
MISSING_CONDITION clean {"mAP": 81.1026381141316, "mINP": 56.071993275368236, "Rank-1": 94.05247813411079, "Rank-5": 94.75218658892129, "Rank-10": 95.3935860058309, "Rank-20": 97.37609329446065}
MISSING_CONDITION both_missing_r {"mAP": 72.88515135645955, "mINP": 42.80975245831598, "Rank-1": 91.72011661807579, "Rank-5": 92.82798833819243, "Rank-10": 93.46938775510203, "Rank-20": 94.92711370262391}
MISSING_CONDITION query_missing_r {"mAP": 65.38041878985487, "mINP": 37.948325932037406, "Rank-1": 78.89212827988338, "Rank-5": 81.865889212828, "Rank-10": 83.90670553935861, "Rank-20": 86.41399416909621}
MISSING_CONDITION both_missing_n {"mAP": 78.71381326756371, "mINP": 48.56102256917437, "Rank-1": 93.93586005830905, "Rank-5": 95.8600583090379, "Rank-10": 96.38483965014576, "Rank-20": 97.37609329446065}
MISSING_CONDITION query_missing_n {"mAP": 75.45561180277019, "mINP": 45.28966535978785, "Rank-1": 90.14577259475219, "Rank-5": 92.53644314868804, "Rank-10": 93.70262390670554, "Rank-20": 95.45189504373178}
MISSING_CONDITION both_missing_t {"mAP": 66.1890437161527, "mINP": 40.994772872511, "Rank-1": 79.94169096209912, "Rank-5": 82.21574344023324, "Rank-10": 84.3731778425656, "Rank-20": 86.93877551020408}
MISSING_CONDITION query_missing_t {"mAP": 60.18631901226124, "mINP": 36.474268298634236, "Rank-1": 72.59475218658892, "Rank-5": 76.38483965014578, "Rank-10": 78.83381924198251, "Rank-20": 82.9737609329446}
MISSING_CONDITION both_missing_rn {"mAP": 41.88385704884553, "mINP": 17.512663715588427, "Rank-1": 65.13119533527697, "Rank-5": 71.4868804664723, "Rank-10": 74.63556851311954, "Rank-20": 79.067055393586}
MISSING_CONDITION query_missing_rn {"mAP": 21.841007543853525, "mINP": 13.4572586341076, "Rank-1": 21.982507288629737, "Rank-5": 25.65597667638484, "Rank-10": 27.521865889212826, "Rank-20": 30.495626822157433}
MISSING_CONDITION both_missing_rt {"mAP": 51.43605537844016, "mINP": 25.804210033845976, "Rank-1": 70.14577259475219, "Rank-5": 73.58600583090379, "Rank-10": 75.80174927113703, "Rank-20": 78.19241982507289}
MISSING_CONDITION query_missing_rt {"mAP": 28.295537025283267, "mINP": 16.393572690536637, "Rank-1": 27.638483965014576, "Rank-5": 32.12827988338192, "Rank-10": 34.75218658892128, "Rank-20": 38.13411078717201}
MISSING_CONDITION both_missing_nt {"mAP": 61.732391827508025, "mINP": 35.68289700551615, "Rank-1": 77.25947521865889, "Rank-5": 80.29154518950438, "Rank-10": 82.79883381924198, "Rank-20": 85.42274052478133}
MISSING_CONDITION query_missing_nt {"mAP": 40.61040785686161, "mINP": 24.786792347164496, "Rank-1": 42.798833819241985, "Rank-5": 48.57142857142857, "Rank-10": 50.90379008746355, "Rank-20": 55.21865889212828}
