/data/gaob/Re-ID/conda-envs/tri_reid/lib/python3.10/site-packages/timm/models/helpers.py:7: FutureWarning: Importing from timm.models.helpers is deprecated, please import via timm.models
  warnings.warn(f"Importing from {__name__} is deprecated, please import via timm.models", FutureWarning)
/data/gaob/Re-ID/conda-envs/tri_reid/lib/python3.10/site-packages/timm/models/registry.py:4: FutureWarning: Importing from timm.models.registry is deprecated, please import via timm.models
  warnings.warn(f"Importing from {__name__} is deprecated, please import via timm.models", FutureWarning)
/data/gaob/Re-ID/conda-envs/tri_reid/lib/python3.10/site-packages/timm/models/layers/__init__.py:48: FutureWarning: Importing from timm.models.layers is deprecated, please import via timm.layers
  warnings.warn(f"Importing from {__name__} is deprecated, please import via timm.layers", FutureWarning)
using Transformer_type: ViT-B-16 as a backbone
Resized position embedding: %s to %s torch.Size([197, 768]) torch.Size([129, 768])
Position embedding resize to height:16 width: 8
Successfully load ckpt!
<All keys matched successfully>
Loading pretrained model from CLIP
camera number is : 4
OFFICIAL_49 RGBNT201 demo_shared q_RNT_g_RNT {"mAP": 73.70794213173309, "mINP": 61.831264188522475, "Rank-1": 76.91387559808612, "Rank-5": 84.56937799043062, "Rank-10": 90.66985645933015, "Rank-20": 93.77990430622009}
OFFICIAL_49 RGBNT201 demo_shared q_RNT_g_R {"mAP": 33.39608250741015, "mINP": 24.751319646061674, "Rank-1": 28.708133971291865, "Rank-5": 47.96650717703349, "Rank-10": 57.77511961722488, "Rank-20": 68.6602870813397}
OFFICIAL_49 RGBNT201 demo_shared q_RNT_g_N {"mAP": 27.12169823778928, "mINP": 18.794491152650448, "Rank-1": 24.52153110047847, "Rank-5": 41.38755980861244, "Rank-10": 52.751196172248804, "Rank-20": 63.51674641148325}
OFFICIAL_49 RGBNT201 demo_shared q_RNT_g_T {"mAP": 35.8171232850314, "mINP": 22.99985706270191, "Rank-1": 37.20095693779905, "Rank-5": 55.622009569377994, "Rank-10": 63.75598086124402, "Rank-20": 74.04306220095694}
OFFICIAL_49 RGBNT201 demo_shared q_RNT_g_RN {"mAP": 52.06765031225782, "mINP": 39.65692625676006, "Rank-1": 49.760765550239235, "Rank-5": 64.11483253588517, "Rank-10": 72.48803827751196, "Rank-20": 82.05741626794259}
OFFICIAL_49 RGBNT201 demo_shared q_RNT_g_RT {"mAP": 65.94493153582175, "mINP": 52.7427891375458, "Rank-1": 69.377990430622, "Rank-5": 81.81818181818183, "Rank-10": 87.5598086124402, "Rank-20": 91.50717703349282}
OFFICIAL_49 RGBNT201 demo_shared q_RNT_g_NT {"mAP": 63.125677002769386, "mINP": 48.74885164647947, "Rank-1": 64.47368421052632, "Rank-5": 75.23923444976076, "Rank-10": 79.30622009569377, "Rank-20": 87.20095693779905}
OFFICIAL_49 RGBNT201 demo_shared q_R_g_RNT {"mAP": 36.83857750847179, "mINP": 27.69564693049104, "Rank-1": 31.100478468899524, "Rank-5": 47.96650717703349, "Rank-10": 56.10047846889952, "Rank-20": 68.54066985645933}
OFFICIAL_49 RGBNT201 demo_shared q_R_g_R {"mAP": 34.206445681173115, "mINP": 25.21910378185917, "Rank-1": 32.6555023923445, "Rank-5": 46.65071770334928, "Rank-10": 55.26315789473685, "Rank-20": 67.58373205741627}
OFFICIAL_49 RGBNT201 demo_shared q_R_g_N {"mAP": 12.99703837920165, "mINP": 9.985531730347073, "Rank-1": 8.851674641148326, "Rank-5": 19.138755980861244, "Rank-10": 23.684210526315788, "Rank-20": 30.861244019138756}
OFFICIAL_49 RGBNT201 demo_shared q_R_g_T {"mAP": 9.77248493347723, "mINP": 6.4000701790824195, "Rank-1": 7.894736842105263, "Rank-5": 15.789473684210526, "Rank-10": 21.411483253588518, "Rank-20": 28.947368421052634}
OFFICIAL_49 RGBNT201 demo_shared q_R_g_RN {"mAP": 34.92780049889265, "mINP": 25.817447664001126, "Rank-1": 32.6555023923445, "Rank-5": 47.72727272727273, "Rank-10": 58.49282296650718, "Rank-20": 69.85645933014354}
OFFICIAL_49 RGBNT201 demo_shared q_R_g_RT {"mAP": 35.34683520843515, "mINP": 25.413355360667918, "Rank-1": 33.25358851674641, "Rank-5": 48.44497607655502, "Rank-10": 58.61244019138756, "Rank-20": 70.21531100478468}
OFFICIAL_49 RGBNT201 demo_shared q_R_g_NT {"mAP": 13.789792148870456, "mINP": 10.685114984049683, "Rank-1": 10.287081339712918, "Rank-5": 16.267942583732058, "Rank-10": 23.56459330143541, "Rank-20": 32.057416267942585}
OFFICIAL_49 RGBNT201 demo_shared q_N_g_RNT {"mAP": 26.49371704229549, "mINP": 18.274332854394213, "Rank-1": 24.04306220095694, "Rank-5": 36.483253588516746, "Rank-10": 44.49760765550239, "Rank-20": 55.74162679425837}
OFFICIAL_49 RGBNT201 demo_shared q_N_g_R {"mAP": 12.324868812410756, "mINP": 10.27513059817749, "Rank-1": 8.971291866028707, "Rank-5": 14.23444976076555, "Rank-10": 18.301435406698566, "Rank-20": 25.598086124401913}
OFFICIAL_49 RGBNT201 demo_shared q_N_g_N {"mAP": 27.51206621870899, "mINP": 19.320215591502095, "Rank-1": 23.444976076555022, "Rank-5": 40.19138755980861, "Rank-10": 48.92344497607656, "Rank-20": 61.72248803827751}
OFFICIAL_49 RGBNT201 demo_shared q_N_g_T {"mAP": 5.297285372225938, "mINP": 4.420172715221096, "Rank-1": 2.751196172248804, "Rank-5": 7.4162679425837315, "Rank-10": 11.363636363636363, "Rank-20": 18.062200956937797}
OFFICIAL_49 RGBNT201 demo_shared q_N_g_RN {"mAP": 27.338978407385877, "mINP": 19.021327864535273, "Rank-1": 24.2822966507177, "Rank-5": 35.047846889952154, "Rank-10": 45.8133971291866, "Rank-20": 60.28708133971292}
OFFICIAL_49 RGBNT201 demo_shared q_N_g_RT {"mAP": 14.355218537658319, "mINP": 10.977530680015427, "Rank-1": 11.363636363636363, "Rank-5": 18.181818181818183, "Rank-10": 21.770334928229666, "Rank-20": 29.784688995215312}
OFFICIAL_49 RGBNT201 demo_shared q_N_g_NT {"mAP": 25.887665305483722, "mINP": 18.094263086973893, "Rank-1": 22.129186602870814, "Rank-5": 36.84210526315789, "Rank-10": 45.57416267942584, "Rank-20": 58.73205741626795}
OFFICIAL_49 RGBNT201 demo_shared q_T_g_RNT {"mAP": 35.96642899677441, "mINP": 27.646754159450186, "Rank-1": 33.61244019138756, "Rank-5": 46.889952153110045, "Rank-10": 55.980861244019145, "Rank-20": 70.81339712918661}
OFFICIAL_49 RGBNT201 demo_shared q_T_g_R {"mAP": 9.846151000739878, "mINP": 6.804125901901298, "Rank-1": 9.569377990430622, "Rank-5": 14.71291866028708, "Rank-10": 19.497607655502392, "Rank-20": 24.2822966507177}
OFFICIAL_49 RGBNT201 demo_shared q_T_g_N {"mAP": 8.035187588254706, "mINP": 5.442560500472412, "Rank-1": 8.133971291866029, "Rank-5": 15.789473684210526, "Rank-10": 18.660287081339714, "Rank-20": 22.48803827751196}
OFFICIAL_49 RGBNT201 demo_shared q_T_g_T {"mAP": 40.61357091456131, "mINP": 28.578716033501657, "Rank-1": 40.19138755980861, "Rank-5": 56.2200956937799, "Rank-10": 64.95215311004785, "Rank-20": 78.4688995215311}
OFFICIAL_49 RGBNT201 demo_shared q_T_g_RN {"mAP": 11.11968006854447, "mINP": 7.506233775076726, "Rank-1": 11.24401913875598, "Rank-5": 15.311004784688995, "Rank-10": 17.822966507177032, "Rank-20": 23.684210526315788}
OFFICIAL_49 RGBNT201 demo_shared q_T_g_RT {"mAP": 36.823108445652394, "mINP": 28.19243241024585, "Rank-1": 35.16746411483253, "Rank-5": 50.95693779904307, "Rank-10": 61.36363636363637, "Rank-20": 74.88038277511961}
OFFICIAL_49 RGBNT201 demo_shared q_T_g_NT {"mAP": 38.03258315927661, "mINP": 27.499265459866262, "Rank-1": 37.20095693779905, "Rank-5": 53.588516746411486, "Rank-10": 61.602870813397125, "Rank-20": 75.23923444976076}
OFFICIAL_49 RGBNT201 demo_shared q_RN_g_RNT {"mAP": 50.89568652996409, "mINP": 40.28598074003848, "Rank-1": 46.770334928229666, "Rank-5": 60.4066985645933, "Rank-10": 68.6602870813397, "Rank-20": 79.06698564593302}
OFFICIAL_49 RGBNT201 demo_shared q_RN_g_R {"mAP": 33.75208070974185, "mINP": 25.074541019278936, "Rank-1": 29.665071770334926, "Rank-5": 45.8133971291866, "Rank-10": 55.14354066985646, "Rank-20": 67.10526315789474}
OFFICIAL_49 RGBNT201 demo_shared q_RN_g_N {"mAP": 26.49174745580632, "mINP": 18.528152670866614, "Rank-1": 24.16267942583732, "Rank-5": 39.11483253588517, "Rank-10": 49.641148325358856, "Rank-20": 63.51674641148325}
OFFICIAL_49 RGBNT201 demo_shared q_RN_g_T {"mAP": 8.543302469320487, "mINP": 5.901654013981669, "Rank-1": 6.4593301435406705, "Rank-5": 15.19138755980861, "Rank-10": 20.813397129186605, "Rank-20": 27.990430622009573}
OFFICIAL_49 RGBNT201 demo_shared q_RN_g_RN {"mAP": 51.76200997205741, "mINP": 40.472245329673676, "Rank-1": 47.12918660287082, "Rank-5": 62.20095693779905, "Rank-10": 71.5311004784689, "Rank-20": 81.69856459330144}
OFFICIAL_49 RGBNT201 demo_shared q_RN_g_RT {"mAP": 36.813151122463815, "mINP": 26.038281168408744, "Rank-1": 33.97129186602871, "Rank-5": 50.358851674641144, "Rank-10": 59.33014354066985, "Rank-20": 69.13875598086125}
OFFICIAL_49 RGBNT201 demo_shared q_RN_g_NT {"mAP": 26.68362085144345, "mINP": 18.13869710754055, "Rank-1": 23.56459330143541, "Rank-5": 40.07177033492823, "Rank-10": 47.248803827751196, "Rank-20": 60.04784688995215}
OFFICIAL_49 RGBNT201 demo_shared q_RT_g_RNT {"mAP": 66.17285890475192, "mINP": 53.975023473464475, "Rank-1": 67.46411483253588, "Rank-5": 81.10047846889952, "Rank-10": 87.20095693779905, "Rank-20": 92.46411483253588}
OFFICIAL_49 RGBNT201 demo_shared q_RT_g_R {"mAP": 34.65899738668965, "mINP": 26.076817565354226, "Rank-1": 31.33971291866029, "Rank-5": 49.04306220095694, "Rank-10": 59.09090909090909, "Rank-20": 71.77033492822966}
OFFICIAL_49 RGBNT201 demo_shared q_RT_g_N {"mAP": 15.890987156695696, "mINP": 10.946129422853767, "Rank-1": 11.961722488038278, "Rank-5": 25.837320574162682, "Rank-10": 29.904306220095695, "Rank-20": 36.124401913875595}
OFFICIAL_49 RGBNT201 demo_shared q_RT_g_T {"mAP": 39.48014580859833, "mINP": 26.601709767452135, "Rank-1": 40.311004784689, "Rank-5": 57.29665071770334, "Rank-10": 64.83253588516746, "Rank-20": 76.19617224880383}
OFFICIAL_49 RGBNT201 demo_shared q_RT_g_RN {"mAP": 36.819073594506825, "mINP": 27.35435840154396, "Rank-1": 35.526315789473685, "Rank-5": 50.358851674641144, "Rank-10": 60.76555023923444, "Rank-20": 73.56459330143541}
OFFICIAL_49 RGBNT201 demo_shared q_RT_g_RT {"mAP": 67.28451260798985, "mINP": 54.70509247404101, "Rank-1": 70.09569377990431, "Rank-5": 83.3732057416268, "Rank-10": 89.83253588516746, "Rank-20": 93.6602870813397}
OFFICIAL_49 RGBNT201 demo_shared q_RT_g_NT {"mAP": 43.34099020987156, "mINP": 31.034869761936925, "Rank-1": 42.942583732057415, "Rank-5": 59.44976076555024, "Rank-10": 69.85645933014354, "Rank-20": 80.26315789473685}
OFFICIAL_49 RGBNT201 demo_shared q_NT_g_RNT {"mAP": 61.67657330597338, "mINP": 47.081896841516105, "Rank-1": 65.07177033492823, "Rank-5": 74.76076555023924, "Rank-10": 79.30622009569377, "Rank-20": 86.1244019138756}
OFFICIAL_49 RGBNT201 demo_shared q_NT_g_R {"mAP": 12.844842804908449, "mINP": 10.60899687073976, "Rank-1": 8.851674641148326, "Rank-5": 13.277511961722489, "Rank-10": 17.822966507177032, "Rank-20": 28.4688995215311}
OFFICIAL_49 RGBNT201 demo_shared q_NT_g_N {"mAP": 27.046557322400062, "mINP": 18.746639057831597, "Rank-1": 24.880382775119617, "Rank-5": 39.354066985645936, "Rank-10": 49.52153110047847, "Rank-20": 62.55980861244019}
OFFICIAL_49 RGBNT201 demo_shared q_NT_g_T {"mAP": 37.972965911627576, "mINP": 25.210966619109758, "Rank-1": 38.516746411483254, "Rank-5": 55.622009569377994, "Rank-10": 64.83253588516746, "Rank-20": 75.5980861244019}
OFFICIAL_49 RGBNT201 demo_shared q_NT_g_RN {"mAP": 28.248565848886724, "mINP": 20.147097221422154, "Rank-1": 25.11961722488038, "Rank-5": 39.23444976076555, "Rank-10": 49.04306220095694, "Rank-20": 65.311004784689}
OFFICIAL_49 RGBNT201 demo_shared q_NT_g_RT {"mAP": 42.861454189283954, "mINP": 30.545795782769126, "Rank-1": 44.37799043062201, "Rank-5": 60.16746411483253, "Rank-10": 67.58373205741627, "Rank-20": 76.67464114832536}
OFFICIAL_49 RGBNT201 demo_shared q_NT_g_NT {"mAP": 62.99052897866938, "mINP": 48.71633708922438, "Rank-1": 64.83253588516746, "Rank-5": 74.88038277511961, "Rank-10": 78.82775119617224, "Rank-20": 85.64593301435407}
