/data/gaob/Re-ID/conda-envs/tri_reid/lib/python3.10/site-packages/timm/models/helpers.py:7: FutureWarning: Importing from timm.models.helpers is deprecated, please import via timm.models
  warnings.warn(f"Importing from {__name__} is deprecated, please import via timm.models", FutureWarning)
/data/gaob/Re-ID/conda-envs/tri_reid/lib/python3.10/site-packages/timm/models/registry.py:4: FutureWarning: Importing from timm.models.registry is deprecated, please import via timm.models
  warnings.warn(f"Importing from {__name__} is deprecated, please import via timm.models", FutureWarning)
/data/gaob/Re-ID/conda-envs/tri_reid/lib/python3.10/site-packages/timm/models/layers/__init__.py:48: FutureWarning: Importing from timm.models.layers is deprecated, please import via timm.layers
  warnings.warn(f"Importing from {__name__} is deprecated, please import via timm.layers", FutureWarning)
using Transformer_type: ViT-B-16 as a backbone
Resized position embedding: %s to %s torch.Size([197, 768]) torch.Size([129, 768])
Position embedding resize to height:8 width: 16
Successfully load ckpt!
<All keys matched successfully>
Loading pretrained model from CLIP
camera number is : 8
MISSING_CONDITION clean {"mAP": 35.6352941182556, "mINP": 15.40939201761863, "Rank-1": 53.299492385786806, "Rank-5": 69.7123519458545, "Rank-10": 77.15736040609137, "Rank-20": 81.7258883248731}
MISSING_CONDITION both_missing_r {"mAP": 28.14671215247663, "mINP": 10.98348373863365, "Rank-1": 45.854483925549914, "Rank-5": 66.15905245346869, "Rank-10": 72.25042301184433, "Rank-20": 79.01861252115059}
MISSING_CONDITION query_missing_r {"mAP": 16.3560080509395, "mINP": 7.556694056577682, "Rank-1": 18.274111675126903, "Rank-5": 40.27072758037225, "Rank-10": 52.96108291032149, "Rank-20": 62.605752961082906}
MISSING_CONDITION both_missing_n {"mAP": 31.378861581387334, "mINP": 12.934575780089308, "Rank-1": 46.53130287648054, "Rank-5": 64.9746192893401, "Rank-10": 73.9424703891709, "Rank-20": 79.01861252115059}
MISSING_CONDITION query_missing_n {"mAP": 23.936013983812632, "mINP": 10.261083879465913, "Rank-1": 32.48730964467005, "Rank-5": 55.16074450084603, "Rank-10": 67.17428087986464, "Rank-20": 77.32656514382403}
MISSING_CONDITION both_missing_t {"mAP": 34.8391356930698, "mINP": 15.804688118623137, "Rank-1": 50.930626057529615, "Rank-5": 71.2351945854484, "Rank-10": 78.1725888324873, "Rank-20": 81.89509306260575}
MISSING_CONDITION query_missing_t {"mAP": 33.69686712476042, "mINP": 14.385937903758006, "Rank-1": 49.407783417935704, "Rank-5": 69.88155668358715, "Rank-10": 76.98815566835871, "Rank-20": 84.4331641285956}
MISSING_CONDITION both_missing_rn {"mAP": 7.636150622543381, "mINP": 1.9763527727471784, "Rank-1": 16.412859560067684, "Rank-5": 30.79526226734349, "Rank-10": 40.4399323181049, "Rank-20": 51.60744500846024}
MISSING_CONDITION query_missing_rn {"mAP": 3.547233997618572, "mINP": 3.2335945052513027, "Rank-1": 1.8612521150592216, "Rank-5": 3.0456852791878175, "Rank-10": 3.3840947546531304, "Rank-20": 7.7834179357022}
MISSING_CONDITION both_missing_rt {"mAP": 25.455591817705336, "mINP": 9.106213165567059, "Rank-1": 42.8087986463621, "Rank-5": 63.45177664974619, "Rank-10": 71.91201353637902, "Rank-20": 78.84940778341793}
MISSING_CONDITION query_missing_rt {"mAP": 10.988028531975846, "mINP": 6.006592801259658, "Rank-1": 8.460236886632826, "Rank-5": 23.688663282571913, "Rank-10": 34.686971235194584, "Rank-20": 47.03891708967851}
MISSING_CONDITION both_missing_nt {"mAP": 30.886748276342963, "mINP": 14.381363024797947, "Rank-1": 44.83925549915397, "Rank-5": 64.80541455160744, "Rank-10": 72.92724196277496, "Rank-20": 79.18781725888326}
MISSING_CONDITION query_missing_nt {"mAP": 16.41333136500612, "mINP": 8.00385431946789, "Rank-1": 15.228426395939088, "Rank-5": 42.47038917089678, "Rank-10": 58.03722504230119, "Rank-20": 69.37394247038917}
