/data/gaob/Re-ID/conda-envs/tri_reid/lib/python3.10/site-packages/timm/models/helpers.py:7: FutureWarning: Importing from timm.models.helpers is deprecated, please import via timm.models
  warnings.warn(f"Importing from {__name__} is deprecated, please import via timm.models", FutureWarning)
/data/gaob/Re-ID/conda-envs/tri_reid/lib/python3.10/site-packages/timm/models/registry.py:4: FutureWarning: Importing from timm.models.registry is deprecated, please import via timm.models
  warnings.warn(f"Importing from {__name__} is deprecated, please import via timm.models", FutureWarning)
/data/gaob/Re-ID/conda-envs/tri_reid/lib/python3.10/site-packages/timm/models/layers/__init__.py:48: FutureWarning: Importing from timm.models.layers is deprecated, please import via timm.layers
  warnings.warn(f"Importing from {__name__} is deprecated, please import via timm.layers", FutureWarning)
using Transformer_type: ViT-B-16 as a backbone
Resized position embedding: %s to %s torch.Size([197, 768]) torch.Size([129, 768])
Position embedding resize to height:8 width: 16
Successfully load ckpt!
<All keys matched successfully>
Loading pretrained model from CLIP
camera number is : 8
OFFICIAL_49 MSVR310 frequency_shared q_RNT_g_RNT {"mAP": 46.7534666422225, "mINP": 24.13873450766829, "Rank-1": 62.944162436548226, "Rank-5": 79.35702199661591, "Rank-10": 84.4331641285956, "Rank-20": 88.83248730964468}
OFFICIAL_49 MSVR310 frequency_shared q_RNT_g_R {"mAP": 39.89990549005864, "mINP": 19.927275557067755, "Rank-1": 53.63790186125211, "Rank-5": 72.58883248730965, "Rank-10": 79.86463620981388, "Rank-20": 86.46362098138748}
OFFICIAL_49 MSVR310 frequency_shared q_RNT_g_N {"mAP": 32.4826095914525, "mINP": 13.207040456702876, "Rank-1": 47.20812182741117, "Rank-5": 73.60406091370558, "Rank-10": 79.69543147208121, "Rank-20": 87.30964467005076}
OFFICIAL_49 MSVR310 frequency_shared q_RNT_g_T {"mAP": 12.804347022449173, "mINP": 3.520466013796598, "Rank-1": 20.473773265651438, "Rank-5": 41.28595600676819, "Rank-10": 51.09983079526227, "Rank-20": 65.31302876480541}
OFFICIAL_49 MSVR310 frequency_shared q_RNT_g_RN {"mAP": 44.98290025893709, "mINP": 23.105846664517742, "Rank-1": 60.575296108291035, "Rank-5": 76.81895093062606, "Rank-10": 84.94077834179356, "Rank-20": 89.00169204737732}
OFFICIAL_49 MSVR310 frequency_shared q_RNT_g_RT {"mAP": 43.38924256604926, "mINP": 22.073409310536913, "Rank-1": 56.683587140439926, "Rank-5": 75.80372250423012, "Rank-10": 81.7258883248731, "Rank-20": 86.46362098138748}
OFFICIAL_49 MSVR310 frequency_shared q_RNT_g_NT {"mAP": 37.2147243025515, "mINP": 16.00975248603081, "Rank-1": 54.653130287648054, "Rank-5": 75.29610829103216, "Rank-10": 81.38747884940778, "Rank-20": 86.97123519458545}
OFFICIAL_49 MSVR310 frequency_shared q_R_g_RNT {"mAP": 39.11062804914023, "mINP": 20.28001650559186, "Rank-1": 52.28426395939086, "Rank-5": 70.89678510998309, "Rank-10": 77.15736040609137, "Rank-20": 84.26395939086294}
OFFICIAL_49 MSVR310 frequency_shared q_R_g_R {"mAP": 36.48911047610854, "mINP": 19.077393498771922, "Rank-1": 49.06937394247039, "Rank-5": 66.66666666666666, "Rank-10": 74.61928934010153, "Rank-20": 82.40270727580372}
OFFICIAL_49 MSVR310 frequency_shared q_R_g_N {"mAP": 25.455912471302796, "mINP": 10.799869160020728, "Rank-1": 33.33333333333333, "Rank-5": 59.22165820642979, "Rank-10": 69.54314720812182, "Rank-20": 78.34179357021996}
OFFICIAL_49 MSVR310 frequency_shared q_R_g_T {"mAP": 7.4118253061319095, "mINP": 2.611987708460937, "Rank-1": 6.598984771573605, "Rank-5": 25.211505922165824, "Rank-10": 36.71742808798646, "Rank-20": 50.592216582064296}
OFFICIAL_49 MSVR310 frequency_shared q_R_g_RN {"mAP": 37.98097484116823, "mINP": 20.426794335794746, "Rank-1": 51.09983079526227, "Rank-5": 69.54314720812182, "Rank-10": 77.32656514382403, "Rank-20": 83.58714043993231}
OFFICIAL_49 MSVR310 frequency_shared q_R_g_RT {"mAP": 38.28553764299085, "mINP": 19.853238050444524, "Rank-1": 51.438240270727576, "Rank-5": 68.52791878172589, "Rank-10": 75.63451776649747, "Rank-20": 82.57191201353638}
OFFICIAL_49 MSVR310 frequency_shared q_R_g_NT {"mAP": 26.328503717476593, "mINP": 11.639440945703544, "Rank-1": 34.179357021996616, "Rank-5": 59.390862944162436, "Rank-10": 69.37394247038917, "Rank-20": 77.834179357022}
OFFICIAL_49 MSVR310 frequency_shared q_N_g_RNT {"mAP": 33.11859620914736, "mINP": 14.619228966295545, "Rank-1": 45.68527918781726, "Rank-5": 68.02030456852792, "Rank-10": 76.14213197969542, "Rank-20": 83.92554991539764}
OFFICIAL_49 MSVR310 frequency_shared q_N_g_R {"mAP": 24.474822132278803, "mINP": 10.594709630427857, "Rank-1": 31.979695431472084, "Rank-5": 51.776649746192895, "Rank-10": 58.544839255499156, "Rank-20": 64.46700507614213}
OFFICIAL_49 MSVR310 frequency_shared q_N_g_N {"mAP": 30.72241906969422, "mINP": 10.426323235397067, "Rank-1": 49.407783417935704, "Rank-5": 71.57360406091371, "Rank-10": 80.20304568527918, "Rank-20": 85.95600676818951}
OFFICIAL_49 MSVR310 frequency_shared q_N_g_T {"mAP": 7.342729414795415, "mINP": 2.4244707330015247, "Rank-1": 7.952622673434856, "Rank-5": 24.36548223350254, "Rank-10": 33.50253807106599, "Rank-20": 47.03891708967851}
OFFICIAL_49 MSVR310 frequency_shared q_N_g_RN {"mAP": 32.18516094563496, "mINP": 13.75795106695223, "Rank-1": 43.31641285956007, "Rank-5": 66.15905245346869, "Rank-10": 74.78849407783417, "Rank-20": 83.07952622673434}
OFFICIAL_49 MSVR310 frequency_shared q_N_g_RT {"mAP": 25.637906806582762, "mINP": 10.969057593123397, "Rank-1": 32.99492385786802, "Rank-5": 51.26903553299492, "Rank-10": 58.544839255499156, "Rank-20": 67.00507614213198}
OFFICIAL_49 MSVR310 frequency_shared q_N_g_NT {"mAP": 32.452454714379904, "mINP": 12.68809578493155, "Rank-1": 48.73096446700508, "Rank-5": 72.41962774957699, "Rank-10": 80.8798646362098, "Rank-20": 86.63282571912013}
OFFICIAL_49 MSVR310 frequency_shared q_T_g_RNT {"mAP": 12.822731531783838, "mINP": 5.083813895761242, "Rank-1": 16.58206429780034, "Rank-5": 35.025380710659896, "Rank-10": 45.5160744500846, "Rank-20": 58.37563451776649}
OFFICIAL_49 MSVR310 frequency_shared q_T_g_R {"mAP": 7.835870753199598, "mINP": 3.905973211887121, "Rank-1": 7.2758037225042305, "Rank-5": 18.274111675126903, "Rank-10": 26.22673434856176, "Rank-20": 36.54822335025381}
OFFICIAL_49 MSVR310 frequency_shared q_T_g_N {"mAP": 8.214727377245328, "mINP": 3.702858197945892, "Rank-1": 7.7834179357022, "Rank-5": 19.96615905245347, "Rank-10": 26.73434856175973, "Rank-20": 41.793570219966156}
OFFICIAL_49 MSVR310 frequency_shared q_T_g_T {"mAP": 13.210444677909598, "mINP": 2.989665792456619, "Rank-1": 26.73434856175973, "Rank-5": 43.9932318104907, "Rank-10": 54.314720812182735, "Rank-20": 63.7901861252115}
OFFICIAL_49 MSVR310 frequency_shared q_T_g_RN {"mAP": 9.372011955534585, "mINP": 4.406620478933763, "Rank-1": 9.137055837563452, "Rank-5": 19.289340101522843, "Rank-10": 29.441624365482234, "Rank-20": 40.77834179357022}
OFFICIAL_49 MSVR310 frequency_shared q_T_g_RT {"mAP": 13.69392738998099, "mINP": 4.421210036728365, "Rank-1": 20.304568527918782, "Rank-5": 41.96277495769882, "Rank-10": 51.438240270727576, "Rank-20": 61.75972927241963}
OFFICIAL_49 MSVR310 frequency_shared q_T_g_NT {"mAP": 13.49244579864242, "mINP": 4.09735546795023, "Rank-1": 20.812182741116754, "Rank-5": 41.96277495769882, "Rank-10": 52.28426395939086, "Rank-20": 64.46700507614213}
OFFICIAL_49 MSVR310 frequency_shared q_RN_g_RNT {"mAP": 44.461683662894224, "mINP": 22.272903791879468, "Rank-1": 61.25211505922166, "Rank-5": 76.31133671742809, "Rank-10": 84.26395939086294, "Rank-20": 88.49407783417935}
OFFICIAL_49 MSVR310 frequency_shared q_RN_g_R {"mAP": 39.29793992889796, "mINP": 20.57043944632922, "Rank-1": 52.96108291032149, "Rank-5": 70.89678510998309, "Rank-10": 78.84940778341793, "Rank-20": 85.78680203045685}
OFFICIAL_49 MSVR310 frequency_shared q_RN_g_N {"mAP": 32.34396321707515, "mINP": 12.870272734261459, "Rank-1": 47.377326565143825, "Rank-5": 73.26565143824027, "Rank-10": 81.04906937394247, "Rank-20": 87.9864636209814}
OFFICIAL_49 MSVR310 frequency_shared q_RN_g_T {"mAP": 8.352198416887378, "mINP": 2.598988868579587, "Rank-1": 8.79864636209814, "Rank-5": 25.549915397631136, "Rank-10": 38.917089678511, "Rank-20": 52.96108291032149}
OFFICIAL_49 MSVR310 frequency_shared q_RN_g_RN {"mAP": 44.29140907482571, "mINP": 22.46078601279218, "Rank-1": 60.40609137055838, "Rank-5": 76.98815566835871, "Rank-10": 84.26395939086294, "Rank-20": 88.3248730964467}
OFFICIAL_49 MSVR310 frequency_shared q_RN_g_RT {"mAP": 41.22867483593608, "mINP": 21.67859179264538, "Rank-1": 55.668358714044, "Rank-5": 71.91201353637902, "Rank-10": 79.52622673434855, "Rank-20": 86.29441624365482}
OFFICIAL_49 MSVR310 frequency_shared q_RN_g_NT {"mAP": 34.05116142956875, "mINP": 14.576500688738905, "Rank-1": 50.08460236886633, "Rank-5": 72.7580372250423, "Rank-10": 81.21827411167513, "Rank-20": 87.64805414551607}
OFFICIAL_49 MSVR310 frequency_shared q_RT_g_RNT {"mAP": 43.107135129258914, "mINP": 22.56752211867787, "Rank-1": 58.03722504230119, "Rank-5": 75.63451776649747, "Rank-10": 81.38747884940778, "Rank-20": 86.29441624365482}
OFFICIAL_49 MSVR310 frequency_shared q_RT_g_R {"mAP": 38.47550191120254, "mINP": 20.113344111913882, "Rank-1": 51.776649746192895, "Rank-5": 71.2351945854484, "Rank-10": 77.49576988155668, "Rank-20": 84.0947546531303}
OFFICIAL_49 MSVR310 frequency_shared q_RT_g_N {"mAP": 26.604442556804376, "mINP": 11.589995986985034, "Rank-1": 35.53299492385787, "Rank-5": 63.95939086294417, "Rank-10": 72.7580372250423, "Rank-20": 81.38747884940778}
OFFICIAL_49 MSVR310 frequency_shared q_RT_g_T {"mAP": 14.614443451080373, "mINP": 3.5274825188681183, "Rank-1": 29.103214890016922, "Rank-5": 47.88494077834179, "Rank-10": 56.0067681895093, "Rank-20": 67.85109983079526}
OFFICIAL_49 MSVR310 frequency_shared q_RT_g_RN {"mAP": 40.7812374677846, "mINP": 22.129724666329707, "Rank-1": 54.483925549915405, "Rank-5": 73.09644670050761, "Rank-10": 80.20304568527918, "Rank-20": 86.12521150592217}
OFFICIAL_49 MSVR310 frequency_shared q_RT_g_RT {"mAP": 42.56072031788406, "mINP": 22.053566747941595, "Rank-1": 57.021996615905245, "Rank-5": 74.45008460236888, "Rank-10": 81.21827411167513, "Rank-20": 86.46362098138748}
OFFICIAL_49 MSVR310 frequency_shared q_RT_g_NT {"mAP": 31.253695449837636, "mINP": 12.622228957389293, "Rank-1": 46.192893401015226, "Rank-5": 68.35871404399323, "Rank-10": 76.48054145516075, "Rank-20": 83.24873096446701}
OFFICIAL_49 MSVR310 frequency_shared q_NT_g_RNT {"mAP": 37.01855664062029, "mINP": 16.57915169990636, "Rank-1": 51.26903553299492, "Rank-5": 72.25042301184433, "Rank-10": 79.35702199661591, "Rank-20": 85.78680203045685}
OFFICIAL_49 MSVR310 frequency_shared q_NT_g_R {"mAP": 24.782661791712705, "mINP": 10.622152167071672, "Rank-1": 32.82571912013537, "Rank-5": 50.76142131979695, "Rank-10": 58.544839255499156, "Rank-20": 65.48223350253807}
OFFICIAL_49 MSVR310 frequency_shared q_NT_g_N {"mAP": 32.1583531781519, "mINP": 11.90845908902704, "Rank-1": 49.407783417935704, "Rank-5": 73.77326565143824, "Rank-10": 81.21827411167513, "Rank-20": 86.80203045685279}
OFFICIAL_49 MSVR310 frequency_shared q_NT_g_T {"mAP": 14.813131708110786, "mINP": 3.5400370994366903, "Rank-1": 27.580372250423014, "Rank-5": 48.73096446700508, "Rank-10": 58.88324873096447, "Rank-20": 67.34348561759728}
OFFICIAL_49 MSVR310 frequency_shared q_NT_g_RN {"mAP": 33.58884707626268, "mINP": 14.593761281210027, "Rank-1": 46.02368866328257, "Rank-5": 68.02030456852792, "Rank-10": 76.81895093062606, "Rank-20": 84.77157360406092}
OFFICIAL_49 MSVR310 frequency_shared q_NT_g_RT {"mAP": 29.473488833471535, "mINP": 11.680377214404304, "Rank-1": 41.11675126903553, "Rank-5": 60.236886632825716, "Rank-10": 66.83587140439933, "Rank-20": 74.45008460236888}
OFFICIAL_49 MSVR310 frequency_shared q_NT_g_NT {"mAP": 37.49906747643423, "mINP": 15.637721991947565, "Rank-1": 54.483925549915405, "Rank-5": 76.14213197969542, "Rank-10": 82.74111675126903, "Rank-20": 87.81725888324873}
