/data/gaob/Re-ID/conda-envs/tri_reid/lib/python3.10/site-packages/timm/models/helpers.py:7: FutureWarning: Importing from timm.models.helpers is deprecated, please import via timm.models
  warnings.warn(f"Importing from {__name__} is deprecated, please import via timm.models", FutureWarning)
/data/gaob/Re-ID/conda-envs/tri_reid/lib/python3.10/site-packages/timm/models/registry.py:4: FutureWarning: Importing from timm.models.registry is deprecated, please import via timm.models
  warnings.warn(f"Importing from {__name__} is deprecated, please import via timm.models", FutureWarning)
/data/gaob/Re-ID/conda-envs/tri_reid/lib/python3.10/site-packages/timm/models/layers/__init__.py:48: FutureWarning: Importing from timm.models.layers is deprecated, please import via timm.layers
  warnings.warn(f"Importing from {__name__} is deprecated, please import via timm.layers", FutureWarning)
using Transformer_type: ViT-B-16 as a backbone
Resized position embedding: %s to %s torch.Size([197, 768]) torch.Size([129, 768])
Position embedding resize to height:8 width: 16
Successfully load ckpt!
<All keys matched successfully>
Loading pretrained model from CLIP
camera number is : 8
OFFICIAL_49 MSVR310 twins_shared q_RNT_g_RNT {"mAP": 48.9334113775323, "mINP": 25.50326544279418, "Rank-1": 65.65143824027074, "Rank-5": 80.8798646362098, "Rank-10": 85.95600676818951, "Rank-20": 90.86294416243655}
OFFICIAL_49 MSVR310 twins_shared q_RNT_g_R {"mAP": 41.7426605993581, "mINP": 20.726887075205862, "Rank-1": 55.499153976311334, "Rank-5": 77.49576988155668, "Rank-10": 83.07952622673434, "Rank-20": 88.15566835871405}
OFFICIAL_49 MSVR310 twins_shared q_RNT_g_N {"mAP": 33.49394601491428, "mINP": 12.627458309544332, "Rank-1": 48.90016920473773, "Rank-5": 74.2808798646362, "Rank-10": 80.71065989847716, "Rank-20": 87.9864636209814}
OFFICIAL_49 MSVR310 twins_shared q_RNT_g_T {"mAP": 13.339871357931655, "mINP": 3.896866927777134, "Rank-1": 20.304568527918782, "Rank-5": 44.33164128595601, "Rank-10": 55.16074450084603, "Rank-20": 66.66666666666666}
OFFICIAL_49 MSVR310 twins_shared q_RNT_g_RN {"mAP": 46.70959316786949, "mINP": 23.488621966932342, "Rank-1": 62.605752961082906, "Rank-5": 80.03384094754654, "Rank-10": 84.26395939086294, "Rank-20": 91.53976311336717}
OFFICIAL_49 MSVR310 twins_shared q_RNT_g_RT {"mAP": 45.68984203063838, "mINP": 23.444887876748904, "Rank-1": 61.25211505922166, "Rank-5": 79.18781725888326, "Rank-10": 84.94077834179356, "Rank-20": 88.15566835871405}
OFFICIAL_49 MSVR310 twins_shared q_RNT_g_NT {"mAP": 39.01414828860855, "mINP": 16.644855842010887, "Rank-1": 56.51438240270728, "Rank-5": 76.98815566835871, "Rank-10": 83.07952622673434, "Rank-20": 87.81725888324873}
OFFICIAL_49 MSVR310 twins_shared q_R_g_RNT {"mAP": 40.781843654629675, "mINP": 20.908580916216216, "Rank-1": 51.945854483925544, "Rank-5": 75.29610829103216, "Rank-10": 82.74111675126903, "Rank-20": 86.80203045685279}
OFFICIAL_49 MSVR310 twins_shared q_R_g_R {"mAP": 38.241380085407165, "mINP": 18.273704729951046, "Rank-1": 52.28426395939086, "Rank-5": 72.08121827411168, "Rank-10": 79.18781725888326, "Rank-20": 85.6175972927242}
OFFICIAL_49 MSVR310 twins_shared q_R_g_N {"mAP": 26.430562653453826, "mINP": 10.402844817244167, "Rank-1": 35.70219966159052, "Rank-5": 60.913705583756354, "Rank-10": 73.26565143824027, "Rank-20": 81.38747884940778}
OFFICIAL_49 MSVR310 twins_shared q_R_g_T {"mAP": 7.8735739736312915, "mINP": 2.643843393256574, "Rank-1": 10.152284263959391, "Rank-5": 28.25719120135364, "Rank-10": 36.71742808798646, "Rank-20": 50.25380710659898}
OFFICIAL_49 MSVR310 twins_shared q_R_g_RN {"mAP": 39.494162654648655, "mINP": 20.006179993113783, "Rank-1": 51.945854483925544, "Rank-5": 73.26565143824027, "Rank-10": 80.8798646362098, "Rank-20": 86.97123519458545}
OFFICIAL_49 MSVR310 twins_shared q_R_g_RT {"mAP": 39.10694485227596, "mINP": 19.453571759951902, "Rank-1": 52.79187817258884, "Rank-5": 73.26565143824027, "Rank-10": 80.8798646362098, "Rank-20": 86.46362098138748}
OFFICIAL_49 MSVR310 twins_shared q_R_g_NT {"mAP": 27.512266841265166, "mINP": 11.617634980289393, "Rank-1": 35.36379018612521, "Rank-5": 59.56006768189509, "Rank-10": 70.55837563451777, "Rank-20": 80.71065989847716}
OFFICIAL_49 MSVR310 twins_shared q_N_g_RNT {"mAP": 33.672221291486714, "mINP": 14.564003541920261, "Rank-1": 44.67005076142132, "Rank-5": 70.38917089678512, "Rank-10": 79.69543147208121, "Rank-20": 85.44839255499154}
OFFICIAL_49 MSVR310 twins_shared q_N_g_R {"mAP": 23.897527979695973, "mINP": 10.379464993653984, "Rank-1": 29.610829103214893, "Rank-5": 51.60744500846024, "Rank-10": 59.56006768189509, "Rank-20": 65.48223350253807}
OFFICIAL_49 MSVR310 twins_shared q_N_g_N {"mAP": 29.442990934500614, "mINP": 9.9559309575995, "Rank-1": 46.36209813874789, "Rank-5": 69.54314720812182, "Rank-10": 77.834179357022, "Rank-20": 86.46362098138748}
OFFICIAL_49 MSVR310 twins_shared q_N_g_T {"mAP": 7.5969940344260465, "mINP": 2.588351872351292, "Rank-1": 8.121827411167512, "Rank-5": 25.549915397631136, "Rank-10": 38.40947546531303, "Rank-20": 53.299492385786806}
OFFICIAL_49 MSVR310 twins_shared q_N_g_RN {"mAP": 31.107849173752978, "mINP": 13.026871506487433, "Rank-1": 42.13197969543147, "Rank-5": 67.85109983079526, "Rank-10": 77.15736040609137, "Rank-20": 84.77157360406092}
OFFICIAL_49 MSVR310 twins_shared q_N_g_RT {"mAP": 25.192503397447414, "mINP": 11.336093748438245, "Rank-1": 31.472081218274113, "Rank-5": 53.13028764805414, "Rank-10": 61.59052453468698, "Rank-20": 69.54314720812182}
OFFICIAL_49 MSVR310 twins_shared q_N_g_NT {"mAP": 32.39017895779281, "mINP": 12.075099643597085, "Rank-1": 49.23857868020304, "Rank-5": 72.7580372250423, "Rank-10": 81.89509306260575, "Rank-20": 88.3248730964467}
OFFICIAL_49 MSVR310 twins_shared q_T_g_RNT {"mAP": 14.41509483798272, "mINP": 5.608334982105278, "Rank-1": 19.120135363790187, "Rank-5": 36.04060913705584, "Rank-10": 46.02368866328257, "Rank-20": 58.71404399323181}
OFFICIAL_49 MSVR310 twins_shared q_T_g_R {"mAP": 8.28902110824835, "mINP": 4.083504618015422, "Rank-1": 9.30626057529611, "Rank-5": 20.473773265651438, "Rank-10": 27.411167512690355, "Rank-20": 35.87140439932318}
OFFICIAL_49 MSVR310 twins_shared q_T_g_N {"mAP": 7.885057244262388, "mINP": 3.447023501432707, "Rank-1": 6.768189509306261, "Rank-5": 21.658206429780034, "Rank-10": 32.48730964467005, "Rank-20": 44.16243654822335}
OFFICIAL_49 MSVR310 twins_shared q_T_g_T {"mAP": 11.880005670933084, "mINP": 2.827837914161011, "Rank-1": 22.84263959390863, "Rank-5": 39.93231810490694, "Rank-10": 48.90016920473773, "Rank-20": 59.729272419627755}
OFFICIAL_49 MSVR310 twins_shared q_T_g_RN {"mAP": 9.521816959299642, "mINP": 4.42717820837496, "Rank-1": 10.998307952622675, "Rank-5": 23.519458544839257, "Rank-10": 32.656514382402705, "Rank-20": 42.13197969543147}
OFFICIAL_49 MSVR310 twins_shared q_T_g_RT {"mAP": 13.833987281947834, "mINP": 4.569063299442389, "Rank-1": 20.812182741116754, "Rank-5": 39.25549915397631, "Rank-10": 48.56175972927242, "Rank-20": 58.71404399323181}
OFFICIAL_49 MSVR310 twins_shared q_T_g_NT {"mAP": 12.99142798741045, "mINP": 4.102358816762652, "Rank-1": 19.120135363790187, "Rank-5": 37.7326565143824, "Rank-10": 48.73096446700508, "Rank-20": 60.40609137055838}
OFFICIAL_49 MSVR310 twins_shared q_RN_g_RNT {"mAP": 46.1770533888307, "mINP": 23.19931809893231, "Rank-1": 61.59052453468698, "Rank-5": 79.69543147208121, "Rank-10": 86.29441624365482, "Rank-20": 92.55499153976311}
OFFICIAL_49 MSVR310 twins_shared q_RN_g_R {"mAP": 40.57559369151009, "mINP": 20.367217831812088, "Rank-1": 52.62267343485617, "Rank-5": 76.14213197969542, "Rank-10": 83.58714043993231, "Rank-20": 87.47884940778341}
OFFICIAL_49 MSVR310 twins_shared q_RN_g_N {"mAP": 32.81073739265923, "mINP": 12.179256312162368, "Rank-1": 49.06937394247039, "Rank-5": 74.95769881556683, "Rank-10": 80.8798646362098, "Rank-20": 86.63282571912013}
OFFICIAL_49 MSVR310 twins_shared q_RN_g_T {"mAP": 8.875321911947804, "mINP": 2.7830647062069893, "Rank-1": 12.18274111675127, "Rank-5": 30.79526226734349, "Rank-10": 43.48561759729272, "Rank-20": 57.360406091370564}
OFFICIAL_49 MSVR310 twins_shared q_RN_g_RN {"mAP": 45.79324193052795, "mINP": 22.60069630941253, "Rank-1": 61.75972927241963, "Rank-5": 78.84940778341793, "Rank-10": 83.92554991539764, "Rank-20": 91.37055837563452}
OFFICIAL_49 MSVR310 twins_shared q_RN_g_RT {"mAP": 42.443526401942556, "mINP": 21.895641907123732, "Rank-1": 55.16074450084603, "Rank-5": 78.00338409475465, "Rank-10": 82.91032148900169, "Rank-20": 88.66328257191202}
OFFICIAL_49 MSVR310 twins_shared q_RN_g_NT {"mAP": 35.25276445864595, "mINP": 13.603341518482273, "Rank-1": 51.776649746192895, "Rank-5": 75.80372250423012, "Rank-10": 83.07952622673434, "Rank-20": 88.3248730964467}
OFFICIAL_49 MSVR310 twins_shared q_RT_g_RNT {"mAP": 45.10293271692469, "mINP": 23.612100160774606, "Rank-1": 60.06768189509306, "Rank-5": 78.1725888324873, "Rank-10": 84.0947546531303, "Rank-20": 88.83248730964468}
OFFICIAL_49 MSVR310 twins_shared q_RT_g_R {"mAP": 39.77174398202689, "mINP": 19.559720519233295, "Rank-1": 54.653130287648054, "Rank-5": 73.77326565143824, "Rank-10": 81.38747884940778, "Rank-20": 86.80203045685279}
OFFICIAL_49 MSVR310 twins_shared q_RT_g_N {"mAP": 27.160549731045265, "mINP": 10.820364219379996, "Rank-1": 37.56345177664975, "Rank-5": 63.95939086294417, "Rank-10": 73.9424703891709, "Rank-20": 82.74111675126903}
OFFICIAL_49 MSVR310 twins_shared q_RT_g_T {"mAP": 14.324229381524422, "mINP": 3.7971906719867428, "Rank-1": 24.196277495769884, "Rank-5": 46.53130287648054, "Rank-10": 55.668358714044, "Rank-20": 65.14382402707277}
OFFICIAL_49 MSVR310 twins_shared q_RT_g_RN {"mAP": 41.790321019630824, "mINP": 21.83340850993771, "Rank-1": 55.32994923857868, "Rank-5": 74.61928934010153, "Rank-10": 82.74111675126903, "Rank-20": 87.9864636209814}
OFFICIAL_49 MSVR310 twins_shared q_RT_g_RT {"mAP": 44.66053821915995, "mINP": 23.043413152441723, "Rank-1": 60.575296108291035, "Rank-5": 78.00338409475465, "Rank-10": 83.07952622673434, "Rank-20": 87.47884940778341}
OFFICIAL_49 MSVR310 twins_shared q_RT_g_NT {"mAP": 31.11670877257124, "mINP": 12.665567057641617, "Rank-1": 44.83925549915397, "Rank-5": 66.49746192893402, "Rank-10": 74.61928934010153, "Rank-20": 82.74111675126903}
OFFICIAL_49 MSVR310 twins_shared q_NT_g_RNT {"mAP": 38.01584872815195, "mINP": 17.00843431419427, "Rank-1": 52.79187817258884, "Rank-5": 73.09644670050761, "Rank-10": 81.55668358714044, "Rank-20": 86.29441624365482}
OFFICIAL_49 MSVR310 twins_shared q_NT_g_R {"mAP": 25.719350091789174, "mINP": 11.07635667490821, "Rank-1": 33.840947546531304, "Rank-5": 52.45346869712352, "Rank-10": 59.56006768189509, "Rank-20": 66.66666666666666}
OFFICIAL_49 MSVR310 twins_shared q_NT_g_N {"mAP": 31.50676751852964, "mINP": 11.417771731568118, "Rank-1": 46.86971235194585, "Rank-5": 72.7580372250423, "Rank-10": 81.89509306260575, "Rank-20": 86.97123519458545}
OFFICIAL_49 MSVR310 twins_shared q_NT_g_T {"mAP": 13.927578638221025, "mINP": 3.6631282018438487, "Rank-1": 24.534686971235196, "Rank-5": 46.36209813874789, "Rank-10": 57.360406091370564, "Rank-20": 65.82064297800339}
OFFICIAL_49 MSVR310 twins_shared q_NT_g_RN {"mAP": 33.97920128736616, "mINP": 14.904355604613961, "Rank-1": 47.03891708967851, "Rank-5": 71.2351945854484, "Rank-10": 78.00338409475465, "Rank-20": 85.27918781725889}
OFFICIAL_49 MSVR310 twins_shared q_NT_g_RT {"mAP": 29.74247732465043, "mINP": 12.379909621854047, "Rank-1": 40.77834179357022, "Rank-5": 62.2673434856176, "Rank-10": 70.38917089678512, "Rank-20": 76.6497461928934}
OFFICIAL_49 MSVR310 twins_shared q_NT_g_NT {"mAP": 37.74139531442717, "mINP": 15.362674883161898, "Rank-1": 56.683587140439926, "Rank-5": 76.14213197969542, "Rank-10": 81.89509306260575, "Rank-20": 87.9864636209814}
