/data/gaob/Re-ID/conda-envs/tri_reid/lib/python3.10/site-packages/timm/models/helpers.py:7: FutureWarning: Importing from timm.models.helpers is deprecated, please import via timm.models
  warnings.warn(f"Importing from {__name__} is deprecated, please import via timm.models", FutureWarning)
/data/gaob/Re-ID/conda-envs/tri_reid/lib/python3.10/site-packages/timm/models/registry.py:4: FutureWarning: Importing from timm.models.registry is deprecated, please import via timm.models
  warnings.warn(f"Importing from {__name__} is deprecated, please import via timm.models", FutureWarning)
/data/gaob/Re-ID/conda-envs/tri_reid/lib/python3.10/site-packages/timm/models/layers/__init__.py:48: FutureWarning: Importing from timm.models.layers is deprecated, please import via timm.layers
  warnings.warn(f"Importing from {__name__} is deprecated, please import via timm.layers", FutureWarning)
using Transformer_type: ViT-B-16 as a backbone
Resized position embedding: %s to %s torch.Size([197, 768]) torch.Size([129, 768])
Position embedding resize to height:8 width: 16
Successfully load ckpt!
<All keys matched successfully>
Loading pretrained model from CLIP
camera number is : 8
OFFICIAL_49 MSVR310 frequency_shared q_RNT_g_RNT {"mAP": 46.715924980141615, "mINP": 24.19932076233619, "Rank-1": 62.2673434856176, "Rank-5": 80.20304568527918, "Rank-10": 85.44839255499154, "Rank-20": 90.01692047377327}
OFFICIAL_49 MSVR310 frequency_shared q_RNT_g_R {"mAP": 38.968099922447756, "mINP": 18.59544893507318, "Rank-1": 52.45346869712352, "Rank-5": 73.9424703891709, "Rank-10": 82.57191201353638, "Rank-20": 87.47884940778341}
OFFICIAL_49 MSVR310 frequency_shared q_RNT_g_N {"mAP": 33.165880546857224, "mINP": 13.488317166202393, "Rank-1": 50.42301184433165, "Rank-5": 71.40439932318104, "Rank-10": 79.69543147208121, "Rank-20": 86.29441624365482}
OFFICIAL_49 MSVR310 frequency_shared q_RNT_g_T {"mAP": 14.647336978496186, "mINP": 3.961261039391886, "Rank-1": 25.719120135363788, "Rank-5": 47.88494077834179, "Rank-10": 59.390862944162436, "Rank-20": 68.18950930626058}
OFFICIAL_49 MSVR310 frequency_shared q_RNT_g_RN {"mAP": 44.548972339392165, "mINP": 22.33099034197153, "Rank-1": 60.74450084602368, "Rank-5": 78.34179357021996, "Rank-10": 84.0947546531303, "Rank-20": 89.34010152284264}
OFFICIAL_49 MSVR310 frequency_shared q_RNT_g_RT {"mAP": 44.22233447379129, "mINP": 21.809622438488237, "Rank-1": 59.56006768189509, "Rank-5": 77.49576988155668, "Rank-10": 84.77157360406092, "Rank-20": 89.17089678510999}
OFFICIAL_49 MSVR310 frequency_shared q_RNT_g_NT {"mAP": 38.48169587887724, "mINP": 16.989166904182763, "Rank-1": 56.17597292724196, "Rank-5": 75.97292724196278, "Rank-10": 82.57191201353638, "Rank-20": 88.3248730964467}
OFFICIAL_49 MSVR310 frequency_shared q_R_g_RNT {"mAP": 37.90448942496362, "mINP": 19.57988772369813, "Rank-1": 47.20812182741117, "Rank-5": 71.06598984771574, "Rank-10": 79.35702199661591, "Rank-20": 86.29441624365482}
OFFICIAL_49 MSVR310 frequency_shared q_R_g_R {"mAP": 35.87153545725372, "mINP": 18.178765259379446, "Rank-1": 47.54653130287648, "Rank-5": 69.37394247038917, "Rank-10": 78.00338409475465, "Rank-20": 84.94077834179356}
OFFICIAL_49 MSVR310 frequency_shared q_R_g_N {"mAP": 25.089280030572468, "mINP": 10.452261249001866, "Rank-1": 36.54822335025381, "Rank-5": 57.868020304568525, "Rank-10": 66.15905245346869, "Rank-20": 77.834179357022}
OFFICIAL_49 MSVR310 frequency_shared q_R_g_T {"mAP": 8.036800744816915, "mINP": 2.5071254338613507, "Rank-1": 8.121827411167512, "Rank-5": 27.241962774957702, "Rank-10": 37.56345177664975, "Rank-20": 51.438240270727576}
OFFICIAL_49 MSVR310 frequency_shared q_R_g_RN {"mAP": 37.16135470392488, "mINP": 19.791765182673082, "Rank-1": 46.192893401015226, "Rank-5": 69.37394247038917, "Rank-10": 79.35702199661591, "Rank-20": 86.29441624365482}
OFFICIAL_49 MSVR310 frequency_shared q_R_g_RT {"mAP": 36.917602809592836, "mINP": 19.548167787779146, "Rank-1": 47.03891708967851, "Rank-5": 69.37394247038917, "Rank-10": 78.34179357021996, "Rank-20": 84.94077834179356}
OFFICIAL_49 MSVR310 frequency_shared q_R_g_NT {"mAP": 26.040358977175078, "mINP": 11.631225030187222, "Rank-1": 34.51776649746193, "Rank-5": 60.06768189509306, "Rank-10": 68.69712351945854, "Rank-20": 77.66497461928934}
OFFICIAL_49 MSVR310 frequency_shared q_N_g_RNT {"mAP": 32.781242972479816, "mINP": 14.965527791650684, "Rank-1": 43.9932318104907, "Rank-5": 67.00507614213198, "Rank-10": 76.81895093062606, "Rank-20": 84.94077834179356}
OFFICIAL_49 MSVR310 frequency_shared q_N_g_R {"mAP": 23.894112113717316, "mINP": 10.196122772260548, "Rank-1": 30.62605752961083, "Rank-5": 51.945854483925544, "Rank-10": 60.575296108291035, "Rank-20": 66.66666666666666}
OFFICIAL_49 MSVR310 frequency_shared q_N_g_N {"mAP": 29.66142901293147, "mINP": 10.478071932796992, "Rank-1": 47.20812182741117, "Rank-5": 70.89678510998309, "Rank-10": 78.34179357021996, "Rank-20": 85.95600676818951}
OFFICIAL_49 MSVR310 frequency_shared q_N_g_T {"mAP": 8.215808508803365, "mINP": 2.674338210090328, "Rank-1": 9.983079526226735, "Rank-5": 26.057529610829107, "Rank-10": 38.24027072758037, "Rank-20": 53.63790186125211}
OFFICIAL_49 MSVR310 frequency_shared q_N_g_RN {"mAP": 31.72105756436655, "mINP": 13.959708504710102, "Rank-1": 42.63959390862944, "Rank-5": 65.65143824027074, "Rank-10": 74.61928934010153, "Rank-20": 83.92554991539764}
OFFICIAL_49 MSVR310 frequency_shared q_N_g_RT {"mAP": 24.699238380413853, "mINP": 10.792717145785682, "Rank-1": 30.96446700507614, "Rank-5": 52.28426395939086, "Rank-10": 62.2673434856176, "Rank-20": 69.54314720812182}
OFFICIAL_49 MSVR310 frequency_shared q_N_g_NT {"mAP": 32.2470260015434, "mINP": 13.223392541591563, "Rank-1": 47.377326565143825, "Rank-5": 72.7580372250423, "Rank-10": 80.20304568527918, "Rank-20": 86.12521150592217}
OFFICIAL_49 MSVR310 frequency_shared q_T_g_RNT {"mAP": 14.981312584127323, "mINP": 5.299627474233369, "Rank-1": 21.489001692047378, "Rank-5": 41.28595600676819, "Rank-10": 50.930626057529615, "Rank-20": 63.113367174280874}
OFFICIAL_49 MSVR310 frequency_shared q_T_g_R {"mAP": 8.440398689074168, "mINP": 3.807503164452427, "Rank-1": 7.952622673434856, "Rank-5": 22.673434856175973, "Rank-10": 30.62605752961083, "Rank-20": 41.62436548223351}
OFFICIAL_49 MSVR310 frequency_shared q_T_g_N {"mAP": 8.11524365792121, "mINP": 3.505542526456582, "Rank-1": 7.614213197969544, "Rank-5": 23.181049069373945, "Rank-10": 33.67174280879864, "Rank-20": 46.7005076142132}
OFFICIAL_49 MSVR310 frequency_shared q_T_g_T {"mAP": 14.279003430481843, "mINP": 3.2799634051039064, "Rank-1": 26.22673434856176, "Rank-5": 48.39255499153977, "Rank-10": 56.17597292724196, "Rank-20": 64.12859560067682}
OFFICIAL_49 MSVR310 frequency_shared q_T_g_RN {"mAP": 9.463282587650253, "mINP": 4.3846342826511115, "Rank-1": 8.79864636209814, "Rank-5": 25.380710659898476, "Rank-10": 34.179357021996616, "Rank-20": 45.008460236886634}
OFFICIAL_49 MSVR310 frequency_shared q_T_g_RT {"mAP": 15.614064964824125, "mINP": 5.1393866058330575, "Rank-1": 23.3502538071066, "Rank-5": 41.62436548223351, "Rank-10": 52.115059221658214, "Rank-20": 62.098138747884946}
OFFICIAL_49 MSVR310 frequency_shared q_T_g_NT {"mAP": 15.393189881202684, "mINP": 4.596660167963934, "Rank-1": 24.36548223350254, "Rank-5": 46.53130287648054, "Rank-10": 56.51438240270728, "Rank-20": 67.17428087986464}
OFFICIAL_49 MSVR310 frequency_shared q_RN_g_RNT {"mAP": 43.38153460474772, "mINP": 21.879694574720887, "Rank-1": 58.88324873096447, "Rank-5": 77.834179357022, "Rank-10": 84.0947546531303, "Rank-20": 89.17089678510999}
OFFICIAL_49 MSVR310 frequency_shared q_RN_g_R {"mAP": 38.570014027543735, "mINP": 19.453083836751983, "Rank-1": 51.438240270727576, "Rank-5": 72.41962774957699, "Rank-10": 82.23350253807106, "Rank-20": 86.63282571912013}
OFFICIAL_49 MSVR310 frequency_shared q_RN_g_N {"mAP": 32.168037752773536, "mINP": 12.525413787711454, "Rank-1": 49.407783417935704, "Rank-5": 70.21996615905245, "Rank-10": 78.84940778341793, "Rank-20": 86.97123519458545}
OFFICIAL_49 MSVR310 frequency_shared q_RN_g_T {"mAP": 8.993767914871599, "mINP": 2.680792902697932, "Rank-1": 9.475465313028765, "Rank-5": 28.76480541455161, "Rank-10": 41.793570219966156, "Rank-20": 56.852791878172596}
OFFICIAL_49 MSVR310 frequency_shared q_RN_g_RN {"mAP": 43.38210686321822, "mINP": 22.07644639642674, "Rank-1": 57.868020304568525, "Rank-5": 77.49576988155668, "Rank-10": 84.77157360406092, "Rank-20": 89.34010152284264}
OFFICIAL_49 MSVR310 frequency_shared q_RN_g_RT {"mAP": 40.042100636506234, "mINP": 20.604404898840233, "Rank-1": 52.115059221658214, "Rank-5": 75.29610829103216, "Rank-10": 81.89509306260575, "Rank-20": 87.64805414551607}
OFFICIAL_49 MSVR310 frequency_shared q_RN_g_NT {"mAP": 33.86345395382404, "mINP": 14.718455417942867, "Rank-1": 50.592216582064296, "Rank-5": 70.38917089678512, "Rank-10": 80.03384094754654, "Rank-20": 85.78680203045685}
OFFICIAL_49 MSVR310 frequency_shared q_RT_g_RNT {"mAP": 43.39754754881638, "mINP": 22.39786241999574, "Rank-1": 58.03722504230119, "Rank-5": 77.66497461928934, "Rank-10": 82.40270727580372, "Rank-20": 89.00169204737732}
OFFICIAL_49 MSVR310 frequency_shared q_RT_g_R {"mAP": 38.20460059448885, "mINP": 18.990792539854056, "Rank-1": 52.45346869712352, "Rank-5": 72.08121827411168, "Rank-10": 81.55668358714044, "Rank-20": 85.6175972927242}
OFFICIAL_49 MSVR310 frequency_shared q_RT_g_N {"mAP": 25.976741333434994, "mINP": 11.205483087385092, "Rank-1": 34.34856175972927, "Rank-5": 59.56006768189509, "Rank-10": 70.38917089678512, "Rank-20": 80.20304568527918}
OFFICIAL_49 MSVR310 frequency_shared q_RT_g_T {"mAP": 16.072605385181856, "mINP": 4.0666052911939605, "Rank-1": 27.749576988155667, "Rank-5": 49.23857868020304, "Rank-10": 57.52961082910322, "Rank-20": 67.51269035532995}
OFFICIAL_49 MSVR310 frequency_shared q_RT_g_RN {"mAP": 40.11784347637749, "mINP": 20.83858644865397, "Rank-1": 53.46869712351946, "Rank-5": 73.9424703891709, "Rank-10": 81.21827411167513, "Rank-20": 86.63282571912013}
OFFICIAL_49 MSVR310 frequency_shared q_RT_g_RT {"mAP": 42.98008103184469, "mINP": 22.590459246050838, "Rank-1": 56.34517766497462, "Rank-5": 76.48054145516075, "Rank-10": 82.57191201353638, "Rank-20": 88.3248730964467}
OFFICIAL_49 MSVR310 frequency_shared q_RT_g_NT {"mAP": 30.386971574561596, "mINP": 11.475586430574621, "Rank-1": 43.14720812182741, "Rank-5": 67.34348561759728, "Rank-10": 73.9424703891709, "Rank-20": 83.07952622673434}
OFFICIAL_49 MSVR310 frequency_shared q_NT_g_RNT {"mAP": 38.41471248543682, "mINP": 17.601686394780362, "Rank-1": 54.145516074450086, "Rank-5": 74.45008460236888, "Rank-10": 80.8798646362098, "Rank-20": 87.47884940778341}
OFFICIAL_49 MSVR310 frequency_shared q_NT_g_R {"mAP": 25.611118269971843, "mINP": 10.735386907095121, "Rank-1": 34.179357021996616, "Rank-5": 51.60744500846024, "Rank-10": 60.575296108291035, "Rank-20": 68.52791878172589}
OFFICIAL_49 MSVR310 frequency_shared q_NT_g_N {"mAP": 32.439831246419935, "mINP": 12.342499714138903, "Rank-1": 50.08460236886633, "Rank-5": 72.92724196277496, "Rank-10": 79.69543147208121, "Rank-20": 87.81725888324873}
OFFICIAL_49 MSVR310 frequency_shared q_NT_g_T {"mAP": 16.296351618318326, "mINP": 4.012348082668496, "Rank-1": 30.287648054145517, "Rank-5": 52.28426395939086, "Rank-10": 60.575296108291035, "Rank-20": 70.38917089678512}
OFFICIAL_49 MSVR310 frequency_shared q_NT_g_RN {"mAP": 34.251591227902686, "mINP": 15.182712020309882, "Rank-1": 47.377326565143825, "Rank-5": 69.37394247038917, "Rank-10": 79.52622673434855, "Rank-20": 85.6175972927242}
OFFICIAL_49 MSVR310 frequency_shared q_NT_g_RT {"mAP": 29.596119156568818, "mINP": 12.281758120805128, "Rank-1": 39.59390862944163, "Rank-5": 62.77495769881557, "Rank-10": 71.06598984771574, "Rank-20": 78.68020304568529}
OFFICIAL_49 MSVR310 frequency_shared q_NT_g_NT {"mAP": 38.216842140267914, "mINP": 16.12098752107238, "Rank-1": 58.03722504230119, "Rank-5": 76.14213197969542, "Rank-10": 81.7258883248731, "Rank-20": 88.49407783417935}
