/data/gaob/Re-ID/conda-envs/tri_reid/lib/python3.10/site-packages/timm/models/helpers.py:7: FutureWarning: Importing from timm.models.helpers is deprecated, please import via timm.models
  warnings.warn(f"Importing from {__name__} is deprecated, please import via timm.models", FutureWarning)
/data/gaob/Re-ID/conda-envs/tri_reid/lib/python3.10/site-packages/timm/models/registry.py:4: FutureWarning: Importing from timm.models.registry is deprecated, please import via timm.models
  warnings.warn(f"Importing from {__name__} is deprecated, please import via timm.models", FutureWarning)
/data/gaob/Re-ID/conda-envs/tri_reid/lib/python3.10/site-packages/timm/models/layers/__init__.py:48: FutureWarning: Importing from timm.models.layers is deprecated, please import via timm.layers
  warnings.warn(f"Importing from {__name__} is deprecated, please import via timm.layers", FutureWarning)
using Transformer_type: ViT-B-16 as a backbone
Resized position embedding: %s to %s torch.Size([197, 768]) torch.Size([129, 768])
Position embedding resize to height:8 width: 16
Successfully load ckpt!
<All keys matched successfully>
Loading pretrained model from CLIP
camera number is : 8
OFFICIAL_49 MSVR310 axis_shared q_RNT_g_RNT {"mAP": 47.82302291212298, "mINP": 24.994949058949196, "Rank-1": 64.80541455160744, "Rank-5": 81.38747884940778, "Rank-10": 85.95600676818951, "Rank-20": 89.67851099830794}
OFFICIAL_49 MSVR310 axis_shared q_RNT_g_R {"mAP": 39.39447081739943, "mINP": 20.129331378864606, "Rank-1": 54.145516074450086, "Rank-5": 76.31133671742809, "Rank-10": 82.40270727580372, "Rank-20": 88.15566835871405}
OFFICIAL_49 MSVR310 axis_shared q_RNT_g_N {"mAP": 32.49649259891488, "mINP": 12.83188394549163, "Rank-1": 47.54653130287648, "Rank-5": 73.26565143824027, "Rank-10": 80.20304568527918, "Rank-20": 87.47884940778341}
OFFICIAL_49 MSVR310 axis_shared q_RNT_g_T {"mAP": 13.12266495568374, "mINP": 3.9202266179062897, "Rank-1": 21.31979695431472, "Rank-5": 42.63959390862944, "Rank-10": 52.62267343485617, "Rank-20": 63.95939086294417}
OFFICIAL_49 MSVR310 axis_shared q_RNT_g_RN {"mAP": 45.22091155337379, "mINP": 23.25402059903071, "Rank-1": 60.40609137055838, "Rank-5": 80.20304568527918, "Rank-10": 85.78680203045685, "Rank-20": 90.01692047377327}
OFFICIAL_49 MSVR310 axis_shared q_RNT_g_RT {"mAP": 43.59960914865877, "mINP": 22.97435315792649, "Rank-1": 58.206429780033844, "Rank-5": 77.834179357022, "Rank-10": 83.41793570219966, "Rank-20": 88.15566835871405}
OFFICIAL_49 MSVR310 axis_shared q_RNT_g_NT {"mAP": 38.28134252410141, "mINP": 16.565749985242476, "Rank-1": 57.868020304568525, "Rank-5": 74.61928934010153, "Rank-10": 81.55668358714044, "Rank-20": 86.97123519458545}
OFFICIAL_49 MSVR310 axis_shared q_R_g_RNT {"mAP": 38.63995200134555, "mINP": 20.533845811049098, "Rank-1": 49.23857868020304, "Rank-5": 73.09644670050761, "Rank-10": 79.69543147208121, "Rank-20": 85.78680203045685}
OFFICIAL_49 MSVR310 axis_shared q_R_g_R {"mAP": 37.13939147600306, "mINP": 18.86025058749968, "Rank-1": 50.42301184433165, "Rank-5": 70.72758037225042, "Rank-10": 78.00338409475465, "Rank-20": 85.10998307952623}
OFFICIAL_49 MSVR310 axis_shared q_R_g_N {"mAP": 24.69753989333617, "mINP": 10.201457867750559, "Rank-1": 32.99492385786802, "Rank-5": 60.06768189509306, "Rank-10": 70.05076142131979, "Rank-20": 78.84940778341793}
OFFICIAL_49 MSVR310 axis_shared q_R_g_T {"mAP": 7.767266504001485, "mINP": 2.6950761162028534, "Rank-1": 8.629441624365482, "Rank-5": 23.011844331641285, "Rank-10": 34.179357021996616, "Rank-20": 45.17766497461929}
OFFICIAL_49 MSVR310 axis_shared q_R_g_RN {"mAP": 37.8253503896905, "mINP": 20.408220689604487, "Rank-1": 48.73096446700508, "Rank-5": 71.74280879864637, "Rank-10": 79.69543147208121, "Rank-20": 86.46362098138748}
OFFICIAL_49 MSVR310 axis_shared q_R_g_RT {"mAP": 38.608913198566384, "mINP": 20.18075622114783, "Rank-1": 50.930626057529615, "Rank-5": 72.7580372250423, "Rank-10": 80.20304568527918, "Rank-20": 86.46362098138748}
OFFICIAL_49 MSVR310 axis_shared q_R_g_NT {"mAP": 25.38415827181447, "mINP": 11.113765001620415, "Rank-1": 32.14890016920474, "Rank-5": 58.37563451776649, "Rank-10": 67.85109983079526, "Rank-20": 78.00338409475465}
OFFICIAL_49 MSVR310 axis_shared q_N_g_RNT {"mAP": 33.83999686373293, "mINP": 14.668587028136034, "Rank-1": 46.02368866328257, "Rank-5": 70.05076142131979, "Rank-10": 79.01861252115059, "Rank-20": 87.1404399323181}
OFFICIAL_49 MSVR310 axis_shared q_N_g_R {"mAP": 23.214422249954016, "mINP": 10.339056552423601, "Rank-1": 31.64128595600677, "Rank-5": 49.746192893401016, "Rank-10": 57.52961082910322, "Rank-20": 67.17428087986464}
OFFICIAL_49 MSVR310 axis_shared q_N_g_N {"mAP": 30.401534863667422, "mINP": 11.047666790024072, "Rank-1": 47.71573604060914, "Rank-5": 71.40439932318104, "Rank-10": 79.86463620981388, "Rank-20": 86.97123519458545}
OFFICIAL_49 MSVR310 axis_shared q_N_g_T {"mAP": 7.885171744033875, "mINP": 2.8022151734479555, "Rank-1": 8.967851099830796, "Rank-5": 26.057529610829107, "Rank-10": 36.71742808798646, "Rank-20": 49.91539763113367}
OFFICIAL_49 MSVR310 axis_shared q_N_g_RN {"mAP": 31.6000932477273, "mINP": 13.619826927459453, "Rank-1": 44.50084602368866, "Rank-5": 68.02030456852792, "Rank-10": 76.48054145516075, "Rank-20": 84.94077834179356}
OFFICIAL_49 MSVR310 axis_shared q_N_g_RT {"mAP": 25.42283370317438, "mINP": 11.252747002846306, "Rank-1": 34.01015228426396, "Rank-5": 52.62267343485617, "Rank-10": 61.42131979695431, "Rank-20": 69.20473773265653}
OFFICIAL_49 MSVR310 axis_shared q_N_g_NT {"mAP": 32.184173567171186, "mINP": 12.890808772070608, "Rank-1": 48.56175972927242, "Rank-5": 71.2351945854484, "Rank-10": 80.8798646362098, "Rank-20": 88.15566835871405}
OFFICIAL_49 MSVR310 axis_shared q_T_g_RNT {"mAP": 13.641060443653918, "mINP": 4.691475461571028, "Rank-1": 18.95093062605753, "Rank-5": 38.24027072758037, "Rank-10": 49.06937394247039, "Rank-20": 60.06768189509306}
OFFICIAL_49 MSVR310 axis_shared q_T_g_R {"mAP": 7.357560420958976, "mINP": 3.5424186387507093, "Rank-1": 5.752961082910321, "Rank-5": 18.44331641285956, "Rank-10": 24.36548223350254, "Rank-20": 33.67174280879864}
OFFICIAL_49 MSVR310 axis_shared q_T_g_N {"mAP": 8.26357434138068, "mINP": 3.35954749203025, "Rank-1": 7.614213197969544, "Rank-5": 22.165820642978005, "Rank-10": 30.118443316412858, "Rank-20": 40.27072758037225}
OFFICIAL_49 MSVR310 axis_shared q_T_g_T {"mAP": 13.154450829428777, "mINP": 2.933524930698094, "Rank-1": 26.39593908629442, "Rank-5": 45.346869712351946, "Rank-10": 53.46869712351946, "Rank-20": 62.944162436548226}
OFFICIAL_49 MSVR310 axis_shared q_T_g_RN {"mAP": 8.850497550277915, "mINP": 3.936280665098594, "Rank-1": 7.952622673434856, "Rank-5": 23.011844331641285, "Rank-10": 29.610829103214893, "Rank-20": 38.40947546531303}
OFFICIAL_49 MSVR310 axis_shared q_T_g_RT {"mAP": 14.29398024372, "mINP": 4.340931104217222, "Rank-1": 21.99661590524535, "Rank-5": 41.62436548223351, "Rank-10": 50.76142131979695, "Rank-20": 60.236886632825716}
OFFICIAL_49 MSVR310 axis_shared q_T_g_NT {"mAP": 15.037246944586327, "mINP": 4.294221734336461, "Rank-1": 25.549915397631136, "Rank-5": 45.68527918781726, "Rank-10": 55.32994923857868, "Rank-20": 62.77495769881557}
OFFICIAL_49 MSVR310 axis_shared q_RN_g_RNT {"mAP": 45.08536883954795, "mINP": 22.588377148772658, "Rank-1": 61.25211505922166, "Rank-5": 79.18781725888326, "Rank-10": 85.95600676818951, "Rank-20": 90.35532994923858}
OFFICIAL_49 MSVR310 axis_shared q_RN_g_R {"mAP": 39.36932590702853, "mINP": 20.347619941034935, "Rank-1": 54.483925549915405, "Rank-5": 75.63451776649747, "Rank-10": 82.06429780033841, "Rank-20": 88.49407783417935}
OFFICIAL_49 MSVR310 axis_shared q_RN_g_N {"mAP": 32.36735781073297, "mINP": 12.68714144954152, "Rank-1": 49.407783417935704, "Rank-5": 71.91201353637902, "Rank-10": 80.37225042301185, "Rank-20": 87.1404399323181}
OFFICIAL_49 MSVR310 axis_shared q_RN_g_T {"mAP": 8.593589481342683, "mINP": 2.9302430239500894, "Rank-1": 9.137055837563452, "Rank-5": 27.241962774957702, "Rank-10": 38.24027072758037, "Rank-20": 52.79187817258884}
OFFICIAL_49 MSVR310 axis_shared q_RN_g_RN {"mAP": 45.13708774940084, "mINP": 22.660392575497188, "Rank-1": 61.25211505922166, "Rank-5": 80.03384094754654, "Rank-10": 85.6175972927242, "Rank-20": 90.35532994923858}
OFFICIAL_49 MSVR310 axis_shared q_RN_g_RT {"mAP": 41.89467412376371, "mINP": 22.255993599497977, "Rank-1": 56.17597292724196, "Rank-5": 75.80372250423012, "Rank-10": 83.58714043993231, "Rank-20": 88.49407783417935}
OFFICIAL_49 MSVR310 axis_shared q_RN_g_NT {"mAP": 34.2469416349895, "mINP": 14.113885825014968, "Rank-1": 49.91539763113367, "Rank-5": 73.9424703891709, "Rank-10": 81.7258883248731, "Rank-20": 86.46362098138748}
OFFICIAL_49 MSVR310 axis_shared q_RT_g_RNT {"mAP": 42.69263004927068, "mINP": 22.714340028258466, "Rank-1": 57.69881556683587, "Rank-5": 75.80372250423012, "Rank-10": 80.5414551607445, "Rank-20": 86.46362098138748}
OFFICIAL_49 MSVR310 axis_shared q_RT_g_R {"mAP": 38.43888694799549, "mINP": 20.103900532622408, "Rank-1": 51.60744500846024, "Rank-5": 73.09644670050761, "Rank-10": 81.21827411167513, "Rank-20": 87.30964467005076}
OFFICIAL_49 MSVR310 axis_shared q_RT_g_N {"mAP": 26.107637511598558, "mINP": 10.56454043267201, "Rank-1": 36.37901861252115, "Rank-5": 62.605752961082906, "Rank-10": 72.58883248730965, "Rank-20": 80.37225042301185}
OFFICIAL_49 MSVR310 axis_shared q_RT_g_T {"mAP": 14.703000583506732, "mINP": 3.877602097689007, "Rank-1": 26.73434856175973, "Rank-5": 46.7005076142132, "Rank-10": 55.32994923857868, "Rank-20": 66.66666666666666}
OFFICIAL_49 MSVR310 axis_shared q_RT_g_RN {"mAP": 39.882331615351404, "mINP": 21.256198459188383, "Rank-1": 52.115059221658214, "Rank-5": 75.29610829103216, "Rank-10": 80.71065989847716, "Rank-20": 86.80203045685279}
OFFICIAL_49 MSVR310 axis_shared q_RT_g_RT {"mAP": 42.743538120984304, "mINP": 22.698053839428418, "Rank-1": 56.852791878172596, "Rank-5": 76.31133671742809, "Rank-10": 81.89509306260575, "Rank-20": 86.80203045685279}
OFFICIAL_49 MSVR310 axis_shared q_RT_g_NT {"mAP": 31.28788092687782, "mINP": 12.483394071842408, "Rank-1": 48.05414551607445, "Rank-5": 66.83587140439933, "Rank-10": 73.77326565143824, "Rank-20": 81.38747884940778}
OFFICIAL_49 MSVR310 axis_shared q_NT_g_RNT {"mAP": 38.38916311093612, "mINP": 17.191298769402945, "Rank-1": 54.82233502538071, "Rank-5": 72.08121827411168, "Rank-10": 80.71065989847716, "Rank-20": 86.63282571912013}
OFFICIAL_49 MSVR310 axis_shared q_NT_g_R {"mAP": 24.30271029997894, "mINP": 10.798207610358485, "Rank-1": 33.50253807106599, "Rank-5": 50.76142131979695, "Rank-10": 59.22165820642979, "Rank-20": 66.49746192893402}
OFFICIAL_49 MSVR310 axis_shared q_NT_g_N {"mAP": 32.05515502663503, "mINP": 12.20443149894997, "Rank-1": 48.39255499153977, "Rank-5": 72.7580372250423, "Rank-10": 81.55668358714044, "Rank-20": 87.47884940778341}
OFFICIAL_49 MSVR310 axis_shared q_NT_g_T {"mAP": 15.160556805793252, "mINP": 3.7689203793546304, "Rank-1": 28.08798646362098, "Rank-5": 49.23857868020304, "Rank-10": 57.021996615905245, "Rank-20": 67.34348561759728}
OFFICIAL_49 MSVR310 axis_shared q_NT_g_RN {"mAP": 33.80683420137849, "mINP": 14.960309846074649, "Rank-1": 47.54653130287648, "Rank-5": 68.35871404399323, "Rank-10": 78.1725888324873, "Rank-20": 86.29441624365482}
OFFICIAL_49 MSVR310 axis_shared q_NT_g_RT {"mAP": 29.12126835501458, "mINP": 11.667354328788997, "Rank-1": 40.609137055837564, "Rank-5": 62.605752961082906, "Rank-10": 68.02030456852792, "Rank-20": 74.11167512690355}
OFFICIAL_49 MSVR310 axis_shared q_NT_g_NT {"mAP": 38.54378215029921, "mINP": 15.834227001599595, "Rank-1": 58.71404399323181, "Rank-5": 74.95769881556683, "Rank-10": 81.38747884940778, "Rank-20": 87.1404399323181}
