/data/gaob/Re-ID/conda-envs/tri_reid/lib/python3.10/site-packages/timm/models/helpers.py:7: FutureWarning: Importing from timm.models.helpers is deprecated, please import via timm.models
  warnings.warn(f"Importing from {__name__} is deprecated, please import via timm.models", FutureWarning)
/data/gaob/Re-ID/conda-envs/tri_reid/lib/python3.10/site-packages/timm/models/registry.py:4: FutureWarning: Importing from timm.models.registry is deprecated, please import via timm.models
  warnings.warn(f"Importing from {__name__} is deprecated, please import via timm.models", FutureWarning)
/data/gaob/Re-ID/conda-envs/tri_reid/lib/python3.10/site-packages/timm/models/layers/__init__.py:48: FutureWarning: Importing from timm.models.layers is deprecated, please import via timm.layers
  warnings.warn(f"Importing from {__name__} is deprecated, please import via timm.layers", FutureWarning)
using Transformer_type: ViT-B-16 as a backbone
Resized position embedding: %s to %s torch.Size([197, 768]) torch.Size([129, 768])
Position embedding resize to height:8 width: 16
Successfully load ckpt!
<All keys matched successfully>
Loading pretrained model from CLIP
camera number is : 8
OFFICIAL_49 MSVR310 twins_shared q_RNT_g_RNT {"mAP": 48.661140274804374, "mINP": 25.24354852911842, "Rank-1": 65.65143824027074, "Rank-5": 81.04906937394247, "Rank-10": 85.10998307952623, "Rank-20": 89.5093062605753}
OFFICIAL_49 MSVR310 twins_shared q_RNT_g_R {"mAP": 40.99512489296716, "mINP": 20.34413582485311, "Rank-1": 55.499153976311334, "Rank-5": 76.14213197969542, "Rank-10": 84.4331641285956, "Rank-20": 87.47884940778341}
OFFICIAL_49 MSVR310 twins_shared q_RNT_g_N {"mAP": 34.26894864234756, "mINP": 14.560462627995882, "Rank-1": 49.746192893401016, "Rank-5": 74.45008460236888, "Rank-10": 81.7258883248731, "Rank-20": 89.17089678510999}
OFFICIAL_49 MSVR310 twins_shared q_RNT_g_T {"mAP": 14.53025836799269, "mINP": 4.107189403448558, "Rank-1": 26.057529610829107, "Rank-5": 45.68527918781726, "Rank-10": 56.0067681895093, "Rank-20": 65.98984771573603}
OFFICIAL_49 MSVR310 twins_shared q_RNT_g_RN {"mAP": 46.4970972075984, "mINP": 23.50838990970148, "Rank-1": 61.59052453468698, "Rank-5": 80.03384094754654, "Rank-10": 84.4331641285956, "Rank-20": 90.35532994923858}
OFFICIAL_49 MSVR310 twins_shared q_RNT_g_RT {"mAP": 45.4076458595943, "mINP": 23.487034184159466, "Rank-1": 60.575296108291035, "Rank-5": 78.68020304568529, "Rank-10": 83.41793570219966, "Rank-20": 87.1404399323181}
OFFICIAL_49 MSVR310 twins_shared q_RNT_g_NT {"mAP": 39.702319471582534, "mINP": 18.67025036832105, "Rank-1": 56.683587140439926, "Rank-5": 76.81895093062606, "Rank-10": 83.75634517766497, "Rank-20": 88.83248730964468}
OFFICIAL_49 MSVR310 twins_shared q_R_g_RNT {"mAP": 39.49423879329268, "mINP": 20.12606361389664, "Rank-1": 50.42301184433165, "Rank-5": 71.40439932318104, "Rank-10": 80.03384094754654, "Rank-20": 85.6175972927242}
OFFICIAL_49 MSVR310 twins_shared q_R_g_R {"mAP": 38.807179679251966, "mINP": 20.142070219604204, "Rank-1": 49.746192893401016, "Rank-5": 70.72758037225042, "Rank-10": 79.18781725888326, "Rank-20": 85.6175972927242}
OFFICIAL_49 MSVR310 twins_shared q_R_g_N {"mAP": 26.32161268190777, "mINP": 11.177889749450957, "Rank-1": 34.179357021996616, "Rank-5": 61.25211505922166, "Rank-10": 70.05076142131979, "Rank-20": 79.52622673434855}
OFFICIAL_49 MSVR310 twins_shared q_R_g_T {"mAP": 7.852296059660074, "mINP": 2.632506567038247, "Rank-1": 9.30626057529611, "Rank-5": 25.888324873096447, "Rank-10": 36.71742808798646, "Rank-20": 48.223350253807105}
OFFICIAL_49 MSVR310 twins_shared q_R_g_RN {"mAP": 39.79021288219484, "mINP": 20.819440871114995, "Rank-1": 51.26903553299492, "Rank-5": 73.43485617597293, "Rank-10": 80.71065989847716, "Rank-20": 86.29441624365482}
OFFICIAL_49 MSVR310 twins_shared q_R_g_RT {"mAP": 39.991609432494826, "mINP": 20.136993349386973, "Rank-1": 51.60744500846024, "Rank-5": 73.60406091370558, "Rank-10": 79.18781725888326, "Rank-20": 84.4331641285956}
OFFICIAL_49 MSVR310 twins_shared q_R_g_NT {"mAP": 27.277818078417425, "mINP": 12.274016208813391, "Rank-1": 33.50253807106599, "Rank-5": 58.71404399323181, "Rank-10": 70.72758037225042, "Rank-20": 79.01861252115059}
OFFICIAL_49 MSVR310 twins_shared q_N_g_RNT {"mAP": 34.22303087816585, "mINP": 16.291915001098495, "Rank-1": 46.192893401015226, "Rank-5": 70.38917089678512, "Rank-10": 78.34179357021996, "Rank-20": 86.97123519458545}
OFFICIAL_49 MSVR310 twins_shared q_N_g_R {"mAP": 24.292805686704465, "mINP": 10.527757209847602, "Rank-1": 30.62605752961083, "Rank-5": 52.115059221658214, "Rank-10": 59.390862944162436, "Rank-20": 69.54314720812182}
OFFICIAL_49 MSVR310 twins_shared q_N_g_N {"mAP": 31.517438830580986, "mINP": 11.666642176864137, "Rank-1": 50.42301184433165, "Rank-5": 72.41962774957699, "Rank-10": 80.8798646362098, "Rank-20": 88.49407783417935}
OFFICIAL_49 MSVR310 twins_shared q_N_g_T {"mAP": 7.862380815576789, "mINP": 2.7527236420466776, "Rank-1": 8.79864636209814, "Rank-5": 25.211505922165824, "Rank-10": 36.04060913705584, "Rank-20": 50.930626057529615}
OFFICIAL_49 MSVR310 twins_shared q_N_g_RN {"mAP": 32.14091620756586, "mINP": 14.872967106653135, "Rank-1": 43.48561759729272, "Rank-5": 67.17428087986464, "Rank-10": 76.98815566835871, "Rank-20": 85.44839255499154}
OFFICIAL_49 MSVR310 twins_shared q_N_g_RT {"mAP": 24.948160161823107, "mINP": 11.278213288911514, "Rank-1": 31.979695431472084, "Rank-5": 53.63790186125211, "Rank-10": 61.59052453468698, "Rank-20": 71.06598984771574}
OFFICIAL_49 MSVR310 twins_shared q_N_g_NT {"mAP": 33.46235790059158, "mINP": 13.924879698220172, "Rank-1": 50.76142131979695, "Rank-5": 73.9424703891709, "Rank-10": 82.23350253807106, "Rank-20": 89.84771573604061}
OFFICIAL_49 MSVR310 twins_shared q_T_g_RNT {"mAP": 14.098076976847448, "mINP": 5.4271061972690955, "Rank-1": 16.243654822335024, "Rank-5": 38.40947546531303, "Rank-10": 47.377326565143825, "Rank-20": 58.03722504230119}
OFFICIAL_49 MSVR310 twins_shared q_T_g_R {"mAP": 8.633515050661789, "mINP": 3.995507931477582, "Rank-1": 7.7834179357022, "Rank-5": 20.304568527918782, "Rank-10": 28.08798646362098, "Rank-20": 36.54822335025381}
OFFICIAL_49 MSVR310 twins_shared q_T_g_N {"mAP": 8.234205318401282, "mINP": 3.4694060608145554, "Rank-1": 7.2758037225042305, "Rank-5": 22.504230118443317, "Rank-10": 35.19458544839256, "Rank-20": 47.54653130287648}
OFFICIAL_49 MSVR310 twins_shared q_T_g_T {"mAP": 13.70094283802639, "mINP": 3.309059539232008, "Rank-1": 28.25719120135364, "Rank-5": 46.86971235194585, "Rank-10": 56.34517766497462, "Rank-20": 64.9746192893401}
OFFICIAL_49 MSVR310 twins_shared q_T_g_RN {"mAP": 9.744599413797514, "mINP": 4.525892818633269, "Rank-1": 9.983079526226735, "Rank-5": 23.519458544839257, "Rank-10": 31.302876480541453, "Rank-20": 43.824027072758035}
OFFICIAL_49 MSVR310 twins_shared q_T_g_RT {"mAP": 14.903837832431671, "mINP": 5.248220395782115, "Rank-1": 23.181049069373945, "Rank-5": 41.96277495769882, "Rank-10": 50.08460236886633, "Rank-20": 59.22165820642979}
OFFICIAL_49 MSVR310 twins_shared q_T_g_NT {"mAP": 15.052214165397265, "mINP": 4.896953152352786, "Rank-1": 24.873096446700508, "Rank-5": 44.16243654822335, "Rank-10": 53.299492385786806, "Rank-20": 64.12859560067682}
OFFICIAL_49 MSVR310 twins_shared q_RN_g_RNT {"mAP": 46.18654723402645, "mINP": 23.042662906181967, "Rank-1": 62.098138747884946, "Rank-5": 80.37225042301185, "Rank-10": 85.95600676818951, "Rank-20": 91.37055837563452}
OFFICIAL_49 MSVR310 twins_shared q_RN_g_R {"mAP": 41.172507102451654, "mINP": 21.154985520532335, "Rank-1": 56.51438240270728, "Rank-5": 76.31133671742809, "Rank-10": 83.24873096446701, "Rank-20": 87.9864636209814}
OFFICIAL_49 MSVR310 twins_shared q_RN_g_N {"mAP": 33.70988384467793, "mINP": 13.858376726135024, "Rank-1": 49.407783417935704, "Rank-5": 73.09644670050761, "Rank-10": 82.40270727580372, "Rank-20": 89.00169204737732}
OFFICIAL_49 MSVR310 twins_shared q_RN_g_T {"mAP": 8.795190941016761, "mINP": 2.946430425161519, "Rank-1": 9.30626057529611, "Rank-5": 29.272419627749578, "Rank-10": 39.08629441624365, "Rank-20": 55.16074450084603}
OFFICIAL_49 MSVR310 twins_shared q_RN_g_RN {"mAP": 46.36962134150704, "mINP": 23.66359199196065, "Rank-1": 62.2673434856176, "Rank-5": 80.03384094754654, "Rank-10": 84.94077834179356, "Rank-20": 90.69373942470389}
OFFICIAL_49 MSVR310 twins_shared q_RN_g_RT {"mAP": 42.61522399088611, "mINP": 21.882944900690486, "Rank-1": 56.51438240270728, "Rank-5": 76.98815566835871, "Rank-10": 83.24873096446701, "Rank-20": 87.47884940778341}
OFFICIAL_49 MSVR310 twins_shared q_RN_g_NT {"mAP": 35.81580821085566, "mINP": 15.898829566307473, "Rank-1": 52.115059221658214, "Rank-5": 74.78849407783417, "Rank-10": 83.07952622673434, "Rank-20": 89.34010152284264}
OFFICIAL_49 MSVR310 twins_shared q_RT_g_RNT {"mAP": 44.007394740459084, "mINP": 22.677805295670193, "Rank-1": 57.69881556683587, "Rank-5": 75.4653130287648, "Rank-10": 81.7258883248731, "Rank-20": 86.80203045685279}
OFFICIAL_49 MSVR310 twins_shared q_RT_g_R {"mAP": 40.10389236131088, "mINP": 20.482802398209166, "Rank-1": 52.96108291032149, "Rank-5": 72.92724196277496, "Rank-10": 80.71065989847716, "Rank-20": 85.95600676818951}
OFFICIAL_49 MSVR310 twins_shared q_RT_g_N {"mAP": 27.952406570333604, "mINP": 11.99877786035451, "Rank-1": 37.7326565143824, "Rank-5": 62.944162436548226, "Rank-10": 74.45008460236888, "Rank-20": 81.7258883248731}
OFFICIAL_49 MSVR310 twins_shared q_RT_g_T {"mAP": 15.912510059257547, "mINP": 4.273554928020436, "Rank-1": 29.272419627749578, "Rank-5": 48.56175972927242, "Rank-10": 56.852791878172596, "Rank-20": 66.66666666666666}
OFFICIAL_49 MSVR310 twins_shared q_RT_g_RN {"mAP": 41.40792520075279, "mINP": 21.230274982890055, "Rank-1": 55.16074450084603, "Rank-5": 74.2808798646362, "Rank-10": 81.38747884940778, "Rank-20": 87.81725888324873}
OFFICIAL_49 MSVR310 twins_shared q_RT_g_RT {"mAP": 44.36728774924748, "mINP": 23.174286642075646, "Rank-1": 58.71404399323181, "Rank-5": 76.81895093062606, "Rank-10": 81.7258883248731, "Rank-20": 86.63282571912013}
OFFICIAL_49 MSVR310 twins_shared q_RT_g_NT {"mAP": 31.692149529968162, "mINP": 13.999083211004015, "Rank-1": 45.346869712351946, "Rank-5": 65.82064297800339, "Rank-10": 76.6497461928934, "Rank-20": 84.0947546531303}
OFFICIAL_49 MSVR310 twins_shared q_NT_g_RNT {"mAP": 38.09965041636595, "mINP": 18.326708207859078, "Rank-1": 50.930626057529615, "Rank-5": 72.7580372250423, "Rank-10": 79.86463620981388, "Rank-20": 87.64805414551607}
OFFICIAL_49 MSVR310 twins_shared q_NT_g_R {"mAP": 25.665107551525452, "mINP": 11.32267718121591, "Rank-1": 33.840947546531304, "Rank-5": 52.115059221658214, "Rank-10": 60.575296108291035, "Rank-20": 70.21996615905245}
OFFICIAL_49 MSVR310 twins_shared q_NT_g_N {"mAP": 33.5594772528301, "mINP": 13.314716349513048, "Rank-1": 52.79187817258884, "Rank-5": 72.92724196277496, "Rank-10": 81.7258883248731, "Rank-20": 89.34010152284264}
OFFICIAL_49 MSVR310 twins_shared q_NT_g_T {"mAP": 15.677233517487728, "mINP": 4.339487068235125, "Rank-1": 28.934010152284262, "Rank-5": 48.56175972927242, "Rank-10": 57.69881556683587, "Rank-20": 67.34348561759728}
OFFICIAL_49 MSVR310 twins_shared q_NT_g_RN {"mAP": 34.4573140365008, "mINP": 16.057685554341564, "Rank-1": 46.7005076142132, "Rank-5": 69.37394247038917, "Rank-10": 78.68020304568529, "Rank-20": 86.80203045685279}
OFFICIAL_49 MSVR310 twins_shared q_NT_g_RT {"mAP": 30.21799636862094, "mINP": 13.218024208675086, "Rank-1": 39.25549915397631, "Rank-5": 63.28257191201354, "Rank-10": 69.7123519458545, "Rank-20": 76.14213197969542}
OFFICIAL_49 MSVR310 twins_shared q_NT_g_NT {"mAP": 39.117105941128955, "mINP": 17.958821761374196, "Rank-1": 56.34517766497462, "Rank-5": 77.15736040609137, "Rank-10": 84.4331641285956, "Rank-20": 89.34010152284264}
