/data/gb/Re-ID/conda-envs/tri_reid/lib/python3.10/site-packages/timm/models/helpers.py:7: FutureWarning: Importing from timm.models.helpers is deprecated, please import via timm.models
  warnings.warn(f"Importing from {__name__} is deprecated, please import via timm.models", FutureWarning)
/data/gb/Re-ID/conda-envs/tri_reid/lib/python3.10/site-packages/timm/models/registry.py:4: FutureWarning: Importing from timm.models.registry is deprecated, please import via timm.models
  warnings.warn(f"Importing from {__name__} is deprecated, please import via timm.models", FutureWarning)
/data/gb/Re-ID/conda-envs/tri_reid/lib/python3.10/site-packages/timm/models/layers/__init__.py:48: FutureWarning: Importing from timm.models.layers is deprecated, please import via timm.layers
  warnings.warn(f"Importing from {__name__} is deprecated, please import via timm.layers", FutureWarning)
using Transformer_type: ViT-B-16 as a backbone
Resized position embedding: %s to %s torch.Size([197, 768]) torch.Size([129, 768])
Position embedding resize to height:16 width: 8
Successfully load ckpt!
<All keys matched successfully>
Loading pretrained model from CLIP
camera number is : 4
===========Building DeMo===========
DEVELOPMENT_MISSING_CONDITION clean {"mAP": 64.4467656152785, "mINP": 53.336009770410264, "Rank-1": 63.515151515151516, "Rank-5": 75.75757575757575, "Rank-10": 83.03030303030303, "Rank-20": 88.48484848484848}
DEVELOPMENT_MISSING_CONDITION both_missing_r {"mAP": 50.12558308605149, "mINP": 37.79306842816661, "Rank-1": 46.78787878787879, "Rank-5": 63.63636363636363, "Rank-10": 72.12121212121212, "Rank-20": 82.42424242424242}
DEVELOPMENT_MISSING_CONDITION query_missing_r {"mAP": 47.59923555633604, "mINP": 35.093273737187246, "Rank-1": 44.84848484848485, "Rank-5": 61.33333333333333, "Rank-10": 70.18181818181817, "Rank-20": 82.06060606060606}
DEVELOPMENT_MISSING_CONDITION both_missing_n {"mAP": 50.61883426126029, "mINP": 40.14752737581119, "Rank-1": 47.39393939393939, "Rank-5": 61.81818181818181, "Rank-10": 68.72727272727272, "Rank-20": 77.2121212121212}
DEVELOPMENT_MISSING_CONDITION query_missing_n {"mAP": 48.25935399418175, "mINP": 37.41133479539523, "Rank-1": 46.666666666666664, "Rank-5": 58.3030303030303, "Rank-10": 65.0909090909091, "Rank-20": 75.51515151515152}
DEVELOPMENT_MISSING_CONDITION both_missing_t {"mAP": 46.359923190344624, "mINP": 34.964622717079855, "Rank-1": 46.42424242424242, "Rank-5": 57.45454545454546, "Rank-10": 65.6969696969697, "Rank-20": 74.42424242424242}
DEVELOPMENT_MISSING_CONDITION query_missing_t {"mAP": 41.27447869902052, "mINP": 32.21390974160849, "Rank-1": 40.24242424242424, "Rank-5": 51.030303030303024, "Rank-10": 59.75757575757575, "Rank-20": 70.42424242424242}
DEVELOPMENT_MISSING_CONDITION both_missing_rn {"mAP": 24.48690373567139, "mINP": 17.17823335021336, "Rank-1": 20.606060606060606, "Rank-5": 36.0, "Rank-10": 44.6060606060606, "Rank-20": 59.51515151515151}
DEVELOPMENT_MISSING_CONDITION query_missing_rn {"mAP": 24.937215553455292, "mINP": 16.015236440317892, "Rank-1": 22.3030303030303, "Rank-5": 30.545454545454547, "Rank-10": 37.333333333333336, "Rank-20": 51.39393939393939}
DEVELOPMENT_MISSING_CONDITION both_missing_rt {"mAP": 29.763280543340105, "mINP": 19.168106495234767, "Rank-1": 26.666666666666668, "Rank-5": 44.24242424242424, "Rank-10": 53.333333333333336, "Rank-20": 66.42424242424242}
DEVELOPMENT_MISSING_CONDITION query_missing_rt {"mAP": 18.633453475530597, "mINP": 12.681289272119523, "Rank-1": 17.939393939393938, "Rank-5": 27.757575757575758, "Rank-10": 35.39393939393939, "Rank-20": 46.666666666666664}
DEVELOPMENT_MISSING_CONDITION both_missing_nt {"mAP": 33.22214484895459, "mINP": 25.35466133702154, "Rank-1": 32.6060606060606, "Rank-5": 42.78787878787879, "Rank-10": 50.06060606060606, "Rank-20": 58.54545454545455}
DEVELOPMENT_MISSING_CONDITION query_missing_nt {"mAP": 26.778619535244218, "mINP": 19.41945892028475, "Rank-1": 25.09090909090909, "Rank-5": 35.878787878787875, "Rank-10": 43.15151515151515, "Rank-20": 51.87878787878788}
