/data/gaob/Re-ID/conda-envs/tri_reid/lib/python3.10/site-packages/timm/models/helpers.py:7: FutureWarning: Importing from timm.models.helpers is deprecated, please import via timm.models
  warnings.warn(f"Importing from {__name__} is deprecated, please import via timm.models", FutureWarning)
/data/gaob/Re-ID/conda-envs/tri_reid/lib/python3.10/site-packages/timm/models/registry.py:4: FutureWarning: Importing from timm.models.registry is deprecated, please import via timm.models
  warnings.warn(f"Importing from {__name__} is deprecated, please import via timm.models", FutureWarning)
/data/gaob/Re-ID/conda-envs/tri_reid/lib/python3.10/site-packages/timm/models/layers/__init__.py:48: FutureWarning: Importing from timm.models.layers is deprecated, please import via timm.layers
  warnings.warn(f"Importing from {__name__} is deprecated, please import via timm.layers", FutureWarning)
using Transformer_type: ViT-B-16 as a backbone
Resized position embedding: %s to %s torch.Size([197, 768]) torch.Size([129, 768])
Position embedding resize to height:8 width: 16
Successfully load ckpt!
<All keys matched successfully>
Loading pretrained model from CLIP
camera number is : 8
MISSING_CONDITION clean {"mAP": 79.1941878633585, "mINP": 52.08951338161033, "Rank-1": 93.52769679300292, "Rank-5": 94.86880466472303, "Rank-10": 95.3935860058309, "Rank-20": 96.5597667638484}
MISSING_CONDITION both_missing_r {"mAP": 70.72609034843798, "mINP": 40.30596361577029, "Rank-1": 89.6209912536443, "Rank-5": 91.89504373177843, "Rank-10": 93.29446064139941, "Rank-20": 94.75218658892129}
MISSING_CONDITION query_missing_r {"mAP": 65.14708926318855, "mINP": 38.00429674967331, "Rank-1": 80.99125364431487, "Rank-5": 84.13994169096209, "Rank-10": 86.0058309037901, "Rank-20": 88.57142857142857}
MISSING_CONDITION both_missing_n {"mAP": 77.4113442649768, "mINP": 45.05465132998938, "Rank-1": 93.64431486880467, "Rank-5": 95.33527696793003, "Rank-10": 96.3265306122449, "Rank-20": 97.08454810495627}
MISSING_CONDITION query_missing_n {"mAP": 70.80113804898241, "mINP": 40.8526679267898, "Rank-1": 87.05539358600583, "Rank-5": 90.49562682215743, "Rank-10": 92.24489795918367, "Rank-20": 94.22740524781341}
MISSING_CONDITION both_missing_t {"mAP": 64.36627478038992, "mINP": 37.92445931277903, "Rank-1": 80.64139941690962, "Rank-5": 83.09037900874635, "Rank-10": 84.02332361516035, "Rank-20": 85.83090379008746}
MISSING_CONDITION query_missing_t {"mAP": 53.8129520367744, "mINP": 32.957859855852455, "Rank-1": 64.02332361516035, "Rank-5": 67.69679300291546, "Rank-10": 69.50437317784257, "Rank-20": 73.11953352769679}
MISSING_CONDITION both_missing_rn {"mAP": 38.736571676181, "mINP": 15.418250066685735, "Rank-1": 62.332361516034986, "Rank-5": 68.80466472303208, "Rank-10": 73.11953352769679, "Rank-20": 77.60932944606414}
MISSING_CONDITION query_missing_rn {"mAP": 17.808322866905627, "mINP": 11.422432340634474, "Rank-1": 14.402332361516034, "Rank-5": 16.96793002915452, "Rank-10": 18.833819241982507, "Rank-20": 22.91545189504373}
MISSING_CONDITION both_missing_rt {"mAP": 48.8557104028669, "mINP": 24.847968653498224, "Rank-1": 67.63848396501457, "Rank-5": 71.7201166180758, "Rank-10": 74.22740524781342, "Rank-20": 77.90087463556851}
MISSING_CONDITION query_missing_rt {"mAP": 28.18351525789079, "mINP": 18.003489904059368, "Rank-1": 26.005830903790088, "Rank-5": 29.67930029154519, "Rank-10": 32.6530612244898, "Rank-20": 36.034985422740526}
MISSING_CONDITION both_missing_nt {"mAP": 58.7991862392838, "mINP": 30.57946931208328, "Rank-1": 78.89212827988338, "Rank-5": 81.63265306122449, "Rank-10": 83.38192419825073, "Rank-20": 85.77259475218659}
MISSING_CONDITION query_missing_nt {"mAP": 31.475734874988685, "mINP": 18.910421854859816, "Rank-1": 33.411078717201164, "Rank-5": 38.36734693877551, "Rank-10": 41.57434402332362, "Rank-20": 45.83090379008746}
