WAIT_FOR_TWO_2026_FROZEN_JOBS_TO_RELEASE_GLOBAL4_BUDGET
WAIT_FOR_TWO_2026_FROZEN_JOBS_TO_RELEASE_GLOBAL4_BUDGET
{
  "status": "PASS",
  "observed_at": "2026-10-03T09:45:50.038348+00:00",
  "check_count": 13,
  "checks": [
    {
      "name": "original_smoke_failure_left_pending",
      "status": "PASS",
      "execution": "AST_EXTRACTED_STDLIB_PREDICATE",
      "actual_released": false,
      "actual_error": null,
      "trace": "schedule_mocks_003\\original_smoke_failure_left_pending",
      "no_ssh": true,
      "no_neural_execution": true
    },
    {
      "name": "original_full_failure_left_pending",
      "status": "PASS",
      "execution": "AST_EXTRACTED_STDLIB_PREDICATE",
      "actual_released": false,
      "actual_error": null,
      "trace": "schedule_mocks_003\\original_full_failure_left_pending",
      "no_ssh": true,
      "no_neural_execution": true
    },
    {
      "name": "no_terminals_waits",
      "status": "PASS",
      "execution": "AST_EXTRACTED_STDLIB_PREDICATE",
      "actual_released": false,
      "actual_error": null,
      "trace": "schedule_mocks_003\\no_terminals_waits",
      "no_ssh": true,
      "no_neural_execution": true
    },
    {
      "name": "full_exit_before_controller_waits",
      "status": "PASS",
      "execution": "AST_EXTRACTED_STDLIB_PREDICATE",
      "actual_released": false,
      "actual_error": null,
      "trace": "schedule_mocks_003\\full_exit_before_controller_waits",
      "no_ssh": true,
      "no_neural_execution": true
    },
    {
      "name": "one_completed_waits",
      "status": "PASS",
      "execution": "AST_EXTRACTED_STDLIB_PREDICATE",
      "actual_released": false,
      "actual_error": null,
      "trace": "schedule_mocks_003\\one_completed_waits",
      "no_ssh": true,
      "no_neural_execution": true
    },
    {
      "name": "two_completed_releases",
      "status": "PASS",
      "execution": "AST_EXTRACTED_STDLIB_PREDICATE",
      "actual_released": true,
      "actual_error": null,
      "trace": "schedule_mocks_003\\two_completed_releases",
      "no_ssh": true,
      "no_neural_execution": true
    },
    {
      "name": "smoke_failure_stops",
      "status": "PASS",
      "execution": "AST_EXTRACTED_STDLIB_PREDICATE",
      "actual_released": null,
      "actual_error": "AssertionError",
      "trace": "schedule_mocks_003\\smoke_failure_stops",
      "no_ssh": true,
      "no_neural_execution": true
    },
    {
      "name": "full_failure_stops",
      "status": "PASS",
      "execution": "AST_EXTRACTED_STDLIB_PREDICATE",
      "actual_released": null,
      "actual_error": "AssertionError",
      "trace": "schedule_mocks_003\\full_failure_stops",
      "no_ssh": true,
      "no_neural_execution": true
    },
    {
      "name": "invalid_controller_stops",
      "status": "PASS",
      "execution": "AST_EXTRACTED_STDLIB_PREDICATE",
      "actual_released": null,
      "actual_error": "AssertionError",
      "trace": "schedule_mocks_003\\invalid_controller_stops",
      "no_ssh": true,
      "no_neural_execution": true
    },
    {
      "name": "missing_full_exit_stops",
      "status": "PASS",
      "execution": "AST_EXTRACTED_STDLIB_PREDICATE",
      "actual_released": null,
      "actual_error": "FileNotFoundError",
      "trace": "schedule_mocks_003\\missing_full_exit_stops",
      "no_ssh": true,
      "no_neural_execution": true
    },
    {
      "name": "actual_wait_loop_defers2027_and_requests240",
      "status": "PASS",
      "execution": "AST_EXTRACTED_STDLIB_MOCK",
      "events": [
        [
          "POLL",
          false
        ],
        [
          "SLEEP_REQUEST",
          240
        ],
        [
          "POLL",
          false
        ],
        [
          "SLEEP_REQUEST",
          240
        ],
        [
          "POLL",
          true
        ],
        [
          "READY_FOR_2027",
          true
        ]
      ],
      "actual_sleep_seconds": 0,
      "no_ssh": true
    },
    {
      "name": "first_host_not_gated_on_itself",
      "status": "PASS",
      "execution": "AST_EXTRACTED_STDLIB_MOCK",
      "extra_polls": 0
    },
    {
      "name": "current_remote_source_checks_and_templates",
      "status": "PASS",
      "execution": "AST_AND_STDLIB_ONLY",
      "hosts": [
        {
          "host": "2026",
          "sources": 26,
          "parent_keys_overwritten": [],
          "jobs": 4,
          "remote_programs_parsed_not_executed": true
        },
        {
          "host": "2027",
          "sources": 24,
          "parent_keys_overwritten": [],
          "jobs": 2,
          "remote_programs_parsed_not_executed": true
        }
      ]
    }
  ],
  "checked_source_sha256": {
    "availability_base_intervention.py": "5634f3af32f9349a7dcb6c595c6a46d0c1ba23debc686809642ef64ef3745f77",
    "verify_availability_base_intervention.py": "8ff10998131fc98510bb7fdfb6a223ee165ceeb4527a39bd955eba56ef2aec53",
    "missing_available_base_development.py": "173e21cb069e1807fcef1845c1d271e0ee6771037fc934e4a1e2d2bd23ca3c4b",
    "launch_available_base_frozen.py": "11ac273607752925a84fa1a67ffbbe58c11943bd18057d08b3c038f09791a801"
  },
  "helper_sha256": "ca76dec2e557fd4a889956b81dbbc544bf63f1dbbeb39f1306bcf4b73c04c6f0",
  "plan_sha256": "ebbfdb480c5a146f4a2e1b0b915dcfc4527b1f66218b57da74fcb3dfd568d117",
  "runtime_tensor_execution": false,
  "real_gpu_execution": false,
  "ssh_or_network_calls": 0,
  "neural_imports": [],
  "unchanged_scientific_plan": true,
  "schedule_only_plan_addition": true,
  "original_failure_trace_preserved": "schedule_mocks_003/original_*",
  "qualifier": "Two original-version cases reproduce the pending-on-failure defect. Remaining cases verify the corrected current source with stdlib mocks, not neural runtime."
}
