/data2/gb/Re-ID/conda-envs/tri_reid/lib/python3.10/site-packages/timm/models/helpers.py:7: FutureWarning: Importing from timm.models.helpers is deprecated, please import via timm.models
  warnings.warn(f"Importing from {__name__} is deprecated, please import via timm.models", FutureWarning)
/data2/gb/Re-ID/conda-envs/tri_reid/lib/python3.10/site-packages/timm/models/registry.py:4: FutureWarning: Importing from timm.models.registry is deprecated, please import via timm.models
  warnings.warn(f"Importing from {__name__} is deprecated, please import via timm.models", FutureWarning)
/data2/gb/Re-ID/conda-envs/tri_reid/lib/python3.10/site-packages/timm/models/layers/__init__.py:48: FutureWarning: Importing from timm.models.layers is deprecated, please import via timm.layers
  warnings.warn(f"Importing from {__name__} is deprecated, please import via timm.layers", FutureWarning)
using Transformer_type: ViT-B-16 as a backbone
Resized position embedding: %s to %s torch.Size([197, 768]) torch.Size([129, 768])
Position embedding resize to height:16 width: 8
Successfully load ckpt!
<All keys matched successfully>
Loading pretrained model from CLIP
camera number is : 4
using soft triplet loss for training
label smooth on, numclasses: 141
EPOCH {"epoch": 1, "steps": 42, "loss": 8.092183930533272, "seconds": 33.41272473335266, "mAP": 22.217310823284247, "Rank-1": 18.90909090909091, "Rank-5": 33.57575757575758, "Rank-10": 42.66666666666667} BEST {"mAP": 22.217310823284247, "Rank-1": 18.90909090909091, "Rank-5": 33.57575757575758, "Rank-10": 42.66666666666667, "query_count": 825, "gallery_count": 825, "descriptor_dim": 5632, "epoch": 1}
EPOCH {"epoch": 2, "steps": 84, "loss": 6.423421269371396, "seconds": 30.963813066482544, "mAP": 31.986571041476523, "Rank-1": 28.242424242424242, "Rank-5": 41.6969696969697, "Rank-10": 50.787878787878796} BEST {"mAP": 31.986571041476523, "Rank-1": 28.242424242424242, "Rank-5": 41.6969696969697, "Rank-10": 50.787878787878796, "query_count": 825, "gallery_count": 825, "descriptor_dim": 5632, "epoch": 2}
EPOCH {"epoch": 3, "steps": 126, "loss": 4.994702157520113, "seconds": 31.20374298095703, "mAP": 51.122201418524185, "Rank-1": 50.90909090909091, "Rank-5": 63.75757575757576, "Rank-10": 69.93939393939394} BEST {"mAP": 51.122201418524185, "Rank-1": 50.90909090909091, "Rank-5": 63.75757575757576, "Rank-10": 69.93939393939394, "query_count": 825, "gallery_count": 825, "descriptor_dim": 5632, "epoch": 3}
EPOCH {"epoch": 4, "steps": 168, "loss": 3.815275992665972, "seconds": 31.213154077529907, "mAP": 54.93407804644054, "Rank-1": 54.666666666666664, "Rank-5": 66.78787878787878, "Rank-10": 73.81818181818181} BEST {"mAP": 54.93407804644054, "Rank-1": 54.666666666666664, "Rank-5": 66.78787878787878, "Rank-10": 73.81818181818181, "query_count": 825, "gallery_count": 825, "descriptor_dim": 5632, "epoch": 4}
EPOCH {"epoch": 5, "steps": 210, "loss": 3.3582369713556197, "seconds": 31.366827487945557, "mAP": 35.92358891561061, "Rank-1": 37.57575757575757, "Rank-5": 57.57575757575758, "Rank-10": 65.57575757575758} BEST {"mAP": 54.93407804644054, "Rank-1": 54.666666666666664, "Rank-5": 66.78787878787878, "Rank-10": 73.81818181818181, "query_count": 825, "gallery_count": 825, "descriptor_dim": 5632, "epoch": 4}
EPOCH {"epoch": 6, "steps": 252, "loss": 3.0417531728744507, "seconds": 31.27799963951111, "mAP": 52.210329501120746, "Rank-1": 51.030303030303024, "Rank-5": 68.72727272727272, "Rank-10": 75.27272727272727} BEST {"mAP": 54.93407804644054, "Rank-1": 54.666666666666664, "Rank-5": 66.78787878787878, "Rank-10": 73.81818181818181, "query_count": 825, "gallery_count": 825, "descriptor_dim": 5632, "epoch": 4}
EPOCH {"epoch": 7, "steps": 294, "loss": 2.0864729569071816, "seconds": 31.525299072265625, "mAP": 60.48922101449927, "Rank-1": 60.484848484848484, "Rank-5": 72.24242424242424, "Rank-10": 78.78787878787878} BEST {"mAP": 60.48922101449927, "Rank-1": 60.484848484848484, "Rank-5": 72.24242424242424, "Rank-10": 78.78787878787878, "query_count": 825, "gallery_count": 825, "descriptor_dim": 5632, "epoch": 7}
EPOCH {"epoch": 8, "steps": 336, "loss": 1.774761935075124, "seconds": 31.099864959716797, "mAP": 54.97142599711581, "Rank-1": 53.939393939393945, "Rank-5": 66.06060606060606, "Rank-10": 75.03030303030303} BEST {"mAP": 60.48922101449927, "Rank-1": 60.484848484848484, "Rank-5": 72.24242424242424, "Rank-10": 78.78787878787878, "query_count": 825, "gallery_count": 825, "descriptor_dim": 5632, "epoch": 7}
EPOCH {"epoch": 9, "steps": 378, "loss": 1.5071405910310292, "seconds": 31.33058261871338, "mAP": 59.65154089186454, "Rank-1": 59.151515151515156, "Rank-5": 69.93939393939394, "Rank-10": 78.66666666666666} BEST {"mAP": 60.48922101449927, "Rank-1": 60.484848484848484, "Rank-5": 72.24242424242424, "Rank-10": 78.78787878787878, "query_count": 825, "gallery_count": 825, "descriptor_dim": 5632, "epoch": 7}
EPOCH {"epoch": 10, "steps": 420, "loss": 1.3293614160446894, "seconds": 31.393269538879395, "mAP": 64.60840142524629, "Rank-1": 63.272727272727266, "Rank-5": 73.81818181818181, "Rank-10": 81.0909090909091} BEST {"mAP": 64.60840142524629, "Rank-1": 63.272727272727266, "Rank-5": 73.81818181818181, "Rank-10": 81.0909090909091, "query_count": 825, "gallery_count": 825, "descriptor_dim": 5632, "epoch": 10}
EPOCH {"epoch": 11, "steps": 462, "loss": 1.2127277709188915, "seconds": 31.28822374343872, "mAP": 63.50074469560126, "Rank-1": 62.66666666666667, "Rank-5": 74.18181818181819, "Rank-10": 79.51515151515152} BEST {"mAP": 64.60840142524629, "Rank-1": 63.272727272727266, "Rank-5": 73.81818181818181, "Rank-10": 81.0909090909091, "query_count": 825, "gallery_count": 825, "descriptor_dim": 5632, "epoch": 10}
EPOCH {"epoch": 12, "steps": 504, "loss": 1.1704112262952895, "seconds": 31.41500163078308, "mAP": 63.3210704914855, "Rank-1": 63.030303030303024, "Rank-5": 72.96969696969697, "Rank-10": 78.78787878787878} BEST {"mAP": 64.60840142524629, "Rank-1": 63.272727272727266, "Rank-5": 73.81818181818181, "Rank-10": 81.0909090909091, "query_count": 825, "gallery_count": 825, "descriptor_dim": 5632, "epoch": 10}
EPOCH {"epoch": 13, "steps": 546, "loss": 1.1145516747520083, "seconds": 31.68053126335144, "mAP": 62.61205939557437, "Rank-1": 62.909090909090914, "Rank-5": 72.60606060606061, "Rank-10": 77.93939393939394} BEST {"mAP": 64.60840142524629, "Rank-1": 63.272727272727266, "Rank-5": 73.81818181818181, "Rank-10": 81.0909090909091, "query_count": 825, "gallery_count": 825, "descriptor_dim": 5632, "epoch": 10}
EPOCH {"epoch": 14, "steps": 588, "loss": 1.1335349054563613, "seconds": 31.462297677993774, "mAP": 61.90274791577431, "Rank-1": 60.72727272727273, "Rank-5": 70.66666666666667, "Rank-10": 76.24242424242425} BEST {"mAP": 64.60840142524629, "Rank-1": 63.272727272727266, "Rank-5": 73.81818181818181, "Rank-10": 81.0909090909091, "query_count": 825, "gallery_count": 825, "descriptor_dim": 5632, "epoch": 10}
EPOCH {"epoch": 15, "steps": 630, "loss": 1.0822720910821642, "seconds": 31.469813108444214, "mAP": 61.59551610516834, "Rank-1": 60.484848484848484, "Rank-5": 70.18181818181817, "Rank-10": 76.12121212121212} BEST {"mAP": 64.60840142524629, "Rank-1": 63.272727272727266, "Rank-5": 73.81818181818181, "Rank-10": 81.0909090909091, "query_count": 825, "gallery_count": 825, "descriptor_dim": 5632, "epoch": 10}
EPOCH {"epoch": 16, "steps": 672, "loss": 1.0643375913302104, "seconds": 31.463640213012695, "mAP": 62.436053150659085, "Rank-1": 60.84848484848485, "Rank-5": 71.15151515151516, "Rank-10": 75.87878787878788} BEST {"mAP": 64.60840142524629, "Rank-1": 63.272727272727266, "Rank-5": 73.81818181818181, "Rank-10": 81.0909090909091, "query_count": 825, "gallery_count": 825, "descriptor_dim": 5632, "epoch": 10}
EPOCH {"epoch": 17, "steps": 714, "loss": 1.07802034559704, "seconds": 31.474074602127075, "mAP": 62.65451389754464, "Rank-1": 61.212121212121204, "Rank-5": 71.75757575757575, "Rank-10": 77.57575757575758} BEST {"mAP": 64.60840142524629, "Rank-1": 63.272727272727266, "Rank-5": 73.81818181818181, "Rank-10": 81.0909090909091, "query_count": 825, "gallery_count": 825, "descriptor_dim": 5632, "epoch": 10}
EPOCH {"epoch": 18, "steps": 756, "loss": 1.0391732638790494, "seconds": 31.730774879455566, "mAP": 62.82467180319823, "Rank-1": 61.93939393939394, "Rank-5": 72.24242424242424, "Rank-10": 77.93939393939394} BEST {"mAP": 64.60840142524629, "Rank-1": 63.272727272727266, "Rank-5": 73.81818181818181, "Rank-10": 81.0909090909091, "query_count": 825, "gallery_count": 825, "descriptor_dim": 5632, "epoch": 10}
EPOCH {"epoch": 19, "steps": 798, "loss": 1.0243872020925795, "seconds": 31.44930410385132, "mAP": 61.75712485898202, "Rank-1": 60.484848484848484, "Rank-5": 72.12121212121212, "Rank-10": 76.84848484848484} BEST {"mAP": 64.60840142524629, "Rank-1": 63.272727272727266, "Rank-5": 73.81818181818181, "Rank-10": 81.0909090909091, "query_count": 825, "gallery_count": 825, "descriptor_dim": 5632, "epoch": 10}
EPOCH {"epoch": 20, "steps": 840, "loss": 1.0113720382962907, "seconds": 31.428143739700317, "mAP": 63.79258099503689, "Rank-1": 62.42424242424243, "Rank-5": 72.60606060606061, "Rank-10": 78.18181818181819} BEST {"mAP": 64.60840142524629, "Rank-1": 63.272727272727266, "Rank-5": 73.81818181818181, "Rank-10": 81.0909090909091, "query_count": 825, "gallery_count": 825, "descriptor_dim": 5632, "epoch": 10}
EPOCH {"epoch": 21, "steps": 882, "loss": 1.0052627523740132, "seconds": 31.41983461380005, "mAP": 63.5033690255563, "Rank-1": 61.696969696969695, "Rank-5": 71.3939393939394, "Rank-10": 78.30303030303031} BEST {"mAP": 64.60840142524629, "Rank-1": 63.272727272727266, "Rank-5": 73.81818181818181, "Rank-10": 81.0909090909091, "query_count": 825, "gallery_count": 825, "descriptor_dim": 5632, "epoch": 10}
EPOCH {"epoch": 22, "steps": 924, "loss": 1.004058016198022, "seconds": 31.30305504798889, "mAP": 62.45116783664735, "Rank-1": 61.93939393939394, "Rank-5": 70.3030303030303, "Rank-10": 76.96969696969697} BEST {"mAP": 64.60840142524629, "Rank-1": 63.272727272727266, "Rank-5": 73.81818181818181, "Rank-10": 81.0909090909091, "query_count": 825, "gallery_count": 825, "descriptor_dim": 5632, "epoch": 10}
EPOCH {"epoch": 23, "steps": 966, "loss": 1.012683087871188, "seconds": 31.51269555091858, "mAP": 60.900223745836136, "Rank-1": 60.484848484848484, "Rank-5": 69.57575757575758, "Rank-10": 77.2121212121212} BEST {"mAP": 64.60840142524629, "Rank-1": 63.272727272727266, "Rank-5": 73.81818181818181, "Rank-10": 81.0909090909091, "query_count": 825, "gallery_count": 825, "descriptor_dim": 5632, "epoch": 10}
