/data/gb/Re-ID/conda-envs/tri_reid/lib/python3.10/site-packages/timm/models/helpers.py:7: FutureWarning: Importing from timm.models.helpers is deprecated, please import via timm.models
  warnings.warn(f"Importing from {__name__} is deprecated, please import via timm.models", FutureWarning)
/data/gb/Re-ID/conda-envs/tri_reid/lib/python3.10/site-packages/timm/models/registry.py:4: FutureWarning: Importing from timm.models.registry is deprecated, please import via timm.models
  warnings.warn(f"Importing from {__name__} is deprecated, please import via timm.models", FutureWarning)
/data/gb/Re-ID/conda-envs/tri_reid/lib/python3.10/site-packages/timm/models/layers/__init__.py:48: FutureWarning: Importing from timm.models.layers is deprecated, please import via timm.layers
  warnings.warn(f"Importing from {__name__} is deprecated, please import via timm.layers", FutureWarning)
using Transformer_type: ViT-B-16 as a backbone
Resized position embedding: %s to %s torch.Size([197, 768]) torch.Size([129, 768])
Position embedding resize to height:8 width: 16
Successfully load ckpt!
<All keys matched successfully>
Loading pretrained model from CLIP
camera number is : 8
===========Building DeMo===========
PROFILE_REID_CONDITION {"dataset": "MSVR310", "variant": "demo", "wall_batch_ms_median": 45.099957613274455, "cuda_event_batch_ms_median": 45.07545471191406, "triplets_per_second": 177.38375872986026, "peak_allocated_bytes": 472180224}
using Transformer_type: ViT-B-16 as a backbone
Resized position embedding: %s to %s torch.Size([197, 768]) torch.Size([129, 768])
Position embedding resize to height:8 width: 16
Successfully load ckpt!
<All keys matched successfully>
Loading pretrained model from CLIP
camera number is : 8
PROFILE_REID_CONDITION {"dataset": "MSVR310", "variant": "axis_scaled_fullref", "wall_batch_ms_median": 70.26237319223583, "cuda_event_batch_ms_median": 70.22702407836914, "triplets_per_second": 113.85894948512814, "peak_allocated_bytes": 520848896}
using Transformer_type: ViT-B-16 as a backbone
Resized position embedding: %s to %s torch.Size([197, 768]) torch.Size([129, 768])
Position embedding resize to height:8 width: 16
Successfully load ckpt!
<All keys matched successfully>
Loading pretrained model from CLIP
camera number is : 8
PROFILE_REID_CONDITION {"dataset": "MSVR310", "variant": "plain_scaled_fullref", "wall_batch_ms_median": 59.89124672487378, "cuda_event_batch_ms_median": 59.85809516906738, "triplets_per_second": 133.5754461207012, "peak_allocated_bytes": 476841472}
using Transformer_type: ViT-B-16 as a backbone
Resized position embedding: %s to %s torch.Size([197, 768]) torch.Size([129, 768])
Position embedding resize to height:8 width: 16
Successfully load ckpt!
<All keys matched successfully>
Loading pretrained model from CLIP
camera number is : 8
PROFILE_REID_CONDITION {"dataset": "MSVR310", "variant": "frequency_scaled_fullref", "wall_batch_ms_median": 60.912649147212505, "cuda_event_batch_ms_median": 60.87624168395996, "triplets_per_second": 131.33561110871662, "peak_allocated_bytes": 520848896}
using Transformer_type: ViT-B-16 as a backbone
Resized position embedding: %s to %s torch.Size([197, 768]) torch.Size([129, 768])
Position embedding resize to height:8 width: 16
Successfully load ckpt!
<All keys matched successfully>
Loading pretrained model from CLIP
camera number is : 8
PROFILE_REID_CONDITION {"dataset": "MSVR310", "variant": "axis_mass_fullref", "wall_batch_ms_median": 68.90154629945755, "cuda_event_batch_ms_median": 68.86763000488281, "triplets_per_second": 116.10769902362819, "peak_allocated_bytes": 520848896}
using Transformer_type: ViT-B-16 as a backbone
Resized position embedding: %s to %s torch.Size([197, 768]) torch.Size([129, 768])
Position embedding resize to height:16 width: 8
Successfully load ckpt!
<All keys matched successfully>
Loading pretrained model from CLIP
camera number is : 4
===========Building DeMo===========
PROFILE_REID_CONDITION {"dataset": "RGBNT201", "variant": "demo", "wall_batch_ms_median": 44.971308670938015, "cuda_event_batch_ms_median": 44.926544189453125, "triplets_per_second": 177.8911985536652, "peak_allocated_bytes": 472461824}
using Transformer_type: ViT-B-16 as a backbone
Resized position embedding: %s to %s torch.Size([197, 768]) torch.Size([129, 768])
Position embedding resize to height:16 width: 8
Successfully load ckpt!
<All keys matched successfully>
Loading pretrained model from CLIP
camera number is : 4
PROFILE_REID_CONDITION {"dataset": "RGBNT201", "variant": "axis_scaled_fullref", "wall_batch_ms_median": 69.13097552023828, "cuda_event_batch_ms_median": 69.09716796875, "triplets_per_second": 115.72236526096725, "peak_allocated_bytes": 522387968}
using Transformer_type: ViT-B-16 as a backbone
Resized position embedding: %s to %s torch.Size([197, 768]) torch.Size([129, 768])
Position embedding resize to height:16 width: 8
Successfully load ckpt!
<All keys matched successfully>
Loading pretrained model from CLIP
camera number is : 4
PROFILE_REID_CONDITION {"dataset": "RGBNT201", "variant": "plain_scaled_fullref", "wall_batch_ms_median": 59.85606228932738, "cuda_event_batch_ms_median": 59.82075309753418, "triplets_per_second": 133.6539640935658, "peak_allocated_bytes": 478380544}
using Transformer_type: ViT-B-16 as a backbone
Resized position embedding: %s to %s torch.Size([197, 768]) torch.Size([129, 768])
Position embedding resize to height:16 width: 8
Successfully load ckpt!
<All keys matched successfully>
Loading pretrained model from CLIP
camera number is : 4
PROFILE_REID_CONDITION {"dataset": "RGBNT201", "variant": "frequency_scaled_fullref", "wall_batch_ms_median": 60.56323414668441, "cuda_event_batch_ms_median": 60.52355194091797, "triplets_per_second": 132.09334198738406, "peak_allocated_bytes": 522387968}
using Transformer_type: ViT-B-16 as a backbone
Resized position embedding: %s to %s torch.Size([197, 768]) torch.Size([129, 768])
Position embedding resize to height:16 width: 8
Successfully load ckpt!
<All keys matched successfully>
Loading pretrained model from CLIP
camera number is : 4
PROFILE_REID_CONDITION {"dataset": "RGBNT201", "variant": "axis_mass_fullref", "wall_batch_ms_median": 69.20232158154249, "cuda_event_batch_ms_median": 69.16862487792969, "triplets_per_second": 115.60305806465523, "peak_allocated_bytes": 522387968}
using Transformer_type: ViT-B-16 as a backbone
Resized position embedding: %s to %s torch.Size([197, 768]) torch.Size([129, 768])
Position embedding resize to height:8 width: 16
Successfully load ckpt!
<All keys matched successfully>
Loading pretrained model from CLIP
camera number is : 8
===========Building DeMo===========
PROFILE_REID_CONDITION {"dataset": "RGBNT100", "variant": "demo", "wall_batch_ms_median": 45.57421011850238, "cuda_event_batch_ms_median": 45.54595184326172, "triplets_per_second": 175.53787502182362, "peak_allocated_bytes": 469356032}
using Transformer_type: ViT-B-16 as a backbone
Resized position embedding: %s to %s torch.Size([197, 768]) torch.Size([129, 768])
Position embedding resize to height:8 width: 16
Successfully load ckpt!
<All keys matched successfully>
Loading pretrained model from CLIP
camera number is : 8
PROFILE_REID_CONDITION {"dataset": "RGBNT100", "variant": "axis_scaled_fullref", "wall_batch_ms_median": 70.31360128894448, "cuda_event_batch_ms_median": 70.27881622314453, "triplets_per_second": 113.77599572983118, "peak_allocated_bytes": 517381632}
using Transformer_type: ViT-B-16 as a backbone
Resized position embedding: %s to %s torch.Size([197, 768]) torch.Size([129, 768])
Position embedding resize to height:8 width: 16
Successfully load ckpt!
<All keys matched successfully>
Loading pretrained model from CLIP
camera number is : 8
PROFILE_REID_CONDITION {"dataset": "RGBNT100", "variant": "plain_scaled_fullref", "wall_batch_ms_median": 60.67681056447327, "cuda_event_batch_ms_median": 60.64315223693848, "triplets_per_second": 131.84608626551739, "peak_allocated_bytes": 473374208}
using Transformer_type: ViT-B-16 as a backbone
Resized position embedding: %s to %s torch.Size([197, 768]) torch.Size([129, 768])
Position embedding resize to height:8 width: 16
Successfully load ckpt!
<All keys matched successfully>
Loading pretrained model from CLIP
camera number is : 8
PROFILE_REID_CONDITION {"dataset": "RGBNT100", "variant": "frequency_scaled_fullref", "wall_batch_ms_median": 61.49678584188223, "cuda_event_batch_ms_median": 61.4620304107666, "triplets_per_second": 130.08809957270353, "peak_allocated_bytes": 517381632}
using Transformer_type: ViT-B-16 as a backbone
Resized position embedding: %s to %s torch.Size([197, 768]) torch.Size([129, 768])
Position embedding resize to height:8 width: 16
Successfully load ckpt!
<All keys matched successfully>
Loading pretrained model from CLIP
camera number is : 8
PROFILE_REID_CONDITION {"dataset": "RGBNT100", "variant": "axis_mass_fullref", "wall_batch_ms_median": 69.25008329562843, "cuda_event_batch_ms_median": 69.21540832519531, "triplets_per_second": 115.52332674963033, "peak_allocated_bytes": 517381632}
PROFILE_REID_ALL15_COMPLETE
