/data/gaob/Re-ID/conda-envs/tri_reid/lib/python3.10/site-packages/timm/models/helpers.py:7: FutureWarning: Importing from timm.models.helpers is deprecated, please import via timm.models
  warnings.warn(f"Importing from {__name__} is deprecated, please import via timm.models", FutureWarning)
/data/gaob/Re-ID/conda-envs/tri_reid/lib/python3.10/site-packages/timm/models/registry.py:4: FutureWarning: Importing from timm.models.registry is deprecated, please import via timm.models
  warnings.warn(f"Importing from {__name__} is deprecated, please import via timm.models", FutureWarning)
/data/gaob/Re-ID/conda-envs/tri_reid/lib/python3.10/site-packages/timm/models/layers/__init__.py:48: FutureWarning: Importing from timm.models.layers is deprecated, please import via timm.layers
  warnings.warn(f"Importing from {__name__} is deprecated, please import via timm.layers", FutureWarning)
using Transformer_type: ViT-B-16 as a backbone
Resized position embedding: %s to %s torch.Size([197, 768]) torch.Size([129, 768])
Position embedding resize to height:8 width: 16
Successfully load ckpt!
<All keys matched successfully>
Loading pretrained model from CLIP
camera number is : 8
DEVELOPMENT_MISSING_CONDITION clean {"mAP": 47.218321923614425, "mINP": 33.42995596800395, "Rank-1": 59.523809523809526, "Rank-5": 68.57142857142857, "Rank-10": 76.19047619047619, "Rank-20": 81.9047619047619}
DEVELOPMENT_MISSING_CONDITION both_missing_r {"mAP": 41.57439138258977, "mINP": 26.700807143572263, "Rank-1": 51.42857142857142, "Rank-5": 67.61904761904762, "Rank-10": 74.76190476190476, "Rank-20": 80.0}
DEVELOPMENT_MISSING_CONDITION query_missing_r {"mAP": 28.668185936227847, "mINP": 16.872852415403816, "Rank-1": 32.857142857142854, "Rank-5": 50.95238095238095, "Rank-10": 61.42857142857143, "Rank-20": 79.04761904761905}
DEVELOPMENT_MISSING_CONDITION both_missing_n {"mAP": 44.92180154782323, "mINP": 30.069009628436632, "Rank-1": 55.714285714285715, "Rank-5": 70.0, "Rank-10": 76.66666666666667, "Rank-20": 81.42857142857143}
DEVELOPMENT_MISSING_CONDITION query_missing_n {"mAP": 35.11201704493192, "mINP": 21.82922818604481, "Rank-1": 40.0, "Rank-5": 60.0, "Rank-10": 68.0952380952381, "Rank-20": 76.19047619047619}
DEVELOPMENT_MISSING_CONDITION both_missing_t {"mAP": 45.22184263223292, "mINP": 31.164682682330685, "Rank-1": 57.14285714285714, "Rank-5": 69.04761904761905, "Rank-10": 74.76190476190476, "Rank-20": 82.85714285714286}
DEVELOPMENT_MISSING_CONDITION query_missing_t {"mAP": 46.39582681382184, "mINP": 32.54928246205833, "Rank-1": 57.61904761904761, "Rank-5": 71.9047619047619, "Rank-10": 79.52380952380952, "Rank-20": 83.33333333333334}
DEVELOPMENT_MISSING_CONDITION both_missing_rn {"mAP": 23.184141615076438, "mINP": 8.60430419324265, "Rank-1": 37.142857142857146, "Rank-5": 53.333333333333336, "Rank-10": 61.904761904761905, "Rank-20": 72.38095238095238}
DEVELOPMENT_MISSING_CONDITION query_missing_rn {"mAP": 5.565879022353496, "mINP": 5.608073126894774, "Rank-1": 2.380952380952381, "Rank-5": 5.238095238095238, "Rank-10": 10.952380952380953, "Rank-20": 13.80952380952381}
DEVELOPMENT_MISSING_CONDITION both_missing_rt {"mAP": 39.086994087209845, "mINP": 23.65653301351359, "Rank-1": 50.0, "Rank-5": 68.0952380952381, "Rank-10": 75.23809523809524, "Rank-20": 81.9047619047619}
DEVELOPMENT_MISSING_CONDITION query_missing_rt {"mAP": 27.297052800590123, "mINP": 16.46770388677799, "Rank-1": 30.476190476190478, "Rank-5": 51.42857142857142, "Rank-10": 61.904761904761905, "Rank-20": 75.23809523809524}
DEVELOPMENT_MISSING_CONDITION both_missing_nt {"mAP": 41.43376460517689, "mINP": 27.357670114855992, "Rank-1": 50.0, "Rank-5": 68.0952380952381, "Rank-10": 73.80952380952381, "Rank-20": 80.95238095238095}
DEVELOPMENT_MISSING_CONDITION query_missing_nt {"mAP": 33.038824677369824, "mINP": 20.519319735895643, "Rank-1": 33.80952380952381, "Rank-5": 60.952380952380956, "Rank-10": 68.0952380952381, "Rank-20": 78.57142857142857}
