/data/gaob/Re-ID/conda-envs/tri_reid/lib/python3.10/site-packages/timm/models/helpers.py:7: FutureWarning: Importing from timm.models.helpers is deprecated, please import via timm.models
  warnings.warn(f"Importing from {__name__} is deprecated, please import via timm.models", FutureWarning)
/data/gaob/Re-ID/conda-envs/tri_reid/lib/python3.10/site-packages/timm/models/registry.py:4: FutureWarning: Importing from timm.models.registry is deprecated, please import via timm.models
  warnings.warn(f"Importing from {__name__} is deprecated, please import via timm.models", FutureWarning)
/data/gaob/Re-ID/conda-envs/tri_reid/lib/python3.10/site-packages/timm/models/layers/__init__.py:48: FutureWarning: Importing from timm.models.layers is deprecated, please import via timm.layers
  warnings.warn(f"Importing from {__name__} is deprecated, please import via timm.layers", FutureWarning)
using Transformer_type: ViT-B-16 as a backbone
Resized position embedding: %s to %s torch.Size([197, 768]) torch.Size([129, 768])
Position embedding resize to height:8 width: 16
Successfully load ckpt!
<All keys matched successfully>
Loading pretrained model from CLIP
camera number is : 8
DEVELOPMENT_MISSING_CONDITION q_RNT_g_RNT {"mAP": 45.82019614752142, "mINP": 31.436883777797203, "Rank-1": 59.523809523809526, "Rank-5": 70.0, "Rank-10": 75.23809523809524, "Rank-20": 78.57142857142857}
DEVELOPMENT_MISSING_CONDITION q_RNT_g_NT {"mAP": 43.65968039147755, "mINP": 27.83647303054369, "Rank-1": 57.14285714285714, "Rank-5": 73.80952380952381, "Rank-10": 77.14285714285715, "Rank-20": 81.42857142857143}
DEVELOPMENT_MISSING_CONDITION q_RNT_g_RT {"mAP": 42.359427255304, "mINP": 29.33255391035837, "Rank-1": 53.80952380952381, "Rank-5": 68.0952380952381, "Rank-10": 75.23809523809524, "Rank-20": 79.52380952380952}
DEVELOPMENT_MISSING_CONDITION q_RNT_g_RN {"mAP": 43.60784721981926, "mINP": 29.953745627495472, "Rank-1": 57.61904761904761, "Rank-5": 67.61904761904762, "Rank-10": 72.85714285714285, "Rank-20": 80.0}
DEVELOPMENT_MISSING_CONDITION q_RNT_g_T {"mAP": 18.977273493946576, "mINP": 8.077874196314601, "Rank-1": 24.285714285714285, "Rank-5": 46.666666666666664, "Rank-10": 60.0, "Rank-20": 68.0952380952381}
DEVELOPMENT_MISSING_CONDITION q_RNT_g_N {"mAP": 39.63078807972965, "mINP": 23.163227382645914, "Rank-1": 49.047619047619044, "Rank-5": 70.0, "Rank-10": 75.71428571428571, "Rank-20": 82.38095238095238}
DEVELOPMENT_MISSING_CONDITION q_RNT_g_R {"mAP": 39.47919936187781, "mINP": 25.9186586622978, "Rank-1": 52.38095238095239, "Rank-5": 66.19047619047619, "Rank-10": 71.42857142857143, "Rank-20": 78.0952380952381}
DEVELOPMENT_MISSING_CONDITION q_NT_g_RNT {"mAP": 42.6557180147576, "mINP": 26.561339284719825, "Rank-1": 50.476190476190474, "Rank-5": 70.0, "Rank-10": 75.71428571428571, "Rank-20": 80.0}
DEVELOPMENT_MISSING_CONDITION q_NT_g_NT {"mAP": 43.48978524002726, "mINP": 28.44525851158232, "Rank-1": 53.333333333333336, "Rank-5": 70.47619047619048, "Rank-10": 77.14285714285715, "Rank-20": 82.85714285714286}
DEVELOPMENT_MISSING_CONDITION q_NT_g_RT {"mAP": 32.70413183864604, "mINP": 18.665857900615933, "Rank-1": 42.38095238095238, "Rank-5": 61.904761904761905, "Rank-10": 70.47619047619048, "Rank-20": 76.19047619047619}
DEVELOPMENT_MISSING_CONDITION q_NT_g_RN {"mAP": 38.935597791223536, "mINP": 24.800071422992243, "Rank-1": 44.285714285714285, "Rank-5": 67.61904761904762, "Rank-10": 74.28571428571429, "Rank-20": 80.47619047619048}
DEVELOPMENT_MISSING_CONDITION q_NT_g_T {"mAP": 23.491058261290444, "mINP": 8.645146536359727, "Rank-1": 33.80952380952381, "Rank-5": 56.666666666666664, "Rank-10": 60.476190476190474, "Rank-20": 66.19047619047619}
DEVELOPMENT_MISSING_CONDITION q_NT_g_N {"mAP": 39.809679345068936, "mINP": 22.729572634650122, "Rank-1": 48.57142857142857, "Rank-5": 71.9047619047619, "Rank-10": 78.57142857142857, "Rank-20": 84.76190476190476}
DEVELOPMENT_MISSING_CONDITION q_NT_g_R {"mAP": 28.888385620334727, "mINP": 16.569298973364134, "Rank-1": 35.23809523809524, "Rank-5": 58.0952380952381, "Rank-10": 65.71428571428571, "Rank-20": 75.71428571428571}
DEVELOPMENT_MISSING_CONDITION q_RT_g_RNT {"mAP": 41.86197510226186, "mINP": 26.840541667162082, "Rank-1": 50.95238095238095, "Rank-5": 65.71428571428571, "Rank-10": 71.9047619047619, "Rank-20": 77.61904761904762}
DEVELOPMENT_MISSING_CONDITION q_RT_g_NT {"mAP": 35.38011207583243, "mINP": 19.013697039246345, "Rank-1": 49.047619047619044, "Rank-5": 65.71428571428571, "Rank-10": 71.42857142857143, "Rank-20": 78.57142857142857}
DEVELOPMENT_MISSING_CONDITION q_RT_g_RT {"mAP": 42.91978852524461, "mINP": 28.806871439825194, "Rank-1": 55.23809523809524, "Rank-5": 67.14285714285714, "Rank-10": 71.9047619047619, "Rank-20": 78.57142857142857}
DEVELOPMENT_MISSING_CONDITION q_RT_g_RN {"mAP": 39.31174261555655, "mINP": 25.86171220814509, "Rank-1": 48.095238095238095, "Rank-5": 64.76190476190476, "Rank-10": 71.42857142857143, "Rank-20": 77.14285714285715}
DEVELOPMENT_MISSING_CONDITION q_RT_g_T {"mAP": 22.989835570504912, "mINP": 8.266120770664614, "Rank-1": 34.76190476190476, "Rank-5": 55.23809523809524, "Rank-10": 61.42857142857143, "Rank-20": 67.14285714285714}
DEVELOPMENT_MISSING_CONDITION q_RT_g_N {"mAP": 31.53956558220219, "mINP": 17.09092112976877, "Rank-1": 42.38095238095238, "Rank-5": 68.57142857142857, "Rank-10": 73.80952380952381, "Rank-20": 79.52380952380952}
DEVELOPMENT_MISSING_CONDITION q_RT_g_R {"mAP": 38.75071731417551, "mINP": 24.825295075030528, "Rank-1": 50.476190476190474, "Rank-5": 64.28571428571429, "Rank-10": 70.47619047619048, "Rank-20": 76.66666666666667}
DEVELOPMENT_MISSING_CONDITION q_RN_g_RNT {"mAP": 43.501896917920696, "mINP": 29.351228202751116, "Rank-1": 56.19047619047619, "Rank-5": 69.04761904761905, "Rank-10": 72.38095238095238, "Rank-20": 79.52380952380952}
DEVELOPMENT_MISSING_CONDITION q_RN_g_NT {"mAP": 40.700246721855244, "mINP": 25.464082819072566, "Rank-1": 50.95238095238095, "Rank-5": 73.33333333333333, "Rank-10": 77.14285714285715, "Rank-20": 83.80952380952381}
DEVELOPMENT_MISSING_CONDITION q_RN_g_RT {"mAP": 39.30667689042585, "mINP": 26.72755421285163, "Rank-1": 49.523809523809526, "Rank-5": 64.76190476190476, "Rank-10": 73.80952380952381, "Rank-20": 79.52380952380952}
DEVELOPMENT_MISSING_CONDITION q_RN_g_RN {"mAP": 43.60673772115059, "mINP": 30.229451372272003, "Rank-1": 58.0952380952381, "Rank-5": 68.0952380952381, "Rank-10": 73.33333333333333, "Rank-20": 80.47619047619048}
DEVELOPMENT_MISSING_CONDITION q_RN_g_T {"mAP": 11.72326550253564, "mINP": 5.616470865968864, "Rank-1": 10.0, "Rank-5": 28.57142857142857, "Rank-10": 41.904761904761905, "Rank-20": 54.761904761904766}
DEVELOPMENT_MISSING_CONDITION q_RN_g_N {"mAP": 39.990390943380866, "mINP": 23.666271345033465, "Rank-1": 48.095238095238095, "Rank-5": 72.38095238095238, "Rank-10": 78.57142857142857, "Rank-20": 83.80952380952381}
DEVELOPMENT_MISSING_CONDITION q_RN_g_R {"mAP": 39.162201522137025, "mINP": 26.045396232712488, "Rank-1": 50.476190476190474, "Rank-5": 64.28571428571429, "Rank-10": 72.85714285714285, "Rank-20": 77.14285714285715}
DEVELOPMENT_MISSING_CONDITION q_T_g_RNT {"mAP": 18.68918539741142, "mINP": 10.791019339723043, "Rank-1": 22.380952380952383, "Rank-5": 40.476190476190474, "Rank-10": 47.14285714285714, "Rank-20": 54.285714285714285}
DEVELOPMENT_MISSING_CONDITION q_T_g_NT {"mAP": 20.894930442600902, "mINP": 9.095049039162367, "Rank-1": 26.190476190476193, "Rank-5": 50.0, "Rank-10": 57.61904761904761, "Rank-20": 61.904761904761905}
DEVELOPMENT_MISSING_CONDITION q_T_g_RT {"mAP": 20.687752697030433, "mINP": 8.966076894799425, "Rank-1": 26.666666666666668, "Rank-5": 43.80952380952381, "Rank-10": 53.333333333333336, "Rank-20": 61.904761904761905}
DEVELOPMENT_MISSING_CONDITION q_T_g_RN {"mAP": 12.196338627830714, "mINP": 8.482865406877824, "Rank-1": 10.0, "Rank-5": 21.904761904761905, "Rank-10": 30.952380952380953, "Rank-20": 45.23809523809524}
DEVELOPMENT_MISSING_CONDITION q_T_g_T {"mAP": 21.799143149856654, "mINP": 7.271237643508174, "Rank-1": 34.285714285714285, "Rank-5": 53.333333333333336, "Rank-10": 60.952380952380956, "Rank-20": 67.14285714285714}
DEVELOPMENT_MISSING_CONDITION q_T_g_N {"mAP": 12.236068317663081, "mINP": 7.379138758036127, "Rank-1": 9.047619047619047, "Rank-5": 24.761904761904763, "Rank-10": 34.285714285714285, "Rank-20": 48.57142857142857}
DEVELOPMENT_MISSING_CONDITION q_T_g_R {"mAP": 11.121368872660172, "mINP": 7.225970648457279, "Rank-1": 11.904761904761903, "Rank-5": 22.380952380952383, "Rank-10": 33.33333333333333, "Rank-20": 44.761904761904766}
DEVELOPMENT_MISSING_CONDITION q_N_g_RNT {"mAP": 39.04562473616217, "mINP": 24.33391720164773, "Rank-1": 45.23809523809524, "Rank-5": 72.38095238095238, "Rank-10": 76.66666666666667, "Rank-20": 80.47619047619048}
DEVELOPMENT_MISSING_CONDITION q_N_g_NT {"mAP": 40.66442561298748, "mINP": 24.3131018587824, "Rank-1": 49.047619047619044, "Rank-5": 77.14285714285715, "Rank-10": 81.42857142857143, "Rank-20": 86.19047619047619}
DEVELOPMENT_MISSING_CONDITION q_N_g_RT {"mAP": 30.577256853195834, "mINP": 18.41805512725295, "Rank-1": 33.80952380952381, "Rank-5": 66.19047619047619, "Rank-10": 75.23809523809524, "Rank-20": 80.95238095238095}
DEVELOPMENT_MISSING_CONDITION q_N_g_RN {"mAP": 38.32647508585447, "mINP": 24.126317343002306, "Rank-1": 42.38095238095238, "Rank-5": 70.47619047619048, "Rank-10": 76.19047619047619, "Rank-20": 82.85714285714286}
DEVELOPMENT_MISSING_CONDITION q_N_g_T {"mAP": 13.126245601943992, "mINP": 5.715610730225549, "Rank-1": 14.285714285714285, "Rank-5": 27.61904761904762, "Rank-10": 39.523809523809526, "Rank-20": 55.714285714285715}
DEVELOPMENT_MISSING_CONDITION q_N_g_N {"mAP": 40.274811852924344, "mINP": 21.834422163190524, "Rank-1": 49.523809523809526, "Rank-5": 74.76190476190476, "Rank-10": 81.42857142857143, "Rank-20": 85.23809523809524}
DEVELOPMENT_MISSING_CONDITION q_N_g_R {"mAP": 30.20950917453426, "mINP": 18.39944171234452, "Rank-1": 35.714285714285715, "Rank-5": 61.42857142857143, "Rank-10": 70.47619047619048, "Rank-20": 78.0952380952381}
DEVELOPMENT_MISSING_CONDITION q_R_g_RNT {"mAP": 37.79725302787001, "mINP": 24.411002019388796, "Rank-1": 48.095238095238095, "Rank-5": 63.8095238095238, "Rank-10": 68.0952380952381, "Rank-20": 77.14285714285715}
DEVELOPMENT_MISSING_CONDITION q_R_g_NT {"mAP": 29.69082986952812, "mINP": 15.37667433050179, "Rank-1": 40.0, "Rank-5": 65.23809523809524, "Rank-10": 70.47619047619048, "Rank-20": 75.71428571428571}
DEVELOPMENT_MISSING_CONDITION q_R_g_RT {"mAP": 37.648165527155754, "mINP": 24.960408225983052, "Rank-1": 46.666666666666664, "Rank-5": 64.28571428571429, "Rank-10": 69.04761904761905, "Rank-20": 79.04761904761905}
DEVELOPMENT_MISSING_CONDITION q_R_g_RN {"mAP": 38.405235845863636, "mINP": 24.8391674706161, "Rank-1": 49.047619047619044, "Rank-5": 63.33333333333333, "Rank-10": 69.04761904761905, "Rank-20": 76.19047619047619}
DEVELOPMENT_MISSING_CONDITION q_R_g_T {"mAP": 9.311961853630606, "mINP": 5.524713886647187, "Rank-1": 4.285714285714286, "Rank-5": 22.380952380952383, "Rank-10": 41.42857142857143, "Rank-20": 55.23809523809524}
DEVELOPMENT_MISSING_CONDITION q_R_g_N {"mAP": 30.995878414322924, "mINP": 16.185390321802913, "Rank-1": 41.42857142857143, "Rank-5": 66.66666666666666, "Rank-10": 73.33333333333333, "Rank-20": 80.0}
DEVELOPMENT_MISSING_CONDITION q_R_g_R {"mAP": 37.72633731819993, "mINP": 23.838152270574593, "Rank-1": 49.523809523809526, "Rank-5": 62.857142857142854, "Rank-10": 69.52380952380952, "Rank-20": 76.66666666666667}
