/data/gaob/Re-ID/conda-envs/tri_reid/lib/python3.10/site-packages/timm/models/helpers.py:7: FutureWarning: Importing from timm.models.helpers is deprecated, please import via timm.models
  warnings.warn(f"Importing from {__name__} is deprecated, please import via timm.models", FutureWarning)
/data/gaob/Re-ID/conda-envs/tri_reid/lib/python3.10/site-packages/timm/models/registry.py:4: FutureWarning: Importing from timm.models.registry is deprecated, please import via timm.models
  warnings.warn(f"Importing from {__name__} is deprecated, please import via timm.models", FutureWarning)
/data/gaob/Re-ID/conda-envs/tri_reid/lib/python3.10/site-packages/timm/models/layers/__init__.py:48: FutureWarning: Importing from timm.models.layers is deprecated, please import via timm.layers
  warnings.warn(f"Importing from {__name__} is deprecated, please import via timm.layers", FutureWarning)
using Transformer_type: ViT-B-16 as a backbone
Resized position embedding: %s to %s torch.Size([197, 768]) torch.Size([129, 768])
Position embedding resize to height:8 width: 16
Successfully load ckpt!
<All keys matched successfully>
Loading pretrained model from CLIP
camera number is : 8
DEVELOPMENT_MISSING_CONDITION q_RNT_g_RNT {"mAP": 47.293246568142074, "mINP": 33.34729209572212, "Rank-1": 61.904761904761905, "Rank-5": 70.95238095238095, "Rank-10": 75.71428571428571, "Rank-20": 79.52380952380952}
DEVELOPMENT_MISSING_CONDITION q_RNT_g_NT {"mAP": 44.360509444016245, "mINP": 29.36642319814758, "Rank-1": 58.0952380952381, "Rank-5": 71.9047619047619, "Rank-10": 77.14285714285715, "Rank-20": 81.42857142857143}
DEVELOPMENT_MISSING_CONDITION q_RNT_g_RT {"mAP": 43.659059409945314, "mINP": 30.06982674366587, "Rank-1": 54.285714285714285, "Rank-5": 70.0, "Rank-10": 75.23809523809524, "Rank-20": 82.38095238095238}
DEVELOPMENT_MISSING_CONDITION q_RNT_g_RN {"mAP": 45.947916694639844, "mINP": 33.010854603479615, "Rank-1": 57.14285714285714, "Rank-5": 70.47619047619048, "Rank-10": 75.71428571428571, "Rank-20": 80.47619047619048}
DEVELOPMENT_MISSING_CONDITION q_RNT_g_T {"mAP": 19.27850102104434, "mINP": 7.20953825252339, "Rank-1": 27.142857142857142, "Rank-5": 51.90476190476191, "Rank-10": 65.71428571428571, "Rank-20": 78.0952380952381}
DEVELOPMENT_MISSING_CONDITION q_RNT_g_N {"mAP": 41.918137359528814, "mINP": 25.926411226314972, "Rank-1": 49.523809523809526, "Rank-5": 70.0, "Rank-10": 78.0952380952381, "Rank-20": 83.33333333333334}
DEVELOPMENT_MISSING_CONDITION q_RNT_g_R {"mAP": 42.01251548107135, "mINP": 28.586830188553364, "Rank-1": 55.714285714285715, "Rank-5": 69.52380952380952, "Rank-10": 76.19047619047619, "Rank-20": 80.47619047619048}
DEVELOPMENT_MISSING_CONDITION q_NT_g_RNT {"mAP": 42.56101422120555, "mINP": 28.210607010801432, "Rank-1": 49.523809523809526, "Rank-5": 73.33333333333333, "Rank-10": 76.19047619047619, "Rank-20": 79.04761904761905}
DEVELOPMENT_MISSING_CONDITION q_NT_g_NT {"mAP": 43.76597914328663, "mINP": 28.059354535834004, "Rank-1": 56.19047619047619, "Rank-5": 70.95238095238095, "Rank-10": 77.14285714285715, "Rank-20": 81.9047619047619}
DEVELOPMENT_MISSING_CONDITION q_NT_g_RT {"mAP": 34.617259537572075, "mINP": 19.22692687439508, "Rank-1": 43.80952380952381, "Rank-5": 66.66666666666666, "Rank-10": 74.76190476190476, "Rank-20": 80.95238095238095}
DEVELOPMENT_MISSING_CONDITION q_NT_g_RN {"mAP": 40.422622711283374, "mINP": 27.474001151404142, "Rank-1": 49.523809523809526, "Rank-5": 70.95238095238095, "Rank-10": 76.19047619047619, "Rank-20": 80.47619047619048}
DEVELOPMENT_MISSING_CONDITION q_NT_g_T {"mAP": 22.949852371639427, "mINP": 7.7398133682187025, "Rank-1": 37.142857142857146, "Rank-5": 53.333333333333336, "Rank-10": 62.38095238095238, "Rank-20": 72.38095238095238}
DEVELOPMENT_MISSING_CONDITION q_NT_g_N {"mAP": 41.11227112127686, "mINP": 25.16683381442373, "Rank-1": 50.476190476190474, "Rank-5": 70.47619047619048, "Rank-10": 77.61904761904762, "Rank-20": 84.28571428571429}
DEVELOPMENT_MISSING_CONDITION q_NT_g_R {"mAP": 32.51461010637443, "mINP": 20.486917452951538, "Rank-1": 38.095238095238095, "Rank-5": 66.66666666666666, "Rank-10": 73.80952380952381, "Rank-20": 80.0}
DEVELOPMENT_MISSING_CONDITION q_RT_g_RNT {"mAP": 44.500549875468344, "mINP": 29.797683455808237, "Rank-1": 53.333333333333336, "Rank-5": 67.61904761904762, "Rank-10": 74.76190476190476, "Rank-20": 80.95238095238095}
DEVELOPMENT_MISSING_CONDITION q_RT_g_NT {"mAP": 36.23518590932955, "mINP": 18.030045073707484, "Rank-1": 50.95238095238095, "Rank-5": 68.0952380952381, "Rank-10": 74.28571428571429, "Rank-20": 82.85714285714286}
DEVELOPMENT_MISSING_CONDITION q_RT_g_RT {"mAP": 44.19038145083543, "mINP": 28.43948659645849, "Rank-1": 58.0952380952381, "Rank-5": 68.57142857142857, "Rank-10": 73.80952380952381, "Rank-20": 80.0}
DEVELOPMENT_MISSING_CONDITION q_RT_g_RN {"mAP": 42.83892361868839, "mINP": 29.684764966253134, "Rank-1": 52.85714285714286, "Rank-5": 66.19047619047619, "Rank-10": 73.80952380952381, "Rank-20": 80.47619047619048}
DEVELOPMENT_MISSING_CONDITION q_RT_g_T {"mAP": 22.686637569316222, "mINP": 7.412315237610696, "Rank-1": 34.76190476190476, "Rank-5": 51.90476190476191, "Rank-10": 60.0, "Rank-20": 73.33333333333333}
DEVELOPMENT_MISSING_CONDITION q_RT_g_N {"mAP": 35.62312610395655, "mINP": 18.1448785669252, "Rank-1": 46.666666666666664, "Rank-5": 70.47619047619048, "Rank-10": 78.57142857142857, "Rank-20": 82.38095238095238}
DEVELOPMENT_MISSING_CONDITION q_RT_g_R {"mAP": 41.47613106247817, "mINP": 27.83002805074623, "Rank-1": 55.714285714285715, "Rank-5": 68.57142857142857, "Rank-10": 74.28571428571429, "Rank-20": 78.57142857142857}
DEVELOPMENT_MISSING_CONDITION q_RN_g_RNT {"mAP": 44.98003647941791, "mINP": 32.20845137115448, "Rank-1": 53.80952380952381, "Rank-5": 69.52380952380952, "Rank-10": 74.28571428571429, "Rank-20": 81.42857142857143}
DEVELOPMENT_MISSING_CONDITION q_RN_g_NT {"mAP": 42.14131937119468, "mINP": 27.23839836305158, "Rank-1": 51.90476190476191, "Rank-5": 70.95238095238095, "Rank-10": 78.57142857142857, "Rank-20": 84.76190476190476}
DEVELOPMENT_MISSING_CONDITION q_RN_g_RT {"mAP": 41.55123697632805, "mINP": 28.633717394179392, "Rank-1": 51.90476190476191, "Rank-5": 66.66666666666666, "Rank-10": 74.28571428571429, "Rank-20": 81.42857142857143}
DEVELOPMENT_MISSING_CONDITION q_RN_g_RN {"mAP": 45.24073325637929, "mINP": 32.49129462080009, "Rank-1": 56.666666666666664, "Rank-5": 69.04761904761905, "Rank-10": 74.76190476190476, "Rank-20": 82.38095238095238}
DEVELOPMENT_MISSING_CONDITION q_RN_g_T {"mAP": 13.960998969823999, "mINP": 6.2953585451320935, "Rank-1": 16.666666666666664, "Rank-5": 36.666666666666664, "Rank-10": 51.42857142857142, "Rank-20": 65.23809523809524}
DEVELOPMENT_MISSING_CONDITION q_RN_g_N {"mAP": 42.06289981121565, "mINP": 25.58443401329932, "Rank-1": 53.80952380952381, "Rank-5": 71.9047619047619, "Rank-10": 78.57142857142857, "Rank-20": 83.80952380952381}
DEVELOPMENT_MISSING_CONDITION q_RN_g_R {"mAP": 41.24283503662588, "mINP": 27.860874556328724, "Rank-1": 52.85714285714286, "Rank-5": 68.57142857142857, "Rank-10": 74.28571428571429, "Rank-20": 79.52380952380952}
DEVELOPMENT_MISSING_CONDITION q_T_g_RNT {"mAP": 16.38083006424169, "mINP": 9.801321314009824, "Rank-1": 18.571428571428573, "Rank-5": 37.142857142857146, "Rank-10": 48.095238095238095, "Rank-20": 57.61904761904761}
DEVELOPMENT_MISSING_CONDITION q_T_g_NT {"mAP": 18.227398023116116, "mINP": 7.716108719268817, "Rank-1": 24.761904761904763, "Rank-5": 44.285714285714285, "Rank-10": 54.761904761904766, "Rank-20": 63.33333333333333}
DEVELOPMENT_MISSING_CONDITION q_T_g_RT {"mAP": 18.529555754949996, "mINP": 7.466923005034317, "Rank-1": 23.809523809523807, "Rank-5": 45.714285714285715, "Rank-10": 55.714285714285715, "Rank-20": 67.14285714285714}
DEVELOPMENT_MISSING_CONDITION q_T_g_RN {"mAP": 12.842285310568688, "mINP": 8.294016671056971, "Rank-1": 10.952380952380953, "Rank-5": 28.57142857142857, "Rank-10": 36.666666666666664, "Rank-20": 47.14285714285714}
DEVELOPMENT_MISSING_CONDITION q_T_g_T {"mAP": 19.684915072094743, "mINP": 6.21344096667206, "Rank-1": 31.428571428571427, "Rank-5": 51.90476190476191, "Rank-10": 56.19047619047619, "Rank-20": 66.66666666666666}
DEVELOPMENT_MISSING_CONDITION q_T_g_N {"mAP": 12.581264192104676, "mINP": 7.118553413631878, "Rank-1": 10.0, "Rank-5": 25.71428571428571, "Rank-10": 36.19047619047619, "Rank-20": 50.476190476190474}
DEVELOPMENT_MISSING_CONDITION q_T_g_R {"mAP": 11.152421158608458, "mINP": 7.247998650165005, "Rank-1": 8.095238095238095, "Rank-5": 30.0, "Rank-10": 40.0, "Rank-20": 49.047619047619044}
DEVELOPMENT_MISSING_CONDITION q_N_g_RNT {"mAP": 40.01539833043169, "mINP": 26.151797678579907, "Rank-1": 44.761904761904766, "Rank-5": 71.9047619047619, "Rank-10": 77.14285714285715, "Rank-20": 82.85714285714286}
DEVELOPMENT_MISSING_CONDITION q_N_g_NT {"mAP": 40.23821806310906, "mINP": 25.18058313113467, "Rank-1": 49.047619047619044, "Rank-5": 74.28571428571429, "Rank-10": 79.52380952380952, "Rank-20": 86.19047619047619}
DEVELOPMENT_MISSING_CONDITION q_N_g_RT {"mAP": 31.64905254658233, "mINP": 20.3414679164094, "Rank-1": 35.714285714285715, "Rank-5": 65.23809523809524, "Rank-10": 74.28571428571429, "Rank-20": 83.33333333333334}
DEVELOPMENT_MISSING_CONDITION q_N_g_RN {"mAP": 39.181034901226205, "mINP": 26.294753644909548, "Rank-1": 45.23809523809524, "Rank-5": 69.52380952380952, "Rank-10": 77.14285714285715, "Rank-20": 83.33333333333334}
DEVELOPMENT_MISSING_CONDITION q_N_g_T {"mAP": 13.504440430789655, "mINP": 6.178359837081276, "Rank-1": 16.666666666666664, "Rank-5": 32.857142857142854, "Rank-10": 46.19047619047619, "Rank-20": 62.857142857142854}
DEVELOPMENT_MISSING_CONDITION q_N_g_N {"mAP": 40.5845019807146, "mINP": 24.009086475683304, "Rank-1": 51.90476190476191, "Rank-5": 71.9047619047619, "Rank-10": 80.0, "Rank-20": 84.76190476190476}
DEVELOPMENT_MISSING_CONDITION q_N_g_R {"mAP": 31.301067859476206, "mINP": 20.362608766098898, "Rank-1": 34.76190476190476, "Rank-5": 62.38095238095238, "Rank-10": 70.47619047619048, "Rank-20": 79.04761904761905}
DEVELOPMENT_MISSING_CONDITION q_R_g_RNT {"mAP": 39.0092676765701, "mINP": 26.21687088573617, "Rank-1": 46.666666666666664, "Rank-5": 64.76190476190476, "Rank-10": 70.47619047619048, "Rank-20": 79.52380952380952}
DEVELOPMENT_MISSING_CONDITION q_R_g_NT {"mAP": 34.624224805855306, "mINP": 18.743423304361887, "Rank-1": 43.80952380952381, "Rank-5": 67.61904761904762, "Rank-10": 74.76190476190476, "Rank-20": 80.95238095238095}
DEVELOPMENT_MISSING_CONDITION q_R_g_RT {"mAP": 39.43680137383659, "mINP": 26.22441152285713, "Rank-1": 50.0, "Rank-5": 64.28571428571429, "Rank-10": 70.0, "Rank-20": 79.52380952380952}
DEVELOPMENT_MISSING_CONDITION q_R_g_RN {"mAP": 39.270271939282466, "mINP": 26.89140985842995, "Rank-1": 49.523809523809526, "Rank-5": 62.857142857142854, "Rank-10": 71.9047619047619, "Rank-20": 78.57142857142857}
DEVELOPMENT_MISSING_CONDITION q_R_g_T {"mAP": 12.29942933519525, "mINP": 5.9840879026166505, "Rank-1": 10.0, "Rank-5": 35.23809523809524, "Rank-10": 51.42857142857142, "Rank-20": 62.857142857142854}
DEVELOPMENT_MISSING_CONDITION q_R_g_N {"mAP": 34.68475522768833, "mINP": 17.86008633357283, "Rank-1": 47.14285714285714, "Rank-5": 68.57142857142857, "Rank-10": 77.14285714285715, "Rank-20": 83.33333333333334}
DEVELOPMENT_MISSING_CONDITION q_R_g_R {"mAP": 39.72440269302002, "mINP": 26.52277552875407, "Rank-1": 54.285714285714285, "Rank-5": 64.76190476190476, "Rank-10": 72.85714285714285, "Rank-20": 79.04761904761905}
