/data/gaob/Re-ID/conda-envs/tri_reid/lib/python3.10/site-packages/timm/models/helpers.py:7: FutureWarning: Importing from timm.models.helpers is deprecated, please import via timm.models
  warnings.warn(f"Importing from {__name__} is deprecated, please import via timm.models", FutureWarning)
/data/gaob/Re-ID/conda-envs/tri_reid/lib/python3.10/site-packages/timm/models/registry.py:4: FutureWarning: Importing from timm.models.registry is deprecated, please import via timm.models
  warnings.warn(f"Importing from {__name__} is deprecated, please import via timm.models", FutureWarning)
/data/gaob/Re-ID/conda-envs/tri_reid/lib/python3.10/site-packages/timm/models/layers/__init__.py:48: FutureWarning: Importing from timm.models.layers is deprecated, please import via timm.layers
  warnings.warn(f"Importing from {__name__} is deprecated, please import via timm.layers", FutureWarning)
using Transformer_type: ViT-B-16 as a backbone
Resized position embedding: %s to %s torch.Size([197, 768]) torch.Size([129, 768])
Position embedding resize to height:8 width: 16
Successfully load ckpt!
<All keys matched successfully>
Loading pretrained model from CLIP
camera number is : 8
DEVELOPMENT_MISSING_CONDITION q_RNT_g_RNT {"mAP": 48.289660908632996, "mINP": 34.610811526969684, "Rank-1": 61.42857142857143, "Rank-5": 74.76190476190476, "Rank-10": 78.57142857142857, "Rank-20": 80.95238095238095}
DEVELOPMENT_MISSING_CONDITION q_RNT_g_NT {"mAP": 45.64847472722194, "mINP": 29.145436639127624, "Rank-1": 62.857142857142854, "Rank-5": 75.23809523809524, "Rank-10": 78.0952380952381, "Rank-20": 81.9047619047619}
DEVELOPMENT_MISSING_CONDITION q_RNT_g_RT {"mAP": 44.11000815278855, "mINP": 31.686495959828587, "Rank-1": 53.80952380952381, "Rank-5": 72.85714285714285, "Rank-10": 75.71428571428571, "Rank-20": 80.0}
DEVELOPMENT_MISSING_CONDITION q_RNT_g_RN {"mAP": 45.57543637445903, "mINP": 32.437374461486954, "Rank-1": 54.285714285714285, "Rank-5": 73.33333333333333, "Rank-10": 78.57142857142857, "Rank-20": 81.42857142857143}
DEVELOPMENT_MISSING_CONDITION q_RNT_g_T {"mAP": 16.285100752007516, "mINP": 6.7416585550679695, "Rank-1": 19.047619047619047, "Rank-5": 49.523809523809526, "Rank-10": 60.476190476190474, "Rank-20": 72.85714285714285}
DEVELOPMENT_MISSING_CONDITION q_RNT_g_N {"mAP": 42.7113963293247, "mINP": 24.518444316127212, "Rank-1": 58.57142857142858, "Rank-5": 75.71428571428571, "Rank-10": 79.04761904761905, "Rank-20": 82.85714285714286}
DEVELOPMENT_MISSING_CONDITION q_RNT_g_R {"mAP": 42.135130428801155, "mINP": 29.985179554684656, "Rank-1": 50.95238095238095, "Rank-5": 74.28571428571429, "Rank-10": 77.14285714285715, "Rank-20": 80.47619047619048}
DEVELOPMENT_MISSING_CONDITION q_NT_g_RNT {"mAP": 42.39805937311876, "mINP": 27.453874885008872, "Rank-1": 48.57142857142857, "Rank-5": 73.80952380952381, "Rank-10": 79.52380952380952, "Rank-20": 81.9047619047619}
DEVELOPMENT_MISSING_CONDITION q_NT_g_NT {"mAP": 44.3846283256916, "mINP": 27.172561501571547, "Rank-1": 56.666666666666664, "Rank-5": 74.28571428571429, "Rank-10": 79.04761904761905, "Rank-20": 82.85714285714286}
DEVELOPMENT_MISSING_CONDITION q_NT_g_RT {"mAP": 34.38134558905468, "mINP": 19.76560016455277, "Rank-1": 45.23809523809524, "Rank-5": 62.857142857142854, "Rank-10": 71.9047619047619, "Rank-20": 81.9047619047619}
DEVELOPMENT_MISSING_CONDITION q_NT_g_RN {"mAP": 41.66257014632236, "mINP": 27.22157822565496, "Rank-1": 47.14285714285714, "Rank-5": 74.76190476190476, "Rank-10": 77.61904761904762, "Rank-20": 81.42857142857143}
DEVELOPMENT_MISSING_CONDITION q_NT_g_T {"mAP": 20.677302753818584, "mINP": 6.752832672862537, "Rank-1": 29.523809523809526, "Rank-5": 53.333333333333336, "Rank-10": 62.857142857142854, "Rank-20": 71.42857142857143}
DEVELOPMENT_MISSING_CONDITION q_NT_g_N {"mAP": 43.12023995551503, "mINP": 23.590256538497407, "Rank-1": 55.23809523809524, "Rank-5": 75.71428571428571, "Rank-10": 80.95238095238095, "Rank-20": 84.76190476190476}
DEVELOPMENT_MISSING_CONDITION q_NT_g_R {"mAP": 32.30341587002562, "mINP": 20.578137519933275, "Rank-1": 38.57142857142858, "Rank-5": 65.23809523809524, "Rank-10": 70.0, "Rank-20": 78.0952380952381}
DEVELOPMENT_MISSING_CONDITION q_RT_g_RNT {"mAP": 44.069820289045154, "mINP": 29.498858281342276, "Rank-1": 56.19047619047619, "Rank-5": 70.95238095238095, "Rank-10": 74.76190476190476, "Rank-20": 79.52380952380952}
DEVELOPMENT_MISSING_CONDITION q_RT_g_NT {"mAP": 36.2305945880777, "mINP": 17.683980429867333, "Rank-1": 50.0, "Rank-5": 65.71428571428571, "Rank-10": 72.85714285714285, "Rank-20": 80.47619047619048}
DEVELOPMENT_MISSING_CONDITION q_RT_g_RT {"mAP": 43.80024547934122, "mINP": 29.934726361429203, "Rank-1": 56.19047619047619, "Rank-5": 71.9047619047619, "Rank-10": 74.28571428571429, "Rank-20": 80.0}
DEVELOPMENT_MISSING_CONDITION q_RT_g_RN {"mAP": 42.20592195431567, "mINP": 29.03821274357335, "Rank-1": 51.90476190476191, "Rank-5": 72.38095238095238, "Rank-10": 76.19047619047619, "Rank-20": 78.57142857142857}
DEVELOPMENT_MISSING_CONDITION q_RT_g_T {"mAP": 20.773557789437834, "mINP": 6.997919782852832, "Rank-1": 30.476190476190478, "Rank-5": 51.90476190476191, "Rank-10": 61.42857142857143, "Rank-20": 68.57142857142857}
DEVELOPMENT_MISSING_CONDITION q_RT_g_N {"mAP": 36.0973530598197, "mINP": 18.031496238168316, "Rank-1": 43.333333333333336, "Rank-5": 71.42857142857143, "Rank-10": 76.66666666666667, "Rank-20": 81.42857142857143}
DEVELOPMENT_MISSING_CONDITION q_RT_g_R {"mAP": 40.29175803028762, "mINP": 27.477839067006844, "Rank-1": 51.42857142857142, "Rank-5": 70.47619047619048, "Rank-10": 76.66666666666667, "Rank-20": 78.57142857142857}
DEVELOPMENT_MISSING_CONDITION q_RN_g_RNT {"mAP": 46.11760913138324, "mINP": 32.905575711858006, "Rank-1": 58.57142857142858, "Rank-5": 71.42857142857143, "Rank-10": 76.66666666666667, "Rank-20": 81.9047619047619}
DEVELOPMENT_MISSING_CONDITION q_RN_g_NT {"mAP": 43.7225322612781, "mINP": 26.52177358117946, "Rank-1": 52.38095238095239, "Rank-5": 75.23809523809524, "Rank-10": 79.52380952380952, "Rank-20": 82.38095238095238}
DEVELOPMENT_MISSING_CONDITION q_RN_g_RT {"mAP": 41.89465784123549, "mINP": 29.98803188679665, "Rank-1": 50.476190476190474, "Rank-5": 70.95238095238095, "Rank-10": 76.66666666666667, "Rank-20": 80.47619047619048}
DEVELOPMENT_MISSING_CONDITION q_RN_g_RN {"mAP": 45.97498258044356, "mINP": 32.68671116575742, "Rank-1": 56.19047619047619, "Rank-5": 72.85714285714285, "Rank-10": 78.57142857142857, "Rank-20": 81.9047619047619}
DEVELOPMENT_MISSING_CONDITION q_RN_g_T {"mAP": 11.357168497079691, "mINP": 5.390660489459474, "Rank-1": 9.047619047619047, "Rank-5": 25.238095238095237, "Rank-10": 37.61904761904762, "Rank-20": 55.23809523809524}
DEVELOPMENT_MISSING_CONDITION q_RN_g_N {"mAP": 43.858080064211805, "mINP": 24.61735154804136, "Rank-1": 58.0952380952381, "Rank-5": 77.14285714285715, "Rank-10": 80.47619047619048, "Rank-20": 83.80952380952381}
DEVELOPMENT_MISSING_CONDITION q_RN_g_R {"mAP": 40.88482511593449, "mINP": 28.49167379237449, "Rank-1": 49.523809523809526, "Rank-5": 70.47619047619048, "Rank-10": 77.14285714285715, "Rank-20": 80.0}
DEVELOPMENT_MISSING_CONDITION q_T_g_RNT {"mAP": 13.416829839177257, "mINP": 8.935522542728407, "Rank-1": 12.857142857142856, "Rank-5": 30.0, "Rank-10": 43.333333333333336, "Rank-20": 55.23809523809524}
DEVELOPMENT_MISSING_CONDITION q_T_g_NT {"mAP": 17.07053769659978, "mINP": 7.102832529510018, "Rank-1": 24.761904761904763, "Rank-5": 46.19047619047619, "Rank-10": 57.14285714285714, "Rank-20": 61.904761904761905}
DEVELOPMENT_MISSING_CONDITION q_T_g_RT {"mAP": 17.065799415417843, "mINP": 6.799639680521994, "Rank-1": 24.761904761904763, "Rank-5": 43.80952380952381, "Rank-10": 56.19047619047619, "Rank-20": 64.76190476190476}
DEVELOPMENT_MISSING_CONDITION q_T_g_RN {"mAP": 11.654494569004578, "mINP": 9.055641974484143, "Rank-1": 8.095238095238095, "Rank-5": 15.238095238095239, "Rank-10": 24.285714285714285, "Rank-20": 36.666666666666664}
DEVELOPMENT_MISSING_CONDITION q_T_g_T {"mAP": 18.97917329694353, "mINP": 5.89091694386276, "Rank-1": 30.476190476190478, "Rank-5": 50.95238095238095, "Rank-10": 57.14285714285714, "Rank-20": 65.71428571428571}
DEVELOPMENT_MISSING_CONDITION q_T_g_N {"mAP": 11.815465626029125, "mINP": 7.687255583108158, "Rank-1": 7.6190476190476195, "Rank-5": 21.904761904761905, "Rank-10": 32.857142857142854, "Rank-20": 40.476190476190474}
DEVELOPMENT_MISSING_CONDITION q_T_g_R {"mAP": 9.543244723792316, "mINP": 7.618116146047099, "Rank-1": 6.666666666666667, "Rank-5": 13.80952380952381, "Rank-10": 23.809523809523807, "Rank-20": 33.33333333333333}
DEVELOPMENT_MISSING_CONDITION q_N_g_RNT {"mAP": 42.514581196547795, "mINP": 27.013583483559245, "Rank-1": 50.0, "Rank-5": 73.80952380952381, "Rank-10": 79.04761904761905, "Rank-20": 86.19047619047619}
DEVELOPMENT_MISSING_CONDITION q_N_g_NT {"mAP": 43.93062704771266, "mINP": 25.475801546645183, "Rank-1": 51.42857142857142, "Rank-5": 78.0952380952381, "Rank-10": 82.85714285714286, "Rank-20": 87.61904761904762}
DEVELOPMENT_MISSING_CONDITION q_N_g_RT {"mAP": 33.81184902259541, "mINP": 22.200776243430802, "Rank-1": 35.23809523809524, "Rank-5": 63.8095238095238, "Rank-10": 75.71428571428571, "Rank-20": 80.95238095238095}
DEVELOPMENT_MISSING_CONDITION q_N_g_RN {"mAP": 42.158178376952144, "mINP": 26.753045290224385, "Rank-1": 50.0, "Rank-5": 75.23809523809524, "Rank-10": 78.57142857142857, "Rank-20": 83.80952380952381}
DEVELOPMENT_MISSING_CONDITION q_N_g_T {"mAP": 12.193554433371363, "mINP": 5.825052045919291, "Rank-1": 10.0, "Rank-5": 31.9047619047619, "Rank-10": 40.476190476190474, "Rank-20": 55.23809523809524}
DEVELOPMENT_MISSING_CONDITION q_N_g_N {"mAP": 43.71108970784147, "mINP": 23.25064937779284, "Rank-1": 56.666666666666664, "Rank-5": 79.04761904761905, "Rank-10": 81.9047619047619, "Rank-20": 85.71428571428571}
DEVELOPMENT_MISSING_CONDITION q_N_g_R {"mAP": 33.199782047819944, "mINP": 21.011576082971136, "Rank-1": 39.523809523809526, "Rank-5": 64.76190476190476, "Rank-10": 71.42857142857143, "Rank-20": 78.57142857142857}
DEVELOPMENT_MISSING_CONDITION q_R_g_RNT {"mAP": 38.04889587327469, "mINP": 25.356576642667317, "Rank-1": 48.57142857142857, "Rank-5": 66.66666666666666, "Rank-10": 75.23809523809524, "Rank-20": 78.0952380952381}
DEVELOPMENT_MISSING_CONDITION q_R_g_NT {"mAP": 31.702847363614765, "mINP": 17.832203284755092, "Rank-1": 36.19047619047619, "Rank-5": 64.28571428571429, "Rank-10": 73.80952380952381, "Rank-20": 80.0}
DEVELOPMENT_MISSING_CONDITION q_R_g_RT {"mAP": 38.06752851774188, "mINP": 25.69312885848351, "Rank-1": 47.61904761904761, "Rank-5": 66.66666666666666, "Rank-10": 74.28571428571429, "Rank-20": 79.04761904761905}
DEVELOPMENT_MISSING_CONDITION q_R_g_RN {"mAP": 39.03156977034904, "mINP": 25.823901741472188, "Rank-1": 48.57142857142857, "Rank-5": 68.0952380952381, "Rank-10": 75.23809523809524, "Rank-20": 79.52380952380952}
DEVELOPMENT_MISSING_CONDITION q_R_g_T {"mAP": 8.956016352324673, "mINP": 5.185588737337197, "Rank-1": 3.8095238095238098, "Rank-5": 22.380952380952383, "Rank-10": 37.142857142857146, "Rank-20": 54.285714285714285}
DEVELOPMENT_MISSING_CONDITION q_R_g_N {"mAP": 34.28522238216931, "mINP": 18.060605118796033, "Rank-1": 40.95238095238095, "Rank-5": 69.04761904761905, "Rank-10": 75.71428571428571, "Rank-20": 82.85714285714286}
DEVELOPMENT_MISSING_CONDITION q_R_g_R {"mAP": 39.46957146594231, "mINP": 25.77206432697605, "Rank-1": 50.476190476190474, "Rank-5": 67.14285714285714, "Rank-10": 75.23809523809524, "Rank-20": 80.0}
