/data/gaob/Re-ID/conda-envs/tri_reid/lib/python3.10/site-packages/timm/models/helpers.py:7: FutureWarning: Importing from timm.models.helpers is deprecated, please import via timm.models
  warnings.warn(f"Importing from {__name__} is deprecated, please import via timm.models", FutureWarning)
/data/gaob/Re-ID/conda-envs/tri_reid/lib/python3.10/site-packages/timm/models/registry.py:4: FutureWarning: Importing from timm.models.registry is deprecated, please import via timm.models
  warnings.warn(f"Importing from {__name__} is deprecated, please import via timm.models", FutureWarning)
/data/gaob/Re-ID/conda-envs/tri_reid/lib/python3.10/site-packages/timm/models/layers/__init__.py:48: FutureWarning: Importing from timm.models.layers is deprecated, please import via timm.layers
  warnings.warn(f"Importing from {__name__} is deprecated, please import via timm.layers", FutureWarning)
using Transformer_type: ViT-B-16 as a backbone
Resized position embedding: %s to %s torch.Size([197, 768]) torch.Size([129, 768])
Position embedding resize to height:8 width: 16
Successfully load ckpt!
<All keys matched successfully>
Loading pretrained model from CLIP
camera number is : 8
DEVELOPMENT_MISSING_CONDITION q_RNT_g_RNT {"mAP": 47.3602335022102, "mINP": 34.170067901850636, "Rank-1": 60.476190476190474, "Rank-5": 70.0, "Rank-10": 78.0952380952381, "Rank-20": 80.47619047619048}
DEVELOPMENT_MISSING_CONDITION q_RNT_g_NT {"mAP": 44.09426796850998, "mINP": 28.732617702306207, "Rank-1": 57.61904761904761, "Rank-5": 71.9047619047619, "Rank-10": 78.0952380952381, "Rank-20": 82.38095238095238}
DEVELOPMENT_MISSING_CONDITION q_RNT_g_RT {"mAP": 44.349584129189715, "mINP": 30.403234221783286, "Rank-1": 54.285714285714285, "Rank-5": 70.47619047619048, "Rank-10": 76.19047619047619, "Rank-20": 80.0}
DEVELOPMENT_MISSING_CONDITION q_RNT_g_RN {"mAP": 45.70863611861278, "mINP": 33.096776989673934, "Rank-1": 56.666666666666664, "Rank-5": 70.47619047619048, "Rank-10": 76.19047619047619, "Rank-20": 83.33333333333334}
DEVELOPMENT_MISSING_CONDITION q_RNT_g_T {"mAP": 18.563368653768926, "mINP": 6.7497034635048445, "Rank-1": 22.380952380952383, "Rank-5": 46.666666666666664, "Rank-10": 57.14285714285714, "Rank-20": 70.95238095238095}
DEVELOPMENT_MISSING_CONDITION q_RNT_g_N {"mAP": 41.49627570929028, "mINP": 24.780539618958237, "Rank-1": 55.23809523809524, "Rank-5": 70.47619047619048, "Rank-10": 77.61904761904762, "Rank-20": 82.85714285714286}
DEVELOPMENT_MISSING_CONDITION q_RNT_g_R {"mAP": 41.474534541586486, "mINP": 27.933023499433546, "Rank-1": 50.476190476190474, "Rank-5": 71.42857142857143, "Rank-10": 75.23809523809524, "Rank-20": 80.0}
DEVELOPMENT_MISSING_CONDITION q_NT_g_RNT {"mAP": 41.26548571868699, "mINP": 27.63319711855401, "Rank-1": 49.523809523809526, "Rank-5": 71.9047619047619, "Rank-10": 78.57142857142857, "Rank-20": 80.0}
DEVELOPMENT_MISSING_CONDITION q_NT_g_NT {"mAP": 44.030899635258855, "mINP": 29.6369405128901, "Rank-1": 57.14285714285714, "Rank-5": 73.33333333333333, "Rank-10": 79.04761904761905, "Rank-20": 83.33333333333334}
DEVELOPMENT_MISSING_CONDITION q_NT_g_RT {"mAP": 35.27755926762272, "mINP": 19.97910707237925, "Rank-1": 47.14285714285714, "Rank-5": 66.19047619047619, "Rank-10": 73.80952380952381, "Rank-20": 80.0}
DEVELOPMENT_MISSING_CONDITION q_NT_g_RN {"mAP": 40.022549783080514, "mINP": 26.702610031865902, "Rank-1": 47.61904761904761, "Rank-5": 72.38095238095238, "Rank-10": 76.66666666666667, "Rank-20": 84.76190476190476}
DEVELOPMENT_MISSING_CONDITION q_NT_g_T {"mAP": 22.500807359710834, "mINP": 7.548888414548757, "Rank-1": 31.428571428571427, "Rank-5": 56.19047619047619, "Rank-10": 63.33333333333333, "Rank-20": 71.42857142857143}
DEVELOPMENT_MISSING_CONDITION q_NT_g_N {"mAP": 41.03933857827452, "mINP": 24.517250428277716, "Rank-1": 54.285714285714285, "Rank-5": 70.95238095238095, "Rank-10": 78.57142857142857, "Rank-20": 86.66666666666667}
DEVELOPMENT_MISSING_CONDITION q_NT_g_R {"mAP": 32.75149403016358, "mINP": 19.73114887700697, "Rank-1": 44.761904761904766, "Rank-5": 66.66666666666666, "Rank-10": 74.76190476190476, "Rank-20": 82.38095238095238}
DEVELOPMENT_MISSING_CONDITION q_RT_g_RNT {"mAP": 44.5309364998041, "mINP": 29.89529074465864, "Rank-1": 54.761904761904766, "Rank-5": 69.52380952380952, "Rank-10": 75.71428571428571, "Rank-20": 79.52380952380952}
DEVELOPMENT_MISSING_CONDITION q_RT_g_NT {"mAP": 36.33843728257097, "mINP": 18.252285382727987, "Rank-1": 51.90476190476191, "Rank-5": 70.47619047619048, "Rank-10": 74.28571428571429, "Rank-20": 78.57142857142857}
DEVELOPMENT_MISSING_CONDITION q_RT_g_RT {"mAP": 44.56891531696742, "mINP": 30.12327122857495, "Rank-1": 56.19047619047619, "Rank-5": 69.52380952380952, "Rank-10": 75.71428571428571, "Rank-20": 80.47619047619048}
DEVELOPMENT_MISSING_CONDITION q_RT_g_RN {"mAP": 43.07102654827094, "mINP": 29.607215537086905, "Rank-1": 54.761904761904766, "Rank-5": 69.04761904761905, "Rank-10": 75.23809523809524, "Rank-20": 80.95238095238095}
DEVELOPMENT_MISSING_CONDITION q_RT_g_T {"mAP": 22.729645163024166, "mINP": 7.007973435650006, "Rank-1": 32.38095238095238, "Rank-5": 54.761904761904766, "Rank-10": 61.904761904761905, "Rank-20": 73.33333333333333}
DEVELOPMENT_MISSING_CONDITION q_RT_g_N {"mAP": 34.337533941371106, "mINP": 17.1828849779503, "Rank-1": 49.047619047619044, "Rank-5": 70.47619047619048, "Rank-10": 77.14285714285715, "Rank-20": 81.42857142857143}
DEVELOPMENT_MISSING_CONDITION q_RT_g_R {"mAP": 41.33520706147548, "mINP": 28.059634450728264, "Rank-1": 50.476190476190474, "Rank-5": 67.61904761904762, "Rank-10": 75.23809523809524, "Rank-20": 79.04761904761905}
DEVELOPMENT_MISSING_CONDITION q_RN_g_RNT {"mAP": 44.88991716794845, "mINP": 32.82855617222188, "Rank-1": 54.761904761904766, "Rank-5": 69.52380952380952, "Rank-10": 76.19047619047619, "Rank-20": 82.85714285714286}
DEVELOPMENT_MISSING_CONDITION q_RN_g_NT {"mAP": 41.21074512139803, "mINP": 26.945846805149415, "Rank-1": 50.95238095238095, "Rank-5": 73.33333333333333, "Rank-10": 79.52380952380952, "Rank-20": 83.80952380952381}
DEVELOPMENT_MISSING_CONDITION q_RN_g_RT {"mAP": 41.9288040161683, "mINP": 29.29787554755659, "Rank-1": 47.61904761904761, "Rank-5": 69.04761904761905, "Rank-10": 75.71428571428571, "Rank-20": 82.38095238095238}
DEVELOPMENT_MISSING_CONDITION q_RN_g_RN {"mAP": 46.01008162619061, "mINP": 32.865214775890834, "Rank-1": 58.0952380952381, "Rank-5": 69.52380952380952, "Rank-10": 77.61904761904762, "Rank-20": 84.76190476190476}
DEVELOPMENT_MISSING_CONDITION q_RN_g_T {"mAP": 11.521638391055578, "mINP": 5.619195575936177, "Rank-1": 8.571428571428571, "Rank-5": 23.333333333333332, "Rank-10": 40.476190476190474, "Rank-20": 54.761904761904766}
DEVELOPMENT_MISSING_CONDITION q_RN_g_N {"mAP": 41.7500626468131, "mINP": 24.96585929701102, "Rank-1": 53.333333333333336, "Rank-5": 72.38095238095238, "Rank-10": 80.47619047619048, "Rank-20": 84.76190476190476}
DEVELOPMENT_MISSING_CONDITION q_RN_g_R {"mAP": 41.8106847671084, "mINP": 28.238267955510878, "Rank-1": 50.476190476190474, "Rank-5": 69.52380952380952, "Rank-10": 76.19047619047619, "Rank-20": 80.0}
DEVELOPMENT_MISSING_CONDITION q_T_g_RNT {"mAP": 18.65438191851365, "mINP": 10.516279496871181, "Rank-1": 21.904761904761905, "Rank-5": 41.904761904761905, "Rank-10": 50.95238095238095, "Rank-20": 58.57142857142858}
DEVELOPMENT_MISSING_CONDITION q_T_g_NT {"mAP": 21.72448552050171, "mINP": 9.30918293577083, "Rank-1": 30.952380952380953, "Rank-5": 49.523809523809526, "Rank-10": 55.23809523809524, "Rank-20": 62.38095238095238}
DEVELOPMENT_MISSING_CONDITION q_T_g_RT {"mAP": 20.64602825506699, "mINP": 8.621143246747222, "Rank-1": 28.095238095238095, "Rank-5": 47.14285714285714, "Rank-10": 55.23809523809524, "Rank-20": 66.19047619047619}
DEVELOPMENT_MISSING_CONDITION q_T_g_RN {"mAP": 13.085459592917179, "mINP": 8.612346868328762, "Rank-1": 11.428571428571429, "Rank-5": 25.238095238095237, "Rank-10": 33.80952380952381, "Rank-20": 45.714285714285715}
DEVELOPMENT_MISSING_CONDITION q_T_g_T {"mAP": 22.804035157003813, "mINP": 7.7507146930027835, "Rank-1": 35.23809523809524, "Rank-5": 54.285714285714285, "Rank-10": 60.0, "Rank-20": 70.47619047619048}
DEVELOPMENT_MISSING_CONDITION q_T_g_N {"mAP": 12.059024306774887, "mINP": 7.339056572511704, "Rank-1": 9.047619047619047, "Rank-5": 28.57142857142857, "Rank-10": 34.285714285714285, "Rank-20": 43.80952380952381}
DEVELOPMENT_MISSING_CONDITION q_T_g_R {"mAP": 11.601751433315892, "mINP": 7.889900322825828, "Rank-1": 8.095238095238095, "Rank-5": 24.285714285714285, "Rank-10": 34.285714285714285, "Rank-20": 47.14285714285714}
DEVELOPMENT_MISSING_CONDITION q_N_g_RNT {"mAP": 39.820966812393536, "mINP": 26.52007787793414, "Rank-1": 48.57142857142857, "Rank-5": 71.9047619047619, "Rank-10": 77.61904761904762, "Rank-20": 85.71428571428571}
DEVELOPMENT_MISSING_CONDITION q_N_g_NT {"mAP": 40.34470312004073, "mINP": 26.10229179875868, "Rank-1": 48.57142857142857, "Rank-5": 76.66666666666667, "Rank-10": 79.52380952380952, "Rank-20": 88.09523809523809}
DEVELOPMENT_MISSING_CONDITION q_N_g_RT {"mAP": 32.36595421097694, "mINP": 20.117376543111913, "Rank-1": 37.61904761904762, "Rank-5": 66.66666666666666, "Rank-10": 77.14285714285715, "Rank-20": 85.71428571428571}
DEVELOPMENT_MISSING_CONDITION q_N_g_RN {"mAP": 39.478204737497435, "mINP": 25.914768897680514, "Rank-1": 47.61904761904761, "Rank-5": 72.38095238095238, "Rank-10": 77.61904761904762, "Rank-20": 86.66666666666667}
DEVELOPMENT_MISSING_CONDITION q_N_g_T {"mAP": 11.200389889656824, "mINP": 5.686051467518503, "Rank-1": 8.095238095238095, "Rank-5": 26.190476190476193, "Rank-10": 34.285714285714285, "Rank-20": 53.333333333333336}
DEVELOPMENT_MISSING_CONDITION q_N_g_N {"mAP": 40.937379544969865, "mINP": 23.454250491618456, "Rank-1": 52.85714285714286, "Rank-5": 73.33333333333333, "Rank-10": 79.04761904761905, "Rank-20": 87.61904761904762}
DEVELOPMENT_MISSING_CONDITION q_N_g_R {"mAP": 32.763996838656354, "mINP": 20.931032109066507, "Rank-1": 41.42857142857143, "Rank-5": 62.38095238095238, "Rank-10": 73.80952380952381, "Rank-20": 82.38095238095238}
DEVELOPMENT_MISSING_CONDITION q_R_g_RNT {"mAP": 39.26550340658753, "mINP": 26.329553173346948, "Rank-1": 47.61904761904761, "Rank-5": 65.23809523809524, "Rank-10": 71.42857142857143, "Rank-20": 80.95238095238095}
DEVELOPMENT_MISSING_CONDITION q_R_g_NT {"mAP": 32.22599403042927, "mINP": 17.023833373290838, "Rank-1": 44.285714285714285, "Rank-5": 67.61904761904762, "Rank-10": 73.80952380952381, "Rank-20": 79.04761904761905}
DEVELOPMENT_MISSING_CONDITION q_R_g_RT {"mAP": 40.30534561372715, "mINP": 27.36154445277515, "Rank-1": 46.19047619047619, "Rank-5": 64.28571428571429, "Rank-10": 70.95238095238095, "Rank-20": 82.85714285714286}
DEVELOPMENT_MISSING_CONDITION q_R_g_RN {"mAP": 40.59147429040828, "mINP": 26.996742008530973, "Rank-1": 49.047619047619044, "Rank-5": 67.14285714285714, "Rank-10": 74.76190476190476, "Rank-20": 80.47619047619048}
DEVELOPMENT_MISSING_CONDITION q_R_g_T {"mAP": 9.565932645407974, "mINP": 5.241298440325391, "Rank-1": 6.666666666666667, "Rank-5": 22.380952380952383, "Rank-10": 34.76190476190476, "Rank-20": 51.90476190476191}
DEVELOPMENT_MISSING_CONDITION q_R_g_N {"mAP": 34.99750508505089, "mINP": 18.48496531839567, "Rank-1": 48.57142857142857, "Rank-5": 69.04761904761905, "Rank-10": 76.19047619047619, "Rank-20": 81.9047619047619}
DEVELOPMENT_MISSING_CONDITION q_R_g_R {"mAP": 40.54307077194459, "mINP": 26.63138301855828, "Rank-1": 51.42857142857142, "Rank-5": 66.19047619047619, "Rank-10": 72.38095238095238, "Rank-20": 79.52380952380952}
