/data2/gb/Re-ID/conda-envs/tri_reid/lib/python3.10/site-packages/timm/models/helpers.py:7: FutureWarning: Importing from timm.models.helpers is deprecated, please import via timm.models
  warnings.warn(f"Importing from {__name__} is deprecated, please import via timm.models", FutureWarning)
/data2/gb/Re-ID/conda-envs/tri_reid/lib/python3.10/site-packages/timm/models/registry.py:4: FutureWarning: Importing from timm.models.registry is deprecated, please import via timm.models
  warnings.warn(f"Importing from {__name__} is deprecated, please import via timm.models", FutureWarning)
/data2/gb/Re-ID/conda-envs/tri_reid/lib/python3.10/site-packages/timm/models/layers/__init__.py:48: FutureWarning: Importing from timm.models.layers is deprecated, please import via timm.layers
  warnings.warn(f"Importing from {__name__} is deprecated, please import via timm.layers", FutureWarning)
using Transformer_type: ViT-B-16 as a backbone
Resized position embedding: %s to %s torch.Size([197, 768]) torch.Size([129, 768])
Position embedding resize to height:16 width: 8
Successfully load ckpt!
<All keys matched successfully>
Loading pretrained model from CLIP
camera number is : 4
MISSING_CONDITION clean {"mAP": 41.76017460229462, "mINP": 33.176870921887165, "Rank-1": 39.593301435406694, "Rank-5": 54.665071770334926, "Rank-10": 62.91866028708134, "Rank-20": 73.44497607655502}
MISSING_CONDITION both_missing_r {"mAP": 32.39341559158934, "mINP": 24.403242292558865, "Rank-1": 29.1866028708134, "Rank-5": 44.13875598086124, "Rank-10": 52.511961722488046, "Rank-20": 66.02870813397129}
MISSING_CONDITION query_missing_r {"mAP": 29.2200299004511, "mINP": 21.62022047313178, "Rank-1": 29.1866028708134, "Rank-5": 37.67942583732057, "Rank-10": 44.13875598086124, "Rank-20": 55.50239234449761}
MISSING_CONDITION both_missing_n {"mAP": 31.055201610257317, "mINP": 24.55564873696646, "Rank-1": 29.665071770334926, "Rank-5": 40.55023923444976, "Rank-10": 50.358851674641144, "Rank-20": 62.79904306220095}
MISSING_CONDITION query_missing_n {"mAP": 28.663560852973234, "mINP": 22.769820124267003, "Rank-1": 25.95693779904306, "Rank-5": 39.23444976076555, "Rank-10": 47.248803827751196, "Rank-20": 56.45933014354066}
MISSING_CONDITION both_missing_t {"mAP": 29.900040664599874, "mINP": 21.917531564546252, "Rank-1": 26.555023923444978, "Rank-5": 37.55980861244019, "Rank-10": 47.84688995215311, "Rank-20": 61.004784688995215}
MISSING_CONDITION query_missing_t {"mAP": 27.049611542651558, "mINP": 19.625753608322878, "Rank-1": 26.794258373205743, "Rank-5": 36.124401913875595, "Rank-10": 42.10526315789473, "Rank-20": 51.07655502392344}
MISSING_CONDITION both_missing_rn {"mAP": 19.660414211763495, "mINP": 14.423224279724318, "Rank-1": 15.550239234449762, "Rank-5": 26.794258373205743, "Rank-10": 34.090909090909086, "Rank-20": 44.01913875598086}
MISSING_CONDITION query_missing_rn {"mAP": 15.019970477169958, "mINP": 11.558253839356407, "Rank-1": 15.311004784688995, "Rank-5": 19.497607655502392, "Rank-10": 23.444976076555022, "Rank-20": 30.741626794258377}
MISSING_CONDITION both_missing_rt {"mAP": 17.01821864636517, "mINP": 12.706943780210686, "Rank-1": 11.722488038277511, "Rank-5": 23.32535885167464, "Rank-10": 33.37320574162679, "Rank-20": 49.16267942583732}
MISSING_CONDITION query_missing_rt {"mAP": 10.408084244594157, "mINP": 9.506219613257343, "Rank-1": 6.100478468899522, "Rank-5": 11.24401913875598, "Rank-10": 15.550239234449762, "Rank-20": 19.976076555023923}
MISSING_CONDITION both_missing_nt {"mAP": 19.059428685351868, "mINP": 13.394017116295315, "Rank-1": 16.86602870813397, "Rank-5": 26.794258373205743, "Rank-10": 33.97129186602871, "Rank-20": 43.899521531100476}
MISSING_CONDITION query_missing_nt {"mAP": 14.183837214238704, "mINP": 10.473680533689423, "Rank-1": 10.526315789473683, "Rank-5": 20.69377990430622, "Rank-10": 27.751196172248804, "Rank-20": 37.32057416267943}
