/data/gaob/Re-ID/conda-envs/tri_reid/lib/python3.10/site-packages/timm/models/helpers.py:7: FutureWarning: Importing from timm.models.helpers is deprecated, please import via timm.models
  warnings.warn(f"Importing from {__name__} is deprecated, please import via timm.models", FutureWarning)
/data/gaob/Re-ID/conda-envs/tri_reid/lib/python3.10/site-packages/timm/models/registry.py:4: FutureWarning: Importing from timm.models.registry is deprecated, please import via timm.models
  warnings.warn(f"Importing from {__name__} is deprecated, please import via timm.models", FutureWarning)
/data/gaob/Re-ID/conda-envs/tri_reid/lib/python3.10/site-packages/timm/models/layers/__init__.py:48: FutureWarning: Importing from timm.models.layers is deprecated, please import via timm.layers
  warnings.warn(f"Importing from {__name__} is deprecated, please import via timm.layers", FutureWarning)
using Transformer_type: ViT-B-16 as a backbone
Resized position embedding: %s to %s torch.Size([197, 768]) torch.Size([129, 768])
Position embedding resize to height:8 width: 16
Successfully load ckpt!
<All keys matched successfully>
Loading pretrained model from CLIP
camera number is : 8
STRESS_CONDITION clean {"mAP": 35.21785073867883, "mINP": 15.175753804147005, "Rank-1": 52.28426395939086, "Rank-5": 70.21996615905245, "Rank-10": 74.95769881556683, "Rank-20": 82.06429780033841}
STRESS_CONDITION RGB_blur_sigma1p5 {"mAP": 31.013336017484455, "mINP": 13.200911985762485, "Rank-1": 46.36209813874789, "Rank-5": 65.98984771573603, "Rank-10": 73.9424703891709, "Rank-20": 80.37225042301185}
STRESS_CONDITION RGB_blur_sigma3 {"mAP": 28.977611318265485, "mINP": 12.41208555477743, "Rank-1": 42.8087986463621, "Rank-5": 64.12859560067682, "Rank-10": 72.25042301184433, "Rank-20": 80.5414551607445}
STRESS_CONDITION NI_blur_sigma1p5 {"mAP": 32.19276360795952, "mINP": 13.945900775386958, "Rank-1": 48.05414551607445, "Rank-5": 68.35871404399323, "Rank-10": 73.9424703891709, "Rank-20": 80.37225042301185}
STRESS_CONDITION NI_blur_sigma3 {"mAP": 30.08364291856131, "mINP": 13.068603413521615, "Rank-1": 44.83925549915397, "Rank-5": 67.68189509306261, "Rank-10": 71.91201353637902, "Rank-20": 79.52622673434855}
STRESS_CONDITION TI_blur_sigma1p5 {"mAP": 33.36106865375871, "mINP": 14.871348107896798, "Rank-1": 48.90016920473773, "Rank-5": 69.03553299492386, "Rank-10": 74.78849407783417, "Rank-20": 80.03384094754654}
STRESS_CONDITION TI_blur_sigma3 {"mAP": 32.49845469294998, "mINP": 14.451580902045688, "Rank-1": 48.73096446700508, "Rank-5": 67.85109983079526, "Rank-10": 74.11167512690355, "Rank-20": 79.35702199661591}
