/data/gaob/Re-ID/conda-envs/tri_reid/lib/python3.10/site-packages/timm/models/helpers.py:7: FutureWarning: Importing from timm.models.helpers is deprecated, please import via timm.models
  warnings.warn(f"Importing from {__name__} is deprecated, please import via timm.models", FutureWarning)
/data/gaob/Re-ID/conda-envs/tri_reid/lib/python3.10/site-packages/timm/models/registry.py:4: FutureWarning: Importing from timm.models.registry is deprecated, please import via timm.models
  warnings.warn(f"Importing from {__name__} is deprecated, please import via timm.models", FutureWarning)
/data/gaob/Re-ID/conda-envs/tri_reid/lib/python3.10/site-packages/timm/models/layers/__init__.py:48: FutureWarning: Importing from timm.models.layers is deprecated, please import via timm.layers
  warnings.warn(f"Importing from {__name__} is deprecated, please import via timm.layers", FutureWarning)
using Transformer_type: ViT-B-16 as a backbone
Resized position embedding: %s to %s torch.Size([197, 768]) torch.Size([129, 768])
Position embedding resize to height:8 width: 16
Successfully load ckpt!
<All keys matched successfully>
Loading pretrained model from CLIP
camera number is : 8
DEVELOPMENT_MISSING_CONDITION q_RNT_g_RNT {"mAP": 87.40450067975267, "mINP": 66.08434418063683, "Rank-1": 93.824, "Rank-5": 94.848, "Rank-10": 95.776, "Rank-20": 96.832}
DEVELOPMENT_MISSING_CONDITION q_RNT_g_NT {"mAP": 82.09362395475819, "mINP": 53.74318399758283, "Rank-1": 90.36800000000001, "Rank-5": 91.36, "Rank-10": 92.80000000000001, "Rank-20": 94.624}
DEVELOPMENT_MISSING_CONDITION q_RNT_g_RT {"mAP": 86.78925109239871, "mINP": 62.09795922275207, "Rank-1": 97.248, "Rank-5": 97.72800000000001, "Rank-10": 97.824, "Rank-20": 98.08}
DEVELOPMENT_MISSING_CONDITION q_RNT_g_RN {"mAP": 77.2147088007146, "mINP": 51.43840657567363, "Rank-1": 87.872, "Rank-5": 88.96, "Rank-10": 89.536, "Rank-20": 91.168}
DEVELOPMENT_MISSING_CONDITION q_RNT_g_T {"mAP": 34.89049433028937, "mINP": 16.805635930505872, "Rank-1": 53.344, "Rank-5": 59.008, "Rank-10": 62.304, "Rank-20": 68.864}
DEVELOPMENT_MISSING_CONDITION q_RNT_g_N {"mAP": 62.704163820178636, "mINP": 39.40075555627524, "Rank-1": 70.976, "Rank-5": 73.792, "Rank-10": 75.136, "Rank-20": 79.488}
DEVELOPMENT_MISSING_CONDITION q_RNT_g_R {"mAP": 69.905497965277, "mINP": 44.69604057737181, "Rank-1": 81.792, "Rank-5": 85.63199999999999, "Rank-10": 88.0, "Rank-20": 91.84}
DEVELOPMENT_MISSING_CONDITION q_NT_g_RNT {"mAP": 80.38697595621308, "mINP": 51.487033369925165, "Rank-1": 90.048, "Rank-5": 93.12, "Rank-10": 94.016, "Rank-20": 94.88}
DEVELOPMENT_MISSING_CONDITION q_NT_g_NT {"mAP": 82.48763941304016, "mINP": 54.23065557944754, "Rank-1": 91.328, "Rank-5": 92.22399999999999, "Rank-10": 93.216, "Rank-20": 94.816}
DEVELOPMENT_MISSING_CONDITION q_NT_g_RT {"mAP": 43.76142253160523, "mINP": 21.463319677555724, "Rank-1": 53.92, "Rank-5": 58.304, "Rank-10": 63.071999999999996, "Rank-20": 68.128}
DEVELOPMENT_MISSING_CONDITION q_NT_g_RN {"mAP": 63.147701190954685, "mINP": 39.54933737677606, "Rank-1": 75.744, "Rank-5": 78.62400000000001, "Rank-10": 79.712, "Rank-20": 81.76}
DEVELOPMENT_MISSING_CONDITION q_NT_g_T {"mAP": 42.12800968877699, "mINP": 19.54635515639146, "Rank-1": 59.744, "Rank-5": 65.632, "Rank-10": 69.792, "Rank-20": 75.64800000000001}
DEVELOPMENT_MISSING_CONDITION q_NT_g_N {"mAP": 66.01960686808907, "mINP": 42.36751978992084, "Rank-1": 78.56, "Rank-5": 80.96, "Rank-10": 82.65599999999999, "Rank-20": 84.736}
DEVELOPMENT_MISSING_CONDITION q_NT_g_R {"mAP": 21.29093883372516, "mINP": 13.247299142355256, "Rank-1": 24.32, "Rank-5": 28.16, "Rank-10": 30.144, "Rank-20": 34.688}
DEVELOPMENT_MISSING_CONDITION q_RT_g_RNT {"mAP": 83.92752261383244, "mINP": 59.77782495117619, "Rank-1": 95.872, "Rank-5": 96.64, "Rank-10": 97.28, "Rank-20": 98.624}
DEVELOPMENT_MISSING_CONDITION q_RT_g_NT {"mAP": 42.99088932743807, "mINP": 21.603513121375805, "Rank-1": 51.136, "Rank-5": 57.792, "Rank-10": 61.056, "Rank-20": 68.864}
DEVELOPMENT_MISSING_CONDITION q_RT_g_RT {"mAP": 87.296949702368, "mINP": 63.1084556018623, "Rank-1": 97.6, "Rank-5": 98.112, "Rank-10": 98.208, "Rank-20": 98.432}
DEVELOPMENT_MISSING_CONDITION q_RT_g_RN {"mAP": 73.49731463137509, "mINP": 51.35130747944393, "Rank-1": 83.42399999999999, "Rank-5": 87.168, "Rank-10": 88.896, "Rank-20": 91.712}
DEVELOPMENT_MISSING_CONDITION q_RT_g_T {"mAP": 42.150969931962265, "mINP": 19.553333834660364, "Rank-1": 59.424, "Rank-5": 65.632, "Rank-10": 69.728, "Rank-20": 75.39200000000001}
DEVELOPMENT_MISSING_CONDITION q_RT_g_N {"mAP": 24.018185655505658, "mINP": 15.472336666143862, "Rank-1": 25.344, "Rank-5": 29.055999999999997, "Rank-10": 31.36, "Rank-20": 35.136}
DEVELOPMENT_MISSING_CONDITION q_RT_g_R {"mAP": 74.51107801013842, "mINP": 49.720165273270275, "Rank-1": 87.55199999999999, "Rank-5": 89.984, "Rank-10": 92.64, "Rank-20": 95.104}
DEVELOPMENT_MISSING_CONDITION q_RN_g_RNT {"mAP": 73.2981134510093, "mINP": 49.685409104484144, "Rank-1": 82.176, "Rank-5": 84.128, "Rank-10": 87.55199999999999, "Rank-20": 89.824}
DEVELOPMENT_MISSING_CONDITION q_RN_g_NT {"mAP": 60.19512152878481, "mINP": 38.75446329668919, "Rank-1": 69.056, "Rank-5": 71.744, "Rank-10": 73.696, "Rank-20": 76.768}
DEVELOPMENT_MISSING_CONDITION q_RN_g_RT {"mAP": 70.81510457395719, "mINP": 48.63975782306185, "Rank-1": 83.328, "Rank-5": 86.848, "Rank-10": 89.472, "Rank-20": 91.552}
DEVELOPMENT_MISSING_CONDITION q_RN_g_RN {"mAP": 77.59377570766304, "mINP": 51.80247213074771, "Rank-1": 86.912, "Rank-5": 88.928, "Rank-10": 89.888, "Rank-20": 91.232}
DEVELOPMENT_MISSING_CONDITION q_RN_g_T {"mAP": 11.051040306609346, "mINP": 7.421875307413853, "Rank-1": 9.344, "Rank-5": 10.816, "Rank-10": 12.064, "Rank-20": 14.848}
DEVELOPMENT_MISSING_CONDITION q_RN_g_N {"mAP": 65.79031113784553, "mINP": 42.25343150687909, "Rank-1": 77.312, "Rank-5": 80.352, "Rank-10": 82.208, "Rank-20": 85.024}
DEVELOPMENT_MISSING_CONDITION q_RN_g_R {"mAP": 74.51911009278275, "mINP": 49.71308800000153, "Rank-1": 87.55199999999999, "Rank-5": 89.984, "Rank-10": 92.54400000000001, "Rank-20": 95.104}
DEVELOPMENT_MISSING_CONDITION q_T_g_RNT {"mAP": 41.43415163037594, "mINP": 21.40647045863532, "Rank-1": 47.648, "Rank-5": 52.096, "Rank-10": 54.848, "Rank-20": 58.431999999999995}
DEVELOPMENT_MISSING_CONDITION q_T_g_NT {"mAP": 44.32572055549265, "mINP": 21.955827558820552, "Rank-1": 54.047999999999995, "Rank-5": 60.512, "Rank-10": 66.336, "Rank-20": 72.576}
DEVELOPMENT_MISSING_CONDITION q_T_g_RT {"mAP": 44.17235868914969, "mINP": 21.353389193418376, "Rank-1": 54.784, "Rank-5": 60.096000000000004, "Rank-10": 63.488, "Rank-20": 69.184}
DEVELOPMENT_MISSING_CONDITION q_T_g_RN {"mAP": 12.849037569901176, "mINP": 11.723620777834867, "Rank-1": 6.5920000000000005, "Rank-5": 7.424, "Rank-10": 7.808, "Rank-20": 8.416}
DEVELOPMENT_MISSING_CONDITION q_T_g_T {"mAP": 49.27999320817002, "mINP": 21.48016082878072, "Rank-1": 68.57600000000001, "Rank-5": 75.03999999999999, "Rank-10": 78.11200000000001, "Rank-20": 81.664}
DEVELOPMENT_MISSING_CONDITION q_T_g_N {"mAP": 11.910754429943706, "mINP": 11.132496155492671, "Rank-1": 4.3839999999999995, "Rank-5": 5.056, "Rank-10": 5.664000000000001, "Rank-20": 6.239999999999999}
DEVELOPMENT_MISSING_CONDITION q_T_g_R {"mAP": 12.95617621286479, "mINP": 11.553341535083627, "Rank-1": 5.344, "Rank-5": 10.4, "Rank-10": 12.288, "Rank-20": 15.776000000000002}
DEVELOPMENT_MISSING_CONDITION q_N_g_RNT {"mAP": 60.61177927517972, "mINP": 38.64018189989489, "Rank-1": 70.976, "Rank-5": 74.112, "Rank-10": 76.128, "Rank-20": 79.96799999999999}
DEVELOPMENT_MISSING_CONDITION q_N_g_NT {"mAP": 61.29110471072383, "mINP": 39.73167791221422, "Rank-1": 69.6, "Rank-5": 72.86399999999999, "Rank-10": 75.64800000000001, "Rank-20": 78.88}
DEVELOPMENT_MISSING_CONDITION q_N_g_RT {"mAP": 23.81145499879391, "mINP": 15.969905560069684, "Rank-1": 20.896, "Rank-5": 25.631999999999998, "Rank-10": 29.311999999999998, "Rank-20": 35.36}
DEVELOPMENT_MISSING_CONDITION q_N_g_RN {"mAP": 64.42255575138147, "mINP": 40.4078908621138, "Rank-1": 79.296, "Rank-5": 81.504, "Rank-10": 82.24000000000001, "Rank-20": 83.552}
DEVELOPMENT_MISSING_CONDITION q_N_g_T {"mAP": 11.426601606343503, "mINP": 7.450941062494061, "Rank-1": 8.927999999999999, "Rank-5": 11.392, "Rank-10": 12.032, "Rank-20": 13.120000000000001}
DEVELOPMENT_MISSING_CONDITION q_N_g_N {"mAP": 67.02834013126953, "mINP": 42.19667778995622, "Rank-1": 82.976, "Rank-5": 84.288, "Rank-10": 84.86399999999999, "Rank-20": 86.048}
DEVELOPMENT_MISSING_CONDITION q_N_g_R {"mAP": 21.221131645027953, "mINP": 13.780867100015953, "Rank-1": 20.768, "Rank-5": 28.832, "Rank-10": 32.16, "Rank-20": 36.992000000000004}
DEVELOPMENT_MISSING_CONDITION q_R_g_RNT {"mAP": 71.75166629779179, "mINP": 50.19824509851073, "Rank-1": 84.96000000000001, "Rank-5": 89.696, "Rank-10": 91.616, "Rank-20": 93.408}
DEVELOPMENT_MISSING_CONDITION q_R_g_NT {"mAP": 25.150650740634973, "mINP": 17.03563000784884, "Rank-1": 25.024, "Rank-5": 29.343999999999998, "Rank-10": 30.976, "Rank-20": 33.312000000000005}
DEVELOPMENT_MISSING_CONDITION q_R_g_RT {"mAP": 71.35819052530225, "mINP": 49.78986116081031, "Rank-1": 85.056, "Rank-5": 88.0, "Rank-10": 89.536, "Rank-20": 92.608}
DEVELOPMENT_MISSING_CONDITION q_R_g_RN {"mAP": 72.03343936134668, "mINP": 51.089267616648584, "Rank-1": 80.448, "Rank-5": 85.92, "Rank-10": 88.256, "Rank-20": 90.752}
DEVELOPMENT_MISSING_CONDITION q_R_g_T {"mAP": 11.604151202620528, "mINP": 7.591474158927652, "Rank-1": 14.591999999999999, "Rank-5": 16.576, "Rank-10": 17.504, "Rank-20": 18.624}
DEVELOPMENT_MISSING_CONDITION q_R_g_N {"mAP": 23.826819343384674, "mINP": 15.138155690992336, "Rank-1": 22.432, "Rank-5": 24.959999999999997, "Rank-10": 26.176, "Rank-20": 28.352}
DEVELOPMENT_MISSING_CONDITION q_R_g_R {"mAP": 75.28961091419986, "mINP": 50.8720009589394, "Rank-1": 89.952, "Rank-5": 92.512, "Rank-10": 93.24799999999999, "Rank-20": 94.39999999999999}
