/data/gaob/Re-ID/conda-envs/tri_reid/lib/python3.10/site-packages/timm/models/helpers.py:7: FutureWarning: Importing from timm.models.helpers is deprecated, please import via timm.models
  warnings.warn(f"Importing from {__name__} is deprecated, please import via timm.models", FutureWarning)
/data/gaob/Re-ID/conda-envs/tri_reid/lib/python3.10/site-packages/timm/models/registry.py:4: FutureWarning: Importing from timm.models.registry is deprecated, please import via timm.models
  warnings.warn(f"Importing from {__name__} is deprecated, please import via timm.models", FutureWarning)
/data/gaob/Re-ID/conda-envs/tri_reid/lib/python3.10/site-packages/timm/models/layers/__init__.py:48: FutureWarning: Importing from timm.models.layers is deprecated, please import via timm.layers
  warnings.warn(f"Importing from {__name__} is deprecated, please import via timm.layers", FutureWarning)
using Transformer_type: ViT-B-16 as a backbone
Resized position embedding: %s to %s torch.Size([197, 768]) torch.Size([129, 768])
Position embedding resize to height:16 width: 8
Successfully load ckpt!
<All keys matched successfully>
Loading pretrained model from CLIP
camera number is : 4
IDENTITY_MISSING_FEATURE_BANKS_CPU_ONLY {"available_sets": 7, "cuda_allocated_bytes": 8519680, "new_optimizer_updates": 0}
IDENTITY_MISSING_STREAM {"event": "RAW_READY", "condition": "q_RNT_g_RNT", "path": "/data/gaob/Re-ID/DeMo-DualAxis/runs/r201g_201_missing49_stream_20261006/full/RGBNT201_r201g_frequency_shared_s42/q_RNT_g_RNT/raw.npz", "file": {"bytes": 9518734, "sha256": "5c26b2bbfd488a945e90482b761bb243e0e3213bddf58ed8a5126e4b8b15aac5"}, "installed_gt_cases": 4}
IDENTITY_MISSING_STREAM {"event": "RAW_CLEARED", "condition": "q_RNT_g_RNT"}
IDENTITY_MISSING_STREAM {"event": "RAW_READY", "condition": "q_RNT_g_R", "path": "/data/gaob/Re-ID/DeMo-DualAxis/runs/r201g_201_missing49_stream_20261006/full/RGBNT201_r201g_frequency_shared_s42/q_RNT_g_R/raw.npz", "file": {"bytes": 9349996, "sha256": "d83d350d58fd680198d649068b6cdb2dec5d8a21f13e073035a78a0080ac7ed1"}, "installed_gt_cases": 4}
IDENTITY_MISSING_STREAM {"event": "RAW_CLEARED", "condition": "q_RNT_g_R"}
IDENTITY_MISSING_STREAM {"event": "RAW_READY", "condition": "q_RNT_g_N", "path": "/data/gaob/Re-ID/DeMo-DualAxis/runs/r201g_201_missing49_stream_20261006/full/RGBNT201_r201g_frequency_shared_s42/q_RNT_g_N/raw.npz", "file": {"bytes": 9342385, "sha256": "b71201fbc35485549c4f3183492828e165a726ce28d278f47b527d885e22fb04"}, "installed_gt_cases": 4}
IDENTITY_MISSING_STREAM {"event": "RAW_CLEARED", "condition": "q_RNT_g_N"}
IDENTITY_MISSING_STREAM {"event": "RAW_READY", "condition": "q_RNT_g_T", "path": "/data/gaob/Re-ID/DeMo-DualAxis/runs/r201g_201_missing49_stream_20261006/full/RGBNT201_r201g_frequency_shared_s42/q_RNT_g_T/raw.npz", "file": {"bytes": 9356053, "sha256": "602dfa29a3c98826ed9ade4428d02cdd43c4dc861a1e595b025ff02bf17109c2"}, "installed_gt_cases": 4}
IDENTITY_MISSING_STREAM {"event": "RAW_CLEARED", "condition": "q_RNT_g_T"}
IDENTITY_MISSING_STREAM {"event": "RAW_READY", "condition": "q_RNT_g_RN", "path": "/data/gaob/Re-ID/DeMo-DualAxis/runs/r201g_201_missing49_stream_20261006/full/RGBNT201_r201g_frequency_shared_s42/q_RNT_g_RN/raw.npz", "file": {"bytes": 9393647, "sha256": "48b200d971fac7e8340d3cf42c95e8fb4e2ad10f57e5c4533dacb14229b5a551"}, "installed_gt_cases": 4}
IDENTITY_MISSING_STREAM {"event": "RAW_CLEARED", "condition": "q_RNT_g_RN"}
IDENTITY_MISSING_STREAM {"event": "RAW_READY", "condition": "q_RNT_g_RT", "path": "/data/gaob/Re-ID/DeMo-DualAxis/runs/r201g_201_missing49_stream_20261006/full/RGBNT201_r201g_frequency_shared_s42/q_RNT_g_RT/raw.npz", "file": {"bytes": 9448125, "sha256": "a4c157e3e0a4a30b4868619ec9a5e999f1bb714fd06d69e52326357cebe3a4c0"}, "installed_gt_cases": 4}
IDENTITY_MISSING_STREAM {"event": "RAW_CLEARED", "condition": "q_RNT_g_RT"}
IDENTITY_MISSING_STREAM {"event": "RAW_READY", "condition": "q_RNT_g_NT", "path": "/data/gaob/Re-ID/DeMo-DualAxis/runs/r201g_201_missing49_stream_20261006/full/RGBNT201_r201g_frequency_shared_s42/q_RNT_g_NT/raw.npz", "file": {"bytes": 9434527, "sha256": "adba245582c4ae59b772b9373cdfcdde4d5a25895f2da48bd2f9f498e0a0493a"}, "installed_gt_cases": 4}
IDENTITY_MISSING_STREAM {"event": "RAW_CLEARED", "condition": "q_RNT_g_NT"}
IDENTITY_MISSING_STREAM {"event": "RAW_READY", "condition": "q_R_g_RNT", "path": "/data/gaob/Re-ID/DeMo-DualAxis/runs/r201g_201_missing49_stream_20261006/full/RGBNT201_r201g_frequency_shared_s42/q_R_g_RNT/raw.npz", "file": {"bytes": 9326550, "sha256": "30b36b8e2cb974fa5c4b7ac0ca6d481b2f1dc1742c345f2abff0b5242ceb838f"}, "installed_gt_cases": 4}
IDENTITY_MISSING_STREAM {"event": "RAW_CLEARED", "condition": "q_R_g_RNT"}
IDENTITY_MISSING_STREAM {"event": "RAW_READY", "condition": "q_R_g_R", "path": "/data/gaob/Re-ID/DeMo-DualAxis/runs/r201g_201_missing49_stream_20261006/full/RGBNT201_r201g_frequency_shared_s42/q_R_g_R/raw.npz", "file": {"bytes": 9716640, "sha256": "227c122c3d4ad3745bd5d8ebc9fcc94a1670bb41934ddf811d436617b088f17f"}, "installed_gt_cases": 4}
IDENTITY_MISSING_STREAM {"event": "RAW_CLEARED", "condition": "q_R_g_R"}
IDENTITY_MISSING_STREAM {"event": "RAW_READY", "condition": "q_R_g_N", "path": "/data/gaob/Re-ID/DeMo-DualAxis/runs/r201g_201_missing49_stream_20261006/full/RGBNT201_r201g_frequency_shared_s42/q_R_g_N/raw.npz", "file": {"bytes": 489924, "sha256": "a91d2379521a1e77b8675e2c68b79c9ebd11d1c7c8aaf218d20c4866d852fb5c"}, "installed_gt_cases": 4}
IDENTITY_MISSING_STREAM {"event": "RAW_CLEARED", "condition": "q_R_g_N"}
IDENTITY_MISSING_STREAM {"event": "RAW_READY", "condition": "q_R_g_T", "path": "/data/gaob/Re-ID/DeMo-DualAxis/runs/r201g_201_missing49_stream_20261006/full/RGBNT201_r201g_frequency_shared_s42/q_R_g_T/raw.npz", "file": {"bytes": 488940, "sha256": "0a858c6f849804d38115ee48506ff305949a467bc82bb008aa35afa4c6013c31"}, "installed_gt_cases": 4}
IDENTITY_MISSING_STREAM {"event": "RAW_CLEARED", "condition": "q_R_g_T"}
IDENTITY_MISSING_STREAM {"event": "RAW_READY", "condition": "q_R_g_RN", "path": "/data/gaob/Re-ID/DeMo-DualAxis/runs/r201g_201_missing49_stream_20261006/full/RGBNT201_r201g_frequency_shared_s42/q_R_g_RN/raw.npz", "file": {"bytes": 9474563, "sha256": "2c2655b4ba30c412e40528cf41119428208ea9c0872c4ea509809b0d24080b21"}, "installed_gt_cases": 4}
IDENTITY_MISSING_STREAM {"event": "RAW_CLEARED", "condition": "q_R_g_RN"}
IDENTITY_MISSING_STREAM {"event": "RAW_READY", "condition": "q_R_g_RT", "path": "/data/gaob/Re-ID/DeMo-DualAxis/runs/r201g_201_missing49_stream_20261006/full/RGBNT201_r201g_frequency_shared_s42/q_R_g_RT/raw.npz", "file": {"bytes": 9413465, "sha256": "81ce05fc2f769160d9efda924711f6a496b80303f9768347cb9d777bafcbede3"}, "installed_gt_cases": 4}
IDENTITY_MISSING_STREAM {"event": "RAW_CLEARED", "condition": "q_R_g_RT"}
IDENTITY_MISSING_STREAM {"event": "RAW_READY", "condition": "q_R_g_NT", "path": "/data/gaob/Re-ID/DeMo-DualAxis/runs/r201g_201_missing49_stream_20261006/full/RGBNT201_r201g_frequency_shared_s42/q_R_g_NT/raw.npz", "file": {"bytes": 484827, "sha256": "b88dc245b1d63616e95353c6c5d5b728690d8152ceb73df09f423d455d3627bf"}, "installed_gt_cases": 4}
IDENTITY_MISSING_STREAM {"event": "RAW_CLEARED", "condition": "q_R_g_NT"}
IDENTITY_MISSING_STREAM {"event": "RAW_READY", "condition": "q_N_g_RNT", "path": "/data/gaob/Re-ID/DeMo-DualAxis/runs/r201g_201_missing49_stream_20261006/full/RGBNT201_r201g_frequency_shared_s42/q_N_g_RNT/raw.npz", "file": {"bytes": 9330572, "sha256": "be37e2a932213d58ee7643f96ddf8c1956fa8ea6d94a76dd46f959d7eef34f7e"}, "installed_gt_cases": 4}
IDENTITY_MISSING_STREAM {"event": "RAW_CLEARED", "condition": "q_N_g_RNT"}
IDENTITY_MISSING_STREAM {"event": "RAW_READY", "condition": "q_N_g_R", "path": "/data/gaob/Re-ID/DeMo-DualAxis/runs/r201g_201_missing49_stream_20261006/full/RGBNT201_r201g_frequency_shared_s42/q_N_g_R/raw.npz", "file": {"bytes": 486967, "sha256": "032be04e142f2710fab542d8f1178c237ad981e5676bca9e2046995e0516cc6c"}, "installed_gt_cases": 4}
IDENTITY_MISSING_STREAM {"event": "RAW_CLEARED", "condition": "q_N_g_R"}
IDENTITY_MISSING_STREAM {"event": "RAW_READY", "condition": "q_N_g_N", "path": "/data/gaob/Re-ID/DeMo-DualAxis/runs/r201g_201_missing49_stream_20261006/full/RGBNT201_r201g_frequency_shared_s42/q_N_g_N/raw.npz", "file": {"bytes": 9729904, "sha256": "ff2e73c2c127e724c3145d00bf3021eb13696428837c7b105e367a62a979a692"}, "installed_gt_cases": 4}
IDENTITY_MISSING_STREAM {"event": "RAW_CLEARED", "condition": "q_N_g_N"}
IDENTITY_MISSING_STREAM {"event": "RAW_READY", "condition": "q_N_g_T", "path": "/data/gaob/Re-ID/DeMo-DualAxis/runs/r201g_201_missing49_stream_20261006/full/RGBNT201_r201g_frequency_shared_s42/q_N_g_T/raw.npz", "file": {"bytes": 494818, "sha256": "3ecca47cbc4fa717e77750e1232d0c4b2ea56a42a401129e53f0ef3ed6d8aae0"}, "installed_gt_cases": 4}
IDENTITY_MISSING_STREAM {"event": "RAW_CLEARED", "condition": "q_N_g_T"}
IDENTITY_MISSING_STREAM {"event": "RAW_READY", "condition": "q_N_g_RN", "path": "/data/gaob/Re-ID/DeMo-DualAxis/runs/r201g_201_missing49_stream_20261006/full/RGBNT201_r201g_frequency_shared_s42/q_N_g_RN/raw.npz", "file": {"bytes": 9473801, "sha256": "35b472d066c47a06529977c10aa36587fb8cdb604048845a948cd6e847c300a3"}, "installed_gt_cases": 4}
IDENTITY_MISSING_STREAM {"event": "RAW_CLEARED", "condition": "q_N_g_RN"}
IDENTITY_MISSING_STREAM {"event": "RAW_READY", "condition": "q_N_g_RT", "path": "/data/gaob/Re-ID/DeMo-DualAxis/runs/r201g_201_missing49_stream_20261006/full/RGBNT201_r201g_frequency_shared_s42/q_N_g_RT/raw.npz", "file": {"bytes": 500070, "sha256": "d60d3c4f4128805f765b659c483d50ae0e109bc5fee47a12adeee7d97a70954b"}, "installed_gt_cases": 4}
IDENTITY_MISSING_STREAM {"event": "RAW_CLEARED", "condition": "q_N_g_RT"}
IDENTITY_MISSING_STREAM {"event": "RAW_READY", "condition": "q_N_g_NT", "path": "/data/gaob/Re-ID/DeMo-DualAxis/runs/r201g_201_missing49_stream_20261006/full/RGBNT201_r201g_frequency_shared_s42/q_N_g_NT/raw.npz", "file": {"bytes": 9424402, "sha256": "78fcdbc040006a26653b7d36215911d9f07b6fca8359aa15ad5c4b8d7b6fa535"}, "installed_gt_cases": 4}
IDENTITY_MISSING_STREAM {"event": "RAW_CLEARED", "condition": "q_N_g_NT"}
IDENTITY_MISSING_STREAM {"event": "RAW_READY", "condition": "q_T_g_RNT", "path": "/data/gaob/Re-ID/DeMo-DualAxis/runs/r201g_201_missing49_stream_20261006/full/RGBNT201_r201g_frequency_shared_s42/q_T_g_RNT/raw.npz", "file": {"bytes": 9345789, "sha256": "f96dbb401658dbb9d4c76e4c1243c4422cb1c10bb435aff215385df35f9d4471"}, "installed_gt_cases": 4}
IDENTITY_MISSING_STREAM {"event": "RAW_CLEARED", "condition": "q_T_g_RNT"}
IDENTITY_MISSING_STREAM {"event": "RAW_READY", "condition": "q_T_g_R", "path": "/data/gaob/Re-ID/DeMo-DualAxis/runs/r201g_201_missing49_stream_20261006/full/RGBNT201_r201g_frequency_shared_s42/q_T_g_R/raw.npz", "file": {"bytes": 480897, "sha256": "67de60afa585538299e5e1e319807d05a66ad313e5d00d9f50fbbf4c212c25c6"}, "installed_gt_cases": 4}
IDENTITY_MISSING_STREAM {"event": "RAW_CLEARED", "condition": "q_T_g_R"}
IDENTITY_MISSING_STREAM {"event": "RAW_READY", "condition": "q_T_g_N", "path": "/data/gaob/Re-ID/DeMo-DualAxis/runs/r201g_201_missing49_stream_20261006/full/RGBNT201_r201g_frequency_shared_s42/q_T_g_N/raw.npz", "file": {"bytes": 488869, "sha256": "0eea169ba2087693bcb6886ad401f9b521c89756a5b4ec5cb5c75f515dac0b5c"}, "installed_gt_cases": 4}
IDENTITY_MISSING_STREAM {"event": "RAW_CLEARED", "condition": "q_T_g_N"}
IDENTITY_MISSING_STREAM {"event": "RAW_READY", "condition": "q_T_g_T", "path": "/data/gaob/Re-ID/DeMo-DualAxis/runs/r201g_201_missing49_stream_20261006/full/RGBNT201_r201g_frequency_shared_s42/q_T_g_T/raw.npz", "file": {"bytes": 9613453, "sha256": "f8cf9666d289a7e94b2e637229c16f7889e776229d9e9a436738d58dfe5248f0"}, "installed_gt_cases": 4}
IDENTITY_MISSING_STREAM {"event": "RAW_CLEARED", "condition": "q_T_g_T"}
IDENTITY_MISSING_STREAM {"event": "RAW_READY", "condition": "q_T_g_RN", "path": "/data/gaob/Re-ID/DeMo-DualAxis/runs/r201g_201_missing49_stream_20261006/full/RGBNT201_r201g_frequency_shared_s42/q_T_g_RN/raw.npz", "file": {"bytes": 487703, "sha256": "b8e20372860b1cbbc7328277cb91003ad6a14afe17a9cf8d08ac9ee2e6b86dd7"}, "installed_gt_cases": 4}
IDENTITY_MISSING_STREAM {"event": "RAW_CLEARED", "condition": "q_T_g_RN"}
IDENTITY_MISSING_STREAM {"event": "RAW_READY", "condition": "q_T_g_RT", "path": "/data/gaob/Re-ID/DeMo-DualAxis/runs/r201g_201_missing49_stream_20261006/full/RGBNT201_r201g_frequency_shared_s42/q_T_g_RT/raw.npz", "file": {"bytes": 9424994, "sha256": "027f96754f9e543e8c80a41a2401078cd6e1fa9e52e1e1add0ba579d6ca782d3"}, "installed_gt_cases": 4}
IDENTITY_MISSING_STREAM {"event": "RAW_CLEARED", "condition": "q_T_g_RT"}
IDENTITY_MISSING_STREAM {"event": "RAW_READY", "condition": "q_T_g_NT", "path": "/data/gaob/Re-ID/DeMo-DualAxis/runs/r201g_201_missing49_stream_20261006/full/RGBNT201_r201g_frequency_shared_s42/q_T_g_NT/raw.npz", "file": {"bytes": 9419687, "sha256": "ba169e48951e198cd56325c206684c174e7a518d93ba75c433a4803869b083b7"}, "installed_gt_cases": 4}
IDENTITY_MISSING_STREAM {"event": "RAW_CLEARED", "condition": "q_T_g_NT"}
IDENTITY_MISSING_STREAM {"event": "RAW_READY", "condition": "q_RN_g_RNT", "path": "/data/gaob/Re-ID/DeMo-DualAxis/runs/r201g_201_missing49_stream_20261006/full/RGBNT201_r201g_frequency_shared_s42/q_RN_g_RNT/raw.npz", "file": {"bytes": 9386384, "sha256": "673566b59cfbb07fe7314aeff829539fda02f5a47a866b33d9c679d4a3d0f723"}, "installed_gt_cases": 4}
IDENTITY_MISSING_STREAM {"event": "RAW_CLEARED", "condition": "q_RN_g_RNT"}
IDENTITY_MISSING_STREAM {"event": "RAW_READY", "condition": "q_RN_g_R", "path": "/data/gaob/Re-ID/DeMo-DualAxis/runs/r201g_201_missing49_stream_20261006/full/RGBNT201_r201g_frequency_shared_s42/q_RN_g_R/raw.npz", "file": {"bytes": 9479403, "sha256": "124da17fa1954db99f811c7de215e5f314bff5028aa44d4cbbfa61854ab5bf42"}, "installed_gt_cases": 4}
IDENTITY_MISSING_STREAM {"event": "RAW_CLEARED", "condition": "q_RN_g_R"}
IDENTITY_MISSING_STREAM {"event": "RAW_READY", "condition": "q_RN_g_N", "path": "/data/gaob/Re-ID/DeMo-DualAxis/runs/r201g_201_missing49_stream_20261006/full/RGBNT201_r201g_frequency_shared_s42/q_RN_g_N/raw.npz", "file": {"bytes": 9470826, "sha256": "4551e471b89a1053f8d048fb3231a5d2fedcbd27a8e6892e1ffc912148b56874"}, "installed_gt_cases": 4}
IDENTITY_MISSING_STREAM {"event": "RAW_CLEARED", "condition": "q_RN_g_N"}
IDENTITY_MISSING_STREAM {"event": "RAW_READY", "condition": "q_RN_g_T", "path": "/data/gaob/Re-ID/DeMo-DualAxis/runs/r201g_201_missing49_stream_20261006/full/RGBNT201_r201g_frequency_shared_s42/q_RN_g_T/raw.npz", "file": {"bytes": 494023, "sha256": "b7a72862edcbf4cbea7ed6e38fd9c2ccf146995601994007f57f218ce1dd8ad9"}, "installed_gt_cases": 4}
IDENTITY_MISSING_STREAM {"event": "RAW_CLEARED", "condition": "q_RN_g_T"}
IDENTITY_MISSING_STREAM {"event": "RAW_READY", "condition": "q_RN_g_RN", "path": "/data/gaob/Re-ID/DeMo-DualAxis/runs/r201g_201_missing49_stream_20261006/full/RGBNT201_r201g_frequency_shared_s42/q_RN_g_RN/raw.npz", "file": {"bytes": 9565482, "sha256": "6bb442d47e2aa115114128d942ab32b1a47f0e09b7c32919885a5a171369c300"}, "installed_gt_cases": 4}
IDENTITY_MISSING_STREAM {"event": "RAW_CLEARED", "condition": "q_RN_g_RN"}
IDENTITY_MISSING_STREAM {"event": "RAW_READY", "condition": "q_RN_g_RT", "path": "/data/gaob/Re-ID/DeMo-DualAxis/runs/r201g_201_missing49_stream_20261006/full/RGBNT201_r201g_frequency_shared_s42/q_RN_g_RT/raw.npz", "file": {"bytes": 9335816, "sha256": "c8e9ca7530090a54ff71dd26ca3a777e4c3d9d6c7b57e7dd2098163e9531279b"}, "installed_gt_cases": 4}
IDENTITY_MISSING_STREAM {"event": "RAW_CLEARED", "condition": "q_RN_g_RT"}
IDENTITY_MISSING_STREAM {"event": "RAW_READY", "condition": "q_RN_g_NT", "path": "/data/gaob/Re-ID/DeMo-DualAxis/runs/r201g_201_missing49_stream_20261006/full/RGBNT201_r201g_frequency_shared_s42/q_RN_g_NT/raw.npz", "file": {"bytes": 9322671, "sha256": "19b5727af37141db45c43f18ffaec39797cc81c0f7372e223395d24143cae4cb"}, "installed_gt_cases": 4}
IDENTITY_MISSING_STREAM {"event": "RAW_CLEARED", "condition": "q_RN_g_NT"}
IDENTITY_MISSING_STREAM {"event": "RAW_READY", "condition": "q_RT_g_RNT", "path": "/data/gaob/Re-ID/DeMo-DualAxis/runs/r201g_201_missing49_stream_20261006/full/RGBNT201_r201g_frequency_shared_s42/q_RT_g_RNT/raw.npz", "file": {"bytes": 9445762, "sha256": "b4c34e26a33998651c66e9fa39c7330108f78621453a5b8a11903a618717e207"}, "installed_gt_cases": 4}
IDENTITY_MISSING_STREAM {"event": "RAW_CLEARED", "condition": "q_RT_g_RNT"}
IDENTITY_MISSING_STREAM {"event": "RAW_READY", "condition": "q_RT_g_R", "path": "/data/gaob/Re-ID/DeMo-DualAxis/runs/r201g_201_missing49_stream_20261006/full/RGBNT201_r201g_frequency_shared_s42/q_RT_g_R/raw.npz", "file": {"bytes": 9425270, "sha256": "847449a792836d90633a65542391059e7c1ca72c170c8fdbe49a76c2be066247"}, "installed_gt_cases": 4}
IDENTITY_MISSING_STREAM {"event": "RAW_CLEARED", "condition": "q_RT_g_R"}
IDENTITY_MISSING_STREAM {"event": "RAW_READY", "condition": "q_RT_g_N", "path": "/data/gaob/Re-ID/DeMo-DualAxis/runs/r201g_201_missing49_stream_20261006/full/RGBNT201_r201g_frequency_shared_s42/q_RT_g_N/raw.npz", "file": {"bytes": 491459, "sha256": "bd00cfbcd9d2ed2c0f575f969260bada9b1fa5c9b233b4e6f1ee2024ea80aabc"}, "installed_gt_cases": 4}
IDENTITY_MISSING_STREAM {"event": "RAW_CLEARED", "condition": "q_RT_g_N"}
IDENTITY_MISSING_STREAM {"event": "RAW_READY", "condition": "q_RT_g_T", "path": "/data/gaob/Re-ID/DeMo-DualAxis/runs/r201g_201_missing49_stream_20261006/full/RGBNT201_r201g_frequency_shared_s42/q_RT_g_T/raw.npz", "file": {"bytes": 9429373, "sha256": "0e919efbae33c8c98b2963d32511da8c9cea811dcf2a752f3b9f881cb6ea95a0"}, "installed_gt_cases": 4}
IDENTITY_MISSING_STREAM {"event": "RAW_CLEARED", "condition": "q_RT_g_T"}
IDENTITY_MISSING_STREAM {"event": "RAW_READY", "condition": "q_RT_g_RN", "path": "/data/gaob/Re-ID/DeMo-DualAxis/runs/r201g_201_missing49_stream_20261006/full/RGBNT201_r201g_frequency_shared_s42/q_RT_g_RN/raw.npz", "file": {"bytes": 9336445, "sha256": "529be5b973bb646bd80b0ea56566d8d7a0ae0d4658c6d7c642a45acd86e0501f"}, "installed_gt_cases": 4}
IDENTITY_MISSING_STREAM {"event": "RAW_CLEARED", "condition": "q_RT_g_RN"}
IDENTITY_MISSING_STREAM {"event": "RAW_READY", "condition": "q_RT_g_RT", "path": "/data/gaob/Re-ID/DeMo-DualAxis/runs/r201g_201_missing49_stream_20261006/full/RGBNT201_r201g_frequency_shared_s42/q_RT_g_RT/raw.npz", "file": {"bytes": 9540023, "sha256": "c61b7eb2669f189c967d38ee6bb3f1e9571a9d99c7af3a8aebb6c84f801c8338"}, "installed_gt_cases": 4}
IDENTITY_MISSING_STREAM {"event": "RAW_CLEARED", "condition": "q_RT_g_RT"}
IDENTITY_MISSING_STREAM {"event": "RAW_READY", "condition": "q_RT_g_NT", "path": "/data/gaob/Re-ID/DeMo-DualAxis/runs/r201g_201_missing49_stream_20261006/full/RGBNT201_r201g_frequency_shared_s42/q_RT_g_NT/raw.npz", "file": {"bytes": 9350573, "sha256": "985e65400b407fe8c81caed513db255119a86f8cff27d633e0b4d3acc9885a2f"}, "installed_gt_cases": 4}
IDENTITY_MISSING_STREAM {"event": "RAW_CLEARED", "condition": "q_RT_g_NT"}
IDENTITY_MISSING_STREAM {"event": "RAW_READY", "condition": "q_NT_g_RNT", "path": "/data/gaob/Re-ID/DeMo-DualAxis/runs/r201g_201_missing49_stream_20261006/full/RGBNT201_r201g_frequency_shared_s42/q_NT_g_RNT/raw.npz", "file": {"bytes": 9432714, "sha256": "a5a0654d928aa1dcf887e6b21540b87ffb02fd7de668f3e4c4563d3f6df5a39f"}, "installed_gt_cases": 4}
IDENTITY_MISSING_STREAM {"event": "RAW_CLEARED", "condition": "q_NT_g_RNT"}
IDENTITY_MISSING_STREAM {"event": "RAW_READY", "condition": "q_NT_g_R", "path": "/data/gaob/Re-ID/DeMo-DualAxis/runs/r201g_201_missing49_stream_20261006/full/RGBNT201_r201g_frequency_shared_s42/q_NT_g_R/raw.npz", "file": {"bytes": 477829, "sha256": "1115b70bc4ecd5f56234678d5c5702b3e81e0f81c598660cb8de0d4b0c9d21d5"}, "installed_gt_cases": 4}
IDENTITY_MISSING_STREAM {"event": "RAW_CLEARED", "condition": "q_NT_g_R"}
IDENTITY_MISSING_STREAM {"event": "RAW_READY", "condition": "q_NT_g_N", "path": "/data/gaob/Re-ID/DeMo-DualAxis/runs/r201g_201_missing49_stream_20261006/full/RGBNT201_r201g_frequency_shared_s42/q_NT_g_N/raw.npz", "file": {"bytes": 9427796, "sha256": "784481e582d215a8891dc5e078706540c403018fcd98e18834710c7309e5a8d6"}, "installed_gt_cases": 4}
IDENTITY_MISSING_STREAM {"event": "RAW_CLEARED", "condition": "q_NT_g_N"}
IDENTITY_MISSING_STREAM {"event": "RAW_READY", "condition": "q_NT_g_T", "path": "/data/gaob/Re-ID/DeMo-DualAxis/runs/r201g_201_missing49_stream_20261006/full/RGBNT201_r201g_frequency_shared_s42/q_NT_g_T/raw.npz", "file": {"bytes": 9423120, "sha256": "edb3c09737ab4244c4b107e4db18f5480f452c93a1df4e380f648a571a343ef8"}, "installed_gt_cases": 4}
IDENTITY_MISSING_STREAM {"event": "RAW_CLEARED", "condition": "q_NT_g_T"}
IDENTITY_MISSING_STREAM {"event": "RAW_READY", "condition": "q_NT_g_RN", "path": "/data/gaob/Re-ID/DeMo-DualAxis/runs/r201g_201_missing49_stream_20261006/full/RGBNT201_r201g_frequency_shared_s42/q_NT_g_RN/raw.npz", "file": {"bytes": 9326430, "sha256": "c101c0e1242e7fcf706bb14a3610d3da7706ddeb04d874cb27e0b4b94dcb766a"}, "installed_gt_cases": 4}
IDENTITY_MISSING_STREAM {"event": "RAW_CLEARED", "condition": "q_NT_g_RN"}
IDENTITY_MISSING_STREAM {"event": "RAW_READY", "condition": "q_NT_g_RT", "path": "/data/gaob/Re-ID/DeMo-DualAxis/runs/r201g_201_missing49_stream_20261006/full/RGBNT201_r201g_frequency_shared_s42/q_NT_g_RT/raw.npz", "file": {"bytes": 9348947, "sha256": "b2ad51f3fe00f55e5db299eafb9e092583b41be71cd6a0f2f0c7a469a6f186c3"}, "installed_gt_cases": 4}
IDENTITY_MISSING_STREAM {"event": "RAW_CLEARED", "condition": "q_NT_g_RT"}
IDENTITY_MISSING_STREAM {"event": "RAW_READY", "condition": "q_NT_g_NT", "path": "/data/gaob/Re-ID/DeMo-DualAxis/runs/r201g_201_missing49_stream_20261006/full/RGBNT201_r201g_frequency_shared_s42/q_NT_g_NT/raw.npz", "file": {"bytes": 9555673, "sha256": "da17de38c00ce41a318989f883a57ac30c1cd0e5d90ec53bf621921b66a4f308"}, "installed_gt_cases": 4}
IDENTITY_MISSING_STREAM {"event": "RAW_CLEARED", "condition": "q_NT_g_NT"}
IDENTITY_MISSING_STREAM {"event": "EVALUATION_COMPLETE", "conditions": 49, "cases": 196, "optimizer_updates": 0}
