/data/gaob/Re-ID/conda-envs/tri_reid/lib/python3.10/site-packages/timm/models/helpers.py:7: FutureWarning: Importing from timm.models.helpers is deprecated, please import via timm.models
  warnings.warn(f"Importing from {__name__} is deprecated, please import via timm.models", FutureWarning)
/data/gaob/Re-ID/conda-envs/tri_reid/lib/python3.10/site-packages/timm/models/registry.py:4: FutureWarning: Importing from timm.models.registry is deprecated, please import via timm.models
  warnings.warn(f"Importing from {__name__} is deprecated, please import via timm.models", FutureWarning)
/data/gaob/Re-ID/conda-envs/tri_reid/lib/python3.10/site-packages/timm/models/layers/__init__.py:48: FutureWarning: Importing from timm.models.layers is deprecated, please import via timm.layers
  warnings.warn(f"Importing from {__name__} is deprecated, please import via timm.layers", FutureWarning)
using Transformer_type: ViT-B-16 as a backbone
Resized position embedding: %s to %s torch.Size([197, 768]) torch.Size([129, 768])
Position embedding resize to height:8 width: 16
Successfully load ckpt!
<All keys matched successfully>
Loading pretrained model from CLIP
camera number is : 8
DEVELOPMENT_MISSING_CONDITION q_RNT_g_RNT {"mAP": 46.781438554969746, "mINP": 31.588792154176176, "Rank-1": 59.04761904761905, "Rank-5": 69.52380952380952, "Rank-10": 74.28571428571429, "Rank-20": 80.0}
DEVELOPMENT_MISSING_CONDITION q_RNT_g_NT {"mAP": 40.55127691040339, "mINP": 22.87986920124683, "Rank-1": 56.19047619047619, "Rank-5": 67.61904761904762, "Rank-10": 71.9047619047619, "Rank-20": 79.52380952380952}
DEVELOPMENT_MISSING_CONDITION q_RNT_g_RT {"mAP": 40.367133232991144, "mINP": 22.322215262860684, "Rank-1": 54.761904761904766, "Rank-5": 65.71428571428571, "Rank-10": 71.9047619047619, "Rank-20": 76.66666666666667}
DEVELOPMENT_MISSING_CONDITION q_RNT_g_RN {"mAP": 42.18103565017163, "mINP": 28.85504464572697, "Rank-1": 49.047619047619044, "Rank-5": 70.47619047619048, "Rank-10": 75.23809523809524, "Rank-20": 79.52380952380952}
DEVELOPMENT_MISSING_CONDITION q_RNT_g_T {"mAP": 21.859084028381893, "mINP": 7.475096515514303, "Rank-1": 34.76190476190476, "Rank-5": 50.0, "Rank-10": 58.57142857142858, "Rank-20": 65.23809523809524}
DEVELOPMENT_MISSING_CONDITION q_RNT_g_N {"mAP": 36.660654690570404, "mINP": 21.04052072481298, "Rank-1": 47.14285714285714, "Rank-5": 70.47619047619048, "Rank-10": 76.19047619047619, "Rank-20": 82.38095238095238}
DEVELOPMENT_MISSING_CONDITION q_RNT_g_R {"mAP": 36.694523824397976, "mINP": 21.555512740163344, "Rank-1": 43.80952380952381, "Rank-5": 64.28571428571429, "Rank-10": 71.9047619047619, "Rank-20": 77.14285714285715}
DEVELOPMENT_MISSING_CONDITION q_NT_g_RNT {"mAP": 34.8815848081731, "mINP": 19.555814000580302, "Rank-1": 42.857142857142854, "Rank-5": 68.0952380952381, "Rank-10": 75.23809523809524, "Rank-20": 77.61904761904762}
DEVELOPMENT_MISSING_CONDITION q_NT_g_NT {"mAP": 39.71787944503154, "mINP": 21.86853997044241, "Rank-1": 53.80952380952381, "Rank-5": 68.0952380952381, "Rank-10": 72.38095238095238, "Rank-20": 79.04761904761905}
DEVELOPMENT_MISSING_CONDITION q_NT_g_RT {"mAP": 20.136278239452356, "mINP": 7.611994096440935, "Rank-1": 28.57142857142857, "Rank-5": 43.80952380952381, "Rank-10": 49.047619047619044, "Rank-20": 60.476190476190474}
DEVELOPMENT_MISSING_CONDITION q_NT_g_RN {"mAP": 30.879364563572537, "mINP": 19.070048975637157, "Rank-1": 34.76190476190476, "Rank-5": 59.04761904761905, "Rank-10": 67.14285714285714, "Rank-20": 72.38095238095238}
DEVELOPMENT_MISSING_CONDITION q_NT_g_T {"mAP": 21.354221157075212, "mINP": 7.153975862791966, "Rank-1": 36.666666666666664, "Rank-5": 48.095238095238095, "Rank-10": 56.666666666666664, "Rank-20": 65.23809523809524}
DEVELOPMENT_MISSING_CONDITION q_NT_g_N {"mAP": 35.75236793646525, "mINP": 20.079226976966808, "Rank-1": 49.047619047619044, "Rank-5": 70.95238095238095, "Rank-10": 76.19047619047619, "Rank-20": 81.9047619047619}
DEVELOPMENT_MISSING_CONDITION q_NT_g_R {"mAP": 22.70112222893492, "mINP": 11.66850648405613, "Rank-1": 28.57142857142857, "Rank-5": 47.14285714285714, "Rank-10": 57.61904761904761, "Rank-20": 65.23809523809524}
DEVELOPMENT_MISSING_CONDITION q_RT_g_RNT {"mAP": 35.69942938671375, "mINP": 19.782629426285993, "Rank-1": 50.0, "Rank-5": 60.476190476190474, "Rank-10": 66.19047619047619, "Rank-20": 73.80952380952381}
DEVELOPMENT_MISSING_CONDITION q_RT_g_NT {"mAP": 19.884990831956046, "mINP": 9.00651971774017, "Rank-1": 26.666666666666668, "Rank-5": 50.0, "Rank-10": 55.714285714285715, "Rank-20": 66.19047619047619}
DEVELOPMENT_MISSING_CONDITION q_RT_g_RT {"mAP": 39.526762023877225, "mINP": 20.79675809285238, "Rank-1": 51.42857142857142, "Rank-5": 64.76190476190476, "Rank-10": 69.52380952380952, "Rank-20": 76.66666666666667}
DEVELOPMENT_MISSING_CONDITION q_RT_g_RN {"mAP": 35.23325640456088, "mINP": 21.183371074046264, "Rank-1": 46.666666666666664, "Rank-5": 61.904761904761905, "Rank-10": 69.04761904761905, "Rank-20": 73.80952380952381}
DEVELOPMENT_MISSING_CONDITION q_RT_g_T {"mAP": 21.828949865538764, "mINP": 7.359852629654089, "Rank-1": 37.142857142857146, "Rank-5": 48.57142857142857, "Rank-10": 55.714285714285715, "Rank-20": 64.28571428571429}
DEVELOPMENT_MISSING_CONDITION q_RT_g_N {"mAP": 21.87147964545579, "mINP": 11.712435592221917, "Rank-1": 28.57142857142857, "Rank-5": 47.61904761904761, "Rank-10": 60.0, "Rank-20": 70.0}
DEVELOPMENT_MISSING_CONDITION q_RT_g_R {"mAP": 37.34209677248771, "mINP": 21.953005522903265, "Rank-1": 46.19047619047619, "Rank-5": 63.33333333333333, "Rank-10": 71.42857142857143, "Rank-20": 76.19047619047619}
DEVELOPMENT_MISSING_CONDITION q_RN_g_RNT {"mAP": 42.88316546927698, "mINP": 29.202464973366045, "Rank-1": 50.0, "Rank-5": 73.80952380952381, "Rank-10": 78.57142857142857, "Rank-20": 83.33333333333334}
DEVELOPMENT_MISSING_CONDITION q_RN_g_NT {"mAP": 36.649518441335935, "mINP": 21.836388831210336, "Rank-1": 46.19047619047619, "Rank-5": 68.0952380952381, "Rank-10": 76.66666666666667, "Rank-20": 81.9047619047619}
DEVELOPMENT_MISSING_CONDITION q_RN_g_RT {"mAP": 34.15890790957772, "mINP": 23.11425386764164, "Rank-1": 37.142857142857146, "Rank-5": 60.952380952380956, "Rank-10": 71.42857142857143, "Rank-20": 79.04761904761905}
DEVELOPMENT_MISSING_CONDITION q_RN_g_RN {"mAP": 43.711900777830365, "mINP": 30.393185306207, "Rank-1": 50.476190476190474, "Rank-5": 70.47619047619048, "Rank-10": 76.19047619047619, "Rank-20": 80.47619047619048}
DEVELOPMENT_MISSING_CONDITION q_RN_g_T {"mAP": 8.293084749004208, "mINP": 4.493800191758506, "Rank-1": 10.0, "Rank-5": 18.095238095238095, "Rank-10": 30.952380952380953, "Rank-20": 51.90476190476191}
DEVELOPMENT_MISSING_CONDITION q_RN_g_N {"mAP": 37.70986733345701, "mINP": 22.100339206745087, "Rank-1": 49.523809523809526, "Rank-5": 71.9047619047619, "Rank-10": 76.66666666666667, "Rank-20": 82.85714285714286}
DEVELOPMENT_MISSING_CONDITION q_RN_g_R {"mAP": 37.443648994043905, "mINP": 22.991789652937207, "Rank-1": 45.714285714285715, "Rank-5": 63.33333333333333, "Rank-10": 71.9047619047619, "Rank-20": 76.66666666666667}
DEVELOPMENT_MISSING_CONDITION q_T_g_RNT {"mAP": 9.953085912658327, "mINP": 5.435604610941783, "Rank-1": 5.238095238095238, "Rank-5": 22.857142857142858, "Rank-10": 37.142857142857146, "Rank-20": 50.95238095238095}
DEVELOPMENT_MISSING_CONDITION q_T_g_NT {"mAP": 14.1982216444614, "mINP": 6.764352725081258, "Rank-1": 19.047619047619047, "Rank-5": 40.476190476190474, "Rank-10": 50.0, "Rank-20": 60.0}
DEVELOPMENT_MISSING_CONDITION q_T_g_RT {"mAP": 16.402840654978558, "mINP": 5.967545604688082, "Rank-1": 21.428571428571427, "Rank-5": 36.666666666666664, "Rank-10": 44.761904761904766, "Rank-20": 55.714285714285715}
DEVELOPMENT_MISSING_CONDITION q_T_g_RN {"mAP": 6.794071354377541, "mINP": 5.601084100486388, "Rank-1": 2.857142857142857, "Rank-5": 7.6190476190476195, "Rank-10": 10.476190476190476, "Rank-20": 16.666666666666664}
DEVELOPMENT_MISSING_CONDITION q_T_g_T {"mAP": 20.923250364009057, "mINP": 7.040501520687827, "Rank-1": 34.76190476190476, "Rank-5": 49.047619047619044, "Rank-10": 55.714285714285715, "Rank-20": 65.23809523809524}
DEVELOPMENT_MISSING_CONDITION q_T_g_N {"mAP": 5.944144930760803, "mINP": 4.743269373281118, "Rank-1": 3.3333333333333335, "Rank-5": 6.666666666666667, "Rank-10": 8.571428571428571, "Rank-20": 14.761904761904763}
DEVELOPMENT_MISSING_CONDITION q_T_g_R {"mAP": 6.477941034403021, "mINP": 4.6825973951488296, "Rank-1": 1.4285714285714286, "Rank-5": 9.047619047619047, "Rank-10": 13.333333333333334, "Rank-20": 25.71428571428571}
DEVELOPMENT_MISSING_CONDITION q_N_g_RNT {"mAP": 32.37990343995671, "mINP": 20.435453908668023, "Rank-1": 38.57142857142858, "Rank-5": 66.19047619047619, "Rank-10": 73.80952380952381, "Rank-20": 80.95238095238095}
DEVELOPMENT_MISSING_CONDITION q_N_g_NT {"mAP": 33.96281168051403, "mINP": 19.679263176152354, "Rank-1": 41.904761904761905, "Rank-5": 68.57142857142857, "Rank-10": 76.66666666666667, "Rank-20": 81.42857142857143}
DEVELOPMENT_MISSING_CONDITION q_N_g_RT {"mAP": 22.033582144744123, "mINP": 15.926611386096617, "Rank-1": 18.095238095238095, "Rank-5": 39.04761904761905, "Rank-10": 55.23809523809524, "Rank-20": 68.0952380952381}
DEVELOPMENT_MISSING_CONDITION q_N_g_RN {"mAP": 30.503501533333772, "mINP": 19.366708902455102, "Rank-1": 32.857142857142854, "Rank-5": 58.0952380952381, "Rank-10": 67.14285714285714, "Rank-20": 73.80952380952381}
DEVELOPMENT_MISSING_CONDITION q_N_g_T {"mAP": 5.984981891700978, "mINP": 4.413985150627547, "Rank-1": 1.9047619047619049, "Rank-5": 12.857142857142856, "Rank-10": 30.476190476190478, "Rank-20": 47.61904761904761}
DEVELOPMENT_MISSING_CONDITION q_N_g_N {"mAP": 35.06821766154789, "mINP": 19.911523247932987, "Rank-1": 45.714285714285715, "Rank-5": 68.57142857142857, "Rank-10": 77.14285714285715, "Rank-20": 81.9047619047619}
DEVELOPMENT_MISSING_CONDITION q_N_g_R {"mAP": 24.77157200923857, "mINP": 15.847672920687092, "Rank-1": 26.190476190476193, "Rank-5": 47.14285714285714, "Rank-10": 58.0952380952381, "Rank-20": 67.61904761904762}
DEVELOPMENT_MISSING_CONDITION q_R_g_RNT {"mAP": 33.38435182736653, "mINP": 21.015685488009634, "Rank-1": 40.476190476190474, "Rank-5": 62.38095238095238, "Rank-10": 68.0952380952381, "Rank-20": 77.14285714285715}
DEVELOPMENT_MISSING_CONDITION q_R_g_NT {"mAP": 31.727033907744612, "mINP": 16.614293878463098, "Rank-1": 35.714285714285715, "Rank-5": 62.38095238095238, "Rank-10": 71.9047619047619, "Rank-20": 77.61904761904762}
DEVELOPMENT_MISSING_CONDITION q_R_g_RT {"mAP": 33.23050334541944, "mINP": 22.16513206912083, "Rank-1": 36.666666666666664, "Rank-5": 60.952380952380956, "Rank-10": 70.95238095238095, "Rank-20": 79.52380952380952}
DEVELOPMENT_MISSING_CONDITION q_R_g_RN {"mAP": 35.25610906252646, "mINP": 21.740470901433802, "Rank-1": 45.23809523809524, "Rank-5": 61.42857142857143, "Rank-10": 69.04761904761905, "Rank-20": 74.76190476190476}
DEVELOPMENT_MISSING_CONDITION q_R_g_T {"mAP": 9.92962994186325, "mINP": 4.744482414000619, "Rank-1": 9.523809523809524, "Rank-5": 20.952380952380953, "Rank-10": 30.0, "Rank-20": 51.90476190476191}
DEVELOPMENT_MISSING_CONDITION q_R_g_N {"mAP": 32.807818618108456, "mINP": 18.247173160189526, "Rank-1": 42.857142857142854, "Rank-5": 61.904761904761905, "Rank-10": 68.57142857142857, "Rank-20": 75.23809523809524}
DEVELOPMENT_MISSING_CONDITION q_R_g_R {"mAP": 36.793069044591235, "mINP": 22.751267966167408, "Rank-1": 45.23809523809524, "Rank-5": 61.42857142857143, "Rank-10": 69.52380952380952, "Rank-20": 76.19047619047619}
