/data/gaob/Re-ID/conda-envs/tri_reid/lib/python3.10/site-packages/timm/models/helpers.py:7: FutureWarning: Importing from timm.models.helpers is deprecated, please import via timm.models
  warnings.warn(f"Importing from {__name__} is deprecated, please import via timm.models", FutureWarning)
/data/gaob/Re-ID/conda-envs/tri_reid/lib/python3.10/site-packages/timm/models/registry.py:4: FutureWarning: Importing from timm.models.registry is deprecated, please import via timm.models
  warnings.warn(f"Importing from {__name__} is deprecated, please import via timm.models", FutureWarning)
/data/gaob/Re-ID/conda-envs/tri_reid/lib/python3.10/site-packages/timm/models/layers/__init__.py:48: FutureWarning: Importing from timm.models.layers is deprecated, please import via timm.layers
  warnings.warn(f"Importing from {__name__} is deprecated, please import via timm.layers", FutureWarning)
using Transformer_type: ViT-B-16 as a backbone
Resized position embedding: %s to %s torch.Size([197, 768]) torch.Size([129, 768])
Position embedding resize to height:8 width: 16
Successfully load ckpt!
<All keys matched successfully>
Loading pretrained model from CLIP
camera number is : 8
DEVELOPMENT_MISSING_CONDITION q_RNT_g_RNT {"mAP": 48.88750952021254, "mINP": 33.94251772396959, "Rank-1": 60.952380952380956, "Rank-5": 73.33333333333333, "Rank-10": 80.47619047619048, "Rank-20": 82.38095238095238}
DEVELOPMENT_MISSING_CONDITION q_RNT_g_NT {"mAP": 41.698657595049575, "mINP": 26.57991117974311, "Rank-1": 54.761904761904766, "Rank-5": 71.42857142857143, "Rank-10": 74.76190476190476, "Rank-20": 81.9047619047619}
DEVELOPMENT_MISSING_CONDITION q_RNT_g_RT {"mAP": 43.67160220038578, "mINP": 27.874352497926687, "Rank-1": 51.90476190476191, "Rank-5": 71.42857142857143, "Rank-10": 77.14285714285715, "Rank-20": 81.42857142857143}
DEVELOPMENT_MISSING_CONDITION q_RNT_g_RN {"mAP": 44.18532639626205, "mINP": 31.04437789847067, "Rank-1": 52.38095238095239, "Rank-5": 73.80952380952381, "Rank-10": 78.0952380952381, "Rank-20": 80.95238095238095}
DEVELOPMENT_MISSING_CONDITION q_RNT_g_T {"mAP": 19.601252750532666, "mINP": 6.515926226825662, "Rank-1": 30.952380952380953, "Rank-5": 52.85714285714286, "Rank-10": 60.0, "Rank-20": 65.71428571428571}
DEVELOPMENT_MISSING_CONDITION q_RNT_g_N {"mAP": 39.415668407559174, "mINP": 23.37748658230948, "Rank-1": 49.523809523809526, "Rank-5": 72.38095238095238, "Rank-10": 79.04761904761905, "Rank-20": 82.85714285714286}
DEVELOPMENT_MISSING_CONDITION q_RNT_g_R {"mAP": 40.75060061615339, "mINP": 24.831455016381128, "Rank-1": 51.42857142857142, "Rank-5": 70.0, "Rank-10": 75.23809523809524, "Rank-20": 80.95238095238095}
DEVELOPMENT_MISSING_CONDITION q_NT_g_RNT {"mAP": 39.35036515828221, "mINP": 22.517763700506865, "Rank-1": 48.57142857142857, "Rank-5": 73.33333333333333, "Rank-10": 77.61904761904762, "Rank-20": 88.09523809523809}
DEVELOPMENT_MISSING_CONDITION q_NT_g_NT {"mAP": 41.78566446086601, "mINP": 25.375412592133102, "Rank-1": 51.42857142857142, "Rank-5": 73.80952380952381, "Rank-10": 79.52380952380952, "Rank-20": 82.38095238095238}
DEVELOPMENT_MISSING_CONDITION q_NT_g_RT {"mAP": 21.02966544264032, "mINP": 8.836592955431646, "Rank-1": 35.23809523809524, "Rank-5": 50.476190476190474, "Rank-10": 58.0952380952381, "Rank-20": 64.76190476190476}
DEVELOPMENT_MISSING_CONDITION q_NT_g_RN {"mAP": 33.97550056272113, "mINP": 20.02912091143778, "Rank-1": 44.761904761904766, "Rank-5": 60.476190476190474, "Rank-10": 67.14285714285714, "Rank-20": 78.0952380952381}
DEVELOPMENT_MISSING_CONDITION q_NT_g_T {"mAP": 18.963077354195555, "mINP": 6.392372165572563, "Rank-1": 31.9047619047619, "Rank-5": 53.333333333333336, "Rank-10": 57.14285714285714, "Rank-20": 64.76190476190476}
DEVELOPMENT_MISSING_CONDITION q_NT_g_N {"mAP": 38.858373691761486, "mINP": 22.37605687580934, "Rank-1": 48.57142857142857, "Rank-5": 72.38095238095238, "Rank-10": 78.0952380952381, "Rank-20": 82.38095238095238}
DEVELOPMENT_MISSING_CONDITION q_NT_g_R {"mAP": 28.71145808586092, "mINP": 15.53434520560575, "Rank-1": 30.0, "Rank-5": 55.23809523809524, "Rank-10": 60.952380952380956, "Rank-20": 68.57142857142857}
DEVELOPMENT_MISSING_CONDITION q_RT_g_RNT {"mAP": 38.04866306104603, "mINP": 22.592315530428515, "Rank-1": 50.0, "Rank-5": 63.33333333333333, "Rank-10": 71.42857142857143, "Rank-20": 76.19047619047619}
DEVELOPMENT_MISSING_CONDITION q_RT_g_NT {"mAP": 17.469494935665686, "mINP": 8.038250310826326, "Rank-1": 22.857142857142858, "Rank-5": 49.523809523809526, "Rank-10": 58.0952380952381, "Rank-20": 67.14285714285714}
DEVELOPMENT_MISSING_CONDITION q_RT_g_RT {"mAP": 43.53471133900369, "mINP": 26.75788951656547, "Rank-1": 54.285714285714285, "Rank-5": 70.95238095238095, "Rank-10": 75.23809523809524, "Rank-20": 82.38095238095238}
DEVELOPMENT_MISSING_CONDITION q_RT_g_RN {"mAP": 36.413616275691076, "mINP": 22.089828493135343, "Rank-1": 46.666666666666664, "Rank-5": 62.857142857142854, "Rank-10": 69.52380952380952, "Rank-20": 76.19047619047619}
DEVELOPMENT_MISSING_CONDITION q_RT_g_T {"mAP": 19.136449999208264, "mINP": 6.244033076797939, "Rank-1": 32.38095238095238, "Rank-5": 54.285714285714285, "Rank-10": 57.61904761904761, "Rank-20": 64.28571428571429}
DEVELOPMENT_MISSING_CONDITION q_RT_g_N {"mAP": 29.82811290602905, "mINP": 14.77801755062869, "Rank-1": 35.23809523809524, "Rank-5": 56.19047619047619, "Rank-10": 70.0, "Rank-20": 76.66666666666667}
DEVELOPMENT_MISSING_CONDITION q_RT_g_R {"mAP": 42.422289098362256, "mINP": 25.888531066857222, "Rank-1": 53.333333333333336, "Rank-5": 69.52380952380952, "Rank-10": 74.28571428571429, "Rank-20": 80.95238095238095}
DEVELOPMENT_MISSING_CONDITION q_RN_g_RNT {"mAP": 45.148639374546946, "mINP": 31.649087038155706, "Rank-1": 53.80952380952381, "Rank-5": 72.85714285714285, "Rank-10": 80.0, "Rank-20": 85.23809523809524}
DEVELOPMENT_MISSING_CONDITION q_RN_g_NT {"mAP": 40.552597643773105, "mINP": 25.281014633478705, "Rank-1": 49.523809523809526, "Rank-5": 74.28571428571429, "Rank-10": 80.0, "Rank-20": 83.80952380952381}
DEVELOPMENT_MISSING_CONDITION q_RN_g_RT {"mAP": 41.96935360881202, "mINP": 27.917297201177533, "Rank-1": 49.523809523809526, "Rank-5": 69.52380952380952, "Rank-10": 78.0952380952381, "Rank-20": 81.42857142857143}
DEVELOPMENT_MISSING_CONDITION q_RN_g_RN {"mAP": 47.301587974146095, "mINP": 33.22206500701917, "Rank-1": 56.666666666666664, "Rank-5": 76.19047619047619, "Rank-10": 78.0952380952381, "Rank-20": 81.9047619047619}
DEVELOPMENT_MISSING_CONDITION q_RN_g_T {"mAP": 10.777812137852957, "mINP": 5.798678934560029, "Rank-1": 13.80952380952381, "Rank-5": 33.33333333333333, "Rank-10": 37.61904761904762, "Rank-20": 49.047619047619044}
DEVELOPMENT_MISSING_CONDITION q_RN_g_N {"mAP": 39.680964333247424, "mINP": 24.167157009168623, "Rank-1": 48.57142857142857, "Rank-5": 72.85714285714285, "Rank-10": 78.57142857142857, "Rank-20": 82.38095238095238}
DEVELOPMENT_MISSING_CONDITION q_RN_g_R {"mAP": 43.030936819512696, "mINP": 27.15506848626087, "Rank-1": 54.285714285714285, "Rank-5": 70.0, "Rank-10": 77.14285714285715, "Rank-20": 80.95238095238095}
DEVELOPMENT_MISSING_CONDITION q_T_g_RNT {"mAP": 9.734983331746495, "mINP": 4.979134186241949, "Rank-1": 10.476190476190476, "Rank-5": 27.142857142857142, "Rank-10": 39.04761904761905, "Rank-20": 51.90476190476191}
DEVELOPMENT_MISSING_CONDITION q_T_g_NT {"mAP": 10.229911076140482, "mINP": 5.322195509783941, "Rank-1": 9.523809523809524, "Rank-5": 32.857142857142854, "Rank-10": 44.285714285714285, "Rank-20": 59.04761904761905}
DEVELOPMENT_MISSING_CONDITION q_T_g_RT {"mAP": 13.21533309457993, "mINP": 5.466466804403309, "Rank-1": 20.0, "Rank-5": 40.476190476190474, "Rank-10": 50.95238095238095, "Rank-20": 59.523809523809526}
DEVELOPMENT_MISSING_CONDITION q_T_g_RN {"mAP": 8.518401510236918, "mINP": 6.689625681822853, "Rank-1": 4.761904761904762, "Rank-5": 9.047619047619047, "Rank-10": 17.142857142857142, "Rank-20": 29.04761904761905}
DEVELOPMENT_MISSING_CONDITION q_T_g_T {"mAP": 17.980930604596196, "mINP": 5.952751139784954, "Rank-1": 30.476190476190478, "Rank-5": 52.38095238095239, "Rank-10": 57.61904761904761, "Rank-20": 63.33333333333333}
DEVELOPMENT_MISSING_CONDITION q_T_g_N {"mAP": 7.367864154885252, "mINP": 5.353924048810306, "Rank-1": 3.3333333333333335, "Rank-5": 13.80952380952381, "Rank-10": 21.904761904761905, "Rank-20": 33.33333333333333}
DEVELOPMENT_MISSING_CONDITION q_T_g_R {"mAP": 8.961603839967744, "mINP": 5.244300619714886, "Rank-1": 4.761904761904762, "Rank-5": 17.142857142857142, "Rank-10": 23.809523809523807, "Rank-20": 34.76190476190476}
DEVELOPMENT_MISSING_CONDITION q_N_g_RNT {"mAP": 36.9289492911607, "mINP": 23.820858094539606, "Rank-1": 34.285714285714285, "Rank-5": 73.80952380952381, "Rank-10": 84.28571428571429, "Rank-20": 89.04761904761904}
DEVELOPMENT_MISSING_CONDITION q_N_g_NT {"mAP": 39.11357872019926, "mINP": 22.728228779188854, "Rank-1": 50.0, "Rank-5": 73.33333333333333, "Rank-10": 79.52380952380952, "Rank-20": 85.71428571428571}
DEVELOPMENT_MISSING_CONDITION q_N_g_RT {"mAP": 27.54279553674997, "mINP": 19.895836068769455, "Rank-1": 30.0, "Rank-5": 56.666666666666664, "Rank-10": 67.61904761904762, "Rank-20": 75.71428571428571}
DEVELOPMENT_MISSING_CONDITION q_N_g_RN {"mAP": 34.12101787997676, "mINP": 20.84050502571908, "Rank-1": 42.38095238095238, "Rank-5": 61.42857142857143, "Rank-10": 67.61904761904762, "Rank-20": 80.0}
DEVELOPMENT_MISSING_CONDITION q_N_g_T {"mAP": 9.076395907448381, "mINP": 5.6187882663262885, "Rank-1": 13.80952380952381, "Rank-5": 30.0, "Rank-10": 37.142857142857146, "Rank-20": 48.095238095238095}
DEVELOPMENT_MISSING_CONDITION q_N_g_N {"mAP": 38.54522392124292, "mINP": 22.324059735860903, "Rank-1": 49.523809523809526, "Rank-5": 71.9047619047619, "Rank-10": 77.61904761904762, "Rank-20": 82.38095238095238}
DEVELOPMENT_MISSING_CONDITION q_N_g_R {"mAP": 29.853350060982255, "mINP": 18.69737241763236, "Rank-1": 38.095238095238095, "Rank-5": 57.61904761904761, "Rank-10": 64.28571428571429, "Rank-20": 70.95238095238095}
DEVELOPMENT_MISSING_CONDITION q_R_g_RNT {"mAP": 38.45042748596725, "mINP": 24.022032335055464, "Rank-1": 47.61904761904761, "Rank-5": 68.0952380952381, "Rank-10": 75.23809523809524, "Rank-20": 80.95238095238095}
DEVELOPMENT_MISSING_CONDITION q_R_g_NT {"mAP": 35.618732557800776, "mINP": 21.130677316701725, "Rank-1": 39.523809523809526, "Rank-5": 66.66666666666666, "Rank-10": 71.42857142857143, "Rank-20": 80.0}
DEVELOPMENT_MISSING_CONDITION q_R_g_RT {"mAP": 40.156164635962064, "mINP": 26.458040123321645, "Rank-1": 46.666666666666664, "Rank-5": 71.9047619047619, "Rank-10": 78.0952380952381, "Rank-20": 81.9047619047619}
DEVELOPMENT_MISSING_CONDITION q_R_g_RN {"mAP": 37.422114679222965, "mINP": 23.247173002979828, "Rank-1": 44.285714285714285, "Rank-5": 64.76190476190476, "Rank-10": 70.95238095238095, "Rank-20": 77.14285714285715}
DEVELOPMENT_MISSING_CONDITION q_R_g_T {"mAP": 10.652654403422991, "mINP": 5.824210519379778, "Rank-1": 12.380952380952381, "Rank-5": 26.190476190476193, "Rank-10": 38.095238095238095, "Rank-20": 47.14285714285714}
DEVELOPMENT_MISSING_CONDITION q_R_g_N {"mAP": 36.7807860895566, "mINP": 21.187501416638906, "Rank-1": 48.57142857142857, "Rank-5": 67.61904761904762, "Rank-10": 72.85714285714285, "Rank-20": 78.57142857142857}
DEVELOPMENT_MISSING_CONDITION q_R_g_R {"mAP": 42.768610571062574, "mINP": 26.65155285198712, "Rank-1": 53.80952380952381, "Rank-5": 71.42857142857143, "Rank-10": 76.66666666666667, "Rank-20": 81.9047619047619}
