/data/gaob/Re-ID/conda-envs/tri_reid/lib/python3.10/site-packages/timm/models/helpers.py:7: FutureWarning: Importing from timm.models.helpers is deprecated, please import via timm.models
  warnings.warn(f"Importing from {__name__} is deprecated, please import via timm.models", FutureWarning)
/data/gaob/Re-ID/conda-envs/tri_reid/lib/python3.10/site-packages/timm/models/registry.py:4: FutureWarning: Importing from timm.models.registry is deprecated, please import via timm.models
  warnings.warn(f"Importing from {__name__} is deprecated, please import via timm.models", FutureWarning)
/data/gaob/Re-ID/conda-envs/tri_reid/lib/python3.10/site-packages/timm/models/layers/__init__.py:48: FutureWarning: Importing from timm.models.layers is deprecated, please import via timm.layers
  warnings.warn(f"Importing from {__name__} is deprecated, please import via timm.layers", FutureWarning)
using Transformer_type: ViT-B-16 as a backbone
Resized position embedding: %s to %s torch.Size([197, 768]) torch.Size([129, 768])
Position embedding resize to height:8 width: 16
Successfully load ckpt!
<All keys matched successfully>
Loading pretrained model from CLIP
camera number is : 8
MISSING_CONDITION clean {"mAP": 80.97012179803686, "mINP": 54.501096428366466, "Rank-1": 93.58600583090379, "Rank-5": 95.04373177842565, "Rank-10": 95.91836734693877, "Rank-20": 96.96793002915452}
MISSING_CONDITION both_missing_r {"mAP": 72.21294111469598, "mINP": 41.73492597358305, "Rank-1": 90.55393586005832, "Rank-5": 92.76967930029154, "Rank-10": 93.70262390670554, "Rank-20": 94.63556851311954}
MISSING_CONDITION query_missing_r {"mAP": 59.797286089708955, "mINP": 37.001812901266575, "Rank-1": 68.86297376093295, "Rank-5": 73.64431486880466, "Rank-10": 76.44314868804665, "Rank-20": 80.11661807580175}
MISSING_CONDITION both_missing_n {"mAP": 78.13427087006582, "mINP": 46.39028803816998, "Rank-1": 92.82798833819243, "Rank-5": 95.33527696793003, "Rank-10": 96.50145772594753, "Rank-20": 97.37609329446065}
MISSING_CONDITION query_missing_n {"mAP": 73.76519400804239, "mINP": 44.419393133441694, "Rank-1": 88.2798833819242, "Rank-5": 91.37026239067055, "Rank-10": 92.71137026239067, "Rank-20": 94.34402332361516}
MISSING_CONDITION both_missing_t {"mAP": 67.25121068806152, "mINP": 40.344611673151384, "Rank-1": 83.14868804664724, "Rank-5": 85.42274052478133, "Rank-10": 86.41399416909621, "Rank-20": 87.8134110787172}
MISSING_CONDITION query_missing_t {"mAP": 56.046955924950105, "mINP": 36.311675274894235, "Rank-1": 62.91545189504373, "Rank-5": 68.16326530612244, "Rank-10": 70.8454810495627, "Rank-20": 76.0932944606414}
MISSING_CONDITION both_missing_rn {"mAP": 37.112011985965985, "mINP": 15.244607871323637, "Rank-1": 61.86588921282799, "Rank-5": 68.92128279883381, "Rank-10": 73.23615160349854, "Rank-20": 78.07580174927114}
MISSING_CONDITION query_missing_rn {"mAP": 14.695166592958303, "mINP": 10.255323306635225, "Rank-1": 9.854227405247814, "Rank-5": 11.83673469387755, "Rank-10": 12.71137026239067, "Rank-20": 14.69387755102041}
MISSING_CONDITION both_missing_rt {"mAP": 51.72881715850075, "mINP": 26.420437826593336, "Rank-1": 67.75510204081633, "Rank-5": 71.83673469387755, "Rank-10": 73.46938775510205, "Rank-20": 76.26822157434403}
MISSING_CONDITION query_missing_rt {"mAP": 23.812141211313868, "mINP": 16.831153798360866, "Rank-1": 20.58309037900875, "Rank-5": 23.03206997084548, "Rank-10": 25.072886297376094, "Rank-20": 27.8134110787172}
MISSING_CONDITION both_missing_nt {"mAP": 61.450761408948075, "mINP": 32.56879476545808, "Rank-1": 78.134110787172, "Rank-5": 80.75801749271136, "Rank-10": 82.74052478134111, "Rank-20": 85.42274052478133}
MISSING_CONDITION query_missing_nt {"mAP": 33.43270483725487, "mINP": 22.177926872971458, "Rank-1": 31.60349854227405, "Rank-5": 35.74344023323615, "Rank-10": 39.24198250728863, "Rank-20": 42.332361516034986}
