/data/gaob/Re-ID/conda-envs/tri_reid/lib/python3.10/site-packages/timm/models/helpers.py:7: FutureWarning: Importing from timm.models.helpers is deprecated, please import via timm.models
  warnings.warn(f"Importing from {__name__} is deprecated, please import via timm.models", FutureWarning)
/data/gaob/Re-ID/conda-envs/tri_reid/lib/python3.10/site-packages/timm/models/registry.py:4: FutureWarning: Importing from timm.models.registry is deprecated, please import via timm.models
  warnings.warn(f"Importing from {__name__} is deprecated, please import via timm.models", FutureWarning)
/data/gaob/Re-ID/conda-envs/tri_reid/lib/python3.10/site-packages/timm/models/layers/__init__.py:48: FutureWarning: Importing from timm.models.layers is deprecated, please import via timm.layers
  warnings.warn(f"Importing from {__name__} is deprecated, please import via timm.layers", FutureWarning)
using Transformer_type: ViT-B-16 as a backbone
Resized position embedding: %s to %s torch.Size([197, 768]) torch.Size([129, 768])
Position embedding resize to height:8 width: 16
Successfully load ckpt!
<All keys matched successfully>
Loading pretrained model from CLIP
camera number is : 8
using soft triplet loss for training
label smooth on, numclasses: 33
EPOCH {"epoch": 1, "steps": 81, "loss": 10.160098746970847, "seconds": 81.8275215625763, "mAP": 74.14389858266762, "Rank-1": 86.656, "Rank-5": 90.4, "Rank-10": 92.192} BEST {"mAP": 74.14389858266762, "Rank-1": 86.656, "Rank-5": 90.4, "Rank-10": 92.192, "query_count": 3125, "gallery_count": 3125, "descriptor_dim": 5632, "epoch": 1}
EPOCH {"epoch": 2, "steps": 162, "loss": 7.005463382344187, "seconds": 91.83025002479553, "mAP": 78.30899277730755, "Rank-1": 88.768, "Rank-5": 90.4, "Rank-10": 91.168} BEST {"mAP": 78.30899277730755, "Rank-1": 88.768, "Rank-5": 90.4, "Rank-10": 91.168, "query_count": 3125, "gallery_count": 3125, "descriptor_dim": 5632, "epoch": 2}
EPOCH {"epoch": 3, "steps": 243, "loss": 4.731795010743318, "seconds": 92.13878536224365, "mAP": 81.59955858668869, "Rank-1": 91.67999999999999, "Rank-5": 93.024, "Rank-10": 93.632} BEST {"mAP": 81.59955858668869, "Rank-1": 91.67999999999999, "Rank-5": 93.024, "Rank-10": 93.632, "query_count": 3125, "gallery_count": 3125, "descriptor_dim": 5632, "epoch": 3}
EPOCH {"epoch": 4, "steps": 324, "loss": 2.7903669086503395, "seconds": 91.83701634407043, "mAP": 86.39508035675378, "Rank-1": 90.432, "Rank-5": 92.032, "Rank-10": 92.896} BEST {"mAP": 86.39508035675378, "Rank-1": 90.432, "Rank-5": 92.032, "Rank-10": 92.896, "query_count": 3125, "gallery_count": 3125, "descriptor_dim": 5632, "epoch": 4}
EPOCH {"epoch": 5, "steps": 405, "loss": 2.025597840179632, "seconds": 92.3911521434784, "mAP": 87.90078140760977, "Rank-1": 94.91199999999999, "Rank-5": 95.872, "Rank-10": 96.224} BEST {"mAP": 87.90078140760977, "Rank-1": 94.91199999999999, "Rank-5": 95.872, "Rank-10": 96.224, "query_count": 3125, "gallery_count": 3125, "descriptor_dim": 5632, "epoch": 5}
EPOCH {"epoch": 6, "steps": 486, "loss": 1.6278030813476185, "seconds": 94.18039512634277, "mAP": 84.89550983547294, "Rank-1": 94.592, "Rank-5": 95.776, "Rank-10": 96.096} BEST {"mAP": 87.90078140760977, "Rank-1": 94.91199999999999, "Rank-5": 95.872, "Rank-10": 96.224, "query_count": 3125, "gallery_count": 3125, "descriptor_dim": 5632, "epoch": 5}
EPOCH {"epoch": 7, "steps": 567, "loss": 1.3519978258344862, "seconds": 94.78198885917664, "mAP": 86.95090162943667, "Rank-1": 96.0, "Rank-5": 96.44800000000001, "Rank-10": 96.672} BEST {"mAP": 87.90078140760977, "Rank-1": 94.91199999999999, "Rank-5": 95.872, "Rank-10": 96.224, "query_count": 3125, "gallery_count": 3125, "descriptor_dim": 5632, "epoch": 5}
EPOCH {"epoch": 8, "steps": 648, "loss": 1.2914087139529946, "seconds": 93.12623310089111, "mAP": 86.87863641057714, "Rank-1": 94.048, "Rank-5": 94.91199999999999, "Rank-10": 95.296} BEST {"mAP": 87.90078140760977, "Rank-1": 94.91199999999999, "Rank-5": 95.872, "Rank-10": 96.224, "query_count": 3125, "gallery_count": 3125, "descriptor_dim": 5632, "epoch": 5}
