/data/gb/Re-ID/conda-envs/tri_reid/lib/python3.10/site-packages/timm/models/helpers.py:7: FutureWarning: Importing from timm.models.helpers is deprecated, please import via timm.models
  warnings.warn(f"Importing from {__name__} is deprecated, please import via timm.models", FutureWarning)
/data/gb/Re-ID/conda-envs/tri_reid/lib/python3.10/site-packages/timm/models/registry.py:4: FutureWarning: Importing from timm.models.registry is deprecated, please import via timm.models
  warnings.warn(f"Importing from {__name__} is deprecated, please import via timm.models", FutureWarning)
/data/gb/Re-ID/conda-envs/tri_reid/lib/python3.10/site-packages/timm/models/layers/__init__.py:48: FutureWarning: Importing from timm.models.layers is deprecated, please import via timm.layers
  warnings.warn(f"Importing from {__name__} is deprecated, please import via timm.layers", FutureWarning)
using Transformer_type: ViT-B-16 as a backbone
Resized position embedding: %s to %s torch.Size([197, 768]) torch.Size([129, 768])
Position embedding resize to height:8 width: 16
Successfully load ckpt!
<All keys matched successfully>
Loading pretrained model from CLIP
camera number is : 8
===========Building DeMo===========
DEVELOPMENT_MISSING_CONDITION clean {"mAP": 47.60779210388089, "mINP": 33.521766571761695, "Rank-1": 59.04761904761905, "Rank-5": 69.04761904761905, "Rank-10": 76.66666666666667, "Rank-20": 80.0}
DEVELOPMENT_MISSING_CONDITION both_missing_r {"mAP": 43.07218104034933, "mINP": 27.21871702828637, "Rank-1": 54.761904761904766, "Rank-5": 70.47619047619048, "Rank-10": 73.80952380952381, "Rank-20": 81.9047619047619}
DEVELOPMENT_MISSING_CONDITION query_missing_r {"mAP": 27.443693587428907, "mINP": 16.45380962566628, "Rank-1": 29.523809523809526, "Rank-5": 50.0, "Rank-10": 61.42857142857143, "Rank-20": 75.23809523809524}
DEVELOPMENT_MISSING_CONDITION both_missing_n {"mAP": 45.35125561612954, "mINP": 30.408967967842816, "Rank-1": 55.714285714285715, "Rank-5": 69.04761904761905, "Rank-10": 75.23809523809524, "Rank-20": 80.0}
DEVELOPMENT_MISSING_CONDITION query_missing_n {"mAP": 36.253835138966494, "mINP": 22.476087317607135, "Rank-1": 39.04761904761905, "Rank-5": 62.857142857142854, "Rank-10": 67.14285714285714, "Rank-20": 77.14285714285715}
DEVELOPMENT_MISSING_CONDITION both_missing_t {"mAP": 45.36402274352861, "mINP": 31.640888096508423, "Rank-1": 55.714285714285715, "Rank-5": 69.52380952380952, "Rank-10": 75.71428571428571, "Rank-20": 80.0}
DEVELOPMENT_MISSING_CONDITION query_missing_t {"mAP": 46.09384648045277, "mINP": 32.98498265271664, "Rank-1": 54.761904761904766, "Rank-5": 71.9047619047619, "Rank-10": 76.66666666666667, "Rank-20": 84.28571428571429}
DEVELOPMENT_MISSING_CONDITION both_missing_rn {"mAP": 23.938750764958943, "mINP": 9.454239200964, "Rank-1": 37.61904761904762, "Rank-5": 51.42857142857142, "Rank-10": 60.952380952380956, "Rank-20": 67.61904761904762}
DEVELOPMENT_MISSING_CONDITION query_missing_rn {"mAP": 6.2077625056173344, "mINP": 5.7163664413780175, "Rank-1": 0.9523809523809524, "Rank-5": 10.476190476190476, "Rank-10": 11.428571428571429, "Rank-20": 16.19047619047619}
DEVELOPMENT_MISSING_CONDITION both_missing_rt {"mAP": 39.361272718194144, "mINP": 24.225566312254593, "Rank-1": 50.476190476190474, "Rank-5": 70.47619047619048, "Rank-10": 75.23809523809524, "Rank-20": 83.80952380952381}
DEVELOPMENT_MISSING_CONDITION query_missing_rt {"mAP": 23.528023336005205, "mINP": 14.745812030871456, "Rank-1": 27.142857142857142, "Rank-5": 47.61904761904761, "Rank-10": 57.61904761904761, "Rank-20": 73.33333333333333}
DEVELOPMENT_MISSING_CONDITION both_missing_nt {"mAP": 42.626181002225074, "mINP": 28.145632201730315, "Rank-1": 52.38095238095239, "Rank-5": 66.66666666666666, "Rank-10": 74.76190476190476, "Rank-20": 79.52380952380952}
DEVELOPMENT_MISSING_CONDITION query_missing_nt {"mAP": 32.940136985353334, "mINP": 21.070604816924124, "Rank-1": 30.952380952380953, "Rank-5": 62.857142857142854, "Rank-10": 69.52380952380952, "Rank-20": 79.52380952380952}
