/data/gaob/Re-ID/conda-envs/tri_reid/lib/python3.10/site-packages/timm/models/helpers.py:7: FutureWarning: Importing from timm.models.helpers is deprecated, please import via timm.models
  warnings.warn(f"Importing from {__name__} is deprecated, please import via timm.models", FutureWarning)
/data/gaob/Re-ID/conda-envs/tri_reid/lib/python3.10/site-packages/timm/models/registry.py:4: FutureWarning: Importing from timm.models.registry is deprecated, please import via timm.models
  warnings.warn(f"Importing from {__name__} is deprecated, please import via timm.models", FutureWarning)
/data/gaob/Re-ID/conda-envs/tri_reid/lib/python3.10/site-packages/timm/models/layers/__init__.py:48: FutureWarning: Importing from timm.models.layers is deprecated, please import via timm.layers
  warnings.warn(f"Importing from {__name__} is deprecated, please import via timm.layers", FutureWarning)
using Transformer_type: ViT-B-16 as a backbone
Resized position embedding: %s to %s torch.Size([197, 768]) torch.Size([129, 768])
Position embedding resize to height:8 width: 16
Successfully load ckpt!
<All keys matched successfully>
Loading pretrained model from CLIP
camera number is : 8
STRESS_CONDITION clean {"mAP": 31.52247830488984, "mINP": 12.04578268688808, "Rank-1": 46.86971235194585, "Rank-5": 67.34348561759728, "Rank-10": 74.78849407783417, "Rank-20": 80.37225042301185}
STRESS_CONDITION RGB_blur_sigma1p5 {"mAP": 28.72545873919799, "mINP": 11.316308396280666, "Rank-1": 44.33164128595601, "Rank-5": 64.29780033840947, "Rank-10": 72.25042301184433, "Rank-20": 78.84940778341793}
STRESS_CONDITION RGB_blur_sigma3 {"mAP": 26.481733746947828, "mINP": 10.170585101693321, "Rank-1": 38.917089678511, "Rank-5": 61.25211505922166, "Rank-10": 70.21996615905245, "Rank-20": 77.49576988155668}
STRESS_CONDITION NI_blur_sigma1p5 {"mAP": 28.718276916109016, "mINP": 11.269701034704898, "Rank-1": 43.31641285956007, "Rank-5": 63.62098138747885, "Rank-10": 71.2351945854484, "Rank-20": 78.34179357021996}
STRESS_CONDITION NI_blur_sigma3 {"mAP": 26.4866129568028, "mINP": 10.45987252883609, "Rank-1": 39.59390862944163, "Rank-5": 60.913705583756354, "Rank-10": 68.8663282571912, "Rank-20": 75.4653130287648}
STRESS_CONDITION TI_blur_sigma1p5 {"mAP": 30.376430571537732, "mINP": 12.499758032411652, "Rank-1": 44.83925549915397, "Rank-5": 66.15905245346869, "Rank-10": 73.60406091370558, "Rank-20": 80.20304568527918}
STRESS_CONDITION TI_blur_sigma3 {"mAP": 29.7382290488866, "mINP": 12.494847164799925, "Rank-1": 43.48561759729272, "Rank-5": 64.80541455160744, "Rank-10": 72.41962774957699, "Rank-20": 79.86463620981388}
STRESS_CONDITION psi_off_frozen {"mAP": 31.504285947390397, "mINP": 11.796697167505094, "Rank-1": 47.377326565143825, "Rank-5": 67.68189509306261, "Rank-10": 74.11167512690355, "Rank-20": 80.71065989847716}
