/data/gaob/Re-ID/conda-envs/tri_reid/lib/python3.10/site-packages/timm/models/helpers.py:7: FutureWarning: Importing from timm.models.helpers is deprecated, please import via timm.models
  warnings.warn(f"Importing from {__name__} is deprecated, please import via timm.models", FutureWarning)
/data/gaob/Re-ID/conda-envs/tri_reid/lib/python3.10/site-packages/timm/models/registry.py:4: FutureWarning: Importing from timm.models.registry is deprecated, please import via timm.models
  warnings.warn(f"Importing from {__name__} is deprecated, please import via timm.models", FutureWarning)
/data/gaob/Re-ID/conda-envs/tri_reid/lib/python3.10/site-packages/timm/models/layers/__init__.py:48: FutureWarning: Importing from timm.models.layers is deprecated, please import via timm.layers
  warnings.warn(f"Importing from {__name__} is deprecated, please import via timm.layers", FutureWarning)
using Transformer_type: ViT-B-16 as a backbone
Resized position embedding: %s to %s torch.Size([197, 768]) torch.Size([129, 768])
Position embedding resize to height:8 width: 16
Successfully load ckpt!
<All keys matched successfully>
Loading pretrained model from CLIP
camera number is : 8
IDENTITY_MISSING_FEATURE_BANKS_CPU_ONLY {"available_sets": 7, "cuda_allocated_bytes": 8519680, "new_optimizer_updates": 0}
IDENTITY_MISSING_STREAM {"event": "RAW_READY", "condition": "q_RNT_g_RNT", "path": "/data/gaob/Re-ID/DeMo-DualAxis/runs/r201k_missing49_20261007/full/RGBNT100_r201k_frequency_shared_s42/q_RNT_g_RNT/raw.npz", "file": {"bytes": 200263815, "sha256": "21461a10fb8a8ba27856693bcf73c55533df9300e1e61898c40b96a5d567af0f"}, "installed_gt_cases": 4}
IDENTITY_MISSING_STREAM {"event": "RAW_CLEARED", "condition": "q_RNT_g_RNT"}
IDENTITY_MISSING_STREAM {"event": "RAW_READY", "condition": "q_RNT_g_R", "path": "/data/gaob/Re-ID/DeMo-DualAxis/runs/r201k_missing49_20261007/full/RGBNT100_r201k_frequency_shared_s42/q_RNT_g_R/raw.npz", "file": {"bytes": 194543353, "sha256": "e036a851d529c7ff37ac848d0af38d70d6964f6579a6b93d9710d74cdd5f0276"}, "installed_gt_cases": 4}
IDENTITY_MISSING_STREAM {"event": "RAW_CLEARED", "condition": "q_RNT_g_R"}
IDENTITY_MISSING_STREAM {"event": "RAW_READY", "condition": "q_RNT_g_N", "path": "/data/gaob/Re-ID/DeMo-DualAxis/runs/r201k_missing49_20261007/full/RGBNT100_r201k_frequency_shared_s42/q_RNT_g_N/raw.npz", "file": {"bytes": 195141728, "sha256": "1772d6e89438ed06b51386fb53a70644669e46fb4d75c106758e2f19437035a6"}, "installed_gt_cases": 4}
IDENTITY_MISSING_STREAM {"event": "RAW_CLEARED", "condition": "q_RNT_g_N"}
IDENTITY_MISSING_STREAM {"event": "RAW_READY", "condition": "q_RNT_g_T", "path": "/data/gaob/Re-ID/DeMo-DualAxis/runs/r201k_missing49_20261007/full/RGBNT100_r201k_frequency_shared_s42/q_RNT_g_T/raw.npz", "file": {"bytes": 189071126, "sha256": "e05900963151cbc239c3fa39c12168c3ffcaacd02946e4a3383bdf7245d423c2"}, "installed_gt_cases": 4}
IDENTITY_MISSING_STREAM {"event": "RAW_CLEARED", "condition": "q_RNT_g_T"}
IDENTITY_MISSING_STREAM {"event": "RAW_READY", "condition": "q_RNT_g_RN", "path": "/data/gaob/Re-ID/DeMo-DualAxis/runs/r201k_missing49_20261007/full/RGBNT100_r201k_frequency_shared_s42/q_RNT_g_RN/raw.npz", "file": {"bytes": 196550132, "sha256": "22763d7256f47bcff177e09270dcea3afc46e782eb911b4df8048e255e705a5f"}, "installed_gt_cases": 4}
IDENTITY_MISSING_STREAM {"event": "RAW_CLEARED", "condition": "q_RNT_g_RN"}
IDENTITY_MISSING_STREAM {"event": "RAW_READY", "condition": "q_RNT_g_RT", "path": "/data/gaob/Re-ID/DeMo-DualAxis/runs/r201k_missing49_20261007/full/RGBNT100_r201k_frequency_shared_s42/q_RNT_g_RT/raw.npz", "file": {"bytes": 197027483, "sha256": "83c6293392f1f62d42e824c3dbcd9a6e91783fd17cdf205bcc10f2e36e3d921c"}, "installed_gt_cases": 4}
IDENTITY_MISSING_STREAM {"event": "RAW_CLEARED", "condition": "q_RNT_g_RT"}
IDENTITY_MISSING_STREAM {"event": "RAW_READY", "condition": "q_RNT_g_NT", "path": "/data/gaob/Re-ID/DeMo-DualAxis/runs/r201k_missing49_20261007/full/RGBNT100_r201k_frequency_shared_s42/q_RNT_g_NT/raw.npz", "file": {"bytes": 197912979, "sha256": "15a915f8d78c28c4375bcb52ae9be63c1c5b2ba92121344ed7ffba7c7ac893f5"}, "installed_gt_cases": 4}
IDENTITY_MISSING_STREAM {"event": "RAW_CLEARED", "condition": "q_RNT_g_NT"}
IDENTITY_MISSING_STREAM {"event": "RAW_READY", "condition": "q_R_g_RNT", "path": "/data/gaob/Re-ID/DeMo-DualAxis/runs/r201k_missing49_20261007/full/RGBNT100_r201k_frequency_shared_s42/q_R_g_RNT/raw.npz", "file": {"bytes": 194422574, "sha256": "bd5456bc73bc1cbb37a68f3a2eafcfa2090b65259d5c84b539f34b9a3d184a5c"}, "installed_gt_cases": 4}
IDENTITY_MISSING_STREAM {"event": "RAW_CLEARED", "condition": "q_R_g_RNT"}
IDENTITY_MISSING_STREAM {"event": "RAW_READY", "condition": "q_R_g_R", "path": "/data/gaob/Re-ID/DeMo-DualAxis/runs/r201k_missing49_20261007/full/RGBNT100_r201k_frequency_shared_s42/q_R_g_R/raw.npz", "file": {"bytes": 202814586, "sha256": "ac8790c0c56f2ae9fec01b38e4d9d98da20fd1e33f49fa79de212a1ca788bf88"}, "installed_gt_cases": 4}
IDENTITY_MISSING_STREAM {"event": "RAW_CLEARED", "condition": "q_R_g_R"}
IDENTITY_MISSING_STREAM {"event": "RAW_READY", "condition": "q_R_g_N", "path": "/data/gaob/Re-ID/DeMo-DualAxis/runs/r201k_missing49_20261007/full/RGBNT100_r201k_frequency_shared_s42/q_R_g_N/raw.npz", "file": {"bytes": 12339898, "sha256": "928fef1da6fb68dbe0a7ece023fa1f4b40853aafb54198c9c943baa9442763c6"}, "installed_gt_cases": 4}
IDENTITY_MISSING_STREAM {"event": "RAW_CLEARED", "condition": "q_R_g_N"}
IDENTITY_MISSING_STREAM {"event": "RAW_READY", "condition": "q_R_g_T", "path": "/data/gaob/Re-ID/DeMo-DualAxis/runs/r201k_missing49_20261007/full/RGBNT100_r201k_frequency_shared_s42/q_R_g_T/raw.npz", "file": {"bytes": 12103656, "sha256": "534294ebcae672cef413e6ce016d06f69a7001fa8c88d100025b924b6adaa8aa"}, "installed_gt_cases": 4}
IDENTITY_MISSING_STREAM {"event": "RAW_CLEARED", "condition": "q_R_g_T"}
IDENTITY_MISSING_STREAM {"event": "RAW_READY", "condition": "q_R_g_RN", "path": "/data/gaob/Re-ID/DeMo-DualAxis/runs/r201k_missing49_20261007/full/RGBNT100_r201k_frequency_shared_s42/q_R_g_RN/raw.npz", "file": {"bytes": 197090076, "sha256": "13971cd3ec93707e383787f308b797faa10440a38668a66220653d57f9217d41"}, "installed_gt_cases": 4}
IDENTITY_MISSING_STREAM {"event": "RAW_CLEARED", "condition": "q_R_g_RN"}
IDENTITY_MISSING_STREAM {"event": "RAW_READY", "condition": "q_R_g_RT", "path": "/data/gaob/Re-ID/DeMo-DualAxis/runs/r201k_missing49_20261007/full/RGBNT100_r201k_frequency_shared_s42/q_R_g_RT/raw.npz", "file": {"bytes": 196850835, "sha256": "7c60767ecb220efc9a2b3125bfac53858581050119d443bd04e401ca84a8c702"}, "installed_gt_cases": 4}
IDENTITY_MISSING_STREAM {"event": "RAW_CLEARED", "condition": "q_R_g_RT"}
IDENTITY_MISSING_STREAM {"event": "RAW_READY", "condition": "q_R_g_NT", "path": "/data/gaob/Re-ID/DeMo-DualAxis/runs/r201k_missing49_20261007/full/RGBNT100_r201k_frequency_shared_s42/q_R_g_NT/raw.npz", "file": {"bytes": 12106245, "sha256": "c3f282560194ff8a1c032ab307680cb9b181f01c491cc9d24127414abc56ac3b"}, "installed_gt_cases": 4}
IDENTITY_MISSING_STREAM {"event": "RAW_CLEARED", "condition": "q_R_g_NT"}
IDENTITY_MISSING_STREAM {"event": "RAW_READY", "condition": "q_N_g_RNT", "path": "/data/gaob/Re-ID/DeMo-DualAxis/runs/r201k_missing49_20261007/full/RGBNT100_r201k_frequency_shared_s42/q_N_g_RNT/raw.npz", "file": {"bytes": 195097231, "sha256": "c259d42c9cf90704d5f2b5592c9ff8d2fbaabefbfd71294e8e2a475e68a4dea4"}, "installed_gt_cases": 4}
IDENTITY_MISSING_STREAM {"event": "RAW_CLEARED", "condition": "q_N_g_RNT"}
IDENTITY_MISSING_STREAM {"event": "RAW_READY", "condition": "q_N_g_R", "path": "/data/gaob/Re-ID/DeMo-DualAxis/runs/r201k_missing49_20261007/full/RGBNT100_r201k_frequency_shared_s42/q_N_g_R/raw.npz", "file": {"bytes": 12361511, "sha256": "4dd90774c0484296f82ced2c9f80754c32ea823527068b264a4ce6b1884c4f20"}, "installed_gt_cases": 4}
IDENTITY_MISSING_STREAM {"event": "RAW_CLEARED", "condition": "q_N_g_R"}
IDENTITY_MISSING_STREAM {"event": "RAW_READY", "condition": "q_N_g_N", "path": "/data/gaob/Re-ID/DeMo-DualAxis/runs/r201k_missing49_20261007/full/RGBNT100_r201k_frequency_shared_s42/q_N_g_N/raw.npz", "file": {"bytes": 201586716, "sha256": "0d26fd3231c77c10bb0f6f42632a264a7fb2113f01eb7d098c5d9e8014d8a856"}, "installed_gt_cases": 4}
IDENTITY_MISSING_STREAM {"event": "RAW_CLEARED", "condition": "q_N_g_N"}
IDENTITY_MISSING_STREAM {"event": "RAW_READY", "condition": "q_N_g_T", "path": "/data/gaob/Re-ID/DeMo-DualAxis/runs/r201k_missing49_20261007/full/RGBNT100_r201k_frequency_shared_s42/q_N_g_T/raw.npz", "file": {"bytes": 12485556, "sha256": "d0bb1cc6ce713245b6482a254fb36304339cdbc098b2c9fdf6d68d152aaa51c1"}, "installed_gt_cases": 4}
IDENTITY_MISSING_STREAM {"event": "RAW_CLEARED", "condition": "q_N_g_T"}
IDENTITY_MISSING_STREAM {"event": "RAW_READY", "condition": "q_N_g_RN", "path": "/data/gaob/Re-ID/DeMo-DualAxis/runs/r201k_missing49_20261007/full/RGBNT100_r201k_frequency_shared_s42/q_N_g_RN/raw.npz", "file": {"bytes": 197179046, "sha256": "ff32329d70afb018e8d05b23283e28f40080ca3f7a70b9f4dc771fa52a8df564"}, "installed_gt_cases": 4}
IDENTITY_MISSING_STREAM {"event": "RAW_CLEARED", "condition": "q_N_g_RN"}
IDENTITY_MISSING_STREAM {"event": "RAW_READY", "condition": "q_N_g_RT", "path": "/data/gaob/Re-ID/DeMo-DualAxis/runs/r201k_missing49_20261007/full/RGBNT100_r201k_frequency_shared_s42/q_N_g_RT/raw.npz", "file": {"bytes": 12660488, "sha256": "e60ed472c63463d69fe67b02daa5bf5f365eeaf23b25a51b18c3ac63e8944660"}, "installed_gt_cases": 4}
IDENTITY_MISSING_STREAM {"event": "RAW_CLEARED", "condition": "q_N_g_RT"}
IDENTITY_MISSING_STREAM {"event": "RAW_READY", "condition": "q_N_g_NT", "path": "/data/gaob/Re-ID/DeMo-DualAxis/runs/r201k_missing49_20261007/full/RGBNT100_r201k_frequency_shared_s42/q_N_g_NT/raw.npz", "file": {"bytes": 196728270, "sha256": "d6436bbe4bd94ef1b86e78f425dc4434ce561972c8467c11d8768c4c89bf56f6"}, "installed_gt_cases": 4}
IDENTITY_MISSING_STREAM {"event": "RAW_CLEARED", "condition": "q_N_g_NT"}
IDENTITY_MISSING_STREAM {"event": "RAW_READY", "condition": "q_T_g_RNT", "path": "/data/gaob/Re-ID/DeMo-DualAxis/runs/r201k_missing49_20261007/full/RGBNT100_r201k_frequency_shared_s42/q_T_g_RNT/raw.npz", "file": {"bytes": 195799515, "sha256": "4740b78873542f0fd8117785b35e8143f16a52c043ba6f16af321e4bdf9732a7"}, "installed_gt_cases": 4}
IDENTITY_MISSING_STREAM {"event": "RAW_CLEARED", "condition": "q_T_g_RNT"}
IDENTITY_MISSING_STREAM {"event": "RAW_READY", "condition": "q_T_g_R", "path": "/data/gaob/Re-ID/DeMo-DualAxis/runs/r201k_missing49_20261007/full/RGBNT100_r201k_frequency_shared_s42/q_T_g_R/raw.npz", "file": {"bytes": 12417130, "sha256": "7fbe50373c83f93fe908149c2f15a9093ca160ad9d13e5cf4f6c8fea1d862f04"}, "installed_gt_cases": 4}
IDENTITY_MISSING_STREAM {"event": "RAW_CLEARED", "condition": "q_T_g_R"}
IDENTITY_MISSING_STREAM {"event": "RAW_READY", "condition": "q_T_g_N", "path": "/data/gaob/Re-ID/DeMo-DualAxis/runs/r201k_missing49_20261007/full/RGBNT100_r201k_frequency_shared_s42/q_T_g_N/raw.npz", "file": {"bytes": 12772731, "sha256": "3690b6432eae76fdd21a9190418fea905303eeba91318461a1fd595f6ca477b4"}, "installed_gt_cases": 4}
IDENTITY_MISSING_STREAM {"event": "RAW_CLEARED", "condition": "q_T_g_N"}
IDENTITY_MISSING_STREAM {"event": "RAW_READY", "condition": "q_T_g_T", "path": "/data/gaob/Re-ID/DeMo-DualAxis/runs/r201k_missing49_20261007/full/RGBNT100_r201k_frequency_shared_s42/q_T_g_T/raw.npz", "file": {"bytes": 194856349, "sha256": "c288e1bbec3c88b773508d4860c269e8a55e1965b4ba94de8f3ba487edb3f10d"}, "installed_gt_cases": 4}
IDENTITY_MISSING_STREAM {"event": "RAW_CLEARED", "condition": "q_T_g_T"}
IDENTITY_MISSING_STREAM {"event": "RAW_READY", "condition": "q_T_g_RN", "path": "/data/gaob/Re-ID/DeMo-DualAxis/runs/r201k_missing49_20261007/full/RGBNT100_r201k_frequency_shared_s42/q_T_g_RN/raw.npz", "file": {"bytes": 12856760, "sha256": "5e6b47432296c9f9cf42851a1a6e2024f473c0f5aab6279229fb1c08d4edeff9"}, "installed_gt_cases": 4}
IDENTITY_MISSING_STREAM {"event": "RAW_CLEARED", "condition": "q_T_g_RN"}
IDENTITY_MISSING_STREAM {"event": "RAW_READY", "condition": "q_T_g_RT", "path": "/data/gaob/Re-ID/DeMo-DualAxis/runs/r201k_missing49_20261007/full/RGBNT100_r201k_frequency_shared_s42/q_T_g_RT/raw.npz", "file": {"bytes": 197860698, "sha256": "b1a11a0ad1f56cfbc7ddb9715acc88ddd92fae996ad26090d3310eb19f5d2387"}, "installed_gt_cases": 4}
IDENTITY_MISSING_STREAM {"event": "RAW_CLEARED", "condition": "q_T_g_RT"}
IDENTITY_MISSING_STREAM {"event": "RAW_READY", "condition": "q_T_g_NT", "path": "/data/gaob/Re-ID/DeMo-DualAxis/runs/r201k_missing49_20261007/full/RGBNT100_r201k_frequency_shared_s42/q_T_g_NT/raw.npz", "file": {"bytes": 197307344, "sha256": "45dc09d2c65ff697860d60be4c61f2ab6be10a4b7d5f5450d617872b826068f8"}, "installed_gt_cases": 4}
IDENTITY_MISSING_STREAM {"event": "RAW_CLEARED", "condition": "q_T_g_NT"}
IDENTITY_MISSING_STREAM {"event": "RAW_READY", "condition": "q_RN_g_RNT", "path": "/data/gaob/Re-ID/DeMo-DualAxis/runs/r201k_missing49_20261007/full/RGBNT100_r201k_frequency_shared_s42/q_RN_g_RNT/raw.npz", "file": {"bytes": 196864782, "sha256": "4ac4859efd931b1ea7a5c98beaaac136f841a9a76ed4cf23012c6390c42fe648"}, "installed_gt_cases": 4}
IDENTITY_MISSING_STREAM {"event": "RAW_CLEARED", "condition": "q_RN_g_RNT"}
IDENTITY_MISSING_STREAM {"event": "RAW_READY", "condition": "q_RN_g_R", "path": "/data/gaob/Re-ID/DeMo-DualAxis/runs/r201k_missing49_20261007/full/RGBNT100_r201k_frequency_shared_s42/q_RN_g_R/raw.npz", "file": {"bytes": 197073814, "sha256": "448a969de658dc6fb3c4b616e2a2300f307c41fe9fd6ec2e30ac1819877aa001"}, "installed_gt_cases": 4}
IDENTITY_MISSING_STREAM {"event": "RAW_CLEARED", "condition": "q_RN_g_R"}
IDENTITY_MISSING_STREAM {"event": "RAW_READY", "condition": "q_RN_g_N", "path": "/data/gaob/Re-ID/DeMo-DualAxis/runs/r201k_missing49_20261007/full/RGBNT100_r201k_frequency_shared_s42/q_RN_g_N/raw.npz", "file": {"bytes": 197345372, "sha256": "949dd3225c3bc544fad105065d92ed5c1364b481cedeefad70147b8294d1679f"}, "installed_gt_cases": 4}
IDENTITY_MISSING_STREAM {"event": "RAW_CLEARED", "condition": "q_RN_g_N"}
IDENTITY_MISSING_STREAM {"event": "RAW_READY", "condition": "q_RN_g_T", "path": "/data/gaob/Re-ID/DeMo-DualAxis/runs/r201k_missing49_20261007/full/RGBNT100_r201k_frequency_shared_s42/q_RN_g_T/raw.npz", "file": {"bytes": 12710231, "sha256": "d70511f0bf4b12404af895a566db66b2458fcc42f2ce1a287e4eb72c6ca55155"}, "installed_gt_cases": 4}
IDENTITY_MISSING_STREAM {"event": "RAW_CLEARED", "condition": "q_RN_g_T"}
IDENTITY_MISSING_STREAM {"event": "RAW_READY", "condition": "q_RN_g_RN", "path": "/data/gaob/Re-ID/DeMo-DualAxis/runs/r201k_missing49_20261007/full/RGBNT100_r201k_frequency_shared_s42/q_RN_g_RN/raw.npz", "file": {"bytes": 200868998, "sha256": "12f8598726a56d4c109f304b72cb543ad83d3c6dce10df6e46cc5e400c8d642d"}, "installed_gt_cases": 4}
IDENTITY_MISSING_STREAM {"event": "RAW_CLEARED", "condition": "q_RN_g_RN"}
IDENTITY_MISSING_STREAM {"event": "RAW_READY", "condition": "q_RN_g_RT", "path": "/data/gaob/Re-ID/DeMo-DualAxis/runs/r201k_missing49_20261007/full/RGBNT100_r201k_frequency_shared_s42/q_RN_g_RT/raw.npz", "file": {"bytes": 193943335, "sha256": "3498d238c92de717aa8834aa86d8bdf7fc7815bdc35c335d64c7f35ed941a7fd"}, "installed_gt_cases": 4}
IDENTITY_MISSING_STREAM {"event": "RAW_CLEARED", "condition": "q_RN_g_RT"}
IDENTITY_MISSING_STREAM {"event": "RAW_READY", "condition": "q_RN_g_NT", "path": "/data/gaob/Re-ID/DeMo-DualAxis/runs/r201k_missing49_20261007/full/RGBNT100_r201k_frequency_shared_s42/q_RN_g_NT/raw.npz", "file": {"bytes": 195179068, "sha256": "214728395540b3873c7ccef35a81423e2ec4e990f849a58cb839052e4064a896"}, "installed_gt_cases": 4}
IDENTITY_MISSING_STREAM {"event": "RAW_CLEARED", "condition": "q_RN_g_NT"}
IDENTITY_MISSING_STREAM {"event": "RAW_READY", "condition": "q_RT_g_RNT", "path": "/data/gaob/Re-ID/DeMo-DualAxis/runs/r201k_missing49_20261007/full/RGBNT100_r201k_frequency_shared_s42/q_RT_g_RNT/raw.npz", "file": {"bytes": 197017995, "sha256": "6c0810715e63fde5d65b3e5293b5b6228dceed46c517c11f53a2f1ca1b465c8a"}, "installed_gt_cases": 4}
IDENTITY_MISSING_STREAM {"event": "RAW_CLEARED", "condition": "q_RT_g_RNT"}
IDENTITY_MISSING_STREAM {"event": "RAW_READY", "condition": "q_RT_g_R", "path": "/data/gaob/Re-ID/DeMo-DualAxis/runs/r201k_missing49_20261007/full/RGBNT100_r201k_frequency_shared_s42/q_RT_g_R/raw.npz", "file": {"bytes": 196694826, "sha256": "4f707be1b77bdf97b3d9561647bef4d75d144ac1df119ee7c0b2849306d82ecc"}, "installed_gt_cases": 4}
IDENTITY_MISSING_STREAM {"event": "RAW_CLEARED", "condition": "q_RT_g_R"}
IDENTITY_MISSING_STREAM {"event": "RAW_READY", "condition": "q_RT_g_N", "path": "/data/gaob/Re-ID/DeMo-DualAxis/runs/r201k_missing49_20261007/full/RGBNT100_r201k_frequency_shared_s42/q_RT_g_N/raw.npz", "file": {"bytes": 12775759, "sha256": "cd20c195372506d9c57f8d74de02af695aac9b6e72cd8781eebfe4fa69e8852e"}, "installed_gt_cases": 4}
IDENTITY_MISSING_STREAM {"event": "RAW_CLEARED", "condition": "q_RT_g_N"}
IDENTITY_MISSING_STREAM {"event": "RAW_READY", "condition": "q_RT_g_T", "path": "/data/gaob/Re-ID/DeMo-DualAxis/runs/r201k_missing49_20261007/full/RGBNT100_r201k_frequency_shared_s42/q_RT_g_T/raw.npz", "file": {"bytes": 190928937, "sha256": "80c5725954628570528487a6ae16a149ebc5fc384a1ee2a1a19e0a53f02fcab1"}, "installed_gt_cases": 4}
IDENTITY_MISSING_STREAM {"event": "RAW_CLEARED", "condition": "q_RT_g_T"}
IDENTITY_MISSING_STREAM {"event": "RAW_READY", "condition": "q_RT_g_RN", "path": "/data/gaob/Re-ID/DeMo-DualAxis/runs/r201k_missing49_20261007/full/RGBNT100_r201k_frequency_shared_s42/q_RT_g_RN/raw.npz", "file": {"bytes": 193666136, "sha256": "a0366a7e5dcdf358ea2944109d0c9e2cb66b7e2164edacea4f8324976741da9d"}, "installed_gt_cases": 4}
IDENTITY_MISSING_STREAM {"event": "RAW_CLEARED", "condition": "q_RT_g_RN"}
IDENTITY_MISSING_STREAM {"event": "RAW_READY", "condition": "q_RT_g_RT", "path": "/data/gaob/Re-ID/DeMo-DualAxis/runs/r201k_missing49_20261007/full/RGBNT100_r201k_frequency_shared_s42/q_RT_g_RT/raw.npz", "file": {"bytes": 200318405, "sha256": "ebb38df73cf2ba273816d39c348314dcd200eb26aaf8d14427ba716dcfc34af5"}, "installed_gt_cases": 4}
IDENTITY_MISSING_STREAM {"event": "RAW_CLEARED", "condition": "q_RT_g_RT"}
IDENTITY_MISSING_STREAM {"event": "RAW_READY", "condition": "q_RT_g_NT", "path": "/data/gaob/Re-ID/DeMo-DualAxis/runs/r201k_missing49_20261007/full/RGBNT100_r201k_frequency_shared_s42/q_RT_g_NT/raw.npz", "file": {"bytes": 195581430, "sha256": "e4de4a5d4d7792c651fb69efb261c7da5c98ff628f68e370c1579aecf72bfbea"}, "installed_gt_cases": 4}
IDENTITY_MISSING_STREAM {"event": "RAW_CLEARED", "condition": "q_RT_g_NT"}
IDENTITY_MISSING_STREAM {"event": "RAW_READY", "condition": "q_NT_g_RNT", "path": "/data/gaob/Re-ID/DeMo-DualAxis/runs/r201k_missing49_20261007/full/RGBNT100_r201k_frequency_shared_s42/q_NT_g_RNT/raw.npz", "file": {"bytes": 197908808, "sha256": "3d2d7db70c996f012e6443702b13f7c94c88b16e0dca0c6fff82d3be299d9669"}, "installed_gt_cases": 4}
IDENTITY_MISSING_STREAM {"event": "RAW_CLEARED", "condition": "q_NT_g_RNT"}
IDENTITY_MISSING_STREAM {"event": "RAW_READY", "condition": "q_NT_g_R", "path": "/data/gaob/Re-ID/DeMo-DualAxis/runs/r201k_missing49_20261007/full/RGBNT100_r201k_frequency_shared_s42/q_NT_g_R/raw.npz", "file": {"bytes": 12479371, "sha256": "53a3404ab53d1a76e09f3f7a546b7a7b238d3b66343d5c40852518ca3e431a6e"}, "installed_gt_cases": 4}
IDENTITY_MISSING_STREAM {"event": "RAW_CLEARED", "condition": "q_NT_g_R"}
IDENTITY_MISSING_STREAM {"event": "RAW_READY", "condition": "q_NT_g_N", "path": "/data/gaob/Re-ID/DeMo-DualAxis/runs/r201k_missing49_20261007/full/RGBNT100_r201k_frequency_shared_s42/q_NT_g_N/raw.npz", "file": {"bytes": 196645266, "sha256": "8ac892736e440c472a448c81f65bc6c342b2704f30516ab8e0657ab6f32c3720"}, "installed_gt_cases": 4}
IDENTITY_MISSING_STREAM {"event": "RAW_CLEARED", "condition": "q_NT_g_N"}
IDENTITY_MISSING_STREAM {"event": "RAW_READY", "condition": "q_NT_g_T", "path": "/data/gaob/Re-ID/DeMo-DualAxis/runs/r201k_missing49_20261007/full/RGBNT100_r201k_frequency_shared_s42/q_NT_g_T/raw.npz", "file": {"bytes": 190458401, "sha256": "6ff6112f62223b5f4d4cc34bed52d1246b57925f023f666468793181dc90c31f"}, "installed_gt_cases": 4}
IDENTITY_MISSING_STREAM {"event": "RAW_CLEARED", "condition": "q_NT_g_T"}
IDENTITY_MISSING_STREAM {"event": "RAW_READY", "condition": "q_NT_g_RN", "path": "/data/gaob/Re-ID/DeMo-DualAxis/runs/r201k_missing49_20261007/full/RGBNT100_r201k_frequency_shared_s42/q_NT_g_RN/raw.npz", "file": {"bytes": 194775423, "sha256": "de1d48082e3a81ba73ce67da2ed7d44550c1bd16f1a30519c726465b55f49ee7"}, "installed_gt_cases": 4}
IDENTITY_MISSING_STREAM {"event": "RAW_CLEARED", "condition": "q_NT_g_RN"}
IDENTITY_MISSING_STREAM {"event": "RAW_READY", "condition": "q_NT_g_RT", "path": "/data/gaob/Re-ID/DeMo-DualAxis/runs/r201k_missing49_20261007/full/RGBNT100_r201k_frequency_shared_s42/q_NT_g_RT/raw.npz", "file": {"bytes": 195655020, "sha256": "0f46692625b0763466ec5edf6b241b5e103f4495fd97e47b911c592bfaca7b0a"}, "installed_gt_cases": 4}
IDENTITY_MISSING_STREAM {"event": "RAW_CLEARED", "condition": "q_NT_g_RT"}
IDENTITY_MISSING_STREAM {"event": "RAW_READY", "condition": "q_NT_g_NT", "path": "/data/gaob/Re-ID/DeMo-DualAxis/runs/r201k_missing49_20261007/full/RGBNT100_r201k_frequency_shared_s42/q_NT_g_NT/raw.npz", "file": {"bytes": 200773780, "sha256": "e6d316308aee45674cf90e2f55e2a86983fe5587ff0a1e96cfa31f3d41f188e3"}, "installed_gt_cases": 4}
IDENTITY_MISSING_STREAM {"event": "RAW_CLEARED", "condition": "q_NT_g_NT"}
IDENTITY_MISSING_STREAM {"event": "EVALUATION_COMPLETE", "conditions": 49, "cases": 196, "optimizer_updates": 0}
