/data/gaob/Re-ID/conda-envs/tri_reid/lib/python3.10/site-packages/timm/models/helpers.py:7: FutureWarning: Importing from timm.models.helpers is deprecated, please import via timm.models
  warnings.warn(f"Importing from {__name__} is deprecated, please import via timm.models", FutureWarning)
/data/gaob/Re-ID/conda-envs/tri_reid/lib/python3.10/site-packages/timm/models/registry.py:4: FutureWarning: Importing from timm.models.registry is deprecated, please import via timm.models
  warnings.warn(f"Importing from {__name__} is deprecated, please import via timm.models", FutureWarning)
/data/gaob/Re-ID/conda-envs/tri_reid/lib/python3.10/site-packages/timm/models/layers/__init__.py:48: FutureWarning: Importing from timm.models.layers is deprecated, please import via timm.layers
  warnings.warn(f"Importing from {__name__} is deprecated, please import via timm.layers", FutureWarning)
using Transformer_type: ViT-B-16 as a backbone
Resized position embedding: %s to %s torch.Size([197, 768]) torch.Size([129, 768])
Position embedding resize to height:8 width: 16
Successfully load ckpt!
<All keys matched successfully>
Loading pretrained model from CLIP
camera number is : 8
IDENTITY_MISSING_FEATURE_BANKS_CPU_ONLY {"available_sets": 7, "cuda_allocated_bytes": 8519680, "new_optimizer_updates": 0}
IDENTITY_MISSING_STREAM {"event": "RAW_READY", "condition": "q_RNT_g_RNT", "path": "/data/gaob/Re-ID/DeMo-DualAxis/runs/r201k_missing49_20261007/full/RGBNT100_r201k_axis_shared_s42/q_RNT_g_RNT/raw.npz", "file": {"bytes": 200176557, "sha256": "5962a9987cbfb454850ab75778e6b56e20ea4436503c075891787161cb6d39b3"}, "installed_gt_cases": 4}
IDENTITY_MISSING_STREAM {"event": "RAW_CLEARED", "condition": "q_RNT_g_RNT"}
IDENTITY_MISSING_STREAM {"event": "RAW_READY", "condition": "q_RNT_g_R", "path": "/data/gaob/Re-ID/DeMo-DualAxis/runs/r201k_missing49_20261007/full/RGBNT100_r201k_axis_shared_s42/q_RNT_g_R/raw.npz", "file": {"bytes": 194518282, "sha256": "1041e00fa8e726df0a3a40507cd0d87875edc6115bce4b76c2148b38a4874311"}, "installed_gt_cases": 4}
IDENTITY_MISSING_STREAM {"event": "RAW_CLEARED", "condition": "q_RNT_g_R"}
IDENTITY_MISSING_STREAM {"event": "RAW_READY", "condition": "q_RNT_g_N", "path": "/data/gaob/Re-ID/DeMo-DualAxis/runs/r201k_missing49_20261007/full/RGBNT100_r201k_axis_shared_s42/q_RNT_g_N/raw.npz", "file": {"bytes": 195121896, "sha256": "f32d44acead8a734596ca11fa3ac6ed7faf7f54ae4585fe7351f7ab2a146a92f"}, "installed_gt_cases": 4}
IDENTITY_MISSING_STREAM {"event": "RAW_CLEARED", "condition": "q_RNT_g_N"}
IDENTITY_MISSING_STREAM {"event": "RAW_READY", "condition": "q_RNT_g_T", "path": "/data/gaob/Re-ID/DeMo-DualAxis/runs/r201k_missing49_20261007/full/RGBNT100_r201k_axis_shared_s42/q_RNT_g_T/raw.npz", "file": {"bytes": 189049283, "sha256": "de81656e9e44a09a6d73948d22e7fd64bb9f7a75e3207ff79bf9ee2a2729088b"}, "installed_gt_cases": 4}
IDENTITY_MISSING_STREAM {"event": "RAW_CLEARED", "condition": "q_RNT_g_T"}
IDENTITY_MISSING_STREAM {"event": "RAW_READY", "condition": "q_RNT_g_RN", "path": "/data/gaob/Re-ID/DeMo-DualAxis/runs/r201k_missing49_20261007/full/RGBNT100_r201k_axis_shared_s42/q_RNT_g_RN/raw.npz", "file": {"bytes": 196535147, "sha256": "f7e14178ef5f3e1eb14bff5eb063de30daef6d53ef2c08b21ee6f5092513d3e9"}, "installed_gt_cases": 4}
IDENTITY_MISSING_STREAM {"event": "RAW_CLEARED", "condition": "q_RNT_g_RN"}
IDENTITY_MISSING_STREAM {"event": "RAW_READY", "condition": "q_RNT_g_RT", "path": "/data/gaob/Re-ID/DeMo-DualAxis/runs/r201k_missing49_20261007/full/RGBNT100_r201k_axis_shared_s42/q_RNT_g_RT/raw.npz", "file": {"bytes": 196989660, "sha256": "ff1ce28280e0ec0f1fdbcc43c3bc52b7deb60d21a671bdfe7aea24060f2b7be1"}, "installed_gt_cases": 4}
IDENTITY_MISSING_STREAM {"event": "RAW_CLEARED", "condition": "q_RNT_g_RT"}
IDENTITY_MISSING_STREAM {"event": "RAW_READY", "condition": "q_RNT_g_NT", "path": "/data/gaob/Re-ID/DeMo-DualAxis/runs/r201k_missing49_20261007/full/RGBNT100_r201k_axis_shared_s42/q_RNT_g_NT/raw.npz", "file": {"bytes": 197863904, "sha256": "26d18d25090ba58534a4e23c7ac9f8111d4655c788d7952d4a2a85eaeedac8d1"}, "installed_gt_cases": 4}
IDENTITY_MISSING_STREAM {"event": "RAW_CLEARED", "condition": "q_RNT_g_NT"}
IDENTITY_MISSING_STREAM {"event": "RAW_READY", "condition": "q_R_g_RNT", "path": "/data/gaob/Re-ID/DeMo-DualAxis/runs/r201k_missing49_20261007/full/RGBNT100_r201k_axis_shared_s42/q_R_g_RNT/raw.npz", "file": {"bytes": 194411542, "sha256": "073004801625f9e97eb2a81b02f4f7368365bb25e8ba8163ca15bf6700482b28"}, "installed_gt_cases": 4}
IDENTITY_MISSING_STREAM {"event": "RAW_CLEARED", "condition": "q_R_g_RNT"}
IDENTITY_MISSING_STREAM {"event": "RAW_READY", "condition": "q_R_g_R", "path": "/data/gaob/Re-ID/DeMo-DualAxis/runs/r201k_missing49_20261007/full/RGBNT100_r201k_axis_shared_s42/q_R_g_R/raw.npz", "file": {"bytes": 202779366, "sha256": "cf4db454cd202fd6a11139f38809d5983aaf44cb858f491b31a71a12a00c6a8c"}, "installed_gt_cases": 4}
IDENTITY_MISSING_STREAM {"event": "RAW_CLEARED", "condition": "q_R_g_R"}
IDENTITY_MISSING_STREAM {"event": "RAW_READY", "condition": "q_R_g_N", "path": "/data/gaob/Re-ID/DeMo-DualAxis/runs/r201k_missing49_20261007/full/RGBNT100_r201k_axis_shared_s42/q_R_g_N/raw.npz", "file": {"bytes": 12405958, "sha256": "3f508ef0c25f7ac828fda0e14eac55a785b30bbceeca790a5b8acc686a55b2f7"}, "installed_gt_cases": 4}
IDENTITY_MISSING_STREAM {"event": "RAW_CLEARED", "condition": "q_R_g_N"}
IDENTITY_MISSING_STREAM {"event": "RAW_READY", "condition": "q_R_g_T", "path": "/data/gaob/Re-ID/DeMo-DualAxis/runs/r201k_missing49_20261007/full/RGBNT100_r201k_axis_shared_s42/q_R_g_T/raw.npz", "file": {"bytes": 12067676, "sha256": "17c3c24f627db17d06e5864a6c8e148b403bfd96961a35ffed01cf4261cddc98"}, "installed_gt_cases": 4}
IDENTITY_MISSING_STREAM {"event": "RAW_CLEARED", "condition": "q_R_g_T"}
IDENTITY_MISSING_STREAM {"event": "RAW_READY", "condition": "q_R_g_RN", "path": "/data/gaob/Re-ID/DeMo-DualAxis/runs/r201k_missing49_20261007/full/RGBNT100_r201k_axis_shared_s42/q_R_g_RN/raw.npz", "file": {"bytes": 197069010, "sha256": "3e9316fd9a6f057ca0899c8dc90a6c860735fdc777ec89a0aca6665d530c59c3"}, "installed_gt_cases": 4}
IDENTITY_MISSING_STREAM {"event": "RAW_CLEARED", "condition": "q_R_g_RN"}
IDENTITY_MISSING_STREAM {"event": "RAW_READY", "condition": "q_R_g_RT", "path": "/data/gaob/Re-ID/DeMo-DualAxis/runs/r201k_missing49_20261007/full/RGBNT100_r201k_axis_shared_s42/q_R_g_RT/raw.npz", "file": {"bytes": 196825434, "sha256": "a769fb821826bdf972a6330f77c9e27cfedd22bcda3633ebee0679d77a85be6d"}, "installed_gt_cases": 4}
IDENTITY_MISSING_STREAM {"event": "RAW_CLEARED", "condition": "q_R_g_RT"}
IDENTITY_MISSING_STREAM {"event": "RAW_READY", "condition": "q_R_g_NT", "path": "/data/gaob/Re-ID/DeMo-DualAxis/runs/r201k_missing49_20261007/full/RGBNT100_r201k_axis_shared_s42/q_R_g_NT/raw.npz", "file": {"bytes": 12283466, "sha256": "3626b8230e0df64ccf9d860e74bfa57bed1985acef7ed4c68163cdd8c07ad35a"}, "installed_gt_cases": 4}
IDENTITY_MISSING_STREAM {"event": "RAW_CLEARED", "condition": "q_R_g_NT"}
IDENTITY_MISSING_STREAM {"event": "RAW_READY", "condition": "q_N_g_RNT", "path": "/data/gaob/Re-ID/DeMo-DualAxis/runs/r201k_missing49_20261007/full/RGBNT100_r201k_axis_shared_s42/q_N_g_RNT/raw.npz", "file": {"bytes": 195070739, "sha256": "71dc193290d0a9788ab6fd52523ec03095516ac247e72921da24c6d1d30e4b4c"}, "installed_gt_cases": 4}
IDENTITY_MISSING_STREAM {"event": "RAW_CLEARED", "condition": "q_N_g_RNT"}
IDENTITY_MISSING_STREAM {"event": "RAW_READY", "condition": "q_N_g_R", "path": "/data/gaob/Re-ID/DeMo-DualAxis/runs/r201k_missing49_20261007/full/RGBNT100_r201k_axis_shared_s42/q_N_g_R/raw.npz", "file": {"bytes": 12337512, "sha256": "a427582818b98173d6d10356acb662d145a170b6e9bf355b79c486beb4fc69e1"}, "installed_gt_cases": 4}
IDENTITY_MISSING_STREAM {"event": "RAW_CLEARED", "condition": "q_N_g_R"}
IDENTITY_MISSING_STREAM {"event": "RAW_READY", "condition": "q_N_g_N", "path": "/data/gaob/Re-ID/DeMo-DualAxis/runs/r201k_missing49_20261007/full/RGBNT100_r201k_axis_shared_s42/q_N_g_N/raw.npz", "file": {"bytes": 201561175, "sha256": "e5906872a82ff9bf7ec3da2dd9370b27dcc904ad0f31ad394b8798002e36b1aa"}, "installed_gt_cases": 4}
IDENTITY_MISSING_STREAM {"event": "RAW_CLEARED", "condition": "q_N_g_N"}
IDENTITY_MISSING_STREAM {"event": "RAW_READY", "condition": "q_N_g_T", "path": "/data/gaob/Re-ID/DeMo-DualAxis/runs/r201k_missing49_20261007/full/RGBNT100_r201k_axis_shared_s42/q_N_g_T/raw.npz", "file": {"bytes": 12373410, "sha256": "7fe3cf4edb7798e0ca72c94e46c38c8363e17cbe2a017b76326ea374ff5cb61a"}, "installed_gt_cases": 4}
IDENTITY_MISSING_STREAM {"event": "RAW_CLEARED", "condition": "q_N_g_T"}
IDENTITY_MISSING_STREAM {"event": "RAW_READY", "condition": "q_N_g_RN", "path": "/data/gaob/Re-ID/DeMo-DualAxis/runs/r201k_missing49_20261007/full/RGBNT100_r201k_axis_shared_s42/q_N_g_RN/raw.npz", "file": {"bytes": 197155088, "sha256": "c4e3ed8926ab380118f7dfa70367b2b4a9f8332fd3b56b7ef1ef5ad44d0fee2a"}, "installed_gt_cases": 4}
IDENTITY_MISSING_STREAM {"event": "RAW_CLEARED", "condition": "q_N_g_RN"}
IDENTITY_MISSING_STREAM {"event": "RAW_READY", "condition": "q_N_g_RT", "path": "/data/gaob/Re-ID/DeMo-DualAxis/runs/r201k_missing49_20261007/full/RGBNT100_r201k_axis_shared_s42/q_N_g_RT/raw.npz", "file": {"bytes": 12611222, "sha256": "99eabfbe29d79f0e3ddc3d7296c42d1b80cf9b1ffad407c5676c7633c49699e1"}, "installed_gt_cases": 4}
IDENTITY_MISSING_STREAM {"event": "RAW_CLEARED", "condition": "q_N_g_RT"}
IDENTITY_MISSING_STREAM {"event": "RAW_READY", "condition": "q_N_g_NT", "path": "/data/gaob/Re-ID/DeMo-DualAxis/runs/r201k_missing49_20261007/full/RGBNT100_r201k_axis_shared_s42/q_N_g_NT/raw.npz", "file": {"bytes": 196734594, "sha256": "d3c14898c2d2d564b6bba40d306f690a779acadcb81d8e6afb7c5e13fc59adcd"}, "installed_gt_cases": 4}
IDENTITY_MISSING_STREAM {"event": "RAW_CLEARED", "condition": "q_N_g_NT"}
IDENTITY_MISSING_STREAM {"event": "RAW_READY", "condition": "q_T_g_RNT", "path": "/data/gaob/Re-ID/DeMo-DualAxis/runs/r201k_missing49_20261007/full/RGBNT100_r201k_axis_shared_s42/q_T_g_RNT/raw.npz", "file": {"bytes": 195771680, "sha256": "e674fb0f18fc981a025734ee0fbdcc197c13e33a3d1874ae1c5fb06a5cfd4ca3"}, "installed_gt_cases": 4}
IDENTITY_MISSING_STREAM {"event": "RAW_CLEARED", "condition": "q_T_g_RNT"}
IDENTITY_MISSING_STREAM {"event": "RAW_READY", "condition": "q_T_g_R", "path": "/data/gaob/Re-ID/DeMo-DualAxis/runs/r201k_missing49_20261007/full/RGBNT100_r201k_axis_shared_s42/q_T_g_R/raw.npz", "file": {"bytes": 12434483, "sha256": "1f8d5a8f87f165e89faac77256cd8feb75cc27f58f801b4fd675134e1c934dd7"}, "installed_gt_cases": 4}
IDENTITY_MISSING_STREAM {"event": "RAW_CLEARED", "condition": "q_T_g_R"}
IDENTITY_MISSING_STREAM {"event": "RAW_READY", "condition": "q_T_g_N", "path": "/data/gaob/Re-ID/DeMo-DualAxis/runs/r201k_missing49_20261007/full/RGBNT100_r201k_axis_shared_s42/q_T_g_N/raw.npz", "file": {"bytes": 12806271, "sha256": "63d7431e584da7eb8e27927b9ebc5a249f6431ef5522357c4f7d9ec50b135438"}, "installed_gt_cases": 4}
IDENTITY_MISSING_STREAM {"event": "RAW_CLEARED", "condition": "q_T_g_N"}
IDENTITY_MISSING_STREAM {"event": "RAW_READY", "condition": "q_T_g_T", "path": "/data/gaob/Re-ID/DeMo-DualAxis/runs/r201k_missing49_20261007/full/RGBNT100_r201k_axis_shared_s42/q_T_g_T/raw.npz", "file": {"bytes": 194809512, "sha256": "bae0f2e3349f62c268d31b8ecc1d6f6f71a0e27479946511d721b55db467a810"}, "installed_gt_cases": 4}
IDENTITY_MISSING_STREAM {"event": "RAW_CLEARED", "condition": "q_T_g_T"}
IDENTITY_MISSING_STREAM {"event": "RAW_READY", "condition": "q_T_g_RN", "path": "/data/gaob/Re-ID/DeMo-DualAxis/runs/r201k_missing49_20261007/full/RGBNT100_r201k_axis_shared_s42/q_T_g_RN/raw.npz", "file": {"bytes": 12823086, "sha256": "76937e7f0b59aa2afd354239624677d5cf94b016bc4e3912f01fa38432108a4e"}, "installed_gt_cases": 4}
IDENTITY_MISSING_STREAM {"event": "RAW_CLEARED", "condition": "q_T_g_RN"}
IDENTITY_MISSING_STREAM {"event": "RAW_READY", "condition": "q_T_g_RT", "path": "/data/gaob/Re-ID/DeMo-DualAxis/runs/r201k_missing49_20261007/full/RGBNT100_r201k_axis_shared_s42/q_T_g_RT/raw.npz", "file": {"bytes": 197827938, "sha256": "b242d1b4d08fb15365318481d8073b0eb01ac170cb78a8c266108046b54f475b"}, "installed_gt_cases": 4}
IDENTITY_MISSING_STREAM {"event": "RAW_CLEARED", "condition": "q_T_g_RT"}
IDENTITY_MISSING_STREAM {"event": "RAW_READY", "condition": "q_T_g_NT", "path": "/data/gaob/Re-ID/DeMo-DualAxis/runs/r201k_missing49_20261007/full/RGBNT100_r201k_axis_shared_s42/q_T_g_NT/raw.npz", "file": {"bytes": 197302508, "sha256": "b91bfa56d76b9985f8049cbc8dcf246ac7fd3ed1c2f21aaa456d328e096bf9dc"}, "installed_gt_cases": 4}
IDENTITY_MISSING_STREAM {"event": "RAW_CLEARED", "condition": "q_T_g_NT"}
IDENTITY_MISSING_STREAM {"event": "RAW_READY", "condition": "q_RN_g_RNT", "path": "/data/gaob/Re-ID/DeMo-DualAxis/runs/r201k_missing49_20261007/full/RGBNT100_r201k_axis_shared_s42/q_RN_g_RNT/raw.npz", "file": {"bytes": 196846970, "sha256": "b66d4ec60d6d3b65db451da33e089f7ca2d9803f2073e1fc22ab656ff83bb9da"}, "installed_gt_cases": 4}
IDENTITY_MISSING_STREAM {"event": "RAW_CLEARED", "condition": "q_RN_g_RNT"}
IDENTITY_MISSING_STREAM {"event": "RAW_READY", "condition": "q_RN_g_R", "path": "/data/gaob/Re-ID/DeMo-DualAxis/runs/r201k_missing49_20261007/full/RGBNT100_r201k_axis_shared_s42/q_RN_g_R/raw.npz", "file": {"bytes": 197053098, "sha256": "ce2c871b8eecf4ec63b271652e991820ebaa40153678e5e408a57800cf305ecc"}, "installed_gt_cases": 4}
IDENTITY_MISSING_STREAM {"event": "RAW_CLEARED", "condition": "q_RN_g_R"}
IDENTITY_MISSING_STREAM {"event": "RAW_READY", "condition": "q_RN_g_N", "path": "/data/gaob/Re-ID/DeMo-DualAxis/runs/r201k_missing49_20261007/full/RGBNT100_r201k_axis_shared_s42/q_RN_g_N/raw.npz", "file": {"bytes": 197320053, "sha256": "a60f1eeb3f7ab2cdb2ae08b613dd9fcaf355e5744249d3209d7ed9ffcacf691b"}, "installed_gt_cases": 4}
IDENTITY_MISSING_STREAM {"event": "RAW_CLEARED", "condition": "q_RN_g_N"}
IDENTITY_MISSING_STREAM {"event": "RAW_READY", "condition": "q_RN_g_T", "path": "/data/gaob/Re-ID/DeMo-DualAxis/runs/r201k_missing49_20261007/full/RGBNT100_r201k_axis_shared_s42/q_RN_g_T/raw.npz", "file": {"bytes": 12650891, "sha256": "155191ed533ea599dd655fd666a974cbfb226913a12234b1ce711addebc1d48f"}, "installed_gt_cases": 4}
IDENTITY_MISSING_STREAM {"event": "RAW_CLEARED", "condition": "q_RN_g_T"}
IDENTITY_MISSING_STREAM {"event": "RAW_READY", "condition": "q_RN_g_RN", "path": "/data/gaob/Re-ID/DeMo-DualAxis/runs/r201k_missing49_20261007/full/RGBNT100_r201k_axis_shared_s42/q_RN_g_RN/raw.npz", "file": {"bytes": 200780066, "sha256": "65597132d3d53ede2cace939a052485de73bbb119542197ccceb7f96675de87a"}, "installed_gt_cases": 4}
IDENTITY_MISSING_STREAM {"event": "RAW_CLEARED", "condition": "q_RN_g_RN"}
IDENTITY_MISSING_STREAM {"event": "RAW_READY", "condition": "q_RN_g_RT", "path": "/data/gaob/Re-ID/DeMo-DualAxis/runs/r201k_missing49_20261007/full/RGBNT100_r201k_axis_shared_s42/q_RN_g_RT/raw.npz", "file": {"bytes": 193929502, "sha256": "049a25e119255320cddfdec2cd79c62fcd5103ad3309c5a887d72080eb6af426"}, "installed_gt_cases": 4}
IDENTITY_MISSING_STREAM {"event": "RAW_CLEARED", "condition": "q_RN_g_RT"}
IDENTITY_MISSING_STREAM {"event": "RAW_READY", "condition": "q_RN_g_NT", "path": "/data/gaob/Re-ID/DeMo-DualAxis/runs/r201k_missing49_20261007/full/RGBNT100_r201k_axis_shared_s42/q_RN_g_NT/raw.npz", "file": {"bytes": 195156388, "sha256": "4c1d6f620641c951412b1411937b7281807c63a106cc0680074132335cbf989d"}, "installed_gt_cases": 4}
IDENTITY_MISSING_STREAM {"event": "RAW_CLEARED", "condition": "q_RN_g_NT"}
IDENTITY_MISSING_STREAM {"event": "RAW_READY", "condition": "q_RT_g_RNT", "path": "/data/gaob/Re-ID/DeMo-DualAxis/runs/r201k_missing49_20261007/full/RGBNT100_r201k_axis_shared_s42/q_RT_g_RNT/raw.npz", "file": {"bytes": 196988123, "sha256": "3238d7ea1017c87e60601315479d4f598e87b225b835fc4a64dfe5f69323dab5"}, "installed_gt_cases": 4}
IDENTITY_MISSING_STREAM {"event": "RAW_CLEARED", "condition": "q_RT_g_RNT"}
IDENTITY_MISSING_STREAM {"event": "RAW_READY", "condition": "q_RT_g_R", "path": "/data/gaob/Re-ID/DeMo-DualAxis/runs/r201k_missing49_20261007/full/RGBNT100_r201k_axis_shared_s42/q_RT_g_R/raw.npz", "file": {"bytes": 196676451, "sha256": "db3cd8b8aee3be554b475043a0be3804c309a17c04949218c66c50e8631f1355"}, "installed_gt_cases": 4}
IDENTITY_MISSING_STREAM {"event": "RAW_CLEARED", "condition": "q_RT_g_R"}
IDENTITY_MISSING_STREAM {"event": "RAW_READY", "condition": "q_RT_g_N", "path": "/data/gaob/Re-ID/DeMo-DualAxis/runs/r201k_missing49_20261007/full/RGBNT100_r201k_axis_shared_s42/q_RT_g_N/raw.npz", "file": {"bytes": 12786891, "sha256": "ffde361aa7cbc636dbe2e64fef9feb113eaf27ba6529e3eb6bea4728efee60bd"}, "installed_gt_cases": 4}
IDENTITY_MISSING_STREAM {"event": "RAW_CLEARED", "condition": "q_RT_g_N"}
IDENTITY_MISSING_STREAM {"event": "RAW_READY", "condition": "q_RT_g_T", "path": "/data/gaob/Re-ID/DeMo-DualAxis/runs/r201k_missing49_20261007/full/RGBNT100_r201k_axis_shared_s42/q_RT_g_T/raw.npz", "file": {"bytes": 190896731, "sha256": "6d97c7535d049ead0a2afc8d01d794ad98b23f4016d49170f3c6a43e83a438d3"}, "installed_gt_cases": 4}
IDENTITY_MISSING_STREAM {"event": "RAW_CLEARED", "condition": "q_RT_g_T"}
IDENTITY_MISSING_STREAM {"event": "RAW_READY", "condition": "q_RT_g_RN", "path": "/data/gaob/Re-ID/DeMo-DualAxis/runs/r201k_missing49_20261007/full/RGBNT100_r201k_axis_shared_s42/q_RT_g_RN/raw.npz", "file": {"bytes": 193663050, "sha256": "73a08873811afd68c468dc6aa384fb9a74dd72442cec56d6f181e8886ceadf1b"}, "installed_gt_cases": 4}
IDENTITY_MISSING_STREAM {"event": "RAW_CLEARED", "condition": "q_RT_g_RN"}
IDENTITY_MISSING_STREAM {"event": "RAW_READY", "condition": "q_RT_g_RT", "path": "/data/gaob/Re-ID/DeMo-DualAxis/runs/r201k_missing49_20261007/full/RGBNT100_r201k_axis_shared_s42/q_RT_g_RT/raw.npz", "file": {"bytes": 200208896, "sha256": "674231dc5e88b652715ec2a30bfd8896c280652b5cf62445ca466162280bd0fa"}, "installed_gt_cases": 4}
IDENTITY_MISSING_STREAM {"event": "RAW_CLEARED", "condition": "q_RT_g_RT"}
IDENTITY_MISSING_STREAM {"event": "RAW_READY", "condition": "q_RT_g_NT", "path": "/data/gaob/Re-ID/DeMo-DualAxis/runs/r201k_missing49_20261007/full/RGBNT100_r201k_axis_shared_s42/q_RT_g_NT/raw.npz", "file": {"bytes": 195552650, "sha256": "f19daada177a6b226f376bcd0213935655b0fe6b78ca35a67126e35410609bb6"}, "installed_gt_cases": 4}
IDENTITY_MISSING_STREAM {"event": "RAW_CLEARED", "condition": "q_RT_g_NT"}
IDENTITY_MISSING_STREAM {"event": "RAW_READY", "condition": "q_NT_g_RNT", "path": "/data/gaob/Re-ID/DeMo-DualAxis/runs/r201k_missing49_20261007/full/RGBNT100_r201k_axis_shared_s42/q_NT_g_RNT/raw.npz", "file": {"bytes": 197862336, "sha256": "81187eb8957b07927032f624effdb734839aa09a397942f3209f92a33ff65389"}, "installed_gt_cases": 4}
IDENTITY_MISSING_STREAM {"event": "RAW_CLEARED", "condition": "q_NT_g_RNT"}
IDENTITY_MISSING_STREAM {"event": "RAW_READY", "condition": "q_NT_g_R", "path": "/data/gaob/Re-ID/DeMo-DualAxis/runs/r201k_missing49_20261007/full/RGBNT100_r201k_axis_shared_s42/q_NT_g_R/raw.npz", "file": {"bytes": 12299738, "sha256": "1199ca606cfcb713d7cc6a47d7abedd8b9b33b789f85386c7a7ed2622a370906"}, "installed_gt_cases": 4}
IDENTITY_MISSING_STREAM {"event": "RAW_CLEARED", "condition": "q_NT_g_R"}
IDENTITY_MISSING_STREAM {"event": "RAW_READY", "condition": "q_NT_g_N", "path": "/data/gaob/Re-ID/DeMo-DualAxis/runs/r201k_missing49_20261007/full/RGBNT100_r201k_axis_shared_s42/q_NT_g_N/raw.npz", "file": {"bytes": 196650574, "sha256": "e1ec0bfd65a06f0607d663963868ba2d0076f54e5d800a73073901af3b2d1e5a"}, "installed_gt_cases": 4}
IDENTITY_MISSING_STREAM {"event": "RAW_CLEARED", "condition": "q_NT_g_N"}
IDENTITY_MISSING_STREAM {"event": "RAW_READY", "condition": "q_NT_g_T", "path": "/data/gaob/Re-ID/DeMo-DualAxis/runs/r201k_missing49_20261007/full/RGBNT100_r201k_axis_shared_s42/q_NT_g_T/raw.npz", "file": {"bytes": 190454994, "sha256": "9be4029939158115940428d13294be95d2231d1c54a2c16679252dfd7a14a663"}, "installed_gt_cases": 4}
IDENTITY_MISSING_STREAM {"event": "RAW_CLEARED", "condition": "q_NT_g_T"}
IDENTITY_MISSING_STREAM {"event": "RAW_READY", "condition": "q_NT_g_RN", "path": "/data/gaob/Re-ID/DeMo-DualAxis/runs/r201k_missing49_20261007/full/RGBNT100_r201k_axis_shared_s42/q_NT_g_RN/raw.npz", "file": {"bytes": 194765445, "sha256": "e5e6a4d663fa3a94ac0e1f3821dcd226db4227bfd105a4a13aff105f0399a096"}, "installed_gt_cases": 4}
IDENTITY_MISSING_STREAM {"event": "RAW_CLEARED", "condition": "q_NT_g_RN"}
IDENTITY_MISSING_STREAM {"event": "RAW_READY", "condition": "q_NT_g_RT", "path": "/data/gaob/Re-ID/DeMo-DualAxis/runs/r201k_missing49_20261007/full/RGBNT100_r201k_axis_shared_s42/q_NT_g_RT/raw.npz", "file": {"bytes": 195624996, "sha256": "b67a3535fb64446905d342f7bc233a025ec34d095b60f07df536ca85fca29fe6"}, "installed_gt_cases": 4}
IDENTITY_MISSING_STREAM {"event": "RAW_CLEARED", "condition": "q_NT_g_RT"}
IDENTITY_MISSING_STREAM {"event": "RAW_READY", "condition": "q_NT_g_NT", "path": "/data/gaob/Re-ID/DeMo-DualAxis/runs/r201k_missing49_20261007/full/RGBNT100_r201k_axis_shared_s42/q_NT_g_NT/raw.npz", "file": {"bytes": 200710294, "sha256": "3aed037d46a832517092bf929dccbaaf434cb5e3f27b7d2be5a47ea66e52ca61"}, "installed_gt_cases": 4}
IDENTITY_MISSING_STREAM {"event": "RAW_CLEARED", "condition": "q_NT_g_NT"}
IDENTITY_MISSING_STREAM {"event": "EVALUATION_COMPLETE", "conditions": 49, "cases": 196, "optimizer_updates": 0}
