/data/gaob/Re-ID/conda-envs/tri_reid/lib/python3.10/site-packages/timm/models/helpers.py:7: FutureWarning: Importing from timm.models.helpers is deprecated, please import via timm.models
  warnings.warn(f"Importing from {__name__} is deprecated, please import via timm.models", FutureWarning)
/data/gaob/Re-ID/conda-envs/tri_reid/lib/python3.10/site-packages/timm/models/registry.py:4: FutureWarning: Importing from timm.models.registry is deprecated, please import via timm.models
  warnings.warn(f"Importing from {__name__} is deprecated, please import via timm.models", FutureWarning)
/data/gaob/Re-ID/conda-envs/tri_reid/lib/python3.10/site-packages/timm/models/layers/__init__.py:48: FutureWarning: Importing from timm.models.layers is deprecated, please import via timm.layers
  warnings.warn(f"Importing from {__name__} is deprecated, please import via timm.layers", FutureWarning)
using Transformer_type: ViT-B-16 as a backbone
Resized position embedding: %s to %s torch.Size([197, 768]) torch.Size([129, 768])
Position embedding resize to height:16 width: 8
Successfully load ckpt!
<All keys matched successfully>
Loading pretrained model from CLIP
camera number is : 4
IDENTITY_MISSING_FEATURE_BANKS_CPU_ONLY {"available_sets": 7, "cuda_allocated_bytes": 8519680, "new_optimizer_updates": 0}
IDENTITY_MISSING_STREAM {"event": "RAW_READY", "condition": "q_RNT_g_RNT", "path": "/data/gaob/Re-ID/DeMo-DualAxis/runs/r201k_missing49_20261007/full/RGBNT201_r201k_frequency_shared_s42/q_RNT_g_RNT/raw.npz", "file": {"bytes": 9524170, "sha256": "cdbce3dc97d822f68833f6e1b0de234752b593e88f20d18e86bc99803a41abe1"}, "installed_gt_cases": 4}
IDENTITY_MISSING_STREAM {"event": "RAW_CLEARED", "condition": "q_RNT_g_RNT"}
IDENTITY_MISSING_STREAM {"event": "RAW_READY", "condition": "q_RNT_g_R", "path": "/data/gaob/Re-ID/DeMo-DualAxis/runs/r201k_missing49_20261007/full/RGBNT201_r201k_frequency_shared_s42/q_RNT_g_R/raw.npz", "file": {"bytes": 9355335, "sha256": "e3a8076d9889bf433d53c5fbbac6f1be334ff75ee5605ba46dbc86c1d34c79b5"}, "installed_gt_cases": 4}
IDENTITY_MISSING_STREAM {"event": "RAW_CLEARED", "condition": "q_RNT_g_R"}
IDENTITY_MISSING_STREAM {"event": "RAW_READY", "condition": "q_RNT_g_N", "path": "/data/gaob/Re-ID/DeMo-DualAxis/runs/r201k_missing49_20261007/full/RGBNT201_r201k_frequency_shared_s42/q_RNT_g_N/raw.npz", "file": {"bytes": 9345567, "sha256": "ff505335c0d6ec4ec957cc184a99a267e4f60380ec3f49585d2ba8dd4633cf24"}, "installed_gt_cases": 4}
IDENTITY_MISSING_STREAM {"event": "RAW_CLEARED", "condition": "q_RNT_g_N"}
IDENTITY_MISSING_STREAM {"event": "RAW_READY", "condition": "q_RNT_g_T", "path": "/data/gaob/Re-ID/DeMo-DualAxis/runs/r201k_missing49_20261007/full/RGBNT201_r201k_frequency_shared_s42/q_RNT_g_T/raw.npz", "file": {"bytes": 9361357, "sha256": "81a9272a585a63100f68a3a9c3674dde3619c655b8b1d7a895d23ffb10f658bb"}, "installed_gt_cases": 4}
IDENTITY_MISSING_STREAM {"event": "RAW_CLEARED", "condition": "q_RNT_g_T"}
IDENTITY_MISSING_STREAM {"event": "RAW_READY", "condition": "q_RNT_g_RN", "path": "/data/gaob/Re-ID/DeMo-DualAxis/runs/r201k_missing49_20261007/full/RGBNT201_r201k_frequency_shared_s42/q_RNT_g_RN/raw.npz", "file": {"bytes": 9391971, "sha256": "fc1b02566f41c5ec1b16dcaac4828284a8445abf34bde9df6875dc9ae2910512"}, "installed_gt_cases": 4}
IDENTITY_MISSING_STREAM {"event": "RAW_CLEARED", "condition": "q_RNT_g_RN"}
IDENTITY_MISSING_STREAM {"event": "RAW_READY", "condition": "q_RNT_g_RT", "path": "/data/gaob/Re-ID/DeMo-DualAxis/runs/r201k_missing49_20261007/full/RGBNT201_r201k_frequency_shared_s42/q_RNT_g_RT/raw.npz", "file": {"bytes": 9451939, "sha256": "21f2e38219a576c2d92c12577e04d5a3a660a5fac8952c59a4276e36ec031797"}, "installed_gt_cases": 4}
IDENTITY_MISSING_STREAM {"event": "RAW_CLEARED", "condition": "q_RNT_g_RT"}
IDENTITY_MISSING_STREAM {"event": "RAW_READY", "condition": "q_RNT_g_NT", "path": "/data/gaob/Re-ID/DeMo-DualAxis/runs/r201k_missing49_20261007/full/RGBNT201_r201k_frequency_shared_s42/q_RNT_g_NT/raw.npz", "file": {"bytes": 9441141, "sha256": "419a7dc254469f48eee79df86820e26a0c377f702b3ffee621d2cd851d2bbe9f"}, "installed_gt_cases": 4}
IDENTITY_MISSING_STREAM {"event": "RAW_CLEARED", "condition": "q_RNT_g_NT"}
IDENTITY_MISSING_STREAM {"event": "RAW_READY", "condition": "q_R_g_RNT", "path": "/data/gaob/Re-ID/DeMo-DualAxis/runs/r201k_missing49_20261007/full/RGBNT201_r201k_frequency_shared_s42/q_R_g_RNT/raw.npz", "file": {"bytes": 9334944, "sha256": "28bf1f966769952764cdaa61baf5d557b8552be03d271d6e737bd57766960f65"}, "installed_gt_cases": 4}
IDENTITY_MISSING_STREAM {"event": "RAW_CLEARED", "condition": "q_R_g_RNT"}
IDENTITY_MISSING_STREAM {"event": "RAW_READY", "condition": "q_R_g_R", "path": "/data/gaob/Re-ID/DeMo-DualAxis/runs/r201k_missing49_20261007/full/RGBNT201_r201k_frequency_shared_s42/q_R_g_R/raw.npz", "file": {"bytes": 9710536, "sha256": "0c34915a9f0ea5aab6ed224be81ec0d9540b3582f1e5bb05d785b2aab02f62b0"}, "installed_gt_cases": 4}
IDENTITY_MISSING_STREAM {"event": "RAW_CLEARED", "condition": "q_R_g_R"}
IDENTITY_MISSING_STREAM {"event": "RAW_READY", "condition": "q_R_g_N", "path": "/data/gaob/Re-ID/DeMo-DualAxis/runs/r201k_missing49_20261007/full/RGBNT201_r201k_frequency_shared_s42/q_R_g_N/raw.npz", "file": {"bytes": 478397, "sha256": "332c350dc8eb82b5a0adfed44fe301450f016df32f4163cf770b788498314355"}, "installed_gt_cases": 4}
IDENTITY_MISSING_STREAM {"event": "RAW_CLEARED", "condition": "q_R_g_N"}
IDENTITY_MISSING_STREAM {"event": "RAW_READY", "condition": "q_R_g_T", "path": "/data/gaob/Re-ID/DeMo-DualAxis/runs/r201k_missing49_20261007/full/RGBNT201_r201k_frequency_shared_s42/q_R_g_T/raw.npz", "file": {"bytes": 489519, "sha256": "8a31a435a1b7505923ebb111e1a467b4049e9579b3074d9e74b0063bd355e174"}, "installed_gt_cases": 4}
IDENTITY_MISSING_STREAM {"event": "RAW_CLEARED", "condition": "q_R_g_T"}
IDENTITY_MISSING_STREAM {"event": "RAW_READY", "condition": "q_R_g_RN", "path": "/data/gaob/Re-ID/DeMo-DualAxis/runs/r201k_missing49_20261007/full/RGBNT201_r201k_frequency_shared_s42/q_R_g_RN/raw.npz", "file": {"bytes": 9472582, "sha256": "bd52aaf4b446d2a46c6a45b63c0a1bc6e94c2acf034403dc529eac9654cb3a6e"}, "installed_gt_cases": 4}
IDENTITY_MISSING_STREAM {"event": "RAW_CLEARED", "condition": "q_R_g_RN"}
IDENTITY_MISSING_STREAM {"event": "RAW_READY", "condition": "q_R_g_RT", "path": "/data/gaob/Re-ID/DeMo-DualAxis/runs/r201k_missing49_20261007/full/RGBNT201_r201k_frequency_shared_s42/q_R_g_RT/raw.npz", "file": {"bytes": 9418157, "sha256": "364e8feefc8ff25cc81518822b3279651f218988df2e94687b8522f2e0c280c6"}, "installed_gt_cases": 4}
IDENTITY_MISSING_STREAM {"event": "RAW_CLEARED", "condition": "q_R_g_RT"}
IDENTITY_MISSING_STREAM {"event": "RAW_READY", "condition": "q_R_g_NT", "path": "/data/gaob/Re-ID/DeMo-DualAxis/runs/r201k_missing49_20261007/full/RGBNT201_r201k_frequency_shared_s42/q_R_g_NT/raw.npz", "file": {"bytes": 483432, "sha256": "5aed4bd52e83245ec484618736f555d91323a7dc860efa393055dac8bce633b6"}, "installed_gt_cases": 4}
IDENTITY_MISSING_STREAM {"event": "RAW_CLEARED", "condition": "q_R_g_NT"}
IDENTITY_MISSING_STREAM {"event": "RAW_READY", "condition": "q_N_g_RNT", "path": "/data/gaob/Re-ID/DeMo-DualAxis/runs/r201k_missing49_20261007/full/RGBNT201_r201k_frequency_shared_s42/q_N_g_RNT/raw.npz", "file": {"bytes": 9332026, "sha256": "3f24466d4aef1b971abfbe742b2f6313a5afce486c02e164f68c4dfd71c03326"}, "installed_gt_cases": 4}
IDENTITY_MISSING_STREAM {"event": "RAW_CLEARED", "condition": "q_N_g_RNT"}
IDENTITY_MISSING_STREAM {"event": "RAW_READY", "condition": "q_N_g_R", "path": "/data/gaob/Re-ID/DeMo-DualAxis/runs/r201k_missing49_20261007/full/RGBNT201_r201k_frequency_shared_s42/q_N_g_R/raw.npz", "file": {"bytes": 487938, "sha256": "aaa2bd06ea21503eb7df9bd0d659444a5751deec661e3f761428dc61c697c21d"}, "installed_gt_cases": 4}
IDENTITY_MISSING_STREAM {"event": "RAW_CLEARED", "condition": "q_N_g_R"}
IDENTITY_MISSING_STREAM {"event": "RAW_READY", "condition": "q_N_g_N", "path": "/data/gaob/Re-ID/DeMo-DualAxis/runs/r201k_missing49_20261007/full/RGBNT201_r201k_frequency_shared_s42/q_N_g_N/raw.npz", "file": {"bytes": 9701616, "sha256": "3c345c74be39cc028a87244103d881e57e37b7149f28ce5f0804ad501d80aca7"}, "installed_gt_cases": 4}
IDENTITY_MISSING_STREAM {"event": "RAW_CLEARED", "condition": "q_N_g_N"}
IDENTITY_MISSING_STREAM {"event": "RAW_READY", "condition": "q_N_g_T", "path": "/data/gaob/Re-ID/DeMo-DualAxis/runs/r201k_missing49_20261007/full/RGBNT201_r201k_frequency_shared_s42/q_N_g_T/raw.npz", "file": {"bytes": 485777, "sha256": "c681e77a3295ff07cf35866b96bb983b0388ae486cf5214ee1fa2c1c7b4698aa"}, "installed_gt_cases": 4}
IDENTITY_MISSING_STREAM {"event": "RAW_CLEARED", "condition": "q_N_g_T"}
IDENTITY_MISSING_STREAM {"event": "RAW_READY", "condition": "q_N_g_RN", "path": "/data/gaob/Re-ID/DeMo-DualAxis/runs/r201k_missing49_20261007/full/RGBNT201_r201k_frequency_shared_s42/q_N_g_RN/raw.npz", "file": {"bytes": 9459368, "sha256": "476a5655b1d26dfc31627c8b5f4ac500dcd907ab6f880bbdeba81b4c0fa2849a"}, "installed_gt_cases": 4}
IDENTITY_MISSING_STREAM {"event": "RAW_CLEARED", "condition": "q_N_g_RN"}
IDENTITY_MISSING_STREAM {"event": "RAW_READY", "condition": "q_N_g_RT", "path": "/data/gaob/Re-ID/DeMo-DualAxis/runs/r201k_missing49_20261007/full/RGBNT201_r201k_frequency_shared_s42/q_N_g_RT/raw.npz", "file": {"bytes": 487471, "sha256": "10d8f16b83b20762a3a4f188f7f5b4d2c8d4ac3fc39ea0942e4a6b7b1d72e3c2"}, "installed_gt_cases": 4}
IDENTITY_MISSING_STREAM {"event": "RAW_CLEARED", "condition": "q_N_g_RT"}
IDENTITY_MISSING_STREAM {"event": "RAW_READY", "condition": "q_N_g_NT", "path": "/data/gaob/Re-ID/DeMo-DualAxis/runs/r201k_missing49_20261007/full/RGBNT201_r201k_frequency_shared_s42/q_N_g_NT/raw.npz", "file": {"bytes": 9420955, "sha256": "7863ad95a80853ea7b723ff59f2ed4b1fe11ab8b90012dc877b4b085dc5de756"}, "installed_gt_cases": 4}
IDENTITY_MISSING_STREAM {"event": "RAW_CLEARED", "condition": "q_N_g_NT"}
IDENTITY_MISSING_STREAM {"event": "RAW_READY", "condition": "q_T_g_RNT", "path": "/data/gaob/Re-ID/DeMo-DualAxis/runs/r201k_missing49_20261007/full/RGBNT201_r201k_frequency_shared_s42/q_T_g_RNT/raw.npz", "file": {"bytes": 9354874, "sha256": "30fdf4ad34059aa3f4280277030d2e43668eac69c1d2467560ac11ff08cd5a2b"}, "installed_gt_cases": 4}
IDENTITY_MISSING_STREAM {"event": "RAW_CLEARED", "condition": "q_T_g_RNT"}
IDENTITY_MISSING_STREAM {"event": "RAW_READY", "condition": "q_T_g_R", "path": "/data/gaob/Re-ID/DeMo-DualAxis/runs/r201k_missing49_20261007/full/RGBNT201_r201k_frequency_shared_s42/q_T_g_R/raw.npz", "file": {"bytes": 482545, "sha256": "3406b8ea33fa762e42bf2960b98f92713147aa647fb368165e4a5f63ab412e8f"}, "installed_gt_cases": 4}
IDENTITY_MISSING_STREAM {"event": "RAW_CLEARED", "condition": "q_T_g_R"}
IDENTITY_MISSING_STREAM {"event": "RAW_READY", "condition": "q_T_g_N", "path": "/data/gaob/Re-ID/DeMo-DualAxis/runs/r201k_missing49_20261007/full/RGBNT201_r201k_frequency_shared_s42/q_T_g_N/raw.npz", "file": {"bytes": 466882, "sha256": "f07bebd22b45890fb91c3daad329e3f0d06de68a04a1240782cf7d0f0abc4e25"}, "installed_gt_cases": 4}
IDENTITY_MISSING_STREAM {"event": "RAW_CLEARED", "condition": "q_T_g_N"}
IDENTITY_MISSING_STREAM {"event": "RAW_READY", "condition": "q_T_g_T", "path": "/data/gaob/Re-ID/DeMo-DualAxis/runs/r201k_missing49_20261007/full/RGBNT201_r201k_frequency_shared_s42/q_T_g_T/raw.npz", "file": {"bytes": 9613118, "sha256": "b0a6160f36198a74c4a4d44e4d2f893c2371d8d7402543bd40eea2b5891209c3"}, "installed_gt_cases": 4}
IDENTITY_MISSING_STREAM {"event": "RAW_CLEARED", "condition": "q_T_g_T"}
IDENTITY_MISSING_STREAM {"event": "RAW_READY", "condition": "q_T_g_RN", "path": "/data/gaob/Re-ID/DeMo-DualAxis/runs/r201k_missing49_20261007/full/RGBNT201_r201k_frequency_shared_s42/q_T_g_RN/raw.npz", "file": {"bytes": 471818, "sha256": "40f2e219a549f27e5115b4134aef92b389b507ba0d8f4c1c981772927915ac9a"}, "installed_gt_cases": 4}
IDENTITY_MISSING_STREAM {"event": "RAW_CLEARED", "condition": "q_T_g_RN"}
IDENTITY_MISSING_STREAM {"event": "RAW_READY", "condition": "q_T_g_RT", "path": "/data/gaob/Re-ID/DeMo-DualAxis/runs/r201k_missing49_20261007/full/RGBNT201_r201k_frequency_shared_s42/q_T_g_RT/raw.npz", "file": {"bytes": 9430385, "sha256": "483d0d7b908fd96db5823e6b06a74329670028f0797f950c2a4cb1eebbe2fdb6"}, "installed_gt_cases": 4}
IDENTITY_MISSING_STREAM {"event": "RAW_CLEARED", "condition": "q_T_g_RT"}
IDENTITY_MISSING_STREAM {"event": "RAW_READY", "condition": "q_T_g_NT", "path": "/data/gaob/Re-ID/DeMo-DualAxis/runs/r201k_missing49_20261007/full/RGBNT201_r201k_frequency_shared_s42/q_T_g_NT/raw.npz", "file": {"bytes": 9424636, "sha256": "ffff05cfe040143aa978e78105257366feba1cfd10585372fcf726896771983a"}, "installed_gt_cases": 4}
IDENTITY_MISSING_STREAM {"event": "RAW_CLEARED", "condition": "q_T_g_NT"}
IDENTITY_MISSING_STREAM {"event": "RAW_READY", "condition": "q_RN_g_RNT", "path": "/data/gaob/Re-ID/DeMo-DualAxis/runs/r201k_missing49_20261007/full/RGBNT201_r201k_frequency_shared_s42/q_RN_g_RNT/raw.npz", "file": {"bytes": 9388735, "sha256": "b3dfc51b52af1eef85c1e0dc22ec5581122ad8071194cf2b6fc6b261081d0cfa"}, "installed_gt_cases": 4}
IDENTITY_MISSING_STREAM {"event": "RAW_CLEARED", "condition": "q_RN_g_RNT"}
IDENTITY_MISSING_STREAM {"event": "RAW_READY", "condition": "q_RN_g_R", "path": "/data/gaob/Re-ID/DeMo-DualAxis/runs/r201k_missing49_20261007/full/RGBNT201_r201k_frequency_shared_s42/q_RN_g_R/raw.npz", "file": {"bytes": 9477750, "sha256": "705818ae60ab226343ea53914048f6b45cde3733855bb6a8887f0fdd40cb89d3"}, "installed_gt_cases": 4}
IDENTITY_MISSING_STREAM {"event": "RAW_CLEARED", "condition": "q_RN_g_R"}
IDENTITY_MISSING_STREAM {"event": "RAW_READY", "condition": "q_RN_g_N", "path": "/data/gaob/Re-ID/DeMo-DualAxis/runs/r201k_missing49_20261007/full/RGBNT201_r201k_frequency_shared_s42/q_RN_g_N/raw.npz", "file": {"bytes": 9461718, "sha256": "e2a9340fd5793f3fd655d39a3bb8a103a13cb4b6b0784d85e7acf963abcac98e"}, "installed_gt_cases": 4}
IDENTITY_MISSING_STREAM {"event": "RAW_CLEARED", "condition": "q_RN_g_N"}
IDENTITY_MISSING_STREAM {"event": "RAW_READY", "condition": "q_RN_g_T", "path": "/data/gaob/Re-ID/DeMo-DualAxis/runs/r201k_missing49_20261007/full/RGBNT201_r201k_frequency_shared_s42/q_RN_g_T/raw.npz", "file": {"bytes": 475668, "sha256": "d8f609c075a6ea45225b0f056943b3fab145e55e462aa01d50e99819172ae166"}, "installed_gt_cases": 4}
IDENTITY_MISSING_STREAM {"event": "RAW_CLEARED", "condition": "q_RN_g_T"}
IDENTITY_MISSING_STREAM {"event": "RAW_READY", "condition": "q_RN_g_RN", "path": "/data/gaob/Re-ID/DeMo-DualAxis/runs/r201k_missing49_20261007/full/RGBNT201_r201k_frequency_shared_s42/q_RN_g_RN/raw.npz", "file": {"bytes": 9570173, "sha256": "1017134a8e54beaed53da3b95fac895862c793f161e2d18e870dfe1544109b84"}, "installed_gt_cases": 4}
IDENTITY_MISSING_STREAM {"event": "RAW_CLEARED", "condition": "q_RN_g_RN"}
IDENTITY_MISSING_STREAM {"event": "RAW_READY", "condition": "q_RN_g_RT", "path": "/data/gaob/Re-ID/DeMo-DualAxis/runs/r201k_missing49_20261007/full/RGBNT201_r201k_frequency_shared_s42/q_RN_g_RT/raw.npz", "file": {"bytes": 9340836, "sha256": "f012c855e65085b0b0847c9e67432b32d813300da5195340dd941ba01090be76"}, "installed_gt_cases": 4}
IDENTITY_MISSING_STREAM {"event": "RAW_CLEARED", "condition": "q_RN_g_RT"}
IDENTITY_MISSING_STREAM {"event": "RAW_READY", "condition": "q_RN_g_NT", "path": "/data/gaob/Re-ID/DeMo-DualAxis/runs/r201k_missing49_20261007/full/RGBNT201_r201k_frequency_shared_s42/q_RN_g_NT/raw.npz", "file": {"bytes": 9323863, "sha256": "265914bf77ea981859d1016aeacf3817b6cc2e2a0adae4cfaded03963e7ea99b"}, "installed_gt_cases": 4}
IDENTITY_MISSING_STREAM {"event": "RAW_CLEARED", "condition": "q_RN_g_NT"}
IDENTITY_MISSING_STREAM {"event": "RAW_READY", "condition": "q_RT_g_RNT", "path": "/data/gaob/Re-ID/DeMo-DualAxis/runs/r201k_missing49_20261007/full/RGBNT201_r201k_frequency_shared_s42/q_RT_g_RNT/raw.npz", "file": {"bytes": 9450877, "sha256": "f4a6cb04dd52338da5413dfdf910ac02335f9fad06f7020638690330294e4a7a"}, "installed_gt_cases": 4}
IDENTITY_MISSING_STREAM {"event": "RAW_CLEARED", "condition": "q_RT_g_RNT"}
IDENTITY_MISSING_STREAM {"event": "RAW_READY", "condition": "q_RT_g_R", "path": "/data/gaob/Re-ID/DeMo-DualAxis/runs/r201k_missing49_20261007/full/RGBNT201_r201k_frequency_shared_s42/q_RT_g_R/raw.npz", "file": {"bytes": 9427403, "sha256": "ad197ff21bad11c8c35121778f9124446fa974ec33384c1d188ccf7fad5870c6"}, "installed_gt_cases": 4}
IDENTITY_MISSING_STREAM {"event": "RAW_CLEARED", "condition": "q_RT_g_R"}
IDENTITY_MISSING_STREAM {"event": "RAW_READY", "condition": "q_RT_g_N", "path": "/data/gaob/Re-ID/DeMo-DualAxis/runs/r201k_missing49_20261007/full/RGBNT201_r201k_frequency_shared_s42/q_RT_g_N/raw.npz", "file": {"bytes": 463344, "sha256": "e1d3b6b0a7f86cdcef6678555cb8a948b22b7e7bcd65cffb0fd7e5a3b9cf7bf5"}, "installed_gt_cases": 4}
IDENTITY_MISSING_STREAM {"event": "RAW_CLEARED", "condition": "q_RT_g_N"}
IDENTITY_MISSING_STREAM {"event": "RAW_READY", "condition": "q_RT_g_T", "path": "/data/gaob/Re-ID/DeMo-DualAxis/runs/r201k_missing49_20261007/full/RGBNT201_r201k_frequency_shared_s42/q_RT_g_T/raw.npz", "file": {"bytes": 9432998, "sha256": "c8933a271b2f6c1b1f0e60cda159ebdd679defc9fb35361e50ed4637ad9352f3"}, "installed_gt_cases": 4}
IDENTITY_MISSING_STREAM {"event": "RAW_CLEARED", "condition": "q_RT_g_T"}
IDENTITY_MISSING_STREAM {"event": "RAW_READY", "condition": "q_RT_g_RN", "path": "/data/gaob/Re-ID/DeMo-DualAxis/runs/r201k_missing49_20261007/full/RGBNT201_r201k_frequency_shared_s42/q_RT_g_RN/raw.npz", "file": {"bytes": 9338786, "sha256": "8885a8a727c3846adbe423a542e7f8264045a4ac487eab63091268adbb5a81ce"}, "installed_gt_cases": 4}
IDENTITY_MISSING_STREAM {"event": "RAW_CLEARED", "condition": "q_RT_g_RN"}
IDENTITY_MISSING_STREAM {"event": "RAW_READY", "condition": "q_RT_g_RT", "path": "/data/gaob/Re-ID/DeMo-DualAxis/runs/r201k_missing49_20261007/full/RGBNT201_r201k_frequency_shared_s42/q_RT_g_RT/raw.npz", "file": {"bytes": 9547735, "sha256": "547c5453e694e7d8a69859781ebec5ff909fbd2cc3d7374b4b7a9fec30cb5b07"}, "installed_gt_cases": 4}
IDENTITY_MISSING_STREAM {"event": "RAW_CLEARED", "condition": "q_RT_g_RT"}
IDENTITY_MISSING_STREAM {"event": "RAW_READY", "condition": "q_RT_g_NT", "path": "/data/gaob/Re-ID/DeMo-DualAxis/runs/r201k_missing49_20261007/full/RGBNT201_r201k_frequency_shared_s42/q_RT_g_NT/raw.npz", "file": {"bytes": 9357351, "sha256": "78ad0a60c7d88634ecbf22f63935ae1d257dd1f671e7cf6c4cc12d35e5b95ec2"}, "installed_gt_cases": 4}
IDENTITY_MISSING_STREAM {"event": "RAW_CLEARED", "condition": "q_RT_g_NT"}
IDENTITY_MISSING_STREAM {"event": "RAW_READY", "condition": "q_NT_g_RNT", "path": "/data/gaob/Re-ID/DeMo-DualAxis/runs/r201k_missing49_20261007/full/RGBNT201_r201k_frequency_shared_s42/q_NT_g_RNT/raw.npz", "file": {"bytes": 9439729, "sha256": "b474a1eb0d8a580d0d72e989a658f31ebaddb960452db748535bdc5619227128"}, "installed_gt_cases": 4}
IDENTITY_MISSING_STREAM {"event": "RAW_CLEARED", "condition": "q_NT_g_RNT"}
IDENTITY_MISSING_STREAM {"event": "RAW_READY", "condition": "q_NT_g_R", "path": "/data/gaob/Re-ID/DeMo-DualAxis/runs/r201k_missing49_20261007/full/RGBNT201_r201k_frequency_shared_s42/q_NT_g_R/raw.npz", "file": {"bytes": 478959, "sha256": "5f31b6a05c1f51a3c6cab5eb454fb91bd99213516fa8f127ac41ff66e024ad17"}, "installed_gt_cases": 4}
IDENTITY_MISSING_STREAM {"event": "RAW_CLEARED", "condition": "q_NT_g_R"}
IDENTITY_MISSING_STREAM {"event": "RAW_READY", "condition": "q_NT_g_N", "path": "/data/gaob/Re-ID/DeMo-DualAxis/runs/r201k_missing49_20261007/full/RGBNT201_r201k_frequency_shared_s42/q_NT_g_N/raw.npz", "file": {"bytes": 9426915, "sha256": "6b156634a3703968f22fc5a9edede39592ee3b66d45f5387ab61089675f93f4f"}, "installed_gt_cases": 4}
IDENTITY_MISSING_STREAM {"event": "RAW_CLEARED", "condition": "q_NT_g_N"}
IDENTITY_MISSING_STREAM {"event": "RAW_READY", "condition": "q_NT_g_T", "path": "/data/gaob/Re-ID/DeMo-DualAxis/runs/r201k_missing49_20261007/full/RGBNT201_r201k_frequency_shared_s42/q_NT_g_T/raw.npz", "file": {"bytes": 9427174, "sha256": "14093b434bd5f6470c2b23d84324df2dbea67d21f5d99e675eb82d603e1d472e"}, "installed_gt_cases": 4}
IDENTITY_MISSING_STREAM {"event": "RAW_CLEARED", "condition": "q_NT_g_T"}
IDENTITY_MISSING_STREAM {"event": "RAW_READY", "condition": "q_NT_g_RN", "path": "/data/gaob/Re-ID/DeMo-DualAxis/runs/r201k_missing49_20261007/full/RGBNT201_r201k_frequency_shared_s42/q_NT_g_RN/raw.npz", "file": {"bytes": 9326495, "sha256": "da94a6063cac7c008366cd4ddb0facdc572b515cc305092711e9337671b52071"}, "installed_gt_cases": 4}
IDENTITY_MISSING_STREAM {"event": "RAW_CLEARED", "condition": "q_NT_g_RN"}
IDENTITY_MISSING_STREAM {"event": "RAW_READY", "condition": "q_NT_g_RT", "path": "/data/gaob/Re-ID/DeMo-DualAxis/runs/r201k_missing49_20261007/full/RGBNT201_r201k_frequency_shared_s42/q_NT_g_RT/raw.npz", "file": {"bytes": 9355333, "sha256": "a44aa69cdf07c2ef430489d164d3506208b8d46dbb161f395581a97728818c7a"}, "installed_gt_cases": 4}
IDENTITY_MISSING_STREAM {"event": "RAW_CLEARED", "condition": "q_NT_g_RT"}
IDENTITY_MISSING_STREAM {"event": "RAW_READY", "condition": "q_NT_g_NT", "path": "/data/gaob/Re-ID/DeMo-DualAxis/runs/r201k_missing49_20261007/full/RGBNT201_r201k_frequency_shared_s42/q_NT_g_NT/raw.npz", "file": {"bytes": 9558054, "sha256": "71e8604515bc8e6681f922f1ad93b3c91c0861e54f298cc515dd2dd76efa4015"}, "installed_gt_cases": 4}
IDENTITY_MISSING_STREAM {"event": "RAW_CLEARED", "condition": "q_NT_g_NT"}
IDENTITY_MISSING_STREAM {"event": "EVALUATION_COMPLETE", "conditions": 49, "cases": 196, "optimizer_updates": 0}
