/data2/gb/Re-ID/conda-envs/tri_reid/lib/python3.10/site-packages/timm/models/helpers.py:7: FutureWarning: Importing from timm.models.helpers is deprecated, please import via timm.models
  warnings.warn(f"Importing from {__name__} is deprecated, please import via timm.models", FutureWarning)
/data2/gb/Re-ID/conda-envs/tri_reid/lib/python3.10/site-packages/timm/models/registry.py:4: FutureWarning: Importing from timm.models.registry is deprecated, please import via timm.models
  warnings.warn(f"Importing from {__name__} is deprecated, please import via timm.models", FutureWarning)
/data2/gb/Re-ID/conda-envs/tri_reid/lib/python3.10/site-packages/timm/models/layers/__init__.py:48: FutureWarning: Importing from timm.models.layers is deprecated, please import via timm.layers
  warnings.warn(f"Importing from {__name__} is deprecated, please import via timm.layers", FutureWarning)
using Transformer_type: ViT-B-16 as a backbone
Resized position embedding: %s to %s torch.Size([197, 768]) torch.Size([129, 768])
Position embedding resize to height:8 width: 16
Successfully load ckpt!
<All keys matched successfully>
Loading pretrained model from CLIP
camera number is : 8
===========Building DeMo===========
MISSING_CONDITION clean {"mAP": 39.834439876934034, "mINP": 17.934945718658803, "Rank-1": 57.021996615905245, "Rank-5": 73.9424703891709, "Rank-10": 82.23350253807106, "Rank-20": 86.80203045685279}
MISSING_CONDITION both_missing_r {"mAP": 32.248290802819476, "mINP": 13.139508074915945, "Rank-1": 51.438240270727576, "Rank-5": 70.72758037225042, "Rank-10": 77.834179357022, "Rank-20": 82.06429780033841}
MISSING_CONDITION query_missing_r {"mAP": 18.89564054993727, "mINP": 8.28018205122943, "Rank-1": 23.519458544839257, "Rank-5": 48.73096446700508, "Rank-10": 59.89847715736041, "Rank-20": 69.88155668358715}
MISSING_CONDITION both_missing_n {"mAP": 35.98248498924183, "mINP": 15.59320548402035, "Rank-1": 51.60744500846024, "Rank-5": 70.05076142131979, "Rank-10": 78.1725888324873, "Rank-20": 83.75634517766497}
MISSING_CONDITION query_missing_n {"mAP": 29.056672670044186, "mINP": 12.450037058287027, "Rank-1": 43.65482233502538, "Rank-5": 66.15905245346869, "Rank-10": 74.2808798646362, "Rank-20": 80.20304568527918}
MISSING_CONDITION both_missing_t {"mAP": 38.324083101356614, "mINP": 17.567259302335636, "Rank-1": 54.314720812182735, "Rank-5": 73.60406091370558, "Rank-10": 80.71065989847716, "Rank-20": 87.64805414551607}
MISSING_CONDITION query_missing_t {"mAP": 37.97135212326768, "mINP": 16.75475309920602, "Rank-1": 54.145516074450086, "Rank-5": 74.2808798646362, "Rank-10": 80.71065989847716, "Rank-20": 86.80203045685279}
MISSING_CONDITION both_missing_rn {"mAP": 12.803278522630876, "mINP": 2.965203453220806, "Rank-1": 25.719120135363788, "Rank-5": 45.346869712351946, "Rank-10": 54.145516074450086, "Rank-20": 65.31302876480541}
MISSING_CONDITION query_missing_rn {"mAP": 3.0442572235981196, "mINP": 2.2879326303204053, "Rank-1": 1.5228426395939088, "Rank-5": 4.39932318104907, "Rank-10": 7.7834179357022, "Rank-20": 14.213197969543149}
MISSING_CONDITION both_missing_rt {"mAP": 27.844042244694222, "mINP": 10.826882334992453, "Rank-1": 44.16243654822335, "Rank-5": 68.18950930626058, "Rank-10": 75.63451776649747, "Rank-20": 83.07952622673434}
MISSING_CONDITION query_missing_rt {"mAP": 13.577354966058891, "mINP": 6.830554704060388, "Rank-1": 11.844331641285956, "Rank-5": 35.53299492385787, "Rank-10": 47.88494077834179, "Rank-20": 64.63620981387479}
MISSING_CONDITION both_missing_nt {"mAP": 33.42088099208011, "mINP": 15.396793841256823, "Rank-1": 48.73096446700508, "Rank-5": 69.37394247038917, "Rank-10": 77.49576988155668, "Rank-20": 81.89509306260575}
MISSING_CONDITION query_missing_nt {"mAP": 24.513964900210922, "mINP": 10.235925388679041, "Rank-1": 33.33333333333333, "Rank-5": 58.37563451776649, "Rank-10": 70.05076142131979, "Rank-20": 78.51099830795262}
