/data2/gb/Re-ID/conda-envs/tri_reid/lib/python3.10/site-packages/timm/models/helpers.py:7: FutureWarning: Importing from timm.models.helpers is deprecated, please import via timm.models
  warnings.warn(f"Importing from {__name__} is deprecated, please import via timm.models", FutureWarning)
/data2/gb/Re-ID/conda-envs/tri_reid/lib/python3.10/site-packages/timm/models/registry.py:4: FutureWarning: Importing from timm.models.registry is deprecated, please import via timm.models
  warnings.warn(f"Importing from {__name__} is deprecated, please import via timm.models", FutureWarning)
/data2/gb/Re-ID/conda-envs/tri_reid/lib/python3.10/site-packages/timm/models/layers/__init__.py:48: FutureWarning: Importing from timm.models.layers is deprecated, please import via timm.layers
  warnings.warn(f"Importing from {__name__} is deprecated, please import via timm.layers", FutureWarning)
using Transformer_type: ViT-B-16 as a backbone
Resized position embedding: %s to %s torch.Size([197, 768]) torch.Size([129, 768])
Position embedding resize to height:16 width: 8
Successfully load ckpt!
<All keys matched successfully>
Loading pretrained model from CLIP
camera number is : 4
STRESS_CONDITION clean {"mAP": 45.61274523123643, "mINP": 34.05007389919233, "Rank-1": 45.69377990430622, "Rank-5": 57.29665071770334, "Rank-10": 65.19138755980862, "Rank-20": 72.84688995215312}
STRESS_CONDITION RGB_blur_sigma1p5 {"mAP": 43.423216629920056, "mINP": 34.66232094280206, "Rank-1": 41.26794258373206, "Rank-5": 53.110047846889955, "Rank-10": 61.1244019138756, "Rank-20": 72.00956937799043}
STRESS_CONDITION RGB_blur_sigma3 {"mAP": 40.82814727245637, "mINP": 33.30828942520289, "Rank-1": 39.593301435406694, "Rank-5": 51.07655502392344, "Rank-10": 58.25358851674641, "Rank-20": 67.46411483253588}
STRESS_CONDITION NI_blur_sigma1p5 {"mAP": 45.043604286586245, "mINP": 35.11441338146803, "Rank-1": 43.66028708133971, "Rank-5": 55.26315789473685, "Rank-10": 62.44019138755981, "Rank-20": 72.48803827751196}
STRESS_CONDITION NI_blur_sigma3 {"mAP": 44.074292927130955, "mINP": 34.89867066370887, "Rank-1": 42.942583732057415, "Rank-5": 53.110047846889955, "Rank-10": 61.004784688995215, "Rank-20": 71.65071770334929}
STRESS_CONDITION TI_blur_sigma1p5 {"mAP": 41.457283346338905, "mINP": 32.24792539323056, "Rank-1": 39.354066985645936, "Rank-5": 51.794258373205736, "Rank-10": 59.928229665071775, "Rank-20": 70.57416267942584}
STRESS_CONDITION TI_blur_sigma3 {"mAP": 38.59330627554094, "mINP": 30.064629981854303, "Rank-1": 38.27751196172249, "Rank-5": 49.88038277511962, "Rank-10": 57.29665071770334, "Rank-20": 66.14832535885168}
