/data/gaob/Re-ID/conda-envs/tri_reid/lib/python3.10/site-packages/timm/models/helpers.py:7: FutureWarning: Importing from timm.models.helpers is deprecated, please import via timm.models
  warnings.warn(f"Importing from {__name__} is deprecated, please import via timm.models", FutureWarning)
/data/gaob/Re-ID/conda-envs/tri_reid/lib/python3.10/site-packages/timm/models/registry.py:4: FutureWarning: Importing from timm.models.registry is deprecated, please import via timm.models
  warnings.warn(f"Importing from {__name__} is deprecated, please import via timm.models", FutureWarning)
/data/gaob/Re-ID/conda-envs/tri_reid/lib/python3.10/site-packages/timm/models/layers/__init__.py:48: FutureWarning: Importing from timm.models.layers is deprecated, please import via timm.layers
  warnings.warn(f"Importing from {__name__} is deprecated, please import via timm.layers", FutureWarning)
using Transformer_type: ViT-B-16 as a backbone
Resized position embedding: %s to %s torch.Size([197, 768]) torch.Size([129, 768])
Position embedding resize to height:8 width: 16
Successfully load ckpt!
<All keys matched successfully>
Loading pretrained model from CLIP
camera number is : 8
MISSING_CONDITION clean {"mAP": 35.21785073867883, "mINP": 15.175753804147005, "Rank-1": 52.28426395939086, "Rank-5": 70.21996615905245, "Rank-10": 74.95769881556683, "Rank-20": 82.06429780033841}
MISSING_CONDITION both_missing_r {"mAP": 29.887508591396333, "mINP": 11.368119982501264, "Rank-1": 45.346869712351946, "Rank-5": 68.35871404399323, "Rank-10": 74.78849407783417, "Rank-20": 78.68020304568529}
MISSING_CONDITION query_missing_r {"mAP": 15.969334181349987, "mINP": 6.747687942358704, "Rank-1": 19.627749576988155, "Rank-5": 38.07106598984771, "Rank-10": 48.73096446700508, "Rank-20": 63.62098138747885}
MISSING_CONDITION both_missing_n {"mAP": 29.952361344170097, "mINP": 12.300093703972397, "Rank-1": 45.854483925549914, "Rank-5": 64.80541455160744, "Rank-10": 72.58883248730965, "Rank-20": 78.84940778341793}
MISSING_CONDITION query_missing_n {"mAP": 25.01435780954104, "mINP": 9.334354790593462, "Rank-1": 33.67174280879864, "Rank-5": 61.25211505922166, "Rank-10": 69.7123519458545, "Rank-20": 79.69543147208121}
MISSING_CONDITION both_missing_t {"mAP": 33.638516317117364, "mINP": 15.006322241187798, "Rank-1": 51.09983079526227, "Rank-5": 68.8663282571912, "Rank-10": 75.80372250423012, "Rank-20": 81.7258883248731}
MISSING_CONDITION query_missing_t {"mAP": 33.611083881100456, "mINP": 13.550313433341223, "Rank-1": 51.26903553299492, "Rank-5": 69.88155668358715, "Rank-10": 76.48054145516075, "Rank-20": 84.0947546531303}
MISSING_CONDITION both_missing_rn {"mAP": 7.381537092023198, "mINP": 1.8074653751215444, "Rank-1": 14.720812182741117, "Rank-5": 32.48730964467005, "Rank-10": 41.455160744500844, "Rank-20": 52.115059221658214}
MISSING_CONDITION query_missing_rn {"mAP": 3.945925623299336, "mINP": 2.604233548196965, "Rank-1": 2.3688663282571913, "Rank-5": 3.8917089678511, "Rank-10": 6.091370558375635, "Rank-20": 15.5668358714044}
MISSING_CONDITION both_missing_rt {"mAP": 26.355994346829302, "mINP": 9.447616167570722, "Rank-1": 40.609137055837564, "Rank-5": 65.65143824027074, "Rank-10": 73.09644670050761, "Rank-20": 81.21827411167513}
MISSING_CONDITION query_missing_rt {"mAP": 11.797425052226357, "mINP": 5.952980126285637, "Rank-1": 11.6751269035533, "Rank-5": 27.072758037225043, "Rank-10": 38.917089678511, "Rank-20": 54.483925549915405}
MISSING_CONDITION both_missing_nt {"mAP": 28.54403201233077, "mINP": 13.019543111169622, "Rank-1": 42.978003384094755, "Rank-5": 61.75972927241963, "Rank-10": 70.38917089678512, "Rank-20": 78.68020304568529}
MISSING_CONDITION query_missing_nt {"mAP": 20.76125628684416, "mINP": 7.914200426921965, "Rank-1": 24.027072758037225, "Rank-5": 54.145516074450086, "Rank-10": 66.49746192893402, "Rank-20": 77.32656514382403}
