/data/gb/Re-ID/conda-envs/tri_reid/lib/python3.10/site-packages/timm/models/helpers.py:7: FutureWarning: Importing from timm.models.helpers is deprecated, please import via timm.models
  warnings.warn(f"Importing from {__name__} is deprecated, please import via timm.models", FutureWarning)
/data/gb/Re-ID/conda-envs/tri_reid/lib/python3.10/site-packages/timm/models/registry.py:4: FutureWarning: Importing from timm.models.registry is deprecated, please import via timm.models
  warnings.warn(f"Importing from {__name__} is deprecated, please import via timm.models", FutureWarning)
/data/gb/Re-ID/conda-envs/tri_reid/lib/python3.10/site-packages/timm/models/layers/__init__.py:48: FutureWarning: Importing from timm.models.layers is deprecated, please import via timm.layers
  warnings.warn(f"Importing from {__name__} is deprecated, please import via timm.layers", FutureWarning)
using Transformer_type: ViT-B-16 as a backbone
Resized position embedding: %s to %s torch.Size([197, 768]) torch.Size([129, 768])
Position embedding resize to height:16 width: 8
Successfully load ckpt!
<All keys matched successfully>
Loading pretrained model from CLIP
camera number is : 4
===========Building DeMo===========
DEVELOPMENT_MISSING_CONDITION q_RNT_g_RNT {"mAP": 64.4467656152785, "mINP": 53.336009770410264, "Rank-1": 63.515151515151516, "Rank-5": 75.75757575757575, "Rank-10": 83.03030303030303, "Rank-20": 88.48484848484848}
DEVELOPMENT_MISSING_CONDITION q_RNT_g_NT {"mAP": 49.22195873121451, "mINP": 37.27610170550085, "Rank-1": 45.696969696969695, "Rank-5": 61.33333333333333, "Rank-10": 72.48484848484848, "Rank-20": 81.6969696969697}
DEVELOPMENT_MISSING_CONDITION q_RNT_g_RT {"mAP": 50.69001708379442, "mINP": 40.286328787430456, "Rank-1": 46.666666666666664, "Rank-5": 60.60606060606061, "Rank-10": 68.12121212121211, "Rank-20": 78.18181818181819}
DEVELOPMENT_MISSING_CONDITION q_RNT_g_RN {"mAP": 46.28130461291731, "mINP": 34.64411019484661, "Rank-1": 48.12121212121212, "Rank-5": 56.12121212121212, "Rank-10": 64.36363636363637, "Rank-20": 73.81818181818181}
DEVELOPMENT_MISSING_CONDITION q_RNT_g_T {"mAP": 19.828389919639637, "mINP": 12.425592514103608, "Rank-1": 16.606060606060606, "Rank-5": 30.545454545454547, "Rank-10": 43.3939393939394, "Rank-20": 56.72727272727273}
DEVELOPMENT_MISSING_CONDITION q_RNT_g_N {"mAP": 25.451269881983656, "mINP": 16.413956243279134, "Rank-1": 25.333333333333336, "Rank-5": 39.515151515151516, "Rank-10": 50.54545454545455, "Rank-20": 63.272727272727266}
DEVELOPMENT_MISSING_CONDITION q_RNT_g_R {"mAP": 29.125035446196044, "mINP": 21.4397063808382, "Rank-1": 27.515151515151516, "Rank-5": 39.27272727272727, "Rank-10": 48.0, "Rank-20": 58.666666666666664}
DEVELOPMENT_MISSING_CONDITION q_NT_g_RNT {"mAP": 49.09333402676248, "mINP": 35.13986005482395, "Rank-1": 47.63636363636364, "Rank-5": 64.0, "Rank-10": 69.21212121212122, "Rank-20": 77.2121212121212}
DEVELOPMENT_MISSING_CONDITION q_NT_g_NT {"mAP": 50.80657459699302, "mINP": 38.98231916051046, "Rank-1": 48.12121212121212, "Rank-5": 63.39393939393939, "Rank-10": 72.60606060606061, "Rank-20": 82.78787878787878}
DEVELOPMENT_MISSING_CONDITION q_NT_g_RT {"mAP": 24.737339780099614, "mINP": 15.81727016547479, "Rank-1": 24.606060606060606, "Rank-5": 35.39393939393939, "Rank-10": 43.27272727272727, "Rank-20": 52.96969696969697}
DEVELOPMENT_MISSING_CONDITION q_NT_g_RN {"mAP": 25.663283117618118, "mINP": 17.826059187613726, "Rank-1": 21.454545454545453, "Rank-5": 34.54545454545455, "Rank-10": 45.93939393939394, "Rank-20": 59.878787878787875}
DEVELOPMENT_MISSING_CONDITION q_NT_g_T {"mAP": 22.760674002979602, "mINP": 14.601544451844154, "Rank-1": 18.666666666666668, "Rank-5": 33.939393939393945, "Rank-10": 44.6060606060606, "Rank-20": 57.81818181818181}
DEVELOPMENT_MISSING_CONDITION q_NT_g_N {"mAP": 28.619648516989233, "mINP": 18.968199316009276, "Rank-1": 26.060606060606062, "Rank-5": 43.3939393939394, "Rank-10": 53.333333333333336, "Rank-20": 64.96969696969697}
DEVELOPMENT_MISSING_CONDITION q_NT_g_R {"mAP": 3.159482521626829, "mINP": 3.2629302939399425, "Rank-1": 1.9393939393939394, "Rank-5": 6.424242424242424, "Rank-10": 10.545454545454545, "Rank-20": 18.06060606060606}
DEVELOPMENT_MISSING_CONDITION q_RT_g_RNT {"mAP": 50.351868373920695, "mINP": 39.18966038723265, "Rank-1": 49.09090909090909, "Rank-5": 61.212121212121204, "Rank-10": 67.51515151515152, "Rank-20": 76.72727272727272}
DEVELOPMENT_MISSING_CONDITION q_RT_g_NT {"mAP": 24.111544107745228, "mINP": 16.25903241626089, "Rank-1": 20.12121212121212, "Rank-5": 31.03030303030303, "Rank-10": 38.666666666666664, "Rank-20": 51.272727272727266}
DEVELOPMENT_MISSING_CONDITION q_RT_g_RT {"mAP": 52.12999465987485, "mINP": 41.83555013538752, "Rank-1": 48.96969696969697, "Rank-5": 62.787878787878796, "Rank-10": 70.18181818181817, "Rank-20": 79.15151515151516}
DEVELOPMENT_MISSING_CONDITION q_RT_g_RN {"mAP": 31.06386093121464, "mINP": 23.416272050474575, "Rank-1": 31.515151515151512, "Rank-5": 40.84848484848485, "Rank-10": 47.75757575757576, "Rank-20": 57.09090909090909}
DEVELOPMENT_MISSING_CONDITION q_RT_g_T {"mAP": 22.603739446075334, "mINP": 14.289777032316456, "Rank-1": 18.787878787878785, "Rank-5": 33.45454545454545, "Rank-10": 44.121212121212125, "Rank-20": 56.96969696969697}
DEVELOPMENT_MISSING_CONDITION q_RT_g_N {"mAP": 3.0353591692725916, "mINP": 3.0577719902913665, "Rank-1": 3.151515151515152, "Rank-5": 8.121212121212121, "Rank-10": 13.333333333333334, "Rank-20": 22.666666666666664}
DEVELOPMENT_MISSING_CONDITION q_RT_g_R {"mAP": 31.532609075392294, "mINP": 23.894573679365365, "Rank-1": 29.6969696969697, "Rank-5": 42.18181818181818, "Rank-10": 49.333333333333336, "Rank-20": 59.151515151515156}
DEVELOPMENT_MISSING_CONDITION q_RN_g_RNT {"mAP": 40.42005825192447, "mINP": 31.73000763817227, "Rank-1": 37.81818181818182, "Rank-5": 52.121212121212125, "Rank-10": 61.696969696969695, "Rank-20": 72.72727272727273}
DEVELOPMENT_MISSING_CONDITION q_RN_g_NT {"mAP": 25.03138028751796, "mINP": 17.342995599915096, "Rank-1": 21.818181818181817, "Rank-5": 39.03030303030303, "Rank-10": 50.42424242424243, "Rank-20": 63.15151515151515}
DEVELOPMENT_MISSING_CONDITION q_RN_g_RT {"mAP": 27.924610389350224, "mINP": 22.033060896821805, "Rank-1": 24.848484848484848, "Rank-5": 35.515151515151516, "Rank-10": 43.75757575757576, "Rank-20": 55.87878787878788}
DEVELOPMENT_MISSING_CONDITION q_RN_g_RN {"mAP": 48.392698136159986, "mINP": 36.80277588891969, "Rank-1": 48.36363636363637, "Rank-5": 58.909090909090914, "Rank-10": 65.57575757575758, "Rank-20": 75.27272727272727}
DEVELOPMENT_MISSING_CONDITION q_RN_g_T {"mAP": 3.0452871081140263, "mINP": 3.241160903277592, "Rank-1": 2.909090909090909, "Rank-5": 6.666666666666667, "Rank-10": 11.030303030303031, "Rank-20": 19.03030303030303}
DEVELOPMENT_MISSING_CONDITION q_RN_g_N {"mAP": 28.641126303460197, "mINP": 19.153155776216547, "Rank-1": 25.696969696969695, "Rank-5": 43.03030303030303, "Rank-10": 52.24242424242425, "Rank-20": 64.72727272727272}
DEVELOPMENT_MISSING_CONDITION q_RN_g_R {"mAP": 31.676434539723974, "mINP": 24.429761008331646, "Rank-1": 28.96969696969697, "Rank-5": 42.18181818181818, "Rank-10": 49.333333333333336, "Rank-20": 59.75757575757575}
DEVELOPMENT_MISSING_CONDITION q_T_g_RNT {"mAP": 23.781208938518915, "mINP": 15.393309943104022, "Rank-1": 21.575757575757574, "Rank-5": 33.939393939393945, "Rank-10": 41.21212121212121, "Rank-20": 49.93939393939394}
DEVELOPMENT_MISSING_CONDITION q_T_g_NT {"mAP": 24.272394216047104, "mINP": 17.06499022911813, "Rank-1": 19.151515151515152, "Rank-5": 31.03030303030303, "Rank-10": 40.0, "Rank-20": 53.090909090909086}
DEVELOPMENT_MISSING_CONDITION q_T_g_RT {"mAP": 25.044633699020423, "mINP": 16.733331711550044, "Rank-1": 25.333333333333336, "Rank-5": 37.09090909090909, "Rank-10": 44.0, "Rank-20": 53.939393939393945}
DEVELOPMENT_MISSING_CONDITION q_T_g_RN {"mAP": 2.928365252600934, "mINP": 2.974280694818959, "Rank-1": 1.6969696969696972, "Rank-5": 4.848484848484849, "Rank-10": 10.545454545454545, "Rank-20": 18.06060606060606}
DEVELOPMENT_MISSING_CONDITION q_T_g_T {"mAP": 24.21510706141006, "mINP": 16.893286748784757, "Rank-1": 22.424242424242426, "Rank-5": 36.484848484848484, "Rank-10": 44.96969696969697, "Rank-20": 57.45454545454546}
DEVELOPMENT_MISSING_CONDITION q_T_g_N {"mAP": 3.0169629457289644, "mINP": 3.025972987434343, "Rank-1": 3.272727272727273, "Rank-5": 7.878787878787878, "Rank-10": 12.96969696969697, "Rank-20": 22.545454545454547}
DEVELOPMENT_MISSING_CONDITION q_T_g_R {"mAP": 3.1517933218026215, "mINP": 3.079303002024892, "Rank-1": 2.181818181818182, "Rank-5": 6.909090909090909, "Rank-10": 10.666666666666668, "Rank-20": 17.939393939393938}
DEVELOPMENT_MISSING_CONDITION q_N_g_RNT {"mAP": 24.204374681120118, "mINP": 16.396010339274522, "Rank-1": 20.606060606060606, "Rank-5": 37.57575757575757, "Rank-10": 47.63636363636364, "Rank-20": 59.151515151515156}
DEVELOPMENT_MISSING_CONDITION q_N_g_NT {"mAP": 26.121288738218674, "mINP": 17.922240873739607, "Rank-1": 22.90909090909091, "Rank-5": 40.84848484848485, "Rank-10": 50.42424242424243, "Rank-20": 60.969696969696976}
DEVELOPMENT_MISSING_CONDITION q_N_g_RT {"mAP": 3.2086320500850105, "mINP": 3.3520625173154386, "Rank-1": 2.181818181818182, "Rank-5": 5.333333333333334, "Rank-10": 8.484848484848486, "Rank-20": 14.424242424242426}
DEVELOPMENT_MISSING_CONDITION q_N_g_RN {"mAP": 25.284671071294753, "mINP": 17.831809738874004, "Rank-1": 19.393939393939394, "Rank-5": 33.45454545454545, "Rank-10": 45.09090909090909, "Rank-20": 58.18181818181818}
DEVELOPMENT_MISSING_CONDITION q_N_g_T {"mAP": 3.0623157362398747, "mINP": 3.291099406218137, "Rank-1": 2.7878787878787876, "Rank-5": 7.151515151515151, "Rank-10": 11.393939393939394, "Rank-20": 19.515151515151516}
DEVELOPMENT_MISSING_CONDITION q_N_g_N {"mAP": 29.544375756285284, "mINP": 19.748616672072735, "Rank-1": 27.27272727272727, "Rank-5": 43.878787878787875, "Rank-10": 53.090909090909086, "Rank-20": 63.75757575757576}
DEVELOPMENT_MISSING_CONDITION q_N_g_R {"mAP": 3.1640880470766817, "mINP": 3.2107336248027933, "Rank-1": 1.8181818181818181, "Rank-5": 7.030303030303029, "Rank-10": 9.575757575757576, "Rank-20": 18.181818181818183}
DEVELOPMENT_MISSING_CONDITION q_R_g_RNT {"mAP": 27.15706006806832, "mINP": 21.070353146143994, "Rank-1": 25.09090909090909, "Rank-5": 36.0, "Rank-10": 43.63636363636363, "Rank-20": 55.63636363636364}
DEVELOPMENT_MISSING_CONDITION q_R_g_NT {"mAP": 3.267273541073519, "mINP": 3.487829793696593, "Rank-1": 1.3333333333333335, "Rank-5": 6.545454545454546, "Rank-10": 9.93939393939394, "Rank-20": 18.545454545454547}
DEVELOPMENT_MISSING_CONDITION q_R_g_RT {"mAP": 28.66296630994265, "mINP": 22.567860877333175, "Rank-1": 25.818181818181817, "Rank-5": 36.0, "Rank-10": 42.78787878787879, "Rank-20": 55.515151515151516}
DEVELOPMENT_MISSING_CONDITION q_R_g_RN {"mAP": 30.203169062335792, "mINP": 23.63479039477794, "Rank-1": 28.242424242424242, "Rank-5": 38.666666666666664, "Rank-10": 45.93939393939394, "Rank-20": 55.63636363636364}
DEVELOPMENT_MISSING_CONDITION q_R_g_T {"mAP": 3.2398500723255794, "mINP": 3.5462961068720267, "Rank-1": 2.7878787878787876, "Rank-5": 7.636363636363637, "Rank-10": 12.121212121212121, "Rank-20": 20.242424242424242}
DEVELOPMENT_MISSING_CONDITION q_R_g_N {"mAP": 3.2213893148569936, "mINP": 3.1253838737541666, "Rank-1": 3.6363636363636362, "Rank-5": 8.0, "Rank-10": 14.060606060606059, "Rank-20": 23.272727272727273}
DEVELOPMENT_MISSING_CONDITION q_R_g_R {"mAP": 33.46049187080957, "mINP": 26.019399242123015, "Rank-1": 32.121212121212125, "Rank-5": 42.42424242424242, "Rank-10": 48.96969696969697, "Rank-20": 57.57575757575758}
