/data2/gb/Re-ID/conda-envs/tri_reid/lib/python3.10/site-packages/timm/models/helpers.py:7: FutureWarning: Importing from timm.models.helpers is deprecated, please import via timm.models
  warnings.warn(f"Importing from {__name__} is deprecated, please import via timm.models", FutureWarning)
/data2/gb/Re-ID/conda-envs/tri_reid/lib/python3.10/site-packages/timm/models/registry.py:4: FutureWarning: Importing from timm.models.registry is deprecated, please import via timm.models
  warnings.warn(f"Importing from {__name__} is deprecated, please import via timm.models", FutureWarning)
/data2/gb/Re-ID/conda-envs/tri_reid/lib/python3.10/site-packages/timm/models/layers/__init__.py:48: FutureWarning: Importing from timm.models.layers is deprecated, please import via timm.layers
  warnings.warn(f"Importing from {__name__} is deprecated, please import via timm.layers", FutureWarning)
using Transformer_type: ViT-B-16 as a backbone
Resized position embedding: %s to %s torch.Size([197, 768]) torch.Size([129, 768])
Position embedding resize to height:8 width: 16
Successfully load ckpt!
<All keys matched successfully>
Loading pretrained model from CLIP
camera number is : 8
===========Building DeMo===========
STRESS_CONDITION clean {"mAP": 39.34133260299459, "mINP": 19.096311439730147, "Rank-1": 56.34517766497462, "Rank-5": 72.08121827411168, "Rank-10": 78.34179357021996, "Rank-20": 84.4331641285956}
STRESS_CONDITION RGB_blur_sigma1p5 {"mAP": 35.66117783487523, "mINP": 17.318777903582493, "Rank-1": 51.945854483925544, "Rank-5": 70.05076142131979, "Rank-10": 75.80372250423012, "Rank-20": 82.57191201353638}
STRESS_CONDITION RGB_blur_sigma3 {"mAP": 33.71921347135428, "mINP": 16.074201150241713, "Rank-1": 49.91539763113367, "Rank-5": 67.51269035532995, "Rank-10": 75.29610829103216, "Rank-20": 82.40270727580372}
STRESS_CONDITION NI_blur_sigma1p5 {"mAP": 35.353855749723344, "mINP": 17.786551081068296, "Rank-1": 52.45346869712352, "Rank-5": 69.37394247038917, "Rank-10": 76.14213197969542, "Rank-20": 81.89509306260575}
STRESS_CONDITION NI_blur_sigma3 {"mAP": 32.237326400610215, "mINP": 16.416711857490686, "Rank-1": 45.68527918781726, "Rank-5": 68.35871404399323, "Rank-10": 75.29610829103216, "Rank-20": 80.20304568527918}
STRESS_CONDITION TI_blur_sigma1p5 {"mAP": 38.05431685949397, "mINP": 18.703447672046387, "Rank-1": 54.82233502538071, "Rank-5": 69.54314720812182, "Rank-10": 77.49576988155668, "Rank-20": 83.07952622673434}
STRESS_CONDITION TI_blur_sigma3 {"mAP": 37.200845342918605, "mINP": 18.279458497110806, "Rank-1": 54.82233502538071, "Rank-5": 68.8663282571912, "Rank-10": 76.31133671742809, "Rank-20": 82.40270727580372}
