/data/gaob/Re-ID/conda-envs/tri_reid/lib/python3.10/site-packages/timm/models/helpers.py:7: FutureWarning: Importing from timm.models.helpers is deprecated, please import via timm.models
  warnings.warn(f"Importing from {__name__} is deprecated, please import via timm.models", FutureWarning)
/data/gaob/Re-ID/conda-envs/tri_reid/lib/python3.10/site-packages/timm/models/registry.py:4: FutureWarning: Importing from timm.models.registry is deprecated, please import via timm.models
  warnings.warn(f"Importing from {__name__} is deprecated, please import via timm.models", FutureWarning)
/data/gaob/Re-ID/conda-envs/tri_reid/lib/python3.10/site-packages/timm/models/layers/__init__.py:48: FutureWarning: Importing from timm.models.layers is deprecated, please import via timm.layers
  warnings.warn(f"Importing from {__name__} is deprecated, please import via timm.layers", FutureWarning)
using Transformer_type: ViT-B-16 as a backbone
Resized position embedding: %s to %s torch.Size([197, 768]) torch.Size([129, 768])
Position embedding resize to height:8 width: 16
Successfully load ckpt!
<All keys matched successfully>
Loading pretrained model from CLIP
camera number is : 8
STRESS_CONDITION clean {"mAP": 78.88526146369516, "mINP": 55.133227325226244, "Rank-1": 92.12827988338192, "Rank-5": 93.70262390670554, "Rank-10": 94.75218658892129, "Rank-20": 95.80174927113703}
STRESS_CONDITION RGB_blur_sigma1p5 {"mAP": 75.97844465112709, "mINP": 52.510772558889585, "Rank-1": 87.98833819241982, "Rank-5": 89.56268221574344, "Rank-10": 90.72886297376094, "Rank-20": 92.12827988338192}
STRESS_CONDITION RGB_blur_sigma3 {"mAP": 73.73520452458499, "mINP": 50.744736095327234, "Rank-1": 85.01457725947522, "Rank-5": 87.69679300291546, "Rank-10": 88.92128279883383, "Rank-20": 90.43731778425655}
STRESS_CONDITION NI_blur_sigma1p5 {"mAP": 72.53206249096633, "mINP": 49.15591759468567, "Rank-1": 86.12244897959184, "Rank-5": 88.68804664723032, "Rank-10": 89.91253644314868, "Rank-20": 91.4868804664723}
STRESS_CONDITION NI_blur_sigma3 {"mAP": 69.18087299843872, "mINP": 46.52454540367232, "Rank-1": 80.99125364431487, "Rank-5": 82.91545189504373, "Rank-10": 85.07288629737609, "Rank-20": 87.40524781341108}
STRESS_CONDITION TI_blur_sigma1p5 {"mAP": 75.55452828168939, "mINP": 51.78129155710427, "Rank-1": 89.03790087463557, "Rank-5": 90.55393586005832, "Rank-10": 91.25364431486881, "Rank-20": 92.30320699708456}
STRESS_CONDITION TI_blur_sigma3 {"mAP": 69.96509638939801, "mINP": 47.03622530406531, "Rank-1": 82.0408163265306, "Rank-5": 85.07288629737609, "Rank-10": 86.1807580174927, "Rank-20": 88.0466472303207}
STRESS_CONDITION psi_off_frozen {"mAP": 78.88831386548354, "mINP": 55.1960112867617, "Rank-1": 92.06997084548105, "Rank-5": 93.64431486880467, "Rank-10": 94.6938775510204, "Rank-20": 95.91836734693877}
