/data/gaob/Re-ID/conda-envs/tri_reid/lib/python3.10/site-packages/timm/models/helpers.py:7: FutureWarning: Importing from timm.models.helpers is deprecated, please import via timm.models
  warnings.warn(f"Importing from {__name__} is deprecated, please import via timm.models", FutureWarning)
/data/gaob/Re-ID/conda-envs/tri_reid/lib/python3.10/site-packages/timm/models/registry.py:4: FutureWarning: Importing from timm.models.registry is deprecated, please import via timm.models
  warnings.warn(f"Importing from {__name__} is deprecated, please import via timm.models", FutureWarning)
/data/gaob/Re-ID/conda-envs/tri_reid/lib/python3.10/site-packages/timm/models/layers/__init__.py:48: FutureWarning: Importing from timm.models.layers is deprecated, please import via timm.layers
  warnings.warn(f"Importing from {__name__} is deprecated, please import via timm.layers", FutureWarning)
using Transformer_type: ViT-B-16 as a backbone
Resized position embedding: %s to %s torch.Size([197, 768]) torch.Size([129, 768])
Position embedding resize to height:8 width: 16
Successfully load ckpt!
<All keys matched successfully>
Loading pretrained model from CLIP
camera number is : 8
OFFICIAL_49 MSVR310 twins_shared q_RNT_g_RNT {"mAP": 49.84578202718109, "mINP": 25.909587179349515, "Rank-1": 66.32825719120136, "Rank-5": 81.55668358714044, "Rank-10": 86.80203045685279, "Rank-20": 91.87817258883248}
OFFICIAL_49 MSVR310 twins_shared q_RNT_g_R {"mAP": 42.71555889959875, "mINP": 20.721256397831823, "Rank-1": 59.56006768189509, "Rank-5": 77.32656514382403, "Rank-10": 85.10998307952623, "Rank-20": 89.17089678510999}
OFFICIAL_49 MSVR310 twins_shared q_RNT_g_N {"mAP": 35.30422232308021, "mINP": 14.30317295640893, "Rank-1": 51.945854483925544, "Rank-5": 75.29610829103216, "Rank-10": 83.24873096446701, "Rank-20": 89.84771573604061}
OFFICIAL_49 MSVR310 twins_shared q_RNT_g_T {"mAP": 14.149577708919441, "mINP": 3.869393638063638, "Rank-1": 21.99661590524535, "Rank-5": 46.02368866328257, "Rank-10": 59.05245346869712, "Rank-20": 69.20473773265653}
OFFICIAL_49 MSVR310 twins_shared q_RNT_g_RN {"mAP": 48.32453854492812, "mINP": 24.302736234172347, "Rank-1": 64.63620981387479, "Rank-5": 81.89509306260575, "Rank-10": 87.64805414551607, "Rank-20": 91.87817258883248}
OFFICIAL_49 MSVR310 twins_shared q_RNT_g_RT {"mAP": 45.995087959101234, "mINP": 23.008273164694653, "Rank-1": 61.75972927241963, "Rank-5": 78.84940778341793, "Rank-10": 84.60236886632826, "Rank-20": 89.17089678510999}
OFFICIAL_49 MSVR310 twins_shared q_RNT_g_NT {"mAP": 39.904590651537525, "mINP": 17.50042472776209, "Rank-1": 57.868020304568525, "Rank-5": 76.98815566835871, "Rank-10": 83.58714043993231, "Rank-20": 88.49407783417935}
OFFICIAL_49 MSVR310 twins_shared q_R_g_RNT {"mAP": 41.070314323444585, "mINP": 20.973063466788158, "Rank-1": 54.82233502538071, "Rank-5": 75.29610829103216, "Rank-10": 83.24873096446701, "Rank-20": 88.66328257191202}
OFFICIAL_49 MSVR310 twins_shared q_R_g_R {"mAP": 39.750583237870416, "mINP": 20.40069977970928, "Rank-1": 52.96108291032149, "Rank-5": 73.26565143824027, "Rank-10": 81.04906937394247, "Rank-20": 87.47884940778341}
OFFICIAL_49 MSVR310 twins_shared q_R_g_N {"mAP": 28.387291388367224, "mINP": 11.288949110031034, "Rank-1": 41.11675126903553, "Rank-5": 65.82064297800339, "Rank-10": 74.95769881556683, "Rank-20": 83.41793570219966}
OFFICIAL_49 MSVR310 twins_shared q_R_g_T {"mAP": 8.855705927835043, "mINP": 2.7615615250574503, "Rank-1": 11.6751269035533, "Rank-5": 31.302876480541453, "Rank-10": 42.47038917089678, "Rank-20": 54.483925549915405}
OFFICIAL_49 MSVR310 twins_shared q_R_g_RN {"mAP": 40.62846855972387, "mINP": 21.271460631584464, "Rank-1": 53.299492385786806, "Rank-5": 74.11167512690355, "Rank-10": 82.40270727580372, "Rank-20": 87.9864636209814}
OFFICIAL_49 MSVR310 twins_shared q_R_g_RT {"mAP": 41.32098249561673, "mINP": 21.743434997651132, "Rank-1": 53.80710659898477, "Rank-5": 73.09644670050761, "Rank-10": 80.8798646362098, "Rank-20": 88.3248730964467}
OFFICIAL_49 MSVR310 twins_shared q_R_g_NT {"mAP": 29.155915265580067, "mINP": 12.528784456528532, "Rank-1": 38.24027072758037, "Rank-5": 64.80541455160744, "Rank-10": 74.2808798646362, "Rank-20": 82.57191201353638}
OFFICIAL_49 MSVR310 twins_shared q_N_g_RNT {"mAP": 35.96052238218373, "mINP": 16.42957537804725, "Rank-1": 48.05414551607445, "Rank-5": 71.91201353637902, "Rank-10": 81.38747884940778, "Rank-20": 88.3248730964467}
OFFICIAL_49 MSVR310 twins_shared q_N_g_R {"mAP": 25.860659772819943, "mINP": 10.867591101546703, "Rank-1": 34.01015228426396, "Rank-5": 54.145516074450086, "Rank-10": 62.098138747884946, "Rank-20": 70.38917089678512}
OFFICIAL_49 MSVR310 twins_shared q_N_g_N {"mAP": 32.86387717917942, "mINP": 11.672217273616834, "Rank-1": 52.96108291032149, "Rank-5": 74.11167512690355, "Rank-10": 81.04906937394247, "Rank-20": 89.34010152284264}
OFFICIAL_49 MSVR310 twins_shared q_N_g_T {"mAP": 8.804064367751401, "mINP": 2.7083761756816664, "Rank-1": 9.813874788494077, "Rank-5": 30.62605752961083, "Rank-10": 43.824027072758035, "Rank-20": 56.852791878172596}
OFFICIAL_49 MSVR310 twins_shared q_N_g_RN {"mAP": 34.21843423534072, "mINP": 15.215872748602118, "Rank-1": 45.346869712351946, "Rank-5": 69.37394247038917, "Rank-10": 78.68020304568529, "Rank-20": 88.83248730964468}
OFFICIAL_49 MSVR310 twins_shared q_N_g_RT {"mAP": 27.29232538192875, "mINP": 11.790523498423774, "Rank-1": 34.686971235194584, "Rank-5": 55.16074450084603, "Rank-10": 64.80541455160744, "Rank-20": 74.45008460236888}
OFFICIAL_49 MSVR310 twins_shared q_N_g_NT {"mAP": 34.83215874844567, "mINP": 13.898066558496506, "Rank-1": 52.79187817258884, "Rank-5": 75.4653130287648, "Rank-10": 83.58714043993231, "Rank-20": 88.49407783417935}
OFFICIAL_49 MSVR310 twins_shared q_T_g_RNT {"mAP": 14.761690222947232, "mINP": 5.35996596549868, "Rank-1": 19.627749576988155, "Rank-5": 41.455160744500844, "Rank-10": 51.945854483925544, "Rank-20": 60.236886632825716}
OFFICIAL_49 MSVR310 twins_shared q_T_g_R {"mAP": 9.247220327137565, "mINP": 3.640950924509381, "Rank-1": 7.4450084602368864, "Rank-5": 22.165820642978005, "Rank-10": 31.472081218274113, "Rank-20": 39.93231810490694}
OFFICIAL_49 MSVR310 twins_shared q_T_g_N {"mAP": 9.037703388120441, "mINP": 3.774392870546, "Rank-1": 9.983079526226735, "Rank-5": 24.534686971235196, "Rank-10": 34.51776649746193, "Rank-20": 49.06937394247039}
OFFICIAL_49 MSVR310 twins_shared q_T_g_T {"mAP": 13.706069960426422, "mINP": 3.025463808281144, "Rank-1": 26.73434856175973, "Rank-5": 45.854483925549914, "Rank-10": 53.97631133671743, "Rank-20": 62.2673434856176}
OFFICIAL_49 MSVR310 twins_shared q_T_g_RN {"mAP": 10.516747049702369, "mINP": 4.433296984344704, "Rank-1": 11.6751269035533, "Rank-5": 25.211505922165824, "Rank-10": 34.01015228426396, "Rank-20": 46.36209813874789}
OFFICIAL_49 MSVR310 twins_shared q_T_g_RT {"mAP": 15.648848571800322, "mINP": 4.821240919688933, "Rank-1": 24.534686971235196, "Rank-5": 41.28595600676819, "Rank-10": 50.76142131979695, "Rank-20": 62.2673434856176}
OFFICIAL_49 MSVR310 twins_shared q_T_g_NT {"mAP": 15.07704307963554, "mINP": 4.54075382162991, "Rank-1": 25.042301184433164, "Rank-5": 45.17766497461929, "Rank-10": 54.99153976311336, "Rank-20": 65.48223350253807}
OFFICIAL_49 MSVR310 twins_shared q_RN_g_RNT {"mAP": 48.15976351547076, "mINP": 24.076488334383278, "Rank-1": 63.7901861252115, "Rank-5": 82.06429780033841, "Rank-10": 87.30964467005076, "Rank-20": 92.2165820642978}
OFFICIAL_49 MSVR310 twins_shared q_RN_g_R {"mAP": 43.15547307646424, "mINP": 22.594694068707543, "Rank-1": 59.89847715736041, "Rank-5": 77.834179357022, "Rank-10": 84.94077834179356, "Rank-20": 89.84771573604061}
OFFICIAL_49 MSVR310 twins_shared q_RN_g_N {"mAP": 35.233728096798146, "mINP": 13.734907693064066, "Rank-1": 53.63790186125211, "Rank-5": 75.63451776649747, "Rank-10": 82.91032148900169, "Rank-20": 89.5093062605753}
OFFICIAL_49 MSVR310 twins_shared q_RN_g_T {"mAP": 9.815759119237105, "mINP": 2.9630706812526486, "Rank-1": 12.351945854483926, "Rank-5": 32.82571912013537, "Rank-10": 48.39255499153977, "Rank-20": 60.40609137055838}
OFFICIAL_49 MSVR310 twins_shared q_RN_g_RN {"mAP": 48.07667724766734, "mINP": 24.666903621383835, "Rank-1": 64.29780033840947, "Rank-5": 80.8798646362098, "Rank-10": 87.47884940778341, "Rank-20": 91.37055837563452}
OFFICIAL_49 MSVR310 twins_shared q_RN_g_RT {"mAP": 44.0942041081234, "mINP": 23.173861003667554, "Rank-1": 58.206429780033844, "Rank-5": 77.834179357022, "Rank-10": 84.60236886632826, "Rank-20": 90.01692047377327}
OFFICIAL_49 MSVR310 twins_shared q_RN_g_NT {"mAP": 36.709965748779325, "mINP": 15.69390712154351, "Rank-1": 53.299492385786806, "Rank-5": 75.80372250423012, "Rank-10": 83.75634517766497, "Rank-20": 89.17089678510999}
OFFICIAL_49 MSVR310 twins_shared q_RT_g_RNT {"mAP": 45.001742283819695, "mINP": 23.196534673630516, "Rank-1": 59.729272419627755, "Rank-5": 77.834179357022, "Rank-10": 83.58714043993231, "Rank-20": 89.17089678510999}
OFFICIAL_49 MSVR310 twins_shared q_RT_g_R {"mAP": 41.75420005095149, "mINP": 21.43481790147326, "Rank-1": 57.52961082910322, "Rank-5": 75.63451776649747, "Rank-10": 82.91032148900169, "Rank-20": 89.00169204737732}
OFFICIAL_49 MSVR310 twins_shared q_RT_g_N {"mAP": 29.10816153310799, "mINP": 11.963238096992013, "Rank-1": 39.08629441624365, "Rank-5": 66.15905245346869, "Rank-10": 76.6497461928934, "Rank-20": 83.58714043993231}
OFFICIAL_49 MSVR310 twins_shared q_RT_g_T {"mAP": 15.392293219678521, "mINP": 3.970871090877548, "Rank-1": 25.888324873096447, "Rank-5": 48.90016920473773, "Rank-10": 58.71404399323181, "Rank-20": 68.18950930626058}
OFFICIAL_49 MSVR310 twins_shared q_RT_g_RN {"mAP": 42.95523059521715, "mINP": 22.655599486666336, "Rank-1": 57.1912013536379, "Rank-5": 76.6497461928934, "Rank-10": 84.4331641285956, "Rank-20": 89.00169204737732}
OFFICIAL_49 MSVR310 twins_shared q_RT_g_RT {"mAP": 45.34243382525332, "mINP": 23.314991582118967, "Rank-1": 60.913705583756354, "Rank-5": 77.32656514382403, "Rank-10": 83.92554991539764, "Rank-20": 89.00169204737732}
OFFICIAL_49 MSVR310 twins_shared q_RT_g_NT {"mAP": 31.2163299238783, "mINP": 12.186733578364715, "Rank-1": 45.5160744500846, "Rank-5": 68.69712351945854, "Rank-10": 78.34179357021996, "Rank-20": 83.75634517766497}
OFFICIAL_49 MSVR310 twins_shared q_NT_g_RNT {"mAP": 39.699229550762546, "mINP": 18.620401198523197, "Rank-1": 54.653130287648054, "Rank-5": 74.61928934010153, "Rank-10": 81.04906937394247, "Rank-20": 87.64805414551607}
OFFICIAL_49 MSVR310 twins_shared q_NT_g_R {"mAP": 26.570851132245355, "mINP": 11.324705729324354, "Rank-1": 36.88663282571912, "Rank-5": 55.499153976311334, "Rank-10": 64.9746192893401, "Rank-20": 72.58883248730965}
OFFICIAL_49 MSVR310 twins_shared q_NT_g_N {"mAP": 34.55666650640674, "mINP": 13.382259781496234, "Rank-1": 53.46869712351946, "Rank-5": 75.1269035532995, "Rank-10": 82.74111675126903, "Rank-20": 89.00169204737732}
OFFICIAL_49 MSVR310 twins_shared q_NT_g_T {"mAP": 15.429194030608977, "mINP": 3.8499750610691046, "Rank-1": 27.072758037225043, "Rank-5": 50.592216582064296, "Rank-10": 60.40609137055838, "Rank-20": 70.55837563451777}
OFFICIAL_49 MSVR310 twins_shared q_NT_g_RN {"mAP": 36.24670091438117, "mINP": 16.592148196649497, "Rank-1": 48.73096446700508, "Rank-5": 72.08121827411168, "Rank-10": 81.89509306260575, "Rank-20": 89.00169204737732}
OFFICIAL_49 MSVR310 twins_shared q_NT_g_RT {"mAP": 30.901760295279075, "mINP": 12.671364724225809, "Rank-1": 43.9932318104907, "Rank-5": 64.29780033840947, "Rank-10": 71.57360406091371, "Rank-20": 79.18781725888326}
OFFICIAL_49 MSVR310 twins_shared q_NT_g_NT {"mAP": 39.521599200722214, "mINP": 17.1059866406997, "Rank-1": 56.683587140439926, "Rank-5": 77.32656514382403, "Rank-10": 83.41793570219966, "Rank-20": 88.83248730964468}
