/data/gaob/Re-ID/conda-envs/tri_reid/lib/python3.10/site-packages/timm/models/helpers.py:7: FutureWarning: Importing from timm.models.helpers is deprecated, please import via timm.models
  warnings.warn(f"Importing from {__name__} is deprecated, please import via timm.models", FutureWarning)
/data/gaob/Re-ID/conda-envs/tri_reid/lib/python3.10/site-packages/timm/models/registry.py:4: FutureWarning: Importing from timm.models.registry is deprecated, please import via timm.models
  warnings.warn(f"Importing from {__name__} is deprecated, please import via timm.models", FutureWarning)
/data/gaob/Re-ID/conda-envs/tri_reid/lib/python3.10/site-packages/timm/models/layers/__init__.py:48: FutureWarning: Importing from timm.models.layers is deprecated, please import via timm.layers
  warnings.warn(f"Importing from {__name__} is deprecated, please import via timm.layers", FutureWarning)
using Transformer_type: ViT-B-16 as a backbone
Resized position embedding: %s to %s torch.Size([197, 768]) torch.Size([129, 768])
Position embedding resize to height:8 width: 16
Successfully load ckpt!
<All keys matched successfully>
Loading pretrained model from CLIP
camera number is : 8
IDENTITY_MISSING_FEATURE_BANKS_CPU_ONLY {"available_sets": 7, "cuda_allocated_bytes": 8519680, "new_optimizer_updates": 0}
IDENTITY_MISSING_STREAM {"event": "RAW_READY", "condition": "q_RNT_g_RNT", "path": "/data/gaob/Re-ID/DeMo-DualAxis/runs/identity_coordinate_missing49_stream_20261005/full/MSVR310_identity_frequency_shared_narrow_s42/q_RNT_g_RNT/raw.npz", "file": {"bytes": 8586237, "sha256": "d73f40eb58d3650d028f73e6ba55090493a396688a281d6144c4574e0372317c"}, "installed_gt_cases": 4}
IDENTITY_MISSING_STREAM {"event": "RAW_CLEARED", "condition": "q_RNT_g_RNT"}
IDENTITY_MISSING_STREAM {"event": "RAW_READY", "condition": "q_RNT_g_R", "path": "/data/gaob/Re-ID/DeMo-DualAxis/runs/identity_coordinate_missing49_stream_20261005/full/MSVR310_identity_frequency_shared_narrow_s42/q_RNT_g_R/raw.npz", "file": {"bytes": 8351409, "sha256": "08fdfbe5fcc83b390b75d3cc9da13d1b727e6525b31a84587eac6e3c578f4a75"}, "installed_gt_cases": 4}
IDENTITY_MISSING_STREAM {"event": "RAW_CLEARED", "condition": "q_RNT_g_R"}
IDENTITY_MISSING_STREAM {"event": "RAW_READY", "condition": "q_RNT_g_N", "path": "/data/gaob/Re-ID/DeMo-DualAxis/runs/identity_coordinate_missing49_stream_20261005/full/MSVR310_identity_frequency_shared_narrow_s42/q_RNT_g_N/raw.npz", "file": {"bytes": 8319205, "sha256": "83ae2c49543c4dab6a6be4f2fd865e35d3621b174fe78e91cf85b11e24e6fbbc"}, "installed_gt_cases": 4}
IDENTITY_MISSING_STREAM {"event": "RAW_CLEARED", "condition": "q_RNT_g_N"}
IDENTITY_MISSING_STREAM {"event": "RAW_READY", "condition": "q_RNT_g_T", "path": "/data/gaob/Re-ID/DeMo-DualAxis/runs/identity_coordinate_missing49_stream_20261005/full/MSVR310_identity_frequency_shared_narrow_s42/q_RNT_g_T/raw.npz", "file": {"bytes": 8197345, "sha256": "cc2737f6a169bb2c84ea8fa2f9fc2216f7a1f0a95106a00d2968745485dce6ca"}, "installed_gt_cases": 4}
IDENTITY_MISSING_STREAM {"event": "RAW_CLEARED", "condition": "q_RNT_g_T"}
IDENTITY_MISSING_STREAM {"event": "RAW_READY", "condition": "q_RNT_g_RN", "path": "/data/gaob/Re-ID/DeMo-DualAxis/runs/identity_coordinate_missing49_stream_20261005/full/MSVR310_identity_frequency_shared_narrow_s42/q_RNT_g_RN/raw.npz", "file": {"bytes": 8424839, "sha256": "00fc790e3de4b28fa6247544d2187d5a3950aec5ae2513a6a7d1466a286fabe2"}, "installed_gt_cases": 4}
IDENTITY_MISSING_STREAM {"event": "RAW_CLEARED", "condition": "q_RNT_g_RN"}
IDENTITY_MISSING_STREAM {"event": "RAW_READY", "condition": "q_RNT_g_RT", "path": "/data/gaob/Re-ID/DeMo-DualAxis/runs/identity_coordinate_missing49_stream_20261005/full/MSVR310_identity_frequency_shared_narrow_s42/q_RNT_g_RT/raw.npz", "file": {"bytes": 8370252, "sha256": "1ce4f1a9ef8e793e6433630f9f0c91fdb5576c30027f22b3458aa1ce2ae8654e"}, "installed_gt_cases": 4}
IDENTITY_MISSING_STREAM {"event": "RAW_CLEARED", "condition": "q_RNT_g_RT"}
IDENTITY_MISSING_STREAM {"event": "RAW_READY", "condition": "q_RNT_g_NT", "path": "/data/gaob/Re-ID/DeMo-DualAxis/runs/identity_coordinate_missing49_stream_20261005/full/MSVR310_identity_frequency_shared_narrow_s42/q_RNT_g_NT/raw.npz", "file": {"bytes": 8351757, "sha256": "b4013ae924959ee9b11bc128ce090da91c47806cf11b5af655c0220e4c71e5dd"}, "installed_gt_cases": 4}
IDENTITY_MISSING_STREAM {"event": "RAW_CLEARED", "condition": "q_RNT_g_NT"}
IDENTITY_MISSING_STREAM {"event": "RAW_READY", "condition": "q_R_g_RNT", "path": "/data/gaob/Re-ID/DeMo-DualAxis/runs/identity_coordinate_missing49_stream_20261005/full/MSVR310_identity_frequency_shared_narrow_s42/q_R_g_RNT/raw.npz", "file": {"bytes": 8339935, "sha256": "68630b2f7c8983147322d172ec367374d815dfffd312cb1c129256897add3af6"}, "installed_gt_cases": 4}
IDENTITY_MISSING_STREAM {"event": "RAW_CLEARED", "condition": "q_R_g_RNT"}
IDENTITY_MISSING_STREAM {"event": "RAW_READY", "condition": "q_R_g_R", "path": "/data/gaob/Re-ID/DeMo-DualAxis/runs/identity_coordinate_missing49_stream_20261005/full/MSVR310_identity_frequency_shared_narrow_s42/q_R_g_R/raw.npz", "file": {"bytes": 8541250, "sha256": "5b18824a0fe9ed81cd13a8677abae72b1ca73a7eb75da5c2d1681e088b62567a"}, "installed_gt_cases": 4}
IDENTITY_MISSING_STREAM {"event": "RAW_CLEARED", "condition": "q_R_g_R"}
IDENTITY_MISSING_STREAM {"event": "RAW_READY", "condition": "q_R_g_N", "path": "/data/gaob/Re-ID/DeMo-DualAxis/runs/identity_coordinate_missing49_stream_20261005/full/MSVR310_identity_frequency_shared_narrow_s42/q_R_g_N/raw.npz", "file": {"bytes": 459783, "sha256": "3cc5f5a72e444b3d42a3e40f5bdf51ef4b36e9e9c13006188ea0edc980259c7f"}, "installed_gt_cases": 4}
IDENTITY_MISSING_STREAM {"event": "RAW_CLEARED", "condition": "q_R_g_N"}
IDENTITY_MISSING_STREAM {"event": "RAW_READY", "condition": "q_R_g_T", "path": "/data/gaob/Re-ID/DeMo-DualAxis/runs/identity_coordinate_missing49_stream_20261005/full/MSVR310_identity_frequency_shared_narrow_s42/q_R_g_T/raw.npz", "file": {"bytes": 442461, "sha256": "979bb8672fcf53116ba5bc88cacfa8cf7a872adab3e8134654844cceda15ed80"}, "installed_gt_cases": 4}
IDENTITY_MISSING_STREAM {"event": "RAW_CLEARED", "condition": "q_R_g_T"}
IDENTITY_MISSING_STREAM {"event": "RAW_READY", "condition": "q_R_g_RN", "path": "/data/gaob/Re-ID/DeMo-DualAxis/runs/identity_coordinate_missing49_stream_20261005/full/MSVR310_identity_frequency_shared_narrow_s42/q_R_g_RN/raw.npz", "file": {"bytes": 8417238, "sha256": "02c4a54bcd1108c96c172ef46d9770e4584ae9a517fc7c2a23618a780bf6cfa9"}, "installed_gt_cases": 4}
IDENTITY_MISSING_STREAM {"event": "RAW_CLEARED", "condition": "q_R_g_RN"}
IDENTITY_MISSING_STREAM {"event": "RAW_READY", "condition": "q_R_g_RT", "path": "/data/gaob/Re-ID/DeMo-DualAxis/runs/identity_coordinate_missing49_stream_20261005/full/MSVR310_identity_frequency_shared_narrow_s42/q_R_g_RT/raw.npz", "file": {"bytes": 8417640, "sha256": "a791634adb3a7092ba8adff8b7bba60c423a926f590fc714fbfa73626602afd1"}, "installed_gt_cases": 4}
IDENTITY_MISSING_STREAM {"event": "RAW_CLEARED", "condition": "q_R_g_RT"}
IDENTITY_MISSING_STREAM {"event": "RAW_READY", "condition": "q_R_g_NT", "path": "/data/gaob/Re-ID/DeMo-DualAxis/runs/identity_coordinate_missing49_stream_20261005/full/MSVR310_identity_frequency_shared_narrow_s42/q_R_g_NT/raw.npz", "file": {"bytes": 459918, "sha256": "8c8525914793160989a04456c0aa6b96495c758e731bac827f6c78b980a5422b"}, "installed_gt_cases": 4}
IDENTITY_MISSING_STREAM {"event": "RAW_CLEARED", "condition": "q_R_g_NT"}
IDENTITY_MISSING_STREAM {"event": "RAW_READY", "condition": "q_N_g_RNT", "path": "/data/gaob/Re-ID/DeMo-DualAxis/runs/identity_coordinate_missing49_stream_20261005/full/MSVR310_identity_frequency_shared_narrow_s42/q_N_g_RNT/raw.npz", "file": {"bytes": 8311117, "sha256": "a34bf9a11e94fc3e33d55499ed7d5f520924ebe95b729efba9bb184a6bc182f5"}, "installed_gt_cases": 4}
IDENTITY_MISSING_STREAM {"event": "RAW_CLEARED", "condition": "q_N_g_RNT"}
IDENTITY_MISSING_STREAM {"event": "RAW_READY", "condition": "q_N_g_R", "path": "/data/gaob/Re-ID/DeMo-DualAxis/runs/identity_coordinate_missing49_stream_20261005/full/MSVR310_identity_frequency_shared_narrow_s42/q_N_g_R/raw.npz", "file": {"bytes": 468429, "sha256": "799182748efd7e38f52d83ed36eb68f4702ab1ac1dd9823107a0246674f14f2b"}, "installed_gt_cases": 4}
IDENTITY_MISSING_STREAM {"event": "RAW_CLEARED", "condition": "q_N_g_R"}
IDENTITY_MISSING_STREAM {"event": "RAW_READY", "condition": "q_N_g_N", "path": "/data/gaob/Re-ID/DeMo-DualAxis/runs/identity_coordinate_missing49_stream_20261005/full/MSVR310_identity_frequency_shared_narrow_s42/q_N_g_N/raw.npz", "file": {"bytes": 8557815, "sha256": "66a39dc5851995a6675befcbb9319b3b1c5c9bd852ae50aeba6bdee08dcd2c6e"}, "installed_gt_cases": 4}
IDENTITY_MISSING_STREAM {"event": "RAW_CLEARED", "condition": "q_N_g_N"}
IDENTITY_MISSING_STREAM {"event": "RAW_READY", "condition": "q_N_g_T", "path": "/data/gaob/Re-ID/DeMo-DualAxis/runs/identity_coordinate_missing49_stream_20261005/full/MSVR310_identity_frequency_shared_narrow_s42/q_N_g_T/raw.npz", "file": {"bytes": 450038, "sha256": "836b5b770d26333c2e776d2a40a8ef3094a10ed3822ea27870792d5126c55be1"}, "installed_gt_cases": 4}
IDENTITY_MISSING_STREAM {"event": "RAW_CLEARED", "condition": "q_N_g_T"}
IDENTITY_MISSING_STREAM {"event": "RAW_READY", "condition": "q_N_g_RN", "path": "/data/gaob/Re-ID/DeMo-DualAxis/runs/identity_coordinate_missing49_stream_20261005/full/MSVR310_identity_frequency_shared_narrow_s42/q_N_g_RN/raw.npz", "file": {"bytes": 8376718, "sha256": "1f2bb2f00762793427dd99fe414574967d83b8f6afc2e0272cdf5fd8a45f7553"}, "installed_gt_cases": 4}
IDENTITY_MISSING_STREAM {"event": "RAW_CLEARED", "condition": "q_N_g_RN"}
IDENTITY_MISSING_STREAM {"event": "RAW_READY", "condition": "q_N_g_RT", "path": "/data/gaob/Re-ID/DeMo-DualAxis/runs/identity_coordinate_missing49_stream_20261005/full/MSVR310_identity_frequency_shared_narrow_s42/q_N_g_RT/raw.npz", "file": {"bytes": 469138, "sha256": "6268bf7d00cd6e65ab3263da8b9ad90f09574e4163666be987445f2675b03d7b"}, "installed_gt_cases": 4}
IDENTITY_MISSING_STREAM {"event": "RAW_CLEARED", "condition": "q_N_g_RT"}
IDENTITY_MISSING_STREAM {"event": "RAW_READY", "condition": "q_N_g_NT", "path": "/data/gaob/Re-ID/DeMo-DualAxis/runs/identity_coordinate_missing49_stream_20261005/full/MSVR310_identity_frequency_shared_narrow_s42/q_N_g_NT/raw.npz", "file": {"bytes": 8418757, "sha256": "804d8bc7dc0e6bf4b4ce24bfc812e4d90c06221ddd19e72dfdab1e100e653085"}, "installed_gt_cases": 4}
IDENTITY_MISSING_STREAM {"event": "RAW_CLEARED", "condition": "q_N_g_NT"}
IDENTITY_MISSING_STREAM {"event": "RAW_READY", "condition": "q_T_g_RNT", "path": "/data/gaob/Re-ID/DeMo-DualAxis/runs/identity_coordinate_missing49_stream_20261005/full/MSVR310_identity_frequency_shared_narrow_s42/q_T_g_RNT/raw.npz", "file": {"bytes": 8123978, "sha256": "19ced77f3717779a0fa45d0ce4c924a5d29720f24a7dd5574db86e3289b23c54"}, "installed_gt_cases": 4}
IDENTITY_MISSING_STREAM {"event": "RAW_CLEARED", "condition": "q_T_g_RNT"}
IDENTITY_MISSING_STREAM {"event": "RAW_READY", "condition": "q_T_g_R", "path": "/data/gaob/Re-ID/DeMo-DualAxis/runs/identity_coordinate_missing49_stream_20261005/full/MSVR310_identity_frequency_shared_narrow_s42/q_T_g_R/raw.npz", "file": {"bytes": 446646, "sha256": "f7adbccc3f026f7bd5d97c9d89e351855b112be7e29ffac6f1996617c4e518a4"}, "installed_gt_cases": 4}
IDENTITY_MISSING_STREAM {"event": "RAW_CLEARED", "condition": "q_T_g_R"}
IDENTITY_MISSING_STREAM {"event": "RAW_READY", "condition": "q_T_g_N", "path": "/data/gaob/Re-ID/DeMo-DualAxis/runs/identity_coordinate_missing49_stream_20261005/full/MSVR310_identity_frequency_shared_narrow_s42/q_T_g_N/raw.npz", "file": {"bytes": 446732, "sha256": "2273b5d8ac20a2f35c5635e6e99c4ba48cdc9a457f31f73da6fa721a7814526c"}, "installed_gt_cases": 4}
IDENTITY_MISSING_STREAM {"event": "RAW_CLEARED", "condition": "q_T_g_N"}
IDENTITY_MISSING_STREAM {"event": "RAW_READY", "condition": "q_T_g_T", "path": "/data/gaob/Re-ID/DeMo-DualAxis/runs/identity_coordinate_missing49_stream_20261005/full/MSVR310_identity_frequency_shared_narrow_s42/q_T_g_T/raw.npz", "file": {"bytes": 8524497, "sha256": "6d2d3de68f3e10d4f3d5fb0d783394c2b3d30915d9f77026098ca90745bebc36"}, "installed_gt_cases": 4}
IDENTITY_MISSING_STREAM {"event": "RAW_CLEARED", "condition": "q_T_g_T"}
IDENTITY_MISSING_STREAM {"event": "RAW_READY", "condition": "q_T_g_RN", "path": "/data/gaob/Re-ID/DeMo-DualAxis/runs/identity_coordinate_missing49_stream_20261005/full/MSVR310_identity_frequency_shared_narrow_s42/q_T_g_RN/raw.npz", "file": {"bytes": 443129, "sha256": "d671006b9a66dff04d0eeb6f225bf9086ce5a6601d17ac58345fed4be9c641c7"}, "installed_gt_cases": 4}
IDENTITY_MISSING_STREAM {"event": "RAW_CLEARED", "condition": "q_T_g_RN"}
IDENTITY_MISSING_STREAM {"event": "RAW_READY", "condition": "q_T_g_RT", "path": "/data/gaob/Re-ID/DeMo-DualAxis/runs/identity_coordinate_missing49_stream_20261005/full/MSVR310_identity_frequency_shared_narrow_s42/q_T_g_RT/raw.npz", "file": {"bytes": 8274953, "sha256": "5e130c1e04e82013235229507052b97c7c851ea243863fc91a6c98be2b3414e0"}, "installed_gt_cases": 4}
IDENTITY_MISSING_STREAM {"event": "RAW_CLEARED", "condition": "q_T_g_RT"}
IDENTITY_MISSING_STREAM {"event": "RAW_READY", "condition": "q_T_g_NT", "path": "/data/gaob/Re-ID/DeMo-DualAxis/runs/identity_coordinate_missing49_stream_20261005/full/MSVR310_identity_frequency_shared_narrow_s42/q_T_g_NT/raw.npz", "file": {"bytes": 8303488, "sha256": "2f13aed7d3690ea6eda7cdab1d417afa418e4e1d8430ee856c5f53c55797efd1"}, "installed_gt_cases": 4}
IDENTITY_MISSING_STREAM {"event": "RAW_CLEARED", "condition": "q_T_g_NT"}
IDENTITY_MISSING_STREAM {"event": "RAW_READY", "condition": "q_RN_g_RNT", "path": "/data/gaob/Re-ID/DeMo-DualAxis/runs/identity_coordinate_missing49_stream_20261005/full/MSVR310_identity_frequency_shared_narrow_s42/q_RN_g_RNT/raw.npz", "file": {"bytes": 8421877, "sha256": "0d8391d8a0ee78fec19825ccd34f5378a67a211065109f8e023d4a89d262c5d5"}, "installed_gt_cases": 4}
IDENTITY_MISSING_STREAM {"event": "RAW_CLEARED", "condition": "q_RN_g_RNT"}
IDENTITY_MISSING_STREAM {"event": "RAW_READY", "condition": "q_RN_g_R", "path": "/data/gaob/Re-ID/DeMo-DualAxis/runs/identity_coordinate_missing49_stream_20261005/full/MSVR310_identity_frequency_shared_narrow_s42/q_RN_g_R/raw.npz", "file": {"bytes": 8419611, "sha256": "fbfe74f8a5ccc823e96cf8c39d7f513a27f0c115fe6fab9c11d8ea263b92cdd5"}, "installed_gt_cases": 4}
IDENTITY_MISSING_STREAM {"event": "RAW_CLEARED", "condition": "q_RN_g_R"}
IDENTITY_MISSING_STREAM {"event": "RAW_READY", "condition": "q_RN_g_N", "path": "/data/gaob/Re-ID/DeMo-DualAxis/runs/identity_coordinate_missing49_stream_20261005/full/MSVR310_identity_frequency_shared_narrow_s42/q_RN_g_N/raw.npz", "file": {"bytes": 8379053, "sha256": "a5082abe2ec57e8cd7b9a12d4d60aac63bbe92ff972ac3a88fddd4a064cdec71"}, "installed_gt_cases": 4}
IDENTITY_MISSING_STREAM {"event": "RAW_CLEARED", "condition": "q_RN_g_N"}
IDENTITY_MISSING_STREAM {"event": "RAW_READY", "condition": "q_RN_g_T", "path": "/data/gaob/Re-ID/DeMo-DualAxis/runs/identity_coordinate_missing49_stream_20261005/full/MSVR310_identity_frequency_shared_narrow_s42/q_RN_g_T/raw.npz", "file": {"bytes": 453549, "sha256": "1b75db49df7e923adc70059d5c1466d5646c3386205701ca7d3d7f9d8683287a"}, "installed_gt_cases": 4}
IDENTITY_MISSING_STREAM {"event": "RAW_CLEARED", "condition": "q_RN_g_T"}
IDENTITY_MISSING_STREAM {"event": "RAW_READY", "condition": "q_RN_g_RN", "path": "/data/gaob/Re-ID/DeMo-DualAxis/runs/identity_coordinate_missing49_stream_20261005/full/MSVR310_identity_frequency_shared_narrow_s42/q_RN_g_RN/raw.npz", "file": {"bytes": 8531151, "sha256": "5eaf375ed7e1432d9a262fbe645c9ef1b22cdbb4c87539d44c491f82f532de60"}, "installed_gt_cases": 4}
IDENTITY_MISSING_STREAM {"event": "RAW_CLEARED", "condition": "q_RN_g_RN"}
IDENTITY_MISSING_STREAM {"event": "RAW_READY", "condition": "q_RN_g_RT", "path": "/data/gaob/Re-ID/DeMo-DualAxis/runs/identity_coordinate_missing49_stream_20261005/full/MSVR310_identity_frequency_shared_narrow_s42/q_RN_g_RT/raw.npz", "file": {"bytes": 8336943, "sha256": "23ef821276da2c450870f85783ca875fd08fa95a84c4a82c3d2a27161059c599"}, "installed_gt_cases": 4}
IDENTITY_MISSING_STREAM {"event": "RAW_CLEARED", "condition": "q_RN_g_RT"}
IDENTITY_MISSING_STREAM {"event": "RAW_READY", "condition": "q_RN_g_NT", "path": "/data/gaob/Re-ID/DeMo-DualAxis/runs/identity_coordinate_missing49_stream_20261005/full/MSVR310_identity_frequency_shared_narrow_s42/q_RN_g_NT/raw.npz", "file": {"bytes": 8295805, "sha256": "32539677ca65d0479cc45403b01588b2d5fdace7f179b60d1e0633a6767bb19f"}, "installed_gt_cases": 4}
IDENTITY_MISSING_STREAM {"event": "RAW_CLEARED", "condition": "q_RN_g_NT"}
IDENTITY_MISSING_STREAM {"event": "RAW_READY", "condition": "q_RT_g_RNT", "path": "/data/gaob/Re-ID/DeMo-DualAxis/runs/identity_coordinate_missing49_stream_20261005/full/MSVR310_identity_frequency_shared_narrow_s42/q_RT_g_RNT/raw.npz", "file": {"bytes": 8368042, "sha256": "257ca3ba503223d5899227d6c5c7d64ad7aebf918e058149f233cfddd6d53e3d"}, "installed_gt_cases": 4}
IDENTITY_MISSING_STREAM {"event": "RAW_CLEARED", "condition": "q_RT_g_RNT"}
IDENTITY_MISSING_STREAM {"event": "RAW_READY", "condition": "q_RT_g_R", "path": "/data/gaob/Re-ID/DeMo-DualAxis/runs/identity_coordinate_missing49_stream_20261005/full/MSVR310_identity_frequency_shared_narrow_s42/q_RT_g_R/raw.npz", "file": {"bytes": 8423058, "sha256": "1d6a295b270d4d91cea468f973f27c711b31edde243a3662aa0b3452f0a2b910"}, "installed_gt_cases": 4}
IDENTITY_MISSING_STREAM {"event": "RAW_CLEARED", "condition": "q_RT_g_R"}
IDENTITY_MISSING_STREAM {"event": "RAW_READY", "condition": "q_RT_g_N", "path": "/data/gaob/Re-ID/DeMo-DualAxis/runs/identity_coordinate_missing49_stream_20261005/full/MSVR310_identity_frequency_shared_narrow_s42/q_RT_g_N/raw.npz", "file": {"bytes": 480726, "sha256": "8963541d2ce1f5827e0aee0e2087cd14b106850457602c3a1e913f13f23b0ea9"}, "installed_gt_cases": 4}
IDENTITY_MISSING_STREAM {"event": "RAW_CLEARED", "condition": "q_RT_g_N"}
IDENTITY_MISSING_STREAM {"event": "RAW_READY", "condition": "q_RT_g_T", "path": "/data/gaob/Re-ID/DeMo-DualAxis/runs/identity_coordinate_missing49_stream_20261005/full/MSVR310_identity_frequency_shared_narrow_s42/q_RT_g_T/raw.npz", "file": {"bytes": 8304341, "sha256": "28ba1e298c3c75a291166c616ddca9bc73a90522d1ef26ebfe34b0a799c8c790"}, "installed_gt_cases": 4}
IDENTITY_MISSING_STREAM {"event": "RAW_CLEARED", "condition": "q_RT_g_T"}
IDENTITY_MISSING_STREAM {"event": "RAW_READY", "condition": "q_RT_g_RN", "path": "/data/gaob/Re-ID/DeMo-DualAxis/runs/identity_coordinate_missing49_stream_20261005/full/MSVR310_identity_frequency_shared_narrow_s42/q_RT_g_RN/raw.npz", "file": {"bytes": 8339881, "sha256": "3b0e19859252169cbeee075b69c8424b0b7132b21bf1130778dbd67cb7553777"}, "installed_gt_cases": 4}
IDENTITY_MISSING_STREAM {"event": "RAW_CLEARED", "condition": "q_RT_g_RN"}
IDENTITY_MISSING_STREAM {"event": "RAW_READY", "condition": "q_RT_g_RT", "path": "/data/gaob/Re-ID/DeMo-DualAxis/runs/identity_coordinate_missing49_stream_20261005/full/MSVR310_identity_frequency_shared_narrow_s42/q_RT_g_RT/raw.npz", "file": {"bytes": 8535413, "sha256": "548ef3ab6c54d8b76b8e31d33f514a42ff04327a4393225756272af27370b329"}, "installed_gt_cases": 4}
IDENTITY_MISSING_STREAM {"event": "RAW_CLEARED", "condition": "q_RT_g_RT"}
IDENTITY_MISSING_STREAM {"event": "RAW_READY", "condition": "q_RT_g_NT", "path": "/data/gaob/Re-ID/DeMo-DualAxis/runs/identity_coordinate_missing49_stream_20261005/full/MSVR310_identity_frequency_shared_narrow_s42/q_RT_g_NT/raw.npz", "file": {"bytes": 8065056, "sha256": "33570fd1413ad6f036e2025c2bf52fec4f1e75af44864caba3a7563c15ca3c25"}, "installed_gt_cases": 4}
IDENTITY_MISSING_STREAM {"event": "RAW_CLEARED", "condition": "q_RT_g_NT"}
IDENTITY_MISSING_STREAM {"event": "RAW_READY", "condition": "q_NT_g_RNT", "path": "/data/gaob/Re-ID/DeMo-DualAxis/runs/identity_coordinate_missing49_stream_20261005/full/MSVR310_identity_frequency_shared_narrow_s42/q_NT_g_RNT/raw.npz", "file": {"bytes": 8353402, "sha256": "a89fc0093acd5765ca4125b4519c660819e7b1cb04bcad2511174ee684113587"}, "installed_gt_cases": 4}
IDENTITY_MISSING_STREAM {"event": "RAW_CLEARED", "condition": "q_NT_g_RNT"}
IDENTITY_MISSING_STREAM {"event": "RAW_READY", "condition": "q_NT_g_R", "path": "/data/gaob/Re-ID/DeMo-DualAxis/runs/identity_coordinate_missing49_stream_20261005/full/MSVR310_identity_frequency_shared_narrow_s42/q_NT_g_R/raw.npz", "file": {"bytes": 481216, "sha256": "8d238fd47dabaca63cb52bb9c33e64f120e2e42400f43f244ccf2becf1707af4"}, "installed_gt_cases": 4}
IDENTITY_MISSING_STREAM {"event": "RAW_CLEARED", "condition": "q_NT_g_R"}
IDENTITY_MISSING_STREAM {"event": "RAW_READY", "condition": "q_NT_g_N", "path": "/data/gaob/Re-ID/DeMo-DualAxis/runs/identity_coordinate_missing49_stream_20261005/full/MSVR310_identity_frequency_shared_narrow_s42/q_NT_g_N/raw.npz", "file": {"bytes": 8422475, "sha256": "a19c727918be5d865ad45c4ced1478442929aecaa09df03c6854b5c7c851d0a0"}, "installed_gt_cases": 4}
IDENTITY_MISSING_STREAM {"event": "RAW_CLEARED", "condition": "q_NT_g_N"}
IDENTITY_MISSING_STREAM {"event": "RAW_READY", "condition": "q_NT_g_T", "path": "/data/gaob/Re-ID/DeMo-DualAxis/runs/identity_coordinate_missing49_stream_20261005/full/MSVR310_identity_frequency_shared_narrow_s42/q_NT_g_T/raw.npz", "file": {"bytes": 8325558, "sha256": "7295e0d3c30596d5cd1f6ecc0817b4bc80686eb8b3a26982ea4036196c2dc79a"}, "installed_gt_cases": 4}
IDENTITY_MISSING_STREAM {"event": "RAW_CLEARED", "condition": "q_NT_g_T"}
IDENTITY_MISSING_STREAM {"event": "RAW_READY", "condition": "q_NT_g_RN", "path": "/data/gaob/Re-ID/DeMo-DualAxis/runs/identity_coordinate_missing49_stream_20261005/full/MSVR310_identity_frequency_shared_narrow_s42/q_NT_g_RN/raw.npz", "file": {"bytes": 8299461, "sha256": "ce629b283743694e4bd42b4554512001defa3c204904007e02ca7b205f9a2b95"}, "installed_gt_cases": 4}
IDENTITY_MISSING_STREAM {"event": "RAW_CLEARED", "condition": "q_NT_g_RN"}
IDENTITY_MISSING_STREAM {"event": "RAW_READY", "condition": "q_NT_g_RT", "path": "/data/gaob/Re-ID/DeMo-DualAxis/runs/identity_coordinate_missing49_stream_20261005/full/MSVR310_identity_frequency_shared_narrow_s42/q_NT_g_RT/raw.npz", "file": {"bytes": 8062640, "sha256": "f14c6c30af3b29fbc59539d6ffbce795260173ad34083ef860711efcda1ec3a1"}, "installed_gt_cases": 4}
IDENTITY_MISSING_STREAM {"event": "RAW_CLEARED", "condition": "q_NT_g_RT"}
IDENTITY_MISSING_STREAM {"event": "RAW_READY", "condition": "q_NT_g_NT", "path": "/data/gaob/Re-ID/DeMo-DualAxis/runs/identity_coordinate_missing49_stream_20261005/full/MSVR310_identity_frequency_shared_narrow_s42/q_NT_g_NT/raw.npz", "file": {"bytes": 8586670, "sha256": "cca2f8196c1cefd535c32951db4f866bd27271c0eb277807f5747893c0582fb2"}, "installed_gt_cases": 4}
IDENTITY_MISSING_STREAM {"event": "RAW_CLEARED", "condition": "q_NT_g_NT"}
IDENTITY_MISSING_STREAM {"event": "EVALUATION_COMPLETE", "conditions": 49, "cases": 196, "optimizer_updates": 0}
