/data/gaob/Re-ID/conda-envs/tri_reid/lib/python3.10/site-packages/timm/models/helpers.py:7: FutureWarning: Importing from timm.models.helpers is deprecated, please import via timm.models
  warnings.warn(f"Importing from {__name__} is deprecated, please import via timm.models", FutureWarning)
/data/gaob/Re-ID/conda-envs/tri_reid/lib/python3.10/site-packages/timm/models/registry.py:4: FutureWarning: Importing from timm.models.registry is deprecated, please import via timm.models
  warnings.warn(f"Importing from {__name__} is deprecated, please import via timm.models", FutureWarning)
/data/gaob/Re-ID/conda-envs/tri_reid/lib/python3.10/site-packages/timm/models/layers/__init__.py:48: FutureWarning: Importing from timm.models.layers is deprecated, please import via timm.layers
  warnings.warn(f"Importing from {__name__} is deprecated, please import via timm.layers", FutureWarning)
using Transformer_type: ViT-B-16 as a backbone
Resized position embedding: %s to %s torch.Size([197, 768]) torch.Size([129, 768])
Position embedding resize to height:8 width: 16
Successfully load ckpt!
<All keys matched successfully>
Loading pretrained model from CLIP
camera number is : 8
IDENTITY_MISSING_FEATURE_BANKS_CPU_ONLY {"available_sets": 7, "cuda_allocated_bytes": 8519680, "new_optimizer_updates": 0}
IDENTITY_MISSING_STREAM {"event": "RAW_READY", "condition": "q_RNT_g_RNT", "path": "/data/gaob/Re-ID/DeMo-DualAxis/runs/identity_coordinate_missing49_stream_20261005/full/RGBNT100_identity_axis_shared_narrow_s42/q_RNT_g_RNT/raw.npz", "file": {"bytes": 200233340, "sha256": "cc327ca539cec49301e387ee80f107875f478ea657439e6cbbd0bd187d030706"}, "installed_gt_cases": 4}
IDENTITY_MISSING_STREAM {"event": "RAW_CLEARED", "condition": "q_RNT_g_RNT"}
IDENTITY_MISSING_STREAM {"event": "RAW_READY", "condition": "q_RNT_g_R", "path": "/data/gaob/Re-ID/DeMo-DualAxis/runs/identity_coordinate_missing49_stream_20261005/full/RGBNT100_identity_axis_shared_narrow_s42/q_RNT_g_R/raw.npz", "file": {"bytes": 194564518, "sha256": "8dccd7408055a5d423a2889813b6e928ea5cdbb0d505034cdd0857c4d322ca79"}, "installed_gt_cases": 4}
IDENTITY_MISSING_STREAM {"event": "RAW_CLEARED", "condition": "q_RNT_g_R"}
IDENTITY_MISSING_STREAM {"event": "RAW_READY", "condition": "q_RNT_g_N", "path": "/data/gaob/Re-ID/DeMo-DualAxis/runs/identity_coordinate_missing49_stream_20261005/full/RGBNT100_identity_axis_shared_narrow_s42/q_RNT_g_N/raw.npz", "file": {"bytes": 195146712, "sha256": "89a18192b6ad46736adf841f8f86fa2ea8d4ab2b5a08413dcb4e5fcde7769e09"}, "installed_gt_cases": 4}
IDENTITY_MISSING_STREAM {"event": "RAW_CLEARED", "condition": "q_RNT_g_N"}
IDENTITY_MISSING_STREAM {"event": "RAW_READY", "condition": "q_RNT_g_T", "path": "/data/gaob/Re-ID/DeMo-DualAxis/runs/identity_coordinate_missing49_stream_20261005/full/RGBNT100_identity_axis_shared_narrow_s42/q_RNT_g_T/raw.npz", "file": {"bytes": 189048089, "sha256": "b809f6133a781b55fda72d1f66e0778bf018bb04cab3de7fd97870146dc3c240"}, "installed_gt_cases": 4}
IDENTITY_MISSING_STREAM {"event": "RAW_CLEARED", "condition": "q_RNT_g_T"}
IDENTITY_MISSING_STREAM {"event": "RAW_READY", "condition": "q_RNT_g_RN", "path": "/data/gaob/Re-ID/DeMo-DualAxis/runs/identity_coordinate_missing49_stream_20261005/full/RGBNT100_identity_axis_shared_narrow_s42/q_RNT_g_RN/raw.npz", "file": {"bytes": 196568090, "sha256": "52f7e0eddb6ec0b6e7fa4078257efdf6969028e34f48dfc304ed71955526c073"}, "installed_gt_cases": 4}
IDENTITY_MISSING_STREAM {"event": "RAW_CLEARED", "condition": "q_RNT_g_RN"}
IDENTITY_MISSING_STREAM {"event": "RAW_READY", "condition": "q_RNT_g_RT", "path": "/data/gaob/Re-ID/DeMo-DualAxis/runs/identity_coordinate_missing49_stream_20261005/full/RGBNT100_identity_axis_shared_narrow_s42/q_RNT_g_RT/raw.npz", "file": {"bytes": 197039085, "sha256": "2ad69c907f6e38661b86d90be742d7b1da0b73041bf0bd030e392078b2ca23a1"}, "installed_gt_cases": 4}
IDENTITY_MISSING_STREAM {"event": "RAW_CLEARED", "condition": "q_RNT_g_RT"}
IDENTITY_MISSING_STREAM {"event": "RAW_READY", "condition": "q_RNT_g_NT", "path": "/data/gaob/Re-ID/DeMo-DualAxis/runs/identity_coordinate_missing49_stream_20261005/full/RGBNT100_identity_axis_shared_narrow_s42/q_RNT_g_NT/raw.npz", "file": {"bytes": 197882000, "sha256": "cde95c13d9c6e1e7bff1477f4412dfdd501d4bf6c876e10acb5dd198a88f8ba0"}, "installed_gt_cases": 4}
IDENTITY_MISSING_STREAM {"event": "RAW_CLEARED", "condition": "q_RNT_g_NT"}
IDENTITY_MISSING_STREAM {"event": "RAW_READY", "condition": "q_R_g_RNT", "path": "/data/gaob/Re-ID/DeMo-DualAxis/runs/identity_coordinate_missing49_stream_20261005/full/RGBNT100_identity_axis_shared_narrow_s42/q_R_g_RNT/raw.npz", "file": {"bytes": 194428761, "sha256": "ee03f4a36ca758504401e35fa537c22d458637f140c6341e7d55af2b8572c9e8"}, "installed_gt_cases": 4}
IDENTITY_MISSING_STREAM {"event": "RAW_CLEARED", "condition": "q_R_g_RNT"}
IDENTITY_MISSING_STREAM {"event": "RAW_READY", "condition": "q_R_g_R", "path": "/data/gaob/Re-ID/DeMo-DualAxis/runs/identity_coordinate_missing49_stream_20261005/full/RGBNT100_identity_axis_shared_narrow_s42/q_R_g_R/raw.npz", "file": {"bytes": 202651620, "sha256": "b2c179555128c12d5dc5da5f924e42da9f130c00e22e9798fc5e60b7ac9f95bc"}, "installed_gt_cases": 4}
IDENTITY_MISSING_STREAM {"event": "RAW_CLEARED", "condition": "q_R_g_R"}
IDENTITY_MISSING_STREAM {"event": "RAW_READY", "condition": "q_R_g_N", "path": "/data/gaob/Re-ID/DeMo-DualAxis/runs/identity_coordinate_missing49_stream_20261005/full/RGBNT100_identity_axis_shared_narrow_s42/q_R_g_N/raw.npz", "file": {"bytes": 12336456, "sha256": "826fea357812d200e9146c3785c216c096a42396c0afea01a681a76814471a5a"}, "installed_gt_cases": 4}
IDENTITY_MISSING_STREAM {"event": "RAW_CLEARED", "condition": "q_R_g_N"}
IDENTITY_MISSING_STREAM {"event": "RAW_READY", "condition": "q_R_g_T", "path": "/data/gaob/Re-ID/DeMo-DualAxis/runs/identity_coordinate_missing49_stream_20261005/full/RGBNT100_identity_axis_shared_narrow_s42/q_R_g_T/raw.npz", "file": {"bytes": 12045494, "sha256": "c13959828f7d47e6b2306576db06dfb0a04542b56d314efd4086464a3dc35842"}, "installed_gt_cases": 4}
IDENTITY_MISSING_STREAM {"event": "RAW_CLEARED", "condition": "q_R_g_T"}
IDENTITY_MISSING_STREAM {"event": "RAW_READY", "condition": "q_R_g_RN", "path": "/data/gaob/Re-ID/DeMo-DualAxis/runs/identity_coordinate_missing49_stream_20261005/full/RGBNT100_identity_axis_shared_narrow_s42/q_R_g_RN/raw.npz", "file": {"bytes": 197032255, "sha256": "68a170b04cd0cf7aa943a64db43897b305513e5a60190e1c45e1edee80df9b30"}, "installed_gt_cases": 4}
IDENTITY_MISSING_STREAM {"event": "RAW_CLEARED", "condition": "q_R_g_RN"}
IDENTITY_MISSING_STREAM {"event": "RAW_READY", "condition": "q_R_g_RT", "path": "/data/gaob/Re-ID/DeMo-DualAxis/runs/identity_coordinate_missing49_stream_20261005/full/RGBNT100_identity_axis_shared_narrow_s42/q_R_g_RT/raw.npz", "file": {"bytes": 196793996, "sha256": "ec82b3f852d2be20045cae5e1cccc5b1d0320582e0780530829faa241ac73be0"}, "installed_gt_cases": 4}
IDENTITY_MISSING_STREAM {"event": "RAW_CLEARED", "condition": "q_R_g_RT"}
IDENTITY_MISSING_STREAM {"event": "RAW_READY", "condition": "q_R_g_NT", "path": "/data/gaob/Re-ID/DeMo-DualAxis/runs/identity_coordinate_missing49_stream_20261005/full/RGBNT100_identity_axis_shared_narrow_s42/q_R_g_NT/raw.npz", "file": {"bytes": 12090448, "sha256": "2f37e4c9a70d31429abf4d81de5896a9c09ee415730c39a81904d8e05a9852c9"}, "installed_gt_cases": 4}
IDENTITY_MISSING_STREAM {"event": "RAW_CLEARED", "condition": "q_R_g_NT"}
IDENTITY_MISSING_STREAM {"event": "RAW_READY", "condition": "q_N_g_RNT", "path": "/data/gaob/Re-ID/DeMo-DualAxis/runs/identity_coordinate_missing49_stream_20261005/full/RGBNT100_identity_axis_shared_narrow_s42/q_N_g_RNT/raw.npz", "file": {"bytes": 195092979, "sha256": "f8881841dc8516c3fa6605d114a480f647adbe20c6758252db9a6243a42b461d"}, "installed_gt_cases": 4}
IDENTITY_MISSING_STREAM {"event": "RAW_CLEARED", "condition": "q_N_g_RNT"}
IDENTITY_MISSING_STREAM {"event": "RAW_READY", "condition": "q_N_g_R", "path": "/data/gaob/Re-ID/DeMo-DualAxis/runs/identity_coordinate_missing49_stream_20261005/full/RGBNT100_identity_axis_shared_narrow_s42/q_N_g_R/raw.npz", "file": {"bytes": 12498999, "sha256": "49c007a6c9aac16aebfcf2040030b2c1aca0a25fae70a159a90f6f6cc1e4e9b2"}, "installed_gt_cases": 4}
IDENTITY_MISSING_STREAM {"event": "RAW_CLEARED", "condition": "q_N_g_R"}
IDENTITY_MISSING_STREAM {"event": "RAW_READY", "condition": "q_N_g_N", "path": "/data/gaob/Re-ID/DeMo-DualAxis/runs/identity_coordinate_missing49_stream_20261005/full/RGBNT100_identity_axis_shared_narrow_s42/q_N_g_N/raw.npz", "file": {"bytes": 201578201, "sha256": "3016498653a32cb4c37310e244e11843b53c503fe01f66bd2a77756709fd197c"}, "installed_gt_cases": 4}
IDENTITY_MISSING_STREAM {"event": "RAW_CLEARED", "condition": "q_N_g_N"}
IDENTITY_MISSING_STREAM {"event": "RAW_READY", "condition": "q_N_g_T", "path": "/data/gaob/Re-ID/DeMo-DualAxis/runs/identity_coordinate_missing49_stream_20261005/full/RGBNT100_identity_axis_shared_narrow_s42/q_N_g_T/raw.npz", "file": {"bytes": 12606912, "sha256": "56da93708f3ebda35af1ae66ca4455ba23e491e4ac0a566e237cfc79be5bbb59"}, "installed_gt_cases": 4}
IDENTITY_MISSING_STREAM {"event": "RAW_CLEARED", "condition": "q_N_g_T"}
IDENTITY_MISSING_STREAM {"event": "RAW_READY", "condition": "q_N_g_RN", "path": "/data/gaob/Re-ID/DeMo-DualAxis/runs/identity_coordinate_missing49_stream_20261005/full/RGBNT100_identity_axis_shared_narrow_s42/q_N_g_RN/raw.npz", "file": {"bytes": 197165299, "sha256": "b7ba7b507ba8fc0ffacc127d6f446e0280e7fdd1fd4174f633a61455e6081ba6"}, "installed_gt_cases": 4}
IDENTITY_MISSING_STREAM {"event": "RAW_CLEARED", "condition": "q_N_g_RN"}
IDENTITY_MISSING_STREAM {"event": "RAW_READY", "condition": "q_N_g_RT", "path": "/data/gaob/Re-ID/DeMo-DualAxis/runs/identity_coordinate_missing49_stream_20261005/full/RGBNT100_identity_axis_shared_narrow_s42/q_N_g_RT/raw.npz", "file": {"bytes": 12801973, "sha256": "b012c324616dba268d473babe5187e0f35c7b6e902946b26a8c955d75636caf9"}, "installed_gt_cases": 4}
IDENTITY_MISSING_STREAM {"event": "RAW_CLEARED", "condition": "q_N_g_RT"}
IDENTITY_MISSING_STREAM {"event": "RAW_READY", "condition": "q_N_g_NT", "path": "/data/gaob/Re-ID/DeMo-DualAxis/runs/identity_coordinate_missing49_stream_20261005/full/RGBNT100_identity_axis_shared_narrow_s42/q_N_g_NT/raw.npz", "file": {"bytes": 196735381, "sha256": "b5afd8ebd767d63718261fc2243d3c5ec0a1a28aba1f9f3b745c2ce8e99f92e9"}, "installed_gt_cases": 4}
IDENTITY_MISSING_STREAM {"event": "RAW_CLEARED", "condition": "q_N_g_NT"}
IDENTITY_MISSING_STREAM {"event": "RAW_READY", "condition": "q_T_g_RNT", "path": "/data/gaob/Re-ID/DeMo-DualAxis/runs/identity_coordinate_missing49_stream_20261005/full/RGBNT100_identity_axis_shared_narrow_s42/q_T_g_RNT/raw.npz", "file": {"bytes": 195793518, "sha256": "ec7268ee3b5ecd72e024032e173d5b04c79dc9216663d498bc1f33b2672ffe92"}, "installed_gt_cases": 4}
IDENTITY_MISSING_STREAM {"event": "RAW_CLEARED", "condition": "q_T_g_RNT"}
IDENTITY_MISSING_STREAM {"event": "RAW_READY", "condition": "q_T_g_R", "path": "/data/gaob/Re-ID/DeMo-DualAxis/runs/identity_coordinate_missing49_stream_20261005/full/RGBNT100_identity_axis_shared_narrow_s42/q_T_g_R/raw.npz", "file": {"bytes": 12514295, "sha256": "1b64a39161be5701f3b4313fc88912650ea79b30db71a3796149b872d7b26acf"}, "installed_gt_cases": 4}
IDENTITY_MISSING_STREAM {"event": "RAW_CLEARED", "condition": "q_T_g_R"}
IDENTITY_MISSING_STREAM {"event": "RAW_READY", "condition": "q_T_g_N", "path": "/data/gaob/Re-ID/DeMo-DualAxis/runs/identity_coordinate_missing49_stream_20261005/full/RGBNT100_identity_axis_shared_narrow_s42/q_T_g_N/raw.npz", "file": {"bytes": 12910064, "sha256": "41701ca045c38a3bd453519eeae4f214d3b82aecbdda2f68af22506a364223ff"}, "installed_gt_cases": 4}
IDENTITY_MISSING_STREAM {"event": "RAW_CLEARED", "condition": "q_T_g_N"}
IDENTITY_MISSING_STREAM {"event": "RAW_READY", "condition": "q_T_g_T", "path": "/data/gaob/Re-ID/DeMo-DualAxis/runs/identity_coordinate_missing49_stream_20261005/full/RGBNT100_identity_axis_shared_narrow_s42/q_T_g_T/raw.npz", "file": {"bytes": 194844870, "sha256": "c65044b864f9f527d051a455d2f6bc4d3f8b5f978fddfce8e6b00ec4bf22c9d0"}, "installed_gt_cases": 4}
IDENTITY_MISSING_STREAM {"event": "RAW_CLEARED", "condition": "q_T_g_T"}
IDENTITY_MISSING_STREAM {"event": "RAW_READY", "condition": "q_T_g_RN", "path": "/data/gaob/Re-ID/DeMo-DualAxis/runs/identity_coordinate_missing49_stream_20261005/full/RGBNT100_identity_axis_shared_narrow_s42/q_T_g_RN/raw.npz", "file": {"bytes": 12862763, "sha256": "c485a8504f312fd5d3f04a28864834af5468b9ea6e7aa951d36f8ff9c1db3926"}, "installed_gt_cases": 4}
IDENTITY_MISSING_STREAM {"event": "RAW_CLEARED", "condition": "q_T_g_RN"}
IDENTITY_MISSING_STREAM {"event": "RAW_READY", "condition": "q_T_g_RT", "path": "/data/gaob/Re-ID/DeMo-DualAxis/runs/identity_coordinate_missing49_stream_20261005/full/RGBNT100_identity_axis_shared_narrow_s42/q_T_g_RT/raw.npz", "file": {"bytes": 197848070, "sha256": "55f52e02c063fc6cb705583ee6df56bc2b5e9efa6be7b36b243b831101285df7"}, "installed_gt_cases": 4}
IDENTITY_MISSING_STREAM {"event": "RAW_CLEARED", "condition": "q_T_g_RT"}
IDENTITY_MISSING_STREAM {"event": "RAW_READY", "condition": "q_T_g_NT", "path": "/data/gaob/Re-ID/DeMo-DualAxis/runs/identity_coordinate_missing49_stream_20261005/full/RGBNT100_identity_axis_shared_narrow_s42/q_T_g_NT/raw.npz", "file": {"bytes": 197303298, "sha256": "2cbfbf30bf7e5ec49c2d303d39e6e4aaf4e44992c7ff7fcf9db05cf607b03197"}, "installed_gt_cases": 4}
IDENTITY_MISSING_STREAM {"event": "RAW_CLEARED", "condition": "q_T_g_NT"}
IDENTITY_MISSING_STREAM {"event": "RAW_READY", "condition": "q_RN_g_RNT", "path": "/data/gaob/Re-ID/DeMo-DualAxis/runs/identity_coordinate_missing49_stream_20261005/full/RGBNT100_identity_axis_shared_narrow_s42/q_RN_g_RNT/raw.npz", "file": {"bytes": 196880308, "sha256": "aef721d03833998d14bc06b632b6576d0ae3ad13dc0f38c4342b0059d2b45ba0"}, "installed_gt_cases": 4}
IDENTITY_MISSING_STREAM {"event": "RAW_CLEARED", "condition": "q_RN_g_RNT"}
IDENTITY_MISSING_STREAM {"event": "RAW_READY", "condition": "q_RN_g_R", "path": "/data/gaob/Re-ID/DeMo-DualAxis/runs/identity_coordinate_missing49_stream_20261005/full/RGBNT100_identity_axis_shared_narrow_s42/q_RN_g_R/raw.npz", "file": {"bytes": 197035831, "sha256": "3983226a0b413d1f314a34acbdd64a71def506657df9aaeb8bf28aab77b5e2db"}, "installed_gt_cases": 4}
IDENTITY_MISSING_STREAM {"event": "RAW_CLEARED", "condition": "q_RN_g_R"}
IDENTITY_MISSING_STREAM {"event": "RAW_READY", "condition": "q_RN_g_N", "path": "/data/gaob/Re-ID/DeMo-DualAxis/runs/identity_coordinate_missing49_stream_20261005/full/RGBNT100_identity_axis_shared_narrow_s42/q_RN_g_N/raw.npz", "file": {"bytes": 197340546, "sha256": "ceaab325f0e7e68df4ae506be5bf78ca215535b3b5c73b22a401d6aa8dc45e50"}, "installed_gt_cases": 4}
IDENTITY_MISSING_STREAM {"event": "RAW_CLEARED", "condition": "q_RN_g_N"}
IDENTITY_MISSING_STREAM {"event": "RAW_READY", "condition": "q_RN_g_T", "path": "/data/gaob/Re-ID/DeMo-DualAxis/runs/identity_coordinate_missing49_stream_20261005/full/RGBNT100_identity_axis_shared_narrow_s42/q_RN_g_T/raw.npz", "file": {"bytes": 12766442, "sha256": "9d34613abeb4b2071ee013c8daa42f40c7dbbd66b15afe295b67f1d5be0d73e0"}, "installed_gt_cases": 4}
IDENTITY_MISSING_STREAM {"event": "RAW_CLEARED", "condition": "q_RN_g_T"}
IDENTITY_MISSING_STREAM {"event": "RAW_READY", "condition": "q_RN_g_RN", "path": "/data/gaob/Re-ID/DeMo-DualAxis/runs/identity_coordinate_missing49_stream_20261005/full/RGBNT100_identity_axis_shared_narrow_s42/q_RN_g_RN/raw.npz", "file": {"bytes": 200851285, "sha256": "787af79bccf3dd54050ea3993716b58321cc7a4151c0aaaecd3a765da5f42c15"}, "installed_gt_cases": 4}
IDENTITY_MISSING_STREAM {"event": "RAW_CLEARED", "condition": "q_RN_g_RN"}
IDENTITY_MISSING_STREAM {"event": "RAW_READY", "condition": "q_RN_g_RT", "path": "/data/gaob/Re-ID/DeMo-DualAxis/runs/identity_coordinate_missing49_stream_20261005/full/RGBNT100_identity_axis_shared_narrow_s42/q_RN_g_RT/raw.npz", "file": {"bytes": 193959498, "sha256": "34e191f4143844185e5ae2eedeb04d9b40e8b08c867136c066d51f52fc7f698e"}, "installed_gt_cases": 4}
IDENTITY_MISSING_STREAM {"event": "RAW_CLEARED", "condition": "q_RN_g_RT"}
IDENTITY_MISSING_STREAM {"event": "RAW_READY", "condition": "q_RN_g_NT", "path": "/data/gaob/Re-ID/DeMo-DualAxis/runs/identity_coordinate_missing49_stream_20261005/full/RGBNT100_identity_axis_shared_narrow_s42/q_RN_g_NT/raw.npz", "file": {"bytes": 195159428, "sha256": "cbb7a8f426ad1ed240e8354309d913f95ba8a11829666ed60d2593e62e703499"}, "installed_gt_cases": 4}
IDENTITY_MISSING_STREAM {"event": "RAW_CLEARED", "condition": "q_RN_g_NT"}
IDENTITY_MISSING_STREAM {"event": "RAW_READY", "condition": "q_RT_g_RNT", "path": "/data/gaob/Re-ID/DeMo-DualAxis/runs/identity_coordinate_missing49_stream_20261005/full/RGBNT100_identity_axis_shared_narrow_s42/q_RT_g_RNT/raw.npz", "file": {"bytes": 197027733, "sha256": "c6594694add2bcbba007ab64e4ffe6c5f69b63721681a5c77d957c1d43ee42ce"}, "installed_gt_cases": 4}
IDENTITY_MISSING_STREAM {"event": "RAW_CLEARED", "condition": "q_RT_g_RNT"}
IDENTITY_MISSING_STREAM {"event": "RAW_READY", "condition": "q_RT_g_R", "path": "/data/gaob/Re-ID/DeMo-DualAxis/runs/identity_coordinate_missing49_stream_20261005/full/RGBNT100_identity_axis_shared_narrow_s42/q_RT_g_R/raw.npz", "file": {"bytes": 196662729, "sha256": "28e21349ba1b17515b9a028fe353294c1601d107459eeed60a6392bf706d5b59"}, "installed_gt_cases": 4}
IDENTITY_MISSING_STREAM {"event": "RAW_CLEARED", "condition": "q_RT_g_R"}
IDENTITY_MISSING_STREAM {"event": "RAW_READY", "condition": "q_RT_g_N", "path": "/data/gaob/Re-ID/DeMo-DualAxis/runs/identity_coordinate_missing49_stream_20261005/full/RGBNT100_identity_axis_shared_narrow_s42/q_RT_g_N/raw.npz", "file": {"bytes": 12831157, "sha256": "320c84c3c0d0673072afe635ee43d24e049361f4cfe002a40589fb33776fdcf7"}, "installed_gt_cases": 4}
IDENTITY_MISSING_STREAM {"event": "RAW_CLEARED", "condition": "q_RT_g_N"}
IDENTITY_MISSING_STREAM {"event": "RAW_READY", "condition": "q_RT_g_T", "path": "/data/gaob/Re-ID/DeMo-DualAxis/runs/identity_coordinate_missing49_stream_20261005/full/RGBNT100_identity_axis_shared_narrow_s42/q_RT_g_T/raw.npz", "file": {"bytes": 190905808, "sha256": "19e98f0967213d1c6c502663adcd0fc2de0b035fda395084bfa7d0b16fd25e9c"}, "installed_gt_cases": 4}
IDENTITY_MISSING_STREAM {"event": "RAW_CLEARED", "condition": "q_RT_g_T"}
IDENTITY_MISSING_STREAM {"event": "RAW_READY", "condition": "q_RT_g_RN", "path": "/data/gaob/Re-ID/DeMo-DualAxis/runs/identity_coordinate_missing49_stream_20261005/full/RGBNT100_identity_axis_shared_narrow_s42/q_RT_g_RN/raw.npz", "file": {"bytes": 193683467, "sha256": "77bfc942bcb429e0eb185059a99cf13e2b1bf6a967adf98aad606ec06f98abf8"}, "installed_gt_cases": 4}
IDENTITY_MISSING_STREAM {"event": "RAW_CLEARED", "condition": "q_RT_g_RN"}
IDENTITY_MISSING_STREAM {"event": "RAW_READY", "condition": "q_RT_g_RT", "path": "/data/gaob/Re-ID/DeMo-DualAxis/runs/identity_coordinate_missing49_stream_20261005/full/RGBNT100_identity_axis_shared_narrow_s42/q_RT_g_RT/raw.npz", "file": {"bytes": 200289463, "sha256": "57b8dd208f94d1947556e528ebd32c14a487565f4c53ef4d40e06a38d6e68f30"}, "installed_gt_cases": 4}
IDENTITY_MISSING_STREAM {"event": "RAW_CLEARED", "condition": "q_RT_g_RT"}
IDENTITY_MISSING_STREAM {"event": "RAW_READY", "condition": "q_RT_g_NT", "path": "/data/gaob/Re-ID/DeMo-DualAxis/runs/identity_coordinate_missing49_stream_20261005/full/RGBNT100_identity_axis_shared_narrow_s42/q_RT_g_NT/raw.npz", "file": {"bytes": 195564960, "sha256": "6d682593120f68a4e66f2092fe9b2895f677e7362c1f979e10908ad53029aee3"}, "installed_gt_cases": 4}
IDENTITY_MISSING_STREAM {"event": "RAW_CLEARED", "condition": "q_RT_g_NT"}
IDENTITY_MISSING_STREAM {"event": "RAW_READY", "condition": "q_NT_g_RNT", "path": "/data/gaob/Re-ID/DeMo-DualAxis/runs/identity_coordinate_missing49_stream_20261005/full/RGBNT100_identity_axis_shared_narrow_s42/q_NT_g_RNT/raw.npz", "file": {"bytes": 197888756, "sha256": "a40cbb129031ffe4d1643d42487e0632f4066d837da500fface2acc886db5292"}, "installed_gt_cases": 4}
IDENTITY_MISSING_STREAM {"event": "RAW_CLEARED", "condition": "q_NT_g_RNT"}
IDENTITY_MISSING_STREAM {"event": "RAW_READY", "condition": "q_NT_g_R", "path": "/data/gaob/Re-ID/DeMo-DualAxis/runs/identity_coordinate_missing49_stream_20261005/full/RGBNT100_identity_axis_shared_narrow_s42/q_NT_g_R/raw.npz", "file": {"bytes": 12412791, "sha256": "caf6d46f17b6e0ce5d7bdd0aa526dfaa96b8211e5781766e773f94200773ee61"}, "installed_gt_cases": 4}
IDENTITY_MISSING_STREAM {"event": "RAW_CLEARED", "condition": "q_NT_g_R"}
IDENTITY_MISSING_STREAM {"event": "RAW_READY", "condition": "q_NT_g_N", "path": "/data/gaob/Re-ID/DeMo-DualAxis/runs/identity_coordinate_missing49_stream_20261005/full/RGBNT100_identity_axis_shared_narrow_s42/q_NT_g_N/raw.npz", "file": {"bytes": 196655247, "sha256": "54485e448162ad1df82b4547c33d02082b227c4991c75e43df4048e5f5cc3a46"}, "installed_gt_cases": 4}
IDENTITY_MISSING_STREAM {"event": "RAW_CLEARED", "condition": "q_NT_g_N"}
IDENTITY_MISSING_STREAM {"event": "RAW_READY", "condition": "q_NT_g_T", "path": "/data/gaob/Re-ID/DeMo-DualAxis/runs/identity_coordinate_missing49_stream_20261005/full/RGBNT100_identity_axis_shared_narrow_s42/q_NT_g_T/raw.npz", "file": {"bytes": 190447780, "sha256": "094035a55638a962a5aeff88b824a1bd8b936b412962fc93a10a92f791f65ea9"}, "installed_gt_cases": 4}
IDENTITY_MISSING_STREAM {"event": "RAW_CLEARED", "condition": "q_NT_g_T"}
IDENTITY_MISSING_STREAM {"event": "RAW_READY", "condition": "q_NT_g_RN", "path": "/data/gaob/Re-ID/DeMo-DualAxis/runs/identity_coordinate_missing49_stream_20261005/full/RGBNT100_identity_axis_shared_narrow_s42/q_NT_g_RN/raw.npz", "file": {"bytes": 194764987, "sha256": "ace70edff172eee3f5a2db9d15bedbee2a77ecd446c0a02d4f87a792ac71d69a"}, "installed_gt_cases": 4}
IDENTITY_MISSING_STREAM {"event": "RAW_CLEARED", "condition": "q_NT_g_RN"}
IDENTITY_MISSING_STREAM {"event": "RAW_READY", "condition": "q_NT_g_RT", "path": "/data/gaob/Re-ID/DeMo-DualAxis/runs/identity_coordinate_missing49_stream_20261005/full/RGBNT100_identity_axis_shared_narrow_s42/q_NT_g_RT/raw.npz", "file": {"bytes": 195641210, "sha256": "21ba5e9851db15431a72854d87b113824e9d30d7f2144f8eef9f1c093afcbceb"}, "installed_gt_cases": 4}
IDENTITY_MISSING_STREAM {"event": "RAW_CLEARED", "condition": "q_NT_g_RT"}
IDENTITY_MISSING_STREAM {"event": "RAW_READY", "condition": "q_NT_g_NT", "path": "/data/gaob/Re-ID/DeMo-DualAxis/runs/identity_coordinate_missing49_stream_20261005/full/RGBNT100_identity_axis_shared_narrow_s42/q_NT_g_NT/raw.npz", "file": {"bytes": 200764251, "sha256": "0ef33a105db9bd76dc996e4e62c90efa3ec432fdedf54ba92607cc0894c4d0f3"}, "installed_gt_cases": 4}
IDENTITY_MISSING_STREAM {"event": "RAW_CLEARED", "condition": "q_NT_g_NT"}
IDENTITY_MISSING_STREAM {"event": "EVALUATION_COMPLETE", "conditions": 49, "cases": 196, "optimizer_updates": 0}
