/data/gaob/Re-ID/conda-envs/tri_reid/lib/python3.10/site-packages/timm/models/helpers.py:7: FutureWarning: Importing from timm.models.helpers is deprecated, please import via timm.models
  warnings.warn(f"Importing from {__name__} is deprecated, please import via timm.models", FutureWarning)
/data/gaob/Re-ID/conda-envs/tri_reid/lib/python3.10/site-packages/timm/models/registry.py:4: FutureWarning: Importing from timm.models.registry is deprecated, please import via timm.models
  warnings.warn(f"Importing from {__name__} is deprecated, please import via timm.models", FutureWarning)
/data/gaob/Re-ID/conda-envs/tri_reid/lib/python3.10/site-packages/timm/models/layers/__init__.py:48: FutureWarning: Importing from timm.models.layers is deprecated, please import via timm.layers
  warnings.warn(f"Importing from {__name__} is deprecated, please import via timm.layers", FutureWarning)
using Transformer_type: ViT-B-16 as a backbone
Resized position embedding: %s to %s torch.Size([197, 768]) torch.Size([129, 768])
Position embedding resize to height:8 width: 16
Successfully load ckpt!
<All keys matched successfully>
Loading pretrained model from CLIP
camera number is : 8
DEVELOPMENT_MISSING_CONDITION q_RNT_g_RNT {"mAP": 48.00827999027874, "mINP": 34.20338615064865, "Rank-1": 59.04761904761905, "Rank-5": 70.47619047619048, "Rank-10": 75.71428571428571, "Rank-20": 79.52380952380952}
DEVELOPMENT_MISSING_CONDITION q_RNT_g_NT {"mAP": 39.76152783698589, "mINP": 25.29975325525211, "Rank-1": 47.61904761904761, "Rank-5": 69.04761904761905, "Rank-10": 73.33333333333333, "Rank-20": 80.0}
DEVELOPMENT_MISSING_CONDITION q_RNT_g_RT {"mAP": 43.59779927206206, "mINP": 27.952442028289738, "Rank-1": 53.333333333333336, "Rank-5": 68.0952380952381, "Rank-10": 75.23809523809524, "Rank-20": 79.52380952380952}
DEVELOPMENT_MISSING_CONDITION q_RNT_g_RN {"mAP": 44.46746590983411, "mINP": 31.648634717412172, "Rank-1": 54.761904761904766, "Rank-5": 70.95238095238095, "Rank-10": 75.71428571428571, "Rank-20": 79.52380952380952}
DEVELOPMENT_MISSING_CONDITION q_RNT_g_T {"mAP": 12.59822172135306, "mINP": 4.676174264582465, "Rank-1": 21.428571428571427, "Rank-5": 37.142857142857146, "Rank-10": 47.61904761904761, "Rank-20": 62.38095238095238}
DEVELOPMENT_MISSING_CONDITION q_RNT_g_N {"mAP": 27.728405583534638, "mINP": 14.736010338990024, "Rank-1": 34.285714285714285, "Rank-5": 66.66666666666666, "Rank-10": 72.85714285714285, "Rank-20": 79.04761904761905}
DEVELOPMENT_MISSING_CONDITION q_RNT_g_R {"mAP": 36.3160912927827, "mINP": 22.288617313644675, "Rank-1": 47.14285714285714, "Rank-5": 66.19047619047619, "Rank-10": 74.28571428571429, "Rank-20": 80.47619047619048}
DEVELOPMENT_MISSING_CONDITION q_NT_g_RNT {"mAP": 38.918395989058205, "mINP": 25.390218445693986, "Rank-1": 42.857142857142854, "Rank-5": 69.52380952380952, "Rank-10": 73.80952380952381, "Rank-20": 79.52380952380952}
DEVELOPMENT_MISSING_CONDITION q_NT_g_NT {"mAP": 43.72258497145816, "mINP": 28.692445964591307, "Rank-1": 51.42857142857142, "Rank-5": 70.95238095238095, "Rank-10": 77.14285714285715, "Rank-20": 81.9047619047619}
DEVELOPMENT_MISSING_CONDITION q_NT_g_RT {"mAP": 11.701010248220358, "mINP": 5.477593130667556, "Rank-1": 11.904761904761903, "Rank-5": 33.80952380952381, "Rank-10": 50.95238095238095, "Rank-20": 61.904761904761905}
DEVELOPMENT_MISSING_CONDITION q_NT_g_RN {"mAP": 35.77590954401344, "mINP": 21.95394425106068, "Rank-1": 33.80952380952381, "Rank-5": 70.0, "Rank-10": 77.14285714285715, "Rank-20": 81.42857142857143}
DEVELOPMENT_MISSING_CONDITION q_NT_g_T {"mAP": 17.246826878169173, "mINP": 5.506656133931534, "Rank-1": 25.71428571428571, "Rank-5": 49.523809523809526, "Rank-10": 56.666666666666664, "Rank-20": 65.23809523809524}
DEVELOPMENT_MISSING_CONDITION q_NT_g_N {"mAP": 36.11345022939253, "mINP": 20.32528492067525, "Rank-1": 43.80952380952381, "Rank-5": 69.04761904761905, "Rank-10": 75.71428571428571, "Rank-20": 80.95238095238095}
DEVELOPMENT_MISSING_CONDITION q_NT_g_R {"mAP": 6.316550253709508, "mINP": 6.2526671963314655, "Rank-1": 0.0, "Rank-5": 15.714285714285714, "Rank-10": 16.666666666666664, "Rank-20": 37.61904761904762}
DEVELOPMENT_MISSING_CONDITION q_RT_g_RNT {"mAP": 44.27228959315136, "mINP": 28.140683228626244, "Rank-1": 49.523809523809526, "Rank-5": 65.71428571428571, "Rank-10": 71.9047619047619, "Rank-20": 80.95238095238095}
DEVELOPMENT_MISSING_CONDITION q_RT_g_NT {"mAP": 15.359009581619812, "mINP": 6.345797978075997, "Rank-1": 21.904761904761905, "Rank-5": 43.80952380952381, "Rank-10": 54.285714285714285, "Rank-20": 68.0952380952381}
DEVELOPMENT_MISSING_CONDITION q_RT_g_RT {"mAP": 44.885314792606, "mINP": 29.49785526506562, "Rank-1": 55.23809523809524, "Rank-5": 67.61904761904762, "Rank-10": 73.80952380952381, "Rank-20": 80.47619047619048}
DEVELOPMENT_MISSING_CONDITION q_RT_g_RN {"mAP": 38.36641652600885, "mINP": 26.181996862146267, "Rank-1": 40.0, "Rank-5": 60.476190476190474, "Rank-10": 70.0, "Rank-20": 79.52380952380952}
DEVELOPMENT_MISSING_CONDITION q_RT_g_T {"mAP": 16.781332915941732, "mINP": 5.372549038353778, "Rank-1": 24.761904761904763, "Rank-5": 49.523809523809526, "Rank-10": 58.0952380952381, "Rank-20": 65.71428571428571}
DEVELOPMENT_MISSING_CONDITION q_RT_g_N {"mAP": 8.972389578256774, "mINP": 5.322985767068074, "Rank-1": 12.380952380952381, "Rank-5": 17.61904761904762, "Rank-10": 18.571428571428573, "Rank-20": 34.285714285714285}
DEVELOPMENT_MISSING_CONDITION q_RT_g_R {"mAP": 39.161317125515374, "mINP": 24.293698711429222, "Rank-1": 51.42857142857142, "Rank-5": 67.14285714285714, "Rank-10": 73.80952380952381, "Rank-20": 81.9047619047619}
DEVELOPMENT_MISSING_CONDITION q_RN_g_RNT {"mAP": 45.39310667092562, "mINP": 32.994694856444276, "Rank-1": 54.761904761904766, "Rank-5": 70.0, "Rank-10": 76.66666666666667, "Rank-20": 80.47619047619048}
DEVELOPMENT_MISSING_CONDITION q_RN_g_NT {"mAP": 38.75735685701935, "mINP": 24.364640999667635, "Rank-1": 42.857142857142854, "Rank-5": 70.95238095238095, "Rank-10": 75.71428571428571, "Rank-20": 81.9047619047619}
DEVELOPMENT_MISSING_CONDITION q_RN_g_RT {"mAP": 41.089507295138176, "mINP": 27.771100956679962, "Rank-1": 49.523809523809526, "Rank-5": 63.8095238095238, "Rank-10": 70.47619047619048, "Rank-20": 80.0}
DEVELOPMENT_MISSING_CONDITION q_RN_g_RN {"mAP": 46.35165009058787, "mINP": 33.07608098739841, "Rank-1": 55.23809523809524, "Rank-5": 71.42857142857143, "Rank-10": 77.61904761904762, "Rank-20": 80.95238095238095}
DEVELOPMENT_MISSING_CONDITION q_RN_g_T {"mAP": 6.329191718043882, "mINP": 3.9673340548301184, "Rank-1": 7.6190476190476195, "Rank-5": 22.380952380952383, "Rank-10": 22.857142857142858, "Rank-20": 32.857142857142854}
DEVELOPMENT_MISSING_CONDITION q_RN_g_N {"mAP": 34.93351827701313, "mINP": 18.794957104263858, "Rank-1": 43.333333333333336, "Rank-5": 69.04761904761905, "Rank-10": 74.76190476190476, "Rank-20": 81.42857142857143}
DEVELOPMENT_MISSING_CONDITION q_RN_g_R {"mAP": 37.68597043679065, "mINP": 23.778484172200873, "Rank-1": 49.523809523809526, "Rank-5": 66.19047619047619, "Rank-10": 74.28571428571429, "Rank-20": 81.42857142857143}
DEVELOPMENT_MISSING_CONDITION q_T_g_RNT {"mAP": 11.842513689896787, "mINP": 5.48990144159172, "Rank-1": 11.904761904761903, "Rank-5": 30.476190476190478, "Rank-10": 50.95238095238095, "Rank-20": 60.0}
DEVELOPMENT_MISSING_CONDITION q_T_g_NT {"mAP": 16.088404743830147, "mINP": 5.8309907152658855, "Rank-1": 25.238095238095237, "Rank-5": 49.047619047619044, "Rank-10": 56.19047619047619, "Rank-20": 64.28571428571429}
DEVELOPMENT_MISSING_CONDITION q_T_g_RT {"mAP": 13.98325552600813, "mINP": 5.757938654485945, "Rank-1": 18.571428571428573, "Rank-5": 45.23809523809524, "Rank-10": 56.19047619047619, "Rank-20": 64.76190476190476}
DEVELOPMENT_MISSING_CONDITION q_T_g_RN {"mAP": 6.742291995984346, "mINP": 5.789701172688234, "Rank-1": 0.0, "Rank-5": 13.333333333333334, "Rank-10": 15.714285714285714, "Rank-20": 26.666666666666668}
DEVELOPMENT_MISSING_CONDITION q_T_g_T {"mAP": 20.19653573819025, "mINP": 6.334065328163787, "Rank-1": 35.23809523809524, "Rank-5": 54.761904761904766, "Rank-10": 62.38095238095238, "Rank-20": 66.19047619047619}
DEVELOPMENT_MISSING_CONDITION q_T_g_N {"mAP": 8.780973137324922, "mINP": 5.251956757892176, "Rank-1": 10.476190476190476, "Rank-5": 15.238095238095239, "Rank-10": 18.571428571428573, "Rank-20": 33.80952380952381}
DEVELOPMENT_MISSING_CONDITION q_T_g_R {"mAP": 6.178532791345036, "mINP": 6.177789798077062, "Rank-1": 0.0, "Rank-5": 15.238095238095239, "Rank-10": 16.19047619047619, "Rank-20": 37.142857142857146}
DEVELOPMENT_MISSING_CONDITION q_N_g_RNT {"mAP": 37.05218495444768, "mINP": 23.687786437907906, "Rank-1": 35.23809523809524, "Rank-5": 69.04761904761905, "Rank-10": 75.71428571428571, "Rank-20": 80.47619047619048}
DEVELOPMENT_MISSING_CONDITION q_N_g_NT {"mAP": 39.319747185147335, "mINP": 24.586132844336063, "Rank-1": 44.285714285714285, "Rank-5": 72.85714285714285, "Rank-10": 79.52380952380952, "Rank-20": 87.14285714285714}
DEVELOPMENT_MISSING_CONDITION q_N_g_RT {"mAP": 6.184575588486983, "mINP": 5.360124916062146, "Rank-1": 0.0, "Rank-5": 8.571428571428571, "Rank-10": 20.952380952380953, "Rank-20": 31.428571428571427}
DEVELOPMENT_MISSING_CONDITION q_N_g_RN {"mAP": 37.14135049831564, "mINP": 22.00207482259931, "Rank-1": 38.095238095238095, "Rank-5": 74.76190476190476, "Rank-10": 79.04761904761905, "Rank-20": 83.80952380952381}
DEVELOPMENT_MISSING_CONDITION q_N_g_T {"mAP": 6.247826420620816, "mINP": 3.9641009282252275, "Rank-1": 7.6190476190476195, "Rank-5": 22.380952380952383, "Rank-10": 22.857142857142858, "Rank-20": 32.38095238095238}
DEVELOPMENT_MISSING_CONDITION q_N_g_N {"mAP": 39.87219655020603, "mINP": 22.91539818066657, "Rank-1": 47.61904761904761, "Rank-5": 74.76190476190476, "Rank-10": 80.0, "Rank-20": 84.76190476190476}
DEVELOPMENT_MISSING_CONDITION q_N_g_R {"mAP": 6.46512177578458, "mINP": 6.277537495138342, "Rank-1": 0.0, "Rank-5": 16.19047619047619, "Rank-10": 18.571428571428573, "Rank-20": 37.61904761904762}
DEVELOPMENT_MISSING_CONDITION q_R_g_RNT {"mAP": 37.69584959064854, "mINP": 24.580262219980106, "Rank-1": 43.333333333333336, "Rank-5": 60.476190476190474, "Rank-10": 65.71428571428571, "Rank-20": 78.0952380952381}
DEVELOPMENT_MISSING_CONDITION q_R_g_NT {"mAP": 7.359104895149786, "mINP": 6.299155806934685, "Rank-1": 0.9523809523809524, "Rank-5": 19.047619047619047, "Rank-10": 21.904761904761905, "Rank-20": 40.95238095238095}
DEVELOPMENT_MISSING_CONDITION q_R_g_RT {"mAP": 40.40700195371054, "mINP": 27.030808329373667, "Rank-1": 47.61904761904761, "Rank-5": 61.42857142857143, "Rank-10": 67.61904761904762, "Rank-20": 78.57142857142857}
DEVELOPMENT_MISSING_CONDITION q_R_g_RN {"mAP": 37.18289261464414, "mINP": 24.42063562137033, "Rank-1": 39.04761904761905, "Rank-5": 60.0, "Rank-10": 67.61904761904762, "Rank-20": 77.14285714285715}
DEVELOPMENT_MISSING_CONDITION q_R_g_T {"mAP": 6.475142091833123, "mINP": 3.9686680992683505, "Rank-1": 7.6190476190476195, "Rank-5": 21.428571428571427, "Rank-10": 23.333333333333332, "Rank-20": 32.857142857142854}
DEVELOPMENT_MISSING_CONDITION q_R_g_N {"mAP": 9.237208703177194, "mINP": 5.3956398906076775, "Rank-1": 13.333333333333334, "Rank-5": 16.666666666666664, "Rank-10": 18.571428571428573, "Rank-20": 36.666666666666664}
DEVELOPMENT_MISSING_CONDITION q_R_g_R {"mAP": 40.307119714634695, "mINP": 25.604177667918176, "Rank-1": 52.38095238095239, "Rank-5": 63.33333333333333, "Rank-10": 72.85714285714285, "Rank-20": 79.52380952380952}
