PASS reviewed_new_sources_match_supplied_receipt
PASS frozen_v4_and_active_missing_sources_unchanged
PASS new_and_direct_parent_source_syntax
PASS same_constructor_capacity_state_and_rng_sequence
PASS forward_exact_ast_except_explicit_mass_and_reference_metadata
PASS fuse_exact_v4_ast_except_post_normalization_m_i_mass
PASS fixed_parent_variant_normalized_structured_fullref
PASS runner_write_json_exact_ast
PASS runner_configuration_exact_ast
PASS runner_evaluate_exact_ast
PASS runner_step_exact_ast
PASS runner_main_entire_ast_same_after_declared_metadata_and_variant
PASS runner_build_same_seed_public_initialization_and_loss_weight
PASS no_additional_import_side_effect_or_parameter_allocation
FAIL full11_target_stopped_single_reference_and_shared_indices
PASS closed_state_call_wiring_has_no_opposite_evidence_or_full_route
PASS m_only_source_branch_recomputes_own_mass_all_seven_masks
PASS full_source_branch_uses_explicit_joint_mass
PASS normal_and_six_missing_masks_have_correct_mass_and_scale
PASS uniform_relation_mass_exactly_reduces_to_v4_algebra
PASS old_conditional_pooling_cancels_relation_logits
PASS m_and_i_post_normalization_mass_has_a_s_derivative
PASS mass_not_detached_and_outer_gates_remain_independent
PASS initial_scale_bound_and_unchanged_frequency_path
{"status": "BLOCKED", "checks_count": 24, "failed_checks": ["full11_target_stopped_single_reference_and_shared_indices"]}
