/data/gaob/Re-ID/conda-envs/tri_reid/lib/python3.10/site-packages/timm/models/helpers.py:7: FutureWarning: Importing from timm.models.helpers is deprecated, please import via timm.models
  warnings.warn(f"Importing from {__name__} is deprecated, please import via timm.models", FutureWarning)
/data/gaob/Re-ID/conda-envs/tri_reid/lib/python3.10/site-packages/timm/models/registry.py:4: FutureWarning: Importing from timm.models.registry is deprecated, please import via timm.models
  warnings.warn(f"Importing from {__name__} is deprecated, please import via timm.models", FutureWarning)
/data/gaob/Re-ID/conda-envs/tri_reid/lib/python3.10/site-packages/timm/models/layers/__init__.py:48: FutureWarning: Importing from timm.models.layers is deprecated, please import via timm.layers
  warnings.warn(f"Importing from {__name__} is deprecated, please import via timm.layers", FutureWarning)
using Transformer_type: ViT-B-16 as a backbone
Resized position embedding: %s to %s torch.Size([197, 768]) torch.Size([129, 768])
Position embedding resize to height:8 width: 16
Successfully load ckpt!
<All keys matched successfully>
Loading pretrained model from CLIP
camera number is : 8
DEVELOPMENT_MISSING_CONDITION clean {"mAP": 87.40450067975267, "mINP": 66.08434418063683, "Rank-1": 93.824, "Rank-5": 94.848, "Rank-10": 95.776, "Rank-20": 96.832}
DEVELOPMENT_MISSING_CONDITION both_missing_r {"mAP": 82.45932722540913, "mINP": 54.31904481792154, "Rank-1": 90.848, "Rank-5": 92.0, "Rank-10": 92.99199999999999, "Rank-20": 94.91199999999999}
DEVELOPMENT_MISSING_CONDITION query_missing_r {"mAP": 76.36145359099275, "mINP": 49.64793353204114, "Rank-1": 86.528, "Rank-5": 89.152, "Rank-10": 90.08, "Rank-20": 91.93599999999999}
DEVELOPMENT_MISSING_CONDITION both_missing_n {"mAP": 87.07708826981663, "mINP": 62.990539935700674, "Rank-1": 97.21600000000001, "Rank-5": 97.696, "Rank-10": 97.952, "Rank-20": 98.272}
DEVELOPMENT_MISSING_CONDITION query_missing_n {"mAP": 79.48050844885762, "mINP": 55.699834819121804, "Rank-1": 90.848, "Rank-5": 93.24799999999999, "Rank-10": 94.432, "Rank-20": 97.248}
DEVELOPMENT_MISSING_CONDITION both_missing_t {"mAP": 77.14195671352184, "mINP": 51.11416318848546, "Rank-1": 86.048, "Rank-5": 88.032, "Rank-10": 89.312, "Rank-20": 91.104}
DEVELOPMENT_MISSING_CONDITION query_missing_t {"mAP": 66.51394184300699, "mINP": 46.39250786075533, "Rank-1": 72.736, "Rank-5": 74.656, "Rank-10": 76.768, "Rank-20": 80.512}
DEVELOPMENT_MISSING_CONDITION both_missing_rn {"mAP": 50.97826351459091, "mINP": 23.09976021570176, "Rank-1": 69.312, "Rank-5": 75.52, "Rank-10": 79.84, "Rank-20": 85.152}
DEVELOPMENT_MISSING_CONDITION query_missing_rn {"mAP": 26.32614605233136, "mINP": 16.22544448431431, "Rank-1": 26.272000000000002, "Rank-5": 30.752000000000002, "Rank-10": 32.48, "Rank-20": 35.327999999999996}
DEVELOPMENT_MISSING_CONDITION both_missing_rt {"mAP": 66.51423576134607, "mINP": 40.92194815916223, "Rank-1": 79.776, "Rank-5": 82.592, "Rank-10": 83.488, "Rank-20": 84.86399999999999}
DEVELOPMENT_MISSING_CONDITION query_missing_rt {"mAP": 37.03733260031559, "mINP": 27.96815659564174, "Rank-1": 34.592, "Rank-5": 36.736000000000004, "Rank-10": 37.92, "Rank-20": 39.328}
DEVELOPMENT_MISSING_CONDITION both_missing_nt {"mAP": 75.98023666431135, "mINP": 52.603345689220596, "Rank-1": 87.68, "Rank-5": 90.848, "Rank-10": 92.384, "Rank-20": 93.728}
DEVELOPMENT_MISSING_CONDITION query_missing_nt {"mAP": 41.01414007563889, "mINP": 34.20397346422918, "Rank-1": 36.896, "Rank-5": 39.296, "Rank-10": 40.576, "Rank-20": 43.04}
