/data/gaob/Re-ID/conda-envs/tri_reid/lib/python3.10/site-packages/timm/models/helpers.py:7: FutureWarning: Importing from timm.models.helpers is deprecated, please import via timm.models
  warnings.warn(f"Importing from {__name__} is deprecated, please import via timm.models", FutureWarning)
/data/gaob/Re-ID/conda-envs/tri_reid/lib/python3.10/site-packages/timm/models/registry.py:4: FutureWarning: Importing from timm.models.registry is deprecated, please import via timm.models
  warnings.warn(f"Importing from {__name__} is deprecated, please import via timm.models", FutureWarning)
/data/gaob/Re-ID/conda-envs/tri_reid/lib/python3.10/site-packages/timm/models/layers/__init__.py:48: FutureWarning: Importing from timm.models.layers is deprecated, please import via timm.layers
  warnings.warn(f"Importing from {__name__} is deprecated, please import via timm.layers", FutureWarning)
using Transformer_type: ViT-B-16 as a backbone
Resized position embedding: %s to %s torch.Size([197, 768]) torch.Size([129, 768])
Position embedding resize to height:8 width: 16
Successfully load ckpt!
<All keys matched successfully>
Loading pretrained model from CLIP
camera number is : 8
OFFICIAL_49 RGBNT100 demo_shared q_RNT_g_RNT {"mAP": 85.45821226625982, "mINP": 63.973888212871124, "Rank-1": 95.97667638483965, "Rank-5": 96.44314868804665, "Rank-10": 96.73469387755102, "Rank-20": 97.08454810495627}
OFFICIAL_49 RGBNT100 demo_shared q_RNT_g_R {"mAP": 65.64891925510007, "mINP": 39.23171538867921, "Rank-1": 79.24198250728864, "Rank-5": 83.2069970845481, "Rank-10": 84.8396501457726, "Rank-20": 87.63848396501459}
OFFICIAL_49 RGBNT100 demo_shared q_RNT_g_N {"mAP": 59.5438201333029, "mINP": 33.516951789031445, "Rank-1": 73.87755102040816, "Rank-5": 78.54227405247813, "Rank-10": 80.52478134110788, "Rank-20": 83.49854227405248}
OFFICIAL_49 RGBNT100 demo_shared q_RNT_g_T {"mAP": 42.31398665488608, "mINP": 19.589357820530314, "Rank-1": 58.075801749271136, "Rank-5": 63.9067055393586, "Rank-10": 68.10495626822157, "Rank-20": 74.40233236151603}
OFFICIAL_49 RGBNT100 demo_shared q_RNT_g_RN {"mAP": 72.26118678473141, "mINP": 48.49658377357105, "Rank-1": 87.52186588921282, "Rank-5": 88.62973760932945, "Rank-10": 89.97084548104957, "Rank-20": 91.13702623906705}
OFFICIAL_49 RGBNT100 demo_shared q_RNT_g_RT {"mAP": 84.53820757608935, "mINP": 59.36850883403972, "Rank-1": 96.20991253644316, "Rank-5": 96.90962099125365, "Rank-10": 97.31778425655978, "Rank-20": 97.84256559766764}
OFFICIAL_49 RGBNT100 demo_shared q_RNT_g_NT {"mAP": 80.62124727147155, "mINP": 54.2573630376476, "Rank-1": 92.76967930029154, "Rank-5": 94.16909620991254, "Rank-10": 94.92711370262391, "Rank-20": 95.97667638483965}
OFFICIAL_49 RGBNT100 demo_shared q_R_g_RNT {"mAP": 63.9777780003763, "mINP": 40.6452871351814, "Rank-1": 74.22740524781342, "Rank-5": 77.55102040816327, "Rank-10": 80.05830903790087, "Rank-20": 83.14868804664724}
OFFICIAL_49 RGBNT100 demo_shared q_R_g_R {"mAP": 64.36690472412144, "mINP": 37.229267962980636, "Rank-1": 82.79883381924198, "Rank-5": 85.48104956268222, "Rank-10": 87.34693877551021, "Rank-20": 89.50437317784257}
OFFICIAL_49 RGBNT100 demo_shared q_R_g_N {"mAP": 46.49837248748533, "mINP": 24.819304269142396, "Rank-1": 58.13411078717201, "Rank-5": 62.332361516034986, "Rank-10": 64.54810495626823, "Rank-20": 68.80466472303208}
OFFICIAL_49 RGBNT100 demo_shared q_R_g_T {"mAP": 14.83722417482606, "mINP": 7.887092814062237, "Rank-1": 17.20116618075802, "Rank-5": 21.516034985422742, "Rank-10": 23.38192419825073, "Rank-20": 26.355685131195333}
OFFICIAL_49 RGBNT100 demo_shared q_R_g_RN {"mAP": 63.73801410891847, "mINP": 38.8760328349034, "Rank-1": 77.9591836734694, "Rank-5": 80.99125364431487, "Rank-10": 83.6734693877551, "Rank-20": 85.83090379008746}
OFFICIAL_49 RGBNT100 demo_shared q_R_g_RT {"mAP": 60.77564730078638, "mINP": 37.37347196873523, "Rank-1": 70.08746355685132, "Rank-5": 73.99416909620992, "Rank-10": 76.38483965014578, "Rank-20": 79.76676384839651}
OFFICIAL_49 RGBNT100 demo_shared q_R_g_NT {"mAP": 43.65614943629867, "mINP": 24.561627023681158, "Rank-1": 49.38775510204081, "Rank-5": 54.16909620991254, "Rank-10": 57.31778425655977, "Rank-20": 61.10787172011661}
OFFICIAL_49 RGBNT100 demo_shared q_N_g_RNT {"mAP": 58.181896768288986, "mINP": 35.00740902930692, "Rank-1": 70.02915451895045, "Rank-5": 73.06122448979592, "Rank-10": 74.57725947521865, "Rank-20": 76.61807580174927}
OFFICIAL_49 RGBNT100 demo_shared q_N_g_R {"mAP": 45.199279653961085, "mINP": 27.27854215912926, "Rank-1": 53.76093294460641, "Rank-5": 57.14285714285714, "Rank-10": 59.94169096209912, "Rank-20": 62.91545189504373}
OFFICIAL_49 RGBNT100 demo_shared q_N_g_N {"mAP": 56.45155108292833, "mINP": 30.08791821917807, "Rank-1": 73.8192419825073, "Rank-5": 76.90962099125365, "Rank-10": 79.067055393586, "Rank-20": 82.0408163265306}
OFFICIAL_49 RGBNT100 demo_shared q_N_g_T {"mAP": 13.217849503750658, "mINP": 7.341976922926719, "Rank-1": 14.518950437317784, "Rank-5": 17.84256559766764, "Rank-10": 19.7667638483965, "Rank-20": 23.965014577259474}
OFFICIAL_49 RGBNT100 demo_shared q_N_g_RN {"mAP": 56.287611147896484, "mINP": 34.36071635163089, "Rank-1": 65.65597667638484, "Rank-5": 69.50437317784257, "Rank-10": 71.60349854227405, "Rank-20": 75.45189504373178}
OFFICIAL_49 RGBNT100 demo_shared q_N_g_RT {"mAP": 44.226051212432935, "mINP": 27.26898215168767, "Rank-1": 52.12827988338192, "Rank-5": 56.15160349854227, "Rank-10": 57.7259475218659, "Rank-20": 61.1661807580175}
OFFICIAL_49 RGBNT100 demo_shared q_N_g_NT {"mAP": 55.6545455484566, "mINP": 31.42745323382196, "Rank-1": 67.69679300291546, "Rank-5": 71.25364431486881, "Rank-10": 73.58600583090379, "Rank-20": 76.73469387755102}
OFFICIAL_49 RGBNT100 demo_shared q_T_g_RNT {"mAP": 43.239731709084126, "mINP": 22.773300705691526, "Rank-1": 54.11078717201166, "Rank-5": 57.667638483965014, "Rank-10": 61.34110787172011, "Rank-20": 64.89795918367346}
OFFICIAL_49 RGBNT100 demo_shared q_T_g_R {"mAP": 13.700207277127385, "mINP": 8.895324172913474, "Rank-1": 14.285714285714285, "Rank-5": 16.38483965014577, "Rank-10": 18.017492711370263, "Rank-20": 19.825072886297377}
OFFICIAL_49 RGBNT100 demo_shared q_T_g_N {"mAP": 14.235802218334747, "mINP": 7.87236647507746, "Rank-1": 14.810495626822156, "Rank-5": 16.793002915451897, "Rank-10": 18.134110787172013, "Rank-20": 20.58309037900875}
OFFICIAL_49 RGBNT100 demo_shared q_T_g_T {"mAP": 48.28261369637379, "mINP": 21.20439296426717, "Rank-1": 73.99416909620992, "Rank-5": 78.71720116618076, "Rank-10": 81.80758017492712, "Rank-20": 85.71428571428571}
OFFICIAL_49 RGBNT100 demo_shared q_T_g_RN {"mAP": 14.949202282660718, "mINP": 9.69768294033176, "Rank-1": 14.69387755102041, "Rank-5": 16.73469387755102, "Rank-10": 18.192419825072886, "Rank-20": 20.0}
OFFICIAL_49 RGBNT100 demo_shared q_T_g_RT {"mAP": 46.68699314317541, "mINP": 23.19607918869474, "Rank-1": 61.63265306122449, "Rank-5": 65.94752186588921, "Rank-10": 68.22157434402332, "Rank-20": 71.66180758017492}
OFFICIAL_49 RGBNT100 demo_shared q_T_g_NT {"mAP": 47.0202668031868, "mINP": 22.93446715172723, "Rank-1": 64.72303206997084, "Rank-5": 69.91253644314868, "Rank-10": 73.11953352769679, "Rank-20": 76.03498542274052}
OFFICIAL_49 RGBNT100 demo_shared q_RN_g_RNT {"mAP": 68.86024779122556, "mINP": 45.486930518509126, "Rank-1": 81.22448979591836, "Rank-5": 83.26530612244898, "Rank-10": 84.8396501457726, "Rank-20": 86.82215743440234}
OFFICIAL_49 RGBNT100 demo_shared q_RN_g_R {"mAP": 65.3127558399602, "mINP": 38.407819774389665, "Rank-1": 81.80758017492712, "Rank-5": 84.08163265306122, "Rank-10": 86.06413994169097, "Rank-20": 88.39650145772595}
OFFICIAL_49 RGBNT100 demo_shared q_RN_g_N {"mAP": 58.11572648313192, "mINP": 32.06345109486614, "Rank-1": 74.81049562682216, "Rank-5": 77.37609329446065, "Rank-10": 79.30029154518951, "Rank-20": 83.03206997084548}
OFFICIAL_49 RGBNT100 demo_shared q_RN_g_T {"mAP": 14.321798718780718, "mINP": 7.531631351562, "Rank-1": 16.268221574344025, "Rank-5": 20.52478134110787, "Rank-10": 22.332361516034986, "Rank-20": 24.78134110787172}
OFFICIAL_49 RGBNT100 demo_shared q_RN_g_RN {"mAP": 70.43982484708302, "mINP": 45.81856550216846, "Rank-1": 85.48104956268222, "Rank-5": 87.63848396501459, "Rank-10": 88.86297376093295, "Rank-20": 90.67055393586006}
OFFICIAL_49 RGBNT100 demo_shared q_RN_g_RT {"mAP": 63.35035779927897, "mINP": 38.449613796149585, "Rank-1": 75.21865889212827, "Rank-5": 79.47521865889213, "Rank-10": 81.34110787172013, "Rank-20": 82.79883381924198}
OFFICIAL_49 RGBNT100 demo_shared q_RN_g_NT {"mAP": 56.53180802867006, "mINP": 32.54753422101538, "Rank-1": 67.28862973760933, "Rank-5": 71.07871720116619, "Rank-10": 73.11953352769679, "Rank-20": 76.96793002915452}
OFFICIAL_49 RGBNT100 demo_shared q_RT_g_RNT {"mAP": 84.76603208819502, "mINP": 60.633114422097265, "Rank-1": 95.3935860058309, "Rank-5": 96.26822157434403, "Rank-10": 96.50145772594753, "Rank-20": 97.14285714285714}
OFFICIAL_49 RGBNT100 demo_shared q_RT_g_R {"mAP": 65.8213337917274, "mINP": 38.59333654545365, "Rank-1": 81.16618075801749, "Rank-5": 84.19825072886297, "Rank-10": 86.23906705539358, "Rank-20": 89.03790087463557}
OFFICIAL_49 RGBNT100 demo_shared q_RT_g_N {"mAP": 44.56535038473039, "mINP": 23.089402327809506, "Rank-1": 55.39358600583091, "Rank-5": 59.416909620991255, "Rank-10": 62.21574344023324, "Rank-20": 66.29737609329446}
OFFICIAL_49 RGBNT100 demo_shared q_RT_g_T {"mAP": 47.08656796020924, "mINP": 21.008667757612994, "Rank-1": 67.93002915451895, "Rank-5": 75.27696793002916, "Rank-10": 78.89212827988338, "Rank-20": 82.39067055393586}
OFFICIAL_49 RGBNT100 demo_shared q_RT_g_RN {"mAP": 66.35250814350617, "mINP": 40.92500576295152, "Rank-1": 78.65889212827987, "Rank-5": 82.68221574344024, "Rank-10": 84.25655976676384, "Rank-20": 87.75510204081633}
OFFICIAL_49 RGBNT100 demo_shared q_RT_g_RT {"mAP": 85.07644238040962, "mINP": 59.534246445468085, "Rank-1": 96.44314868804665, "Rank-5": 96.67638483965014, "Rank-10": 96.73469387755102, "Rank-20": 96.96793002915452}
OFFICIAL_49 RGBNT100 demo_shared q_RT_g_NT {"mAP": 68.46622947014703, "mINP": 38.2777757430894, "Rank-1": 86.1807580174927, "Rank-5": 88.57142857142857, "Rank-10": 89.4460641399417, "Rank-20": 91.07871720116619}
OFFICIAL_49 RGBNT100 demo_shared q_NT_g_RNT {"mAP": 79.60306090586171, "mINP": 55.01076810359786, "Rank-1": 91.13702623906705, "Rank-5": 92.8862973760933, "Rank-10": 93.76093294460641, "Rank-20": 94.75218658892129}
OFFICIAL_49 RGBNT100 demo_shared q_NT_g_R {"mAP": 44.406824589311164, "mINP": 26.529880300556897, "Rank-1": 51.66180758017492, "Rank-5": 55.56851311953353, "Rank-10": 58.01749271137027, "Rank-20": 60.99125364431487}
OFFICIAL_49 RGBNT100 demo_shared q_NT_g_N {"mAP": 58.944918227199054, "mINP": 32.77381170172459, "Rank-1": 74.40233236151603, "Rank-5": 79.12536443148687, "Rank-10": 80.81632653061224, "Rank-20": 83.2069970845481}
OFFICIAL_49 RGBNT100 demo_shared q_NT_g_T {"mAP": 47.535896101967055, "mINP": 21.00981634680688, "Rank-1": 68.57142857142857, "Rank-5": 73.87755102040816, "Rank-10": 77.31778425655976, "Rank-20": 81.63265306122449}
OFFICIAL_49 RGBNT100 demo_shared q_NT_g_RN {"mAP": 58.56944095284873, "mINP": 36.067206884299814, "Rank-1": 69.09620991253644, "Rank-5": 72.01166180758017, "Rank-10": 74.22740524781342, "Rank-20": 78.19241982507289}
OFFICIAL_49 RGBNT100 demo_shared q_NT_g_RT {"mAP": 66.70992814339516, "mINP": 38.716395076385965, "Rank-1": 81.63265306122449, "Rank-5": 83.6734693877551, "Rank-10": 84.66472303206997, "Rank-20": 86.29737609329446}
OFFICIAL_49 RGBNT100 demo_shared q_NT_g_NT {"mAP": 80.36071654972261, "mINP": 54.45866311907304, "Rank-1": 92.76967930029154, "Rank-5": 93.70262390670554, "Rank-10": 94.63556851311954, "Rank-20": 95.51020408163265}
