/data/gaob/Re-ID/conda-envs/tri_reid/lib/python3.10/site-packages/timm/models/helpers.py:7: FutureWarning: Importing from timm.models.helpers is deprecated, please import via timm.models
  warnings.warn(f"Importing from {__name__} is deprecated, please import via timm.models", FutureWarning)
/data/gaob/Re-ID/conda-envs/tri_reid/lib/python3.10/site-packages/timm/models/registry.py:4: FutureWarning: Importing from timm.models.registry is deprecated, please import via timm.models
  warnings.warn(f"Importing from {__name__} is deprecated, please import via timm.models", FutureWarning)
/data/gaob/Re-ID/conda-envs/tri_reid/lib/python3.10/site-packages/timm/models/layers/__init__.py:48: FutureWarning: Importing from timm.models.layers is deprecated, please import via timm.layers
  warnings.warn(f"Importing from {__name__} is deprecated, please import via timm.layers", FutureWarning)
using Transformer_type: ViT-B-16 as a backbone
Resized position embedding: %s to %s torch.Size([197, 768]) torch.Size([129, 768])
Position embedding resize to height:16 width: 8
Successfully load ckpt!
<All keys matched successfully>
Loading pretrained model from CLIP
camera number is : 4
OFFICIAL_49 RGBNT201 demo_shared q_RNT_g_RNT {"mAP": 71.46071340069632, "mINP": 62.24946139097525, "Rank-1": 71.65071770334929, "Rank-5": 80.98086124401914, "Rank-10": 86.72248803827752, "Rank-20": 93.89952153110048}
OFFICIAL_49 RGBNT201 demo_shared q_RNT_g_R {"mAP": 37.831574543638254, "mINP": 27.011854367112274, "Rank-1": 38.516746411483254, "Rank-5": 53.827751196172244, "Rank-10": 63.397129186602875, "Rank-20": 72.36842105263158}
OFFICIAL_49 RGBNT201 demo_shared q_RNT_g_N {"mAP": 30.168462278079677, "mINP": 21.51335069178895, "Rank-1": 30.502392344497608, "Rank-5": 43.899521531100476, "Rank-10": 51.07655502392344, "Rank-20": 61.72248803827751}
OFFICIAL_49 RGBNT201 demo_shared q_RNT_g_T {"mAP": 38.34288023643101, "mINP": 26.570003987381437, "Rank-1": 39.473684210526315, "Rank-5": 54.42583732057417, "Rank-10": 62.08133971291866, "Rank-20": 68.6602870813397}
OFFICIAL_49 RGBNT201 demo_shared q_RNT_g_RN {"mAP": 51.143820043847256, "mINP": 40.50560173931193, "Rank-1": 48.08612440191388, "Rank-5": 60.16746411483253, "Rank-10": 71.41148325358851, "Rank-20": 86.24401913875597}
OFFICIAL_49 RGBNT201 demo_shared q_RNT_g_RT {"mAP": 65.00463652652557, "mINP": 53.09206598907209, "Rank-1": 65.07177033492823, "Rank-5": 77.63157894736842, "Rank-10": 84.21052631578947, "Rank-20": 88.8755980861244}
OFFICIAL_49 RGBNT201 demo_shared q_RNT_g_NT {"mAP": 58.20402700022893, "mINP": 45.49172226568553, "Rank-1": 58.25358851674641, "Rank-5": 71.41148325358851, "Rank-10": 77.15311004784688, "Rank-20": 85.52631578947368}
OFFICIAL_49 RGBNT201 demo_shared q_R_g_RNT {"mAP": 38.00719010398477, "mINP": 30.132271436663178, "Rank-1": 35.28708133971292, "Rank-5": 50.119617224880386, "Rank-10": 56.9377990430622, "Rank-20": 65.311004784689}
OFFICIAL_49 RGBNT201 demo_shared q_R_g_R {"mAP": 36.40023200360955, "mINP": 27.059184868722813, "Rank-1": 34.688995215311, "Rank-5": 49.282296650717704, "Rank-10": 56.57894736842105, "Rank-20": 65.66985645933015}
OFFICIAL_49 RGBNT201 demo_shared q_R_g_N {"mAP": 13.662202388478445, "mINP": 10.381287146179975, "Rank-1": 10.167464114832537, "Rank-5": 19.258373205741627, "Rank-10": 24.760765550239235, "Rank-20": 30.14354066985646}
OFFICIAL_49 RGBNT201 demo_shared q_R_g_T {"mAP": 11.947340426819748, "mINP": 7.8919652719612685, "Rank-1": 10.645933014354068, "Rank-5": 17.3444976076555, "Rank-10": 21.291866028708135, "Rank-20": 26.19617224880383}
OFFICIAL_49 RGBNT201 demo_shared q_R_g_RN {"mAP": 36.3624412397635, "mINP": 28.678269517906323, "Rank-1": 33.25358851674641, "Rank-5": 48.08612440191388, "Rank-10": 57.17703349282297, "Rank-20": 66.74641148325358}
OFFICIAL_49 RGBNT201 demo_shared q_R_g_RT {"mAP": 37.13123396552364, "mINP": 28.217961315648903, "Rank-1": 33.73205741626794, "Rank-5": 50.0, "Rank-10": 59.09090909090909, "Rank-20": 66.26794258373205}
OFFICIAL_49 RGBNT201 demo_shared q_R_g_NT {"mAP": 15.159511185464043, "mINP": 11.161596141894758, "Rank-1": 13.157894736842104, "Rank-5": 18.660287081339714, "Rank-10": 24.641148325358852, "Rank-20": 31.9377990430622}
OFFICIAL_49 RGBNT201 demo_shared q_N_g_RNT {"mAP": 27.801523748342593, "mINP": 20.13922055965036, "Rank-1": 24.760765550239235, "Rank-5": 35.16746411483253, "Rank-10": 43.18181818181818, "Rank-20": 55.50239234449761}
OFFICIAL_49 RGBNT201 demo_shared q_N_g_R {"mAP": 13.93230860387194, "mINP": 10.737312182945379, "Rank-1": 13.277511961722489, "Rank-5": 20.095693779904305, "Rank-10": 23.086124401913878, "Rank-20": 27.631578947368425}
OFFICIAL_49 RGBNT201 demo_shared q_N_g_N {"mAP": 25.884059309418333, "mINP": 17.734142728299933, "Rank-1": 22.84688995215311, "Rank-5": 39.473684210526315, "Rank-10": 48.68421052631579, "Rank-20": 57.89473684210527}
OFFICIAL_49 RGBNT201 demo_shared q_N_g_T {"mAP": 8.09380474446714, "mINP": 6.401317391806504, "Rank-1": 4.545454545454546, "Rank-5": 9.92822966507177, "Rank-10": 13.75598086124402, "Rank-20": 20.813397129186605}
OFFICIAL_49 RGBNT201 demo_shared q_N_g_RN {"mAP": 26.11763949007382, "mINP": 17.676400466297366, "Rank-1": 22.966507177033492, "Rank-5": 37.20095693779905, "Rank-10": 44.13875598086124, "Rank-20": 56.698564593301434}
OFFICIAL_49 RGBNT201 demo_shared q_N_g_RT {"mAP": 14.2745021645056, "mINP": 10.752256442614803, "Rank-1": 11.722488038277511, "Rank-5": 19.258373205741627, "Rank-10": 25.0, "Rank-20": 31.698564593301437}
OFFICIAL_49 RGBNT201 demo_shared q_N_g_NT {"mAP": 26.43942785456434, "mINP": 19.528729798759326, "Rank-1": 22.966507177033492, "Rank-5": 36.60287081339713, "Rank-10": 44.85645933014354, "Rank-20": 56.45933014354066}
OFFICIAL_49 RGBNT201 demo_shared q_T_g_RNT {"mAP": 33.275747015007, "mINP": 25.999215065231173, "Rank-1": 30.14354066985646, "Rank-5": 42.22488038277512, "Rank-10": 50.0, "Rank-20": 63.63636363636363}
OFFICIAL_49 RGBNT201 demo_shared q_T_g_R {"mAP": 9.084099468796998, "mINP": 7.221165734372213, "Rank-1": 6.4593301435406705, "Rank-5": 10.885167464114833, "Rank-10": 15.909090909090908, "Rank-20": 23.32535885167464}
OFFICIAL_49 RGBNT201 demo_shared q_T_g_N {"mAP": 10.037957451866262, "mINP": 6.700266943326613, "Rank-1": 8.253588516746412, "Rank-5": 15.550239234449762, "Rank-10": 19.85645933014354, "Rank-20": 26.555023923444978}
OFFICIAL_49 RGBNT201 demo_shared q_T_g_T {"mAP": 38.374923937002556, "mINP": 26.145909509431785, "Rank-1": 38.15789473684211, "Rank-5": 58.133971291866025, "Rank-10": 66.02870813397129, "Rank-20": 75.11961722488039}
OFFICIAL_49 RGBNT201 demo_shared q_T_g_RN {"mAP": 12.50771602536023, "mINP": 8.649728725068456, "Rank-1": 12.08133971291866, "Rank-5": 16.38755980861244, "Rank-10": 19.736842105263158, "Rank-20": 26.076555023923444}
OFFICIAL_49 RGBNT201 demo_shared q_T_g_RT {"mAP": 37.29692625371801, "mINP": 27.452143331668253, "Rank-1": 36.483253588516746, "Rank-5": 51.07655502392344, "Rank-10": 57.89473684210527, "Rank-20": 67.82296650717703}
OFFICIAL_49 RGBNT201 demo_shared q_T_g_NT {"mAP": 33.23647792025856, "mINP": 24.331381772037417, "Rank-1": 30.263157894736842, "Rank-5": 45.933014354066984, "Rank-10": 54.78468899521531, "Rank-20": 68.54066985645933}
OFFICIAL_49 RGBNT201 demo_shared q_RN_g_RNT {"mAP": 49.781828537445996, "mINP": 40.06062503823236, "Rank-1": 45.69377990430622, "Rank-5": 56.57894736842105, "Rank-10": 66.26794258373205, "Rank-20": 79.78468899521532}
OFFICIAL_49 RGBNT201 demo_shared q_RN_g_R {"mAP": 36.623277176949905, "mINP": 26.71075963010222, "Rank-1": 35.047846889952154, "Rank-5": 50.59808612440191, "Rank-10": 58.49282296650718, "Rank-20": 67.82296650717703}
OFFICIAL_49 RGBNT201 demo_shared q_RN_g_N {"mAP": 28.276937442250787, "mINP": 19.27218312600568, "Rank-1": 28.22966507177033, "Rank-5": 43.0622009569378, "Rank-10": 50.358851674641144, "Rank-20": 59.569377990430624}
OFFICIAL_49 RGBNT201 demo_shared q_RN_g_T {"mAP": 11.18312996139644, "mINP": 7.803637079335244, "Rank-1": 8.971291866028707, "Rank-5": 17.3444976076555, "Rank-10": 21.650717703349283, "Rank-20": 28.11004784688995}
OFFICIAL_49 RGBNT201 demo_shared q_RN_g_RN {"mAP": 49.40742805470458, "mINP": 38.92634349724795, "Rank-1": 47.72727272727273, "Rank-5": 57.17703349282297, "Rank-10": 66.14832535885168, "Rank-20": 81.81818181818183}
OFFICIAL_49 RGBNT201 demo_shared q_RN_g_RT {"mAP": 40.023964680475665, "mINP": 29.175868085927803, "Rank-1": 40.311004784689, "Rank-5": 55.980861244019145, "Rank-10": 62.44019138755981, "Rank-20": 70.69377990430623}
OFFICIAL_49 RGBNT201 demo_shared q_RN_g_NT {"mAP": 28.92577270915523, "mINP": 21.378915110520072, "Rank-1": 25.478468899521534, "Rank-5": 37.91866028708134, "Rank-10": 45.933014354066984, "Rank-20": 59.569377990430624}
OFFICIAL_49 RGBNT201 demo_shared q_RT_g_RNT {"mAP": 62.41026134624333, "mINP": 51.023901849618625, "Rank-1": 63.038277511961724, "Rank-5": 76.43540669856459, "Rank-10": 83.73205741626795, "Rank-20": 90.311004784689}
OFFICIAL_49 RGBNT201 demo_shared q_RT_g_R {"mAP": 37.64716374879287, "mINP": 27.660161713272775, "Rank-1": 37.08133971291866, "Rank-5": 55.02392344497608, "Rank-10": 63.27751196172249, "Rank-20": 71.77033492822966}
OFFICIAL_49 RGBNT201 demo_shared q_RT_g_N {"mAP": 17.317494478321247, "mINP": 13.204047850219691, "Rank-1": 14.23444976076555, "Rank-5": 25.358851674641148, "Rank-10": 31.45933014354067, "Rank-20": 42.58373205741627}
OFFICIAL_49 RGBNT201 demo_shared q_RT_g_T {"mAP": 39.81683906805606, "mINP": 27.60954576859834, "Rank-1": 40.78947368421053, "Rank-5": 55.86124401913876, "Rank-10": 64.11483253588517, "Rank-20": 71.88995215311004}
OFFICIAL_49 RGBNT201 demo_shared q_RT_g_RN {"mAP": 38.60797523977324, "mINP": 30.46277678253627, "Rank-1": 34.92822966507177, "Rank-5": 52.87081339712919, "Rank-10": 62.20095693779905, "Rank-20": 73.08612440191388}
OFFICIAL_49 RGBNT201 demo_shared q_RT_g_RT {"mAP": 66.16706492840542, "mINP": 53.91022043487248, "Rank-1": 67.46411483253588, "Rank-5": 78.82775119617224, "Rank-10": 83.85167464114832, "Rank-20": 89.83253588516746}
OFFICIAL_49 RGBNT201 demo_shared q_RT_g_NT {"mAP": 40.339105435381725, "mINP": 29.590200299763186, "Rank-1": 40.430622009569376, "Rank-5": 53.4688995215311, "Rank-10": 61.004784688995215, "Rank-20": 75.0}
OFFICIAL_49 RGBNT201 demo_shared q_NT_g_RNT {"mAP": 55.8429996372156, "mINP": 44.08243958777232, "Rank-1": 54.42583732057417, "Rank-5": 68.54066985645933, "Rank-10": 74.52153110047847, "Rank-20": 83.13397129186603}
OFFICIAL_49 RGBNT201 demo_shared q_NT_g_R {"mAP": 13.585435288591762, "mINP": 8.83552284978546, "Rank-1": 11.961722488038278, "Rank-5": 21.291866028708135, "Rank-10": 26.794258373205743, "Rank-20": 33.49282296650718}
OFFICIAL_49 RGBNT201 demo_shared q_NT_g_N {"mAP": 28.826367807789214, "mINP": 20.29314973718331, "Rank-1": 28.11004784688995, "Rank-5": 42.10526315789473, "Rank-10": 52.15311004784689, "Rank-20": 60.4066985645933}
OFFICIAL_49 RGBNT201 demo_shared q_NT_g_T {"mAP": 38.78892405354698, "mINP": 26.10496025159832, "Rank-1": 39.83253588516747, "Rank-5": 56.33971291866029, "Rank-10": 62.79904306220095, "Rank-20": 71.29186602870813}
OFFICIAL_49 RGBNT201 demo_shared q_NT_g_RN {"mAP": 29.147919488189928, "mINP": 20.549826536107965, "Rank-1": 27.990430622009573, "Rank-5": 39.11483253588517, "Rank-10": 47.48803827751196, "Rank-20": 60.88516746411483}
OFFICIAL_49 RGBNT201 demo_shared q_NT_g_RT {"mAP": 41.21525134994252, "mINP": 28.88303478654608, "Rank-1": 39.83253588516747, "Rank-5": 55.86124401913876, "Rank-10": 62.20095693779905, "Rank-20": 70.81339712918661}
OFFICIAL_49 RGBNT201 demo_shared q_NT_g_NT {"mAP": 57.61916409259585, "mINP": 44.66216818300398, "Rank-1": 57.655502392344495, "Rank-5": 70.09569377990431, "Rank-10": 76.91387559808612, "Rank-20": 85.04784688995215}
