/data/gaob/Re-ID/conda-envs/tri_reid/lib/python3.10/site-packages/timm/models/helpers.py:7: FutureWarning: Importing from timm.models.helpers is deprecated, please import via timm.models
  warnings.warn(f"Importing from {__name__} is deprecated, please import via timm.models", FutureWarning)
/data/gaob/Re-ID/conda-envs/tri_reid/lib/python3.10/site-packages/timm/models/registry.py:4: FutureWarning: Importing from timm.models.registry is deprecated, please import via timm.models
  warnings.warn(f"Importing from {__name__} is deprecated, please import via timm.models", FutureWarning)
/data/gaob/Re-ID/conda-envs/tri_reid/lib/python3.10/site-packages/timm/models/layers/__init__.py:48: FutureWarning: Importing from timm.models.layers is deprecated, please import via timm.layers
  warnings.warn(f"Importing from {__name__} is deprecated, please import via timm.layers", FutureWarning)
using Transformer_type: ViT-B-16 as a backbone
Resized position embedding: %s to %s torch.Size([197, 768]) torch.Size([129, 768])
Position embedding resize to height:16 width: 8
Successfully load ckpt!
<All keys matched successfully>
Loading pretrained model from CLIP
camera number is : 4
===========Building DeMo===========
OFFICIAL_49 RGBNT201 demo q_RNT_g_RNT {"mAP": 75.67457499232746, "mINP": 62.57709224977215, "Rank-1": 80.622009569378, "Rank-5": 89.23444976076556, "Rank-10": 93.77990430622009, "Rank-20": 94.97607655502392}
OFFICIAL_49 RGBNT201 demo q_RNT_g_R {"mAP": 34.53950203771422, "mINP": 24.926327665152527, "Rank-1": 33.014354066985646, "Rank-5": 48.32535885167464, "Rank-10": 58.49282296650718, "Rank-20": 69.85645933014354}
OFFICIAL_49 RGBNT201 demo q_RNT_g_N {"mAP": 24.522403214771703, "mINP": 16.62655449478413, "Rank-1": 21.291866028708135, "Rank-5": 38.63636363636363, "Rank-10": 48.92344497607656, "Rank-20": 61.48325358851675}
OFFICIAL_49 RGBNT201 demo q_RNT_g_T {"mAP": 38.86335610840538, "mINP": 27.090579395579685, "Rank-1": 38.875598086124405, "Rank-5": 57.41626794258373, "Rank-10": 66.38755980861244, "Rank-20": 79.90430622009569}
OFFICIAL_49 RGBNT201 demo q_RNT_g_RN {"mAP": 51.07000660015475, "mINP": 38.54408976305363, "Rank-1": 49.04306220095694, "Rank-5": 64.95215311004785, "Rank-10": 72.84688995215312, "Rank-20": 82.89473684210526}
OFFICIAL_49 RGBNT201 demo q_RNT_g_RT {"mAP": 67.17796376241336, "mINP": 54.46401600463064, "Rank-1": 71.17224880382776, "Rank-5": 85.88516746411483, "Rank-10": 90.311004784689, "Rank-20": 93.89952153110048}
OFFICIAL_49 RGBNT201 demo q_RNT_g_NT {"mAP": 62.00125424194637, "mINP": 46.79486036817344, "Rank-1": 65.66985645933015, "Rank-5": 76.55502392344498, "Rank-10": 80.86124401913875, "Rank-20": 87.5598086124402}
OFFICIAL_49 RGBNT201 demo q_R_g_RNT {"mAP": 26.122873178315366, "mINP": 18.72971910828443, "Rank-1": 24.401913875598087, "Rank-5": 33.73205741626794, "Rank-10": 39.593301435406694, "Rank-20": 48.44497607655502}
OFFICIAL_49 RGBNT201 demo q_R_g_R {"mAP": 33.82748886369173, "mINP": 24.540730519331895, "Rank-1": 32.41626794258373, "Rank-5": 47.248803827751196, "Rank-10": 58.01435406698564, "Rank-20": 68.77990430622009}
OFFICIAL_49 RGBNT201 demo q_R_g_N {"mAP": 3.8240580209906616, "mINP": 3.623968699292627, "Rank-1": 2.511961722488038, "Rank-5": 7.177033492822966, "Rank-10": 7.655502392344498, "Rank-20": 9.688995215311005}
OFFICIAL_49 RGBNT201 demo q_R_g_T {"mAP": 3.744378370016309, "mINP": 3.696984288761455, "Rank-1": 0.5980861244019139, "Rank-5": 3.588516746411483, "Rank-10": 5.741626794258373, "Rank-20": 9.210526315789473}
OFFICIAL_49 RGBNT201 demo q_R_g_RN {"mAP": 27.848910348919638, "mINP": 20.57885352976815, "Rank-1": 24.16267942583732, "Rank-5": 39.354066985645936, "Rank-10": 47.72727272727273, "Rank-20": 58.01435406698564}
OFFICIAL_49 RGBNT201 demo q_R_g_RT {"mAP": 26.705017169192292, "mINP": 20.032363794273977, "Rank-1": 23.32535885167464, "Rank-5": 34.33014354066985, "Rank-10": 42.10526315789473, "Rank-20": 51.674641148325364}
OFFICIAL_49 RGBNT201 demo q_R_g_NT {"mAP": 4.2963596640087935, "mINP": 3.8652397851348046, "Rank-1": 3.588516746411483, "Rank-5": 7.29665071770335, "Rank-10": 7.29665071770335, "Rank-20": 8.61244019138756}
OFFICIAL_49 RGBNT201 demo q_N_g_RNT {"mAP": 13.955818141823562, "mINP": 11.536990316303445, "Rank-1": 10.047846889952153, "Rank-5": 16.507177033492823, "Rank-10": 22.00956937799043, "Rank-20": 30.741626794258377}
OFFICIAL_49 RGBNT201 demo q_N_g_R {"mAP": 4.090988358338206, "mINP": 2.8840885387442126, "Rank-1": 1.674641148325359, "Rank-5": 2.9904306220095696, "Rank-10": 5.62200956937799, "Rank-20": 10.406698564593302}
OFFICIAL_49 RGBNT201 demo q_N_g_N {"mAP": 23.45421004601954, "mINP": 15.887901882550763, "Rank-1": 18.421052631578945, "Rank-5": 37.55980861244019, "Rank-10": 49.04306220095694, "Rank-20": 63.51674641148325}
OFFICIAL_49 RGBNT201 demo q_N_g_T {"mAP": 3.833851687314676, "mINP": 3.5902243419474713, "Rank-1": 1.555023923444976, "Rank-5": 3.4688995215311005, "Rank-10": 4.784688995215311, "Rank-20": 8.014354066985646}
OFFICIAL_49 RGBNT201 demo q_N_g_RN {"mAP": 18.703076088896285, "mINP": 12.467707437954756, "Rank-1": 15.909090909090908, "Rank-5": 29.066985645933013, "Rank-10": 40.311004784689, "Rank-20": 52.39234449760766}
OFFICIAL_49 RGBNT201 demo q_N_g_RT {"mAP": 3.995512053222975, "mINP": 4.196452647612245, "Rank-1": 1.3157894736842104, "Rank-5": 3.7081339712918657, "Rank-10": 4.30622009569378, "Rank-20": 7.29665071770335}
OFFICIAL_49 RGBNT201 demo q_N_g_NT {"mAP": 18.621828365478866, "mINP": 12.827588343749191, "Rank-1": 13.875598086124402, "Rank-5": 26.555023923444978, "Rank-10": 32.057416267942585, "Rank-20": 38.995215311004785}
OFFICIAL_49 RGBNT201 demo q_T_g_RNT {"mAP": 32.99112796013825, "mINP": 23.060557246095954, "Rank-1": 30.741626794258377, "Rank-5": 46.65071770334928, "Rank-10": 57.17703349282297, "Rank-20": 72.60765550239235}
OFFICIAL_49 RGBNT201 demo q_T_g_R {"mAP": 4.241705611377354, "mINP": 3.033022683571022, "Rank-1": 2.9904306220095696, "Rank-5": 2.9904306220095696, "Rank-10": 3.827751196172249, "Rank-20": 8.492822966507177}
OFFICIAL_49 RGBNT201 demo q_T_g_N {"mAP": 3.794106540523259, "mINP": 3.5081288817372656, "Rank-1": 2.511961722488038, "Rank-5": 7.4162679425837315, "Rank-10": 7.655502392344498, "Rank-20": 13.636363636363635}
OFFICIAL_49 RGBNT201 demo q_T_g_T {"mAP": 39.325506294680224, "mINP": 27.618610829630242, "Rank-1": 38.63636363636363, "Rank-5": 58.133971291866025, "Rank-10": 66.98564593301435, "Rank-20": 79.54545454545455}
OFFICIAL_49 RGBNT201 demo q_T_g_RN {"mAP": 4.121002841315516, "mINP": 2.902818087665496, "Rank-1": 3.7081339712918657, "Rank-5": 3.9473684210526314, "Rank-10": 7.29665071770335, "Rank-20": 9.808612440191387}
OFFICIAL_49 RGBNT201 demo q_T_g_RT {"mAP": 37.029282811629926, "mINP": 25.424288023165175, "Rank-1": 36.24401913875598, "Rank-5": 53.827751196172244, "Rank-10": 62.44019138755981, "Rank-20": 72.48803827751196}
OFFICIAL_49 RGBNT201 demo q_T_g_NT {"mAP": 33.695822596495745, "mINP": 24.34944490903652, "Rank-1": 30.62200956937799, "Rank-5": 50.119617224880386, "Rank-10": 62.32057416267942, "Rank-20": 73.44497607655502}
OFFICIAL_49 RGBNT201 demo q_RN_g_RNT {"mAP": 41.35660018581057, "mINP": 30.83552342634152, "Rank-1": 37.55980861244019, "Rank-5": 52.03349282296651, "Rank-10": 61.8421052631579, "Rank-20": 71.88995215311004}
OFFICIAL_49 RGBNT201 demo q_RN_g_R {"mAP": 34.18620413336824, "mINP": 24.909627748878986, "Rank-1": 32.89473684210527, "Rank-5": 47.12918660287082, "Rank-10": 59.09090909090909, "Rank-20": 69.377990430622}
OFFICIAL_49 RGBNT201 demo q_RN_g_N {"mAP": 23.763228811543424, "mINP": 16.145174368834855, "Rank-1": 19.976076555023923, "Rank-5": 37.44019138755981, "Rank-10": 49.282296650717704, "Rank-20": 62.20095693779905}
OFFICIAL_49 RGBNT201 demo q_RN_g_T {"mAP": 3.7085369154599914, "mINP": 3.752010354387303, "Rank-1": 1.3157894736842104, "Rank-5": 4.6650717703349285, "Rank-10": 5.741626794258373, "Rank-20": 8.61244019138756}
OFFICIAL_49 RGBNT201 demo q_RN_g_RN {"mAP": 50.82226054267118, "mINP": 37.99280707783157, "Rank-1": 48.20574162679426, "Rank-5": 63.63636363636363, "Rank-10": 72.60765550239235, "Rank-20": 82.29665071770334}
OFFICIAL_49 RGBNT201 demo q_RN_g_RT {"mAP": 27.279033555894582, "mINP": 20.340831991800407, "Rank-1": 24.52153110047847, "Rank-5": 35.76555023923445, "Rank-10": 43.301435406698566, "Rank-20": 53.110047846889955}
OFFICIAL_49 RGBNT201 demo q_RN_g_NT {"mAP": 19.12480574673724, "mINP": 13.180713272215169, "Rank-1": 14.23444976076555, "Rank-5": 27.631578947368425, "Rank-10": 32.535885167464116, "Rank-20": 38.516746411483254}
OFFICIAL_49 RGBNT201 demo q_RT_g_RNT {"mAP": 62.68625557657046, "mINP": 50.337177450614604, "Rank-1": 65.9090909090909, "Rank-5": 80.98086124401914, "Rank-10": 86.60287081339713, "Rank-20": 92.22488038277513}
OFFICIAL_49 RGBNT201 demo q_RT_g_R {"mAP": 34.144266973466884, "mINP": 24.615027980575306, "Rank-1": 32.29665071770335, "Rank-5": 47.96650717703349, "Rank-10": 58.01435406698564, "Rank-20": 69.61722488038278}
OFFICIAL_49 RGBNT201 demo q_RT_g_N {"mAP": 3.8872235128112864, "mINP": 3.633096961242018, "Rank-1": 2.511961722488038, "Rank-5": 5.980861244019139, "Rank-10": 7.655502392344498, "Rank-20": 11.363636363636363}
OFFICIAL_49 RGBNT201 demo q_RT_g_T {"mAP": 39.04525420074793, "mINP": 27.220524957104857, "Rank-1": 39.354066985645936, "Rank-5": 57.77511961722488, "Rank-10": 66.6267942583732, "Rank-20": 79.90430622009569}
OFFICIAL_49 RGBNT201 demo q_RT_g_RN {"mAP": 28.634975721693806, "mINP": 21.347793050426947, "Rank-1": 25.0, "Rank-5": 39.354066985645936, "Rank-10": 48.92344497607656, "Rank-20": 58.85167464114832}
OFFICIAL_49 RGBNT201 demo q_RT_g_RT {"mAP": 67.02827496120288, "mINP": 54.1026069795109, "Rank-1": 71.5311004784689, "Rank-5": 85.52631578947368, "Rank-10": 90.311004784689, "Rank-20": 93.77990430622009}
OFFICIAL_49 RGBNT201 demo q_RT_g_NT {"mAP": 34.280841829238774, "mINP": 24.467006019424037, "Rank-1": 32.057416267942585, "Rank-5": 50.59808612440191, "Rank-10": 62.79904306220095, "Rank-20": 73.56459330143541}
OFFICIAL_49 RGBNT201 demo q_NT_g_RNT {"mAP": 58.51784758721812, "mINP": 43.85043455131202, "Rank-1": 61.36363636363637, "Rank-5": 75.23923444976076, "Rank-10": 80.02392344497608, "Rank-20": 86.00478468899522}
OFFICIAL_49 RGBNT201 demo q_NT_g_R {"mAP": 4.3698437736174744, "mINP": 3.124924050870345, "Rank-1": 2.9904306220095696, "Rank-5": 2.9904306220095696, "Rank-10": 5.143540669856459, "Rank-20": 8.133971291866029}
OFFICIAL_49 RGBNT201 demo q_NT_g_N {"mAP": 24.384380097947723, "mINP": 16.423632906522077, "Rank-1": 20.933014354066987, "Rank-5": 39.11483253588517, "Rank-10": 48.92344497607656, "Rank-20": 62.20095693779905}
OFFICIAL_49 RGBNT201 demo q_NT_g_T {"mAP": 39.212073362119035, "mINP": 27.522007932332038, "Rank-1": 38.995215311004785, "Rank-5": 57.535885167464116, "Rank-10": 66.86602870813397, "Rank-20": 79.66507177033493}
OFFICIAL_49 RGBNT201 demo q_NT_g_RN {"mAP": 20.085227384011382, "mINP": 13.569987225368706, "Rank-1": 17.22488038277512, "Rank-5": 30.62200956937799, "Rank-10": 41.14832535885167, "Rank-20": 52.511961722488046}
OFFICIAL_49 RGBNT201 demo q_NT_g_RT {"mAP": 36.99691976964975, "mINP": 25.52540853249195, "Rank-1": 36.004784688995215, "Rank-5": 53.94736842105263, "Rank-10": 63.51674641148325, "Rank-20": 72.24880382775119}
OFFICIAL_49 RGBNT201 demo q_NT_g_NT {"mAP": 61.981922262120825, "mINP": 46.94347087059963, "Rank-1": 65.55023923444976, "Rank-5": 76.91387559808612, "Rank-10": 81.10047846889952, "Rank-20": 87.91866028708134}
