/data2/gb/Re-ID/conda-envs/tri_reid/lib/python3.10/site-packages/timm/models/helpers.py:7: FutureWarning: Importing from timm.models.helpers is deprecated, please import via timm.models
  warnings.warn(f"Importing from {__name__} is deprecated, please import via timm.models", FutureWarning)
/data2/gb/Re-ID/conda-envs/tri_reid/lib/python3.10/site-packages/timm/models/registry.py:4: FutureWarning: Importing from timm.models.registry is deprecated, please import via timm.models
  warnings.warn(f"Importing from {__name__} is deprecated, please import via timm.models", FutureWarning)
/data2/gb/Re-ID/conda-envs/tri_reid/lib/python3.10/site-packages/timm/models/layers/__init__.py:48: FutureWarning: Importing from timm.models.layers is deprecated, please import via timm.layers
  warnings.warn(f"Importing from {__name__} is deprecated, please import via timm.layers", FutureWarning)
using Transformer_type: ViT-B-16 as a backbone
Resized position embedding: %s to %s torch.Size([197, 768]) torch.Size([129, 768])
Position embedding resize to height:8 width: 16
Successfully load ckpt!
<All keys matched successfully>
Loading pretrained model from CLIP
camera number is : 8
MISSING_CONDITION clean {"mAP": 33.99791890459856, "mINP": 13.594033936901994, "Rank-1": 50.76142131979695, "Rank-5": 69.7123519458545, "Rank-10": 76.81895093062606, "Rank-20": 83.41793570219966}
MISSING_CONDITION both_missing_r {"mAP": 23.68258680507462, "mINP": 8.169615765918328, "Rank-1": 39.424703891708965, "Rank-5": 61.59052453468698, "Rank-10": 69.54314720812182, "Rank-20": 78.68020304568529}
MISSING_CONDITION query_missing_r {"mAP": 13.545766413283403, "mINP": 5.622631656370856, "Rank-1": 18.44331641285956, "Rank-5": 34.686971235194584, "Rank-10": 45.5160744500846, "Rank-20": 54.653130287648054}
MISSING_CONDITION both_missing_n {"mAP": 26.35836148564115, "mINP": 9.313445248678237, "Rank-1": 39.424703891708965, "Rank-5": 62.43654822335025, "Rank-10": 71.2351945854484, "Rank-20": 78.51099830795262}
MISSING_CONDITION query_missing_n {"mAP": 15.16575566100918, "mINP": 6.046501618487867, "Rank-1": 17.59729272419628, "Rank-5": 39.08629441624365, "Rank-10": 49.746192893401016, "Rank-20": 60.06768189509306}
MISSING_CONDITION both_missing_t {"mAP": 31.614123575694762, "mINP": 12.033093293279906, "Rank-1": 48.39255499153977, "Rank-5": 68.02030456852792, "Rank-10": 77.49576988155668, "Rank-20": 83.41793570219966}
MISSING_CONDITION query_missing_t {"mAP": 31.069772637410193, "mINP": 11.396200559815775, "Rank-1": 45.5160744500846, "Rank-5": 68.52791878172589, "Rank-10": 78.68020304568529, "Rank-20": 85.95600676818951}
MISSING_CONDITION both_missing_rn {"mAP": 6.335343632809465, "mINP": 1.744242053742747, "Rank-1": 13.367174280879865, "Rank-5": 27.749576988155667, "Rank-10": 34.51776649746193, "Rank-20": 45.346869712351946}
MISSING_CONDITION query_missing_rn {"mAP": 2.7769899534826457, "mINP": 1.8752554699201058, "Rank-1": 2.199661590524535, "Rank-5": 6.260575296108291, "Rank-10": 8.121827411167512, "Rank-20": 12.690355329949238}
MISSING_CONDITION both_missing_rt {"mAP": 20.86440399147607, "mINP": 7.177829862780342, "Rank-1": 33.840947546531304, "Rank-5": 60.236886632825716, "Rank-10": 71.40439932318104, "Rank-20": 79.86463620981388}
MISSING_CONDITION query_missing_rt {"mAP": 9.270913395707991, "mINP": 4.149693602343902, "Rank-1": 10.998307952622675, "Rank-5": 23.3502538071066, "Rank-10": 35.025380710659896, "Rank-20": 45.854483925549914}
MISSING_CONDITION both_missing_nt {"mAP": 25.969284128906473, "mINP": 9.007158026677557, "Rank-1": 39.08629441624365, "Rank-5": 60.74450084602368, "Rank-10": 68.8663282571912, "Rank-20": 77.834179357022}
MISSING_CONDITION query_missing_nt {"mAP": 11.331041496012332, "mINP": 5.06975718976597, "Rank-1": 8.79864636209814, "Rank-5": 29.780033840947546, "Rank-10": 39.424703891708965, "Rank-20": 54.653130287648054}
