/data/gaob/Re-ID/conda-envs/tri_reid/lib/python3.10/site-packages/timm/models/helpers.py:7: FutureWarning: Importing from timm.models.helpers is deprecated, please import via timm.models
  warnings.warn(f"Importing from {__name__} is deprecated, please import via timm.models", FutureWarning)
/data/gaob/Re-ID/conda-envs/tri_reid/lib/python3.10/site-packages/timm/models/registry.py:4: FutureWarning: Importing from timm.models.registry is deprecated, please import via timm.models
  warnings.warn(f"Importing from {__name__} is deprecated, please import via timm.models", FutureWarning)
/data/gaob/Re-ID/conda-envs/tri_reid/lib/python3.10/site-packages/timm/models/layers/__init__.py:48: FutureWarning: Importing from timm.models.layers is deprecated, please import via timm.layers
  warnings.warn(f"Importing from {__name__} is deprecated, please import via timm.layers", FutureWarning)
using Transformer_type: ViT-B-16 as a backbone
Resized position embedding: %s to %s torch.Size([197, 768]) torch.Size([129, 768])
Position embedding resize to height:8 width: 16
Successfully load ckpt!
<All keys matched successfully>
Loading pretrained model from CLIP
camera number is : 8
IDENTITY_MISSING_FEATURE_BANKS_CPU_ONLY {"available_sets": 7, "cuda_allocated_bytes": 8519680, "new_optimizer_updates": 0}
PAPER_MISSING6_STREAM {"event": "RAW_READY", "condition": "q_NT_g_NT", "path": "/data/gaob/Re-ID/DeMo-DualAxis/runs/r201m_paper_missing6_20261009/full/MSVR310_r201m_frequency_shared_s42/q_NT_g_NT/raw.npz", "file": {"bytes": 8587633, "sha256": "6d3811af62466a38de1478f13b2711fb243bce7dd3a2146441d2676a165253a3"}, "installed_gt_cases": 4}
PAPER_MISSING6_STREAM {"event": "RAW_CLEARED", "condition": "q_NT_g_NT"}
PAPER_MISSING6_STREAM {"event": "RAW_READY", "condition": "q_RT_g_RT", "path": "/data/gaob/Re-ID/DeMo-DualAxis/runs/r201m_paper_missing6_20261009/full/MSVR310_r201m_frequency_shared_s42/q_RT_g_RT/raw.npz", "file": {"bytes": 8536422, "sha256": "95eb8136f777aa9c96b0c76236e5c38d3e5bcf6945f818aa772484c994535732"}, "installed_gt_cases": 4}
PAPER_MISSING6_STREAM {"event": "RAW_CLEARED", "condition": "q_RT_g_RT"}
PAPER_MISSING6_STREAM {"event": "RAW_READY", "condition": "q_RN_g_RN", "path": "/data/gaob/Re-ID/DeMo-DualAxis/runs/r201m_paper_missing6_20261009/full/MSVR310_r201m_frequency_shared_s42/q_RN_g_RN/raw.npz", "file": {"bytes": 8531193, "sha256": "3a1c1edbf1368fc6eab9bb43f644f7c73ac936c45b498a83ccfb6bb70575b061"}, "installed_gt_cases": 4}
PAPER_MISSING6_STREAM {"event": "RAW_CLEARED", "condition": "q_RN_g_RN"}
PAPER_MISSING6_STREAM {"event": "RAW_READY", "condition": "q_T_g_T", "path": "/data/gaob/Re-ID/DeMo-DualAxis/runs/r201m_paper_missing6_20261009/full/MSVR310_r201m_frequency_shared_s42/q_T_g_T/raw.npz", "file": {"bytes": 8523917, "sha256": "80d13e0109f950ffa7c9923383a2923299a3636387165fa679253e41211a66f7"}, "installed_gt_cases": 4}
PAPER_MISSING6_STREAM {"event": "RAW_CLEARED", "condition": "q_T_g_T"}
PAPER_MISSING6_STREAM {"event": "RAW_READY", "condition": "q_N_g_N", "path": "/data/gaob/Re-ID/DeMo-DualAxis/runs/r201m_paper_missing6_20261009/full/MSVR310_r201m_frequency_shared_s42/q_N_g_N/raw.npz", "file": {"bytes": 8556682, "sha256": "a7e846af368274f9abd312a90eb2b0c7766827a37eee33090592a587ceacac43"}, "installed_gt_cases": 4}
PAPER_MISSING6_STREAM {"event": "RAW_CLEARED", "condition": "q_N_g_N"}
PAPER_MISSING6_STREAM {"event": "RAW_READY", "condition": "q_R_g_R", "path": "/data/gaob/Re-ID/DeMo-DualAxis/runs/r201m_paper_missing6_20261009/full/MSVR310_r201m_frequency_shared_s42/q_R_g_R/raw.npz", "file": {"bytes": 8540499, "sha256": "f480324c75d276fd058767cc2eb0b48b46bdd0261772df1d2ee5dc02e93aab51"}, "installed_gt_cases": 4}
PAPER_MISSING6_STREAM {"event": "RAW_CLEARED", "condition": "q_R_g_R"}
PAPER_MISSING6_STREAM {"event": "EVALUATION_COMPLETE", "conditions": 6, "cases": 24, "optimizer_updates": 0}
