/data/gaob/Re-ID/conda-envs/tri_reid/lib/python3.10/site-packages/timm/models/helpers.py:7: FutureWarning: Importing from timm.models.helpers is deprecated, please import via timm.models
  warnings.warn(f"Importing from {__name__} is deprecated, please import via timm.models", FutureWarning)
/data/gaob/Re-ID/conda-envs/tri_reid/lib/python3.10/site-packages/timm/models/registry.py:4: FutureWarning: Importing from timm.models.registry is deprecated, please import via timm.models
  warnings.warn(f"Importing from {__name__} is deprecated, please import via timm.models", FutureWarning)
/data/gaob/Re-ID/conda-envs/tri_reid/lib/python3.10/site-packages/timm/models/layers/__init__.py:48: FutureWarning: Importing from timm.models.layers is deprecated, please import via timm.layers
  warnings.warn(f"Importing from {__name__} is deprecated, please import via timm.layers", FutureWarning)
using Transformer_type: ViT-B-16 as a backbone
Resized position embedding: %s to %s torch.Size([197, 768]) torch.Size([129, 768])
Position embedding resize to height:8 width: 16
Successfully load ckpt!
<All keys matched successfully>
Loading pretrained model from CLIP
camera number is : 8
IDENTITY_MISSING_FEATURE_BANKS_CPU_ONLY {"available_sets": 7, "cuda_allocated_bytes": 8519680, "new_optimizer_updates": 0}
PAPER_MISSING6_STREAM {"event": "RAW_READY", "condition": "q_NT_g_NT", "path": "/data/gaob/Re-ID/DeMo-DualAxis/runs/r201m_paper_missing6_20261009/full/MSVR310_r201m_axis_shared_s42/q_NT_g_NT/raw.npz", "file": {"bytes": 8587354, "sha256": "8e749c81804899448698e63c4f9f7a0b540729dab8808e1742597054652eff76"}, "installed_gt_cases": 4}
PAPER_MISSING6_STREAM {"event": "RAW_CLEARED", "condition": "q_NT_g_NT"}
PAPER_MISSING6_STREAM {"event": "RAW_READY", "condition": "q_RT_g_RT", "path": "/data/gaob/Re-ID/DeMo-DualAxis/runs/r201m_paper_missing6_20261009/full/MSVR310_r201m_axis_shared_s42/q_RT_g_RT/raw.npz", "file": {"bytes": 8536283, "sha256": "bac01e05a809173001df9905a9533c697d59a50120503807b1768ad0933fba41"}, "installed_gt_cases": 4}
PAPER_MISSING6_STREAM {"event": "RAW_CLEARED", "condition": "q_RT_g_RT"}
PAPER_MISSING6_STREAM {"event": "RAW_READY", "condition": "q_RN_g_RN", "path": "/data/gaob/Re-ID/DeMo-DualAxis/runs/r201m_paper_missing6_20261009/full/MSVR310_r201m_axis_shared_s42/q_RN_g_RN/raw.npz", "file": {"bytes": 8530849, "sha256": "adff2bcdb8588a2e0dc9deb2bc218fe3c7cc9065b074b998c45aaa8b3cd8a5c7"}, "installed_gt_cases": 4}
PAPER_MISSING6_STREAM {"event": "RAW_CLEARED", "condition": "q_RN_g_RN"}
PAPER_MISSING6_STREAM {"event": "RAW_READY", "condition": "q_T_g_T", "path": "/data/gaob/Re-ID/DeMo-DualAxis/runs/r201m_paper_missing6_20261009/full/MSVR310_r201m_axis_shared_s42/q_T_g_T/raw.npz", "file": {"bytes": 8524765, "sha256": "264f0c0df02b40d9a9141f2b69cca44ac8fbc90713245ae315d36dd174619810"}, "installed_gt_cases": 4}
PAPER_MISSING6_STREAM {"event": "RAW_CLEARED", "condition": "q_T_g_T"}
PAPER_MISSING6_STREAM {"event": "RAW_READY", "condition": "q_N_g_N", "path": "/data/gaob/Re-ID/DeMo-DualAxis/runs/r201m_paper_missing6_20261009/full/MSVR310_r201m_axis_shared_s42/q_N_g_N/raw.npz", "file": {"bytes": 8557048, "sha256": "b89cd2c68f521ac1c515e55e3eb425369c60503ef651360e06c06b009ac999af"}, "installed_gt_cases": 4}
PAPER_MISSING6_STREAM {"event": "RAW_CLEARED", "condition": "q_N_g_N"}
PAPER_MISSING6_STREAM {"event": "RAW_READY", "condition": "q_R_g_R", "path": "/data/gaob/Re-ID/DeMo-DualAxis/runs/r201m_paper_missing6_20261009/full/MSVR310_r201m_axis_shared_s42/q_R_g_R/raw.npz", "file": {"bytes": 8541520, "sha256": "a99a54a10f73ecaebbde8c2c4e808fdd0d9aa39866ae6fc34923b005c3f83f63"}, "installed_gt_cases": 4}
PAPER_MISSING6_STREAM {"event": "RAW_CLEARED", "condition": "q_R_g_R"}
PAPER_MISSING6_STREAM {"event": "EVALUATION_COMPLETE", "conditions": 6, "cases": 24, "optimizer_updates": 0}
