/data/gaob/Re-ID/conda-envs/tri_reid/lib/python3.10/site-packages/timm/models/helpers.py:7: FutureWarning: Importing from timm.models.helpers is deprecated, please import via timm.models
  warnings.warn(f"Importing from {__name__} is deprecated, please import via timm.models", FutureWarning)
/data/gaob/Re-ID/conda-envs/tri_reid/lib/python3.10/site-packages/timm/models/registry.py:4: FutureWarning: Importing from timm.models.registry is deprecated, please import via timm.models
  warnings.warn(f"Importing from {__name__} is deprecated, please import via timm.models", FutureWarning)
/data/gaob/Re-ID/conda-envs/tri_reid/lib/python3.10/site-packages/timm/models/layers/__init__.py:48: FutureWarning: Importing from timm.models.layers is deprecated, please import via timm.layers
  warnings.warn(f"Importing from {__name__} is deprecated, please import via timm.layers", FutureWarning)
using Transformer_type: ViT-B-16 as a backbone
Resized position embedding: %s to %s torch.Size([197, 768]) torch.Size([129, 768])
Position embedding resize to height:8 width: 16
Successfully load ckpt!
<All keys matched successfully>
Loading pretrained model from CLIP
camera number is : 8
IDENTITY_MISSING_FEATURE_BANKS_CPU_ONLY {"available_sets": 7, "cuda_allocated_bytes": 8519680, "new_optimizer_updates": 0}
PAPER_MISSING6_STREAM {"event": "RAW_READY", "condition": "q_NT_g_NT", "path": "/data/gaob/Re-ID/DeMo-DualAxis/runs/r201m_paper_missing6_20261009/full/RGBNT100_r201m_frequency_shared_s42/q_NT_g_NT/raw.npz", "file": {"bytes": 200777083, "sha256": "f348ebd2d4b0b0e755fe95d7063ba2f3fc9e6f6ea3c6adc031d13f89d04f00ba"}, "installed_gt_cases": 4}
PAPER_MISSING6_STREAM {"event": "RAW_CLEARED", "condition": "q_NT_g_NT"}
PAPER_MISSING6_STREAM {"event": "RAW_READY", "condition": "q_RT_g_RT", "path": "/data/gaob/Re-ID/DeMo-DualAxis/runs/r201m_paper_missing6_20261009/full/RGBNT100_r201m_frequency_shared_s42/q_RT_g_RT/raw.npz", "file": {"bytes": 200317339, "sha256": "fade0c09d33f76d0c2e925d2beaf7fd0d9843ab24ee7a229045556b7f3510fee"}, "installed_gt_cases": 4}
PAPER_MISSING6_STREAM {"event": "RAW_CLEARED", "condition": "q_RT_g_RT"}
PAPER_MISSING6_STREAM {"event": "RAW_READY", "condition": "q_RN_g_RN", "path": "/data/gaob/Re-ID/DeMo-DualAxis/runs/r201m_paper_missing6_20261009/full/RGBNT100_r201m_frequency_shared_s42/q_RN_g_RN/raw.npz", "file": {"bytes": 200877375, "sha256": "9a890e89933f643675d60ba44cf1da4228f7e8522adc0d93396e24e4f902a779"}, "installed_gt_cases": 4}
PAPER_MISSING6_STREAM {"event": "RAW_CLEARED", "condition": "q_RN_g_RN"}
PAPER_MISSING6_STREAM {"event": "RAW_READY", "condition": "q_T_g_T", "path": "/data/gaob/Re-ID/DeMo-DualAxis/runs/r201m_paper_missing6_20261009/full/RGBNT100_r201m_frequency_shared_s42/q_T_g_T/raw.npz", "file": {"bytes": 194884101, "sha256": "ae4d46a5236dbfc8c3250e468ad70807bd10598a6bc7983f32b4816a4a6ea109"}, "installed_gt_cases": 4}
PAPER_MISSING6_STREAM {"event": "RAW_CLEARED", "condition": "q_T_g_T"}
PAPER_MISSING6_STREAM {"event": "RAW_READY", "condition": "q_N_g_N", "path": "/data/gaob/Re-ID/DeMo-DualAxis/runs/r201m_paper_missing6_20261009/full/RGBNT100_r201m_frequency_shared_s42/q_N_g_N/raw.npz", "file": {"bytes": 201627909, "sha256": "14aa717766c24ac8c200df13b6fea9c4787728b640ab5d7f270193236c51dcfa"}, "installed_gt_cases": 4}
PAPER_MISSING6_STREAM {"event": "RAW_CLEARED", "condition": "q_N_g_N"}
PAPER_MISSING6_STREAM {"event": "RAW_READY", "condition": "q_R_g_R", "path": "/data/gaob/Re-ID/DeMo-DualAxis/runs/r201m_paper_missing6_20261009/full/RGBNT100_r201m_frequency_shared_s42/q_R_g_R/raw.npz", "file": {"bytes": 203211119, "sha256": "a0f538711c6cf5434aea93e5643d294ad6777b9466368a1e8c4036b7631075f1"}, "installed_gt_cases": 4}
PAPER_MISSING6_STREAM {"event": "RAW_CLEARED", "condition": "q_R_g_R"}
PAPER_MISSING6_STREAM {"event": "EVALUATION_COMPLETE", "conditions": 6, "cases": 24, "optimizer_updates": 0}
