/data/gaob/Re-ID/conda-envs/tri_reid/lib/python3.10/site-packages/timm/models/helpers.py:7: FutureWarning: Importing from timm.models.helpers is deprecated, please import via timm.models
  warnings.warn(f"Importing from {__name__} is deprecated, please import via timm.models", FutureWarning)
/data/gaob/Re-ID/conda-envs/tri_reid/lib/python3.10/site-packages/timm/models/registry.py:4: FutureWarning: Importing from timm.models.registry is deprecated, please import via timm.models
  warnings.warn(f"Importing from {__name__} is deprecated, please import via timm.models", FutureWarning)
/data/gaob/Re-ID/conda-envs/tri_reid/lib/python3.10/site-packages/timm/models/layers/__init__.py:48: FutureWarning: Importing from timm.models.layers is deprecated, please import via timm.layers
  warnings.warn(f"Importing from {__name__} is deprecated, please import via timm.layers", FutureWarning)
using Transformer_type: ViT-B-16 as a backbone
Resized position embedding: %s to %s torch.Size([197, 768]) torch.Size([129, 768])
Position embedding resize to height:8 width: 16
Successfully load ckpt!
<All keys matched successfully>
Loading pretrained model from CLIP
camera number is : 8
IDENTITY_MISSING_FEATURE_BANKS_CPU_ONLY {"available_sets": 7, "cuda_allocated_bytes": 8519680, "new_optimizer_updates": 0}
PAPER_MISSING6_STREAM {"event": "RAW_READY", "condition": "q_NT_g_NT", "path": "/data/gaob/Re-ID/DeMo-DualAxis/runs/r201m_paper_missing6_20261009/full/RGBNT100_r201m_axis_shared_s42/q_NT_g_NT/raw.npz", "file": {"bytes": 200798801, "sha256": "29c08a90061881969228c1f727f1bea434140446cbc8070faa205c9024cd73bb"}, "installed_gt_cases": 4}
PAPER_MISSING6_STREAM {"event": "RAW_CLEARED", "condition": "q_NT_g_NT"}
PAPER_MISSING6_STREAM {"event": "RAW_READY", "condition": "q_RT_g_RT", "path": "/data/gaob/Re-ID/DeMo-DualAxis/runs/r201m_paper_missing6_20261009/full/RGBNT100_r201m_axis_shared_s42/q_RT_g_RT/raw.npz", "file": {"bytes": 200340645, "sha256": "c30e50bd9108207243ad990e38e216b433c9de791affd25bdef8df05545f3229"}, "installed_gt_cases": 4}
PAPER_MISSING6_STREAM {"event": "RAW_CLEARED", "condition": "q_RT_g_RT"}
PAPER_MISSING6_STREAM {"event": "RAW_READY", "condition": "q_RN_g_RN", "path": "/data/gaob/Re-ID/DeMo-DualAxis/runs/r201m_paper_missing6_20261009/full/RGBNT100_r201m_axis_shared_s42/q_RN_g_RN/raw.npz", "file": {"bytes": 200893560, "sha256": "c7eecb4a41ecac60862ac0bb4f9d635fda1d2bea0f22b77f486808402afd03a3"}, "installed_gt_cases": 4}
PAPER_MISSING6_STREAM {"event": "RAW_CLEARED", "condition": "q_RN_g_RN"}
PAPER_MISSING6_STREAM {"event": "RAW_READY", "condition": "q_T_g_T", "path": "/data/gaob/Re-ID/DeMo-DualAxis/runs/r201m_paper_missing6_20261009/full/RGBNT100_r201m_axis_shared_s42/q_T_g_T/raw.npz", "file": {"bytes": 194907100, "sha256": "392dae5b2e891dca16dc3fbfa7dd5f53c88f00f57c50fb658ca860df3ef6c3aa"}, "installed_gt_cases": 4}
PAPER_MISSING6_STREAM {"event": "RAW_CLEARED", "condition": "q_T_g_T"}
PAPER_MISSING6_STREAM {"event": "RAW_READY", "condition": "q_N_g_N", "path": "/data/gaob/Re-ID/DeMo-DualAxis/runs/r201m_paper_missing6_20261009/full/RGBNT100_r201m_axis_shared_s42/q_N_g_N/raw.npz", "file": {"bytes": 201676023, "sha256": "9b6f71e92182d6f1d83a22f9312473eb89924b7fbeb87e52abd444d0681d07c0"}, "installed_gt_cases": 4}
PAPER_MISSING6_STREAM {"event": "RAW_CLEARED", "condition": "q_N_g_N"}
PAPER_MISSING6_STREAM {"event": "RAW_READY", "condition": "q_R_g_R", "path": "/data/gaob/Re-ID/DeMo-DualAxis/runs/r201m_paper_missing6_20261009/full/RGBNT100_r201m_axis_shared_s42/q_R_g_R/raw.npz", "file": {"bytes": 203108231, "sha256": "4069a012794d9520282db9941c8ff24f1be76798e8468c46d91e7705fc4d1989"}, "installed_gt_cases": 4}
PAPER_MISSING6_STREAM {"event": "RAW_CLEARED", "condition": "q_R_g_R"}
PAPER_MISSING6_STREAM {"event": "EVALUATION_COMPLETE", "conditions": 6, "cases": 24, "optimizer_updates": 0}
