/data/gaob/Re-ID/conda-envs/tri_reid/lib/python3.10/site-packages/timm/models/helpers.py:7: FutureWarning: Importing from timm.models.helpers is deprecated, please import via timm.models
  warnings.warn(f"Importing from {__name__} is deprecated, please import via timm.models", FutureWarning)
/data/gaob/Re-ID/conda-envs/tri_reid/lib/python3.10/site-packages/timm/models/registry.py:4: FutureWarning: Importing from timm.models.registry is deprecated, please import via timm.models
  warnings.warn(f"Importing from {__name__} is deprecated, please import via timm.models", FutureWarning)
/data/gaob/Re-ID/conda-envs/tri_reid/lib/python3.10/site-packages/timm/models/layers/__init__.py:48: FutureWarning: Importing from timm.models.layers is deprecated, please import via timm.layers
  warnings.warn(f"Importing from {__name__} is deprecated, please import via timm.layers", FutureWarning)
using Transformer_type: ViT-B-16 as a backbone
Resized position embedding: %s to %s torch.Size([197, 768]) torch.Size([129, 768])
Position embedding resize to height:8 width: 16
Successfully load ckpt!
<All keys matched successfully>
Loading pretrained model from CLIP
camera number is : 8
===========Building DeMo===========
STRESS_CONDITION clean {"mAP": 80.92369501063652, "mINP": 55.26665378214325, "Rank-1": 94.92711370262391, "Rank-5": 95.91836734693877, "Rank-10": 96.61807580174927, "Rank-20": 97.37609329446065}
STRESS_CONDITION RGB_blur_sigma1p5 {"mAP": 78.84914339307242, "mINP": 53.80829638722705, "Rank-1": 92.71137026239067, "Rank-5": 94.11078717201167, "Rank-10": 94.6938775510204, "Rank-20": 95.51020408163265}
STRESS_CONDITION RGB_blur_sigma3 {"mAP": 77.20866752395486, "mINP": 52.45564428890959, "Rank-1": 91.42857142857143, "Rank-5": 92.4198250728863, "Rank-10": 93.23615160349854, "Rank-20": 94.63556851311954}
STRESS_CONDITION NI_blur_sigma1p5 {"mAP": 78.3307495989604, "mINP": 53.455083644974486, "Rank-1": 91.42857142857143, "Rank-5": 92.65306122448979, "Rank-10": 93.70262390670554, "Rank-20": 95.45189504373178}
STRESS_CONDITION NI_blur_sigma3 {"mAP": 76.64758642228215, "mINP": 51.41117803541515, "Rank-1": 89.85422740524781, "Rank-5": 91.31195335276968, "Rank-10": 92.30320699708456, "Rank-20": 93.81924198250728}
STRESS_CONDITION TI_blur_sigma1p5 {"mAP": 77.24511363779165, "mINP": 52.750616442060824, "Rank-1": 91.13702623906705, "Rank-5": 92.24489795918367, "Rank-10": 93.00291545189503, "Rank-20": 94.34402332361516}
STRESS_CONDITION TI_blur_sigma3 {"mAP": 72.45786397569974, "mINP": 49.04812788465969, "Rank-1": 84.89795918367346, "Rank-5": 87.23032069970846, "Rank-10": 89.03790087463557, "Rank-20": 91.02040816326532}
