/data/gaob/Re-ID/conda-envs/tri_reid/lib/python3.10/site-packages/timm/models/helpers.py:7: FutureWarning: Importing from timm.models.helpers is deprecated, please import via timm.models
  warnings.warn(f"Importing from {__name__} is deprecated, please import via timm.models", FutureWarning)
/data/gaob/Re-ID/conda-envs/tri_reid/lib/python3.10/site-packages/timm/models/registry.py:4: FutureWarning: Importing from timm.models.registry is deprecated, please import via timm.models
  warnings.warn(f"Importing from {__name__} is deprecated, please import via timm.models", FutureWarning)
/data/gaob/Re-ID/conda-envs/tri_reid/lib/python3.10/site-packages/timm/models/layers/__init__.py:48: FutureWarning: Importing from timm.models.layers is deprecated, please import via timm.layers
  warnings.warn(f"Importing from {__name__} is deprecated, please import via timm.layers", FutureWarning)
using Transformer_type: ViT-B-16 as a backbone
Resized position embedding: %s to %s torch.Size([197, 768]) torch.Size([129, 768])
Position embedding resize to height:8 width: 16
Successfully load ckpt!
<All keys matched successfully>
Loading pretrained model from CLIP
camera number is : 8
STRESS_CONDITION clean {"mAP": 33.82070007430782, "mINP": 14.161136046455711, "Rank-1": 51.26903553299492, "Rank-5": 67.34348561759728, "Rank-10": 74.61928934010153, "Rank-20": 80.8798646362098}
STRESS_CONDITION RGB_blur_sigma1p5 {"mAP": 29.343407124920954, "mINP": 12.428617271679169, "Rank-1": 42.8087986463621, "Rank-5": 64.80541455160744, "Rank-10": 71.57360406091371, "Rank-20": 78.1725888324873}
STRESS_CONDITION RGB_blur_sigma3 {"mAP": 26.650594507333786, "mINP": 11.30888183235406, "Rank-1": 37.56345177664975, "Rank-5": 61.75972927241963, "Rank-10": 68.18950930626058, "Rank-20": 75.4653130287648}
STRESS_CONDITION NI_blur_sigma1p5 {"mAP": 30.653997071491318, "mINP": 13.44738944752136, "Rank-1": 44.67005076142132, "Rank-5": 64.9746192893401, "Rank-10": 71.06598984771574, "Rank-20": 80.03384094754654}
STRESS_CONDITION NI_blur_sigma3 {"mAP": 28.8643715240534, "mINP": 12.649076304642504, "Rank-1": 43.31641285956007, "Rank-5": 62.2673434856176, "Rank-10": 69.54314720812182, "Rank-20": 78.00338409475465}
STRESS_CONDITION TI_blur_sigma1p5 {"mAP": 32.36133329880963, "mINP": 13.948767105835582, "Rank-1": 48.56175972927242, "Rank-5": 66.32825719120136, "Rank-10": 73.26565143824027, "Rank-20": 79.86463620981388}
STRESS_CONDITION TI_blur_sigma3 {"mAP": 31.235259455088876, "mINP": 13.625189993520802, "Rank-1": 46.02368866328257, "Rank-5": 65.65143824027074, "Rank-10": 71.91201353637902, "Rank-20": 78.68020304568529}
STRESS_CONDITION psi_off_frozen {"mAP": 33.825166252584644, "mINP": 14.314016963487115, "Rank-1": 51.09983079526227, "Rank-5": 68.02030456852792, "Rank-10": 74.78849407783417, "Rank-20": 80.8798646362098}
