/data/gaob/Re-ID/conda-envs/tri_reid/lib/python3.10/site-packages/timm/models/helpers.py:7: FutureWarning: Importing from timm.models.helpers is deprecated, please import via timm.models
  warnings.warn(f"Importing from {__name__} is deprecated, please import via timm.models", FutureWarning)
/data/gaob/Re-ID/conda-envs/tri_reid/lib/python3.10/site-packages/timm/models/registry.py:4: FutureWarning: Importing from timm.models.registry is deprecated, please import via timm.models
  warnings.warn(f"Importing from {__name__} is deprecated, please import via timm.models", FutureWarning)
/data/gaob/Re-ID/conda-envs/tri_reid/lib/python3.10/site-packages/timm/models/layers/__init__.py:48: FutureWarning: Importing from timm.models.layers is deprecated, please import via timm.layers
  warnings.warn(f"Importing from {__name__} is deprecated, please import via timm.layers", FutureWarning)
using Transformer_type: ViT-B-16 as a backbone
Resized position embedding: %s to %s torch.Size([197, 768]) torch.Size([129, 768])
Position embedding resize to height:8 width: 16
Successfully load ckpt!
<All keys matched successfully>
Loading pretrained model from CLIP
camera number is : 8
O_IDENTITY_MISSING_FEATURE_BANKS_CPU_ONLY {"available_sets": 7, "cuda_allocated_bytes": 413101568, "new_optimizer_updates": 0}
PAPER_MISSING6_STREAM {"event": "RAW_READY", "condition": "q_NT_g_NT", "path": "/data/gaob/Re-ID/DeMo-DualAxis/runs/r201o_paper_missing6_20261010/full/MSVR310_r201o_frequency_shared_s42/q_NT_g_NT/raw.npz", "file": {"bytes": 8587451, "sha256": "2752aaae249cb0fbc97cab892f2408cd5c0c9b02981e610babc7f866e3ef56f4"}, "installed_gt_cases": 4}
PAPER_MISSING6_STREAM {"event": "RAW_CLEARED", "condition": "q_NT_g_NT"}
PAPER_MISSING6_STREAM {"event": "RAW_READY", "condition": "q_RT_g_RT", "path": "/data/gaob/Re-ID/DeMo-DualAxis/runs/r201o_paper_missing6_20261010/full/MSVR310_r201o_frequency_shared_s42/q_RT_g_RT/raw.npz", "file": {"bytes": 8535778, "sha256": "1ce4c574527634ce73cf9fbbd2bd03ea8b315b9e0badf2d851420f1e3bc22335"}, "installed_gt_cases": 4}
PAPER_MISSING6_STREAM {"event": "RAW_CLEARED", "condition": "q_RT_g_RT"}
PAPER_MISSING6_STREAM {"event": "RAW_READY", "condition": "q_RN_g_RN", "path": "/data/gaob/Re-ID/DeMo-DualAxis/runs/r201o_paper_missing6_20261010/full/MSVR310_r201o_frequency_shared_s42/q_RN_g_RN/raw.npz", "file": {"bytes": 8531138, "sha256": "372e0ddcfc8b151c39e4f95b00a4c8e366361bcfa7a7696d0f2b648064d7bd03"}, "installed_gt_cases": 4}
PAPER_MISSING6_STREAM {"event": "RAW_CLEARED", "condition": "q_RN_g_RN"}
PAPER_MISSING6_STREAM {"event": "RAW_READY", "condition": "q_T_g_T", "path": "/data/gaob/Re-ID/DeMo-DualAxis/runs/r201o_paper_missing6_20261010/full/MSVR310_r201o_frequency_shared_s42/q_T_g_T/raw.npz", "file": {"bytes": 8523927, "sha256": "64ed88a460dc7fb67196361db6d05a58da555f4a3bd3db7cae82d985891de541"}, "installed_gt_cases": 4}
PAPER_MISSING6_STREAM {"event": "RAW_CLEARED", "condition": "q_T_g_T"}
PAPER_MISSING6_STREAM {"event": "RAW_READY", "condition": "q_N_g_N", "path": "/data/gaob/Re-ID/DeMo-DualAxis/runs/r201o_paper_missing6_20261010/full/MSVR310_r201o_frequency_shared_s42/q_N_g_N/raw.npz", "file": {"bytes": 8556632, "sha256": "8bc9bd175123ba8d0f93eeb44411cdd683c0d3cb8d9b2fe26b041697523e6548"}, "installed_gt_cases": 4}
PAPER_MISSING6_STREAM {"event": "RAW_CLEARED", "condition": "q_N_g_N"}
PAPER_MISSING6_STREAM {"event": "RAW_READY", "condition": "q_R_g_R", "path": "/data/gaob/Re-ID/DeMo-DualAxis/runs/r201o_paper_missing6_20261010/full/MSVR310_r201o_frequency_shared_s42/q_R_g_R/raw.npz", "file": {"bytes": 8540368, "sha256": "04ab71fe4cc6ab9445f4828cc488cab26016823628930a11abc52150a15d1587"}, "installed_gt_cases": 4}
PAPER_MISSING6_STREAM {"event": "RAW_CLEARED", "condition": "q_R_g_R"}
PAPER_MISSING6_STREAM {"event": "EVALUATION_COMPLETE", "conditions": 6, "cases": 24, "optimizer_updates": 0}
