/data/gaob/Re-ID/conda-envs/tri_reid/lib/python3.10/site-packages/timm/models/helpers.py:7: FutureWarning: Importing from timm.models.helpers is deprecated, please import via timm.models
  warnings.warn(f"Importing from {__name__} is deprecated, please import via timm.models", FutureWarning)
/data/gaob/Re-ID/conda-envs/tri_reid/lib/python3.10/site-packages/timm/models/registry.py:4: FutureWarning: Importing from timm.models.registry is deprecated, please import via timm.models
  warnings.warn(f"Importing from {__name__} is deprecated, please import via timm.models", FutureWarning)
/data/gaob/Re-ID/conda-envs/tri_reid/lib/python3.10/site-packages/timm/models/layers/__init__.py:48: FutureWarning: Importing from timm.models.layers is deprecated, please import via timm.layers
  warnings.warn(f"Importing from {__name__} is deprecated, please import via timm.layers", FutureWarning)
using Transformer_type: ViT-B-16 as a backbone
Resized position embedding: %s to %s torch.Size([197, 768]) torch.Size([129, 768])
Position embedding resize to height:8 width: 16
Successfully load ckpt!
<All keys matched successfully>
Loading pretrained model from CLIP
camera number is : 8
O_IDENTITY_MISSING_FEATURE_BANKS_CPU_ONLY {"available_sets": 7, "cuda_allocated_bytes": 408156160, "new_optimizer_updates": 0}
PAPER_MISSING6_STREAM {"event": "RAW_READY", "condition": "q_NT_g_NT", "path": "/data/gaob/Re-ID/DeMo-DualAxis/runs/r201o_paper_missing6_20261010/full/RGBNT100_r201o_frequency_shared_s42/q_NT_g_NT/raw.npz", "file": {"bytes": 200778139, "sha256": "9691f0ecf7baa4dd6b7573852d9de3b26930cee2ea48891c9ba620ba1e683d7c"}, "installed_gt_cases": 4}
PAPER_MISSING6_STREAM {"event": "RAW_CLEARED", "condition": "q_NT_g_NT"}
PAPER_MISSING6_STREAM {"event": "RAW_READY", "condition": "q_RT_g_RT", "path": "/data/gaob/Re-ID/DeMo-DualAxis/runs/r201o_paper_missing6_20261010/full/RGBNT100_r201o_frequency_shared_s42/q_RT_g_RT/raw.npz", "file": {"bytes": 200315187, "sha256": "3f7af16aa458c7459c19328c922925f1612aa423ff4c24bbe1e17b44c497a809"}, "installed_gt_cases": 4}
PAPER_MISSING6_STREAM {"event": "RAW_CLEARED", "condition": "q_RT_g_RT"}
PAPER_MISSING6_STREAM {"event": "RAW_READY", "condition": "q_RN_g_RN", "path": "/data/gaob/Re-ID/DeMo-DualAxis/runs/r201o_paper_missing6_20261010/full/RGBNT100_r201o_frequency_shared_s42/q_RN_g_RN/raw.npz", "file": {"bytes": 200875554, "sha256": "050c4fd935e879ec016a9c3764690421949ef93311bee38d1c587f70ecde594e"}, "installed_gt_cases": 4}
PAPER_MISSING6_STREAM {"event": "RAW_CLEARED", "condition": "q_RN_g_RN"}
PAPER_MISSING6_STREAM {"event": "RAW_READY", "condition": "q_T_g_T", "path": "/data/gaob/Re-ID/DeMo-DualAxis/runs/r201o_paper_missing6_20261010/full/RGBNT100_r201o_frequency_shared_s42/q_T_g_T/raw.npz", "file": {"bytes": 194885998, "sha256": "ad448dacacfb39183a7c08aa23e4071ad44da7aa67ab209c4aef9cde8a7fe068"}, "installed_gt_cases": 4}
PAPER_MISSING6_STREAM {"event": "RAW_CLEARED", "condition": "q_T_g_T"}
PAPER_MISSING6_STREAM {"event": "RAW_READY", "condition": "q_N_g_N", "path": "/data/gaob/Re-ID/DeMo-DualAxis/runs/r201o_paper_missing6_20261010/full/RGBNT100_r201o_frequency_shared_s42/q_N_g_N/raw.npz", "file": {"bytes": 201633442, "sha256": "192121baa12ebea9f62d66e4ae4160010b5b77592fe0d6eeda767ac4f80b60cf"}, "installed_gt_cases": 4}
PAPER_MISSING6_STREAM {"event": "RAW_CLEARED", "condition": "q_N_g_N"}
PAPER_MISSING6_STREAM {"event": "RAW_READY", "condition": "q_R_g_R", "path": "/data/gaob/Re-ID/DeMo-DualAxis/runs/r201o_paper_missing6_20261010/full/RGBNT100_r201o_frequency_shared_s42/q_R_g_R/raw.npz", "file": {"bytes": 203170087, "sha256": "05876940d0187ec36b748eeef102b655b93d75be2f52f9f284f2b6a22d43bb71"}, "installed_gt_cases": 4}
PAPER_MISSING6_STREAM {"event": "RAW_CLEARED", "condition": "q_R_g_R"}
PAPER_MISSING6_STREAM {"event": "EVALUATION_COMPLETE", "conditions": 6, "cases": 24, "optimizer_updates": 0}
