/data/gaob/Re-ID/conda-envs/tri_reid/lib/python3.10/site-packages/timm/models/helpers.py:7: FutureWarning: Importing from timm.models.helpers is deprecated, please import via timm.models
  warnings.warn(f"Importing from {__name__} is deprecated, please import via timm.models", FutureWarning)
/data/gaob/Re-ID/conda-envs/tri_reid/lib/python3.10/site-packages/timm/models/registry.py:4: FutureWarning: Importing from timm.models.registry is deprecated, please import via timm.models
  warnings.warn(f"Importing from {__name__} is deprecated, please import via timm.models", FutureWarning)
/data/gaob/Re-ID/conda-envs/tri_reid/lib/python3.10/site-packages/timm/models/layers/__init__.py:48: FutureWarning: Importing from timm.models.layers is deprecated, please import via timm.layers
  warnings.warn(f"Importing from {__name__} is deprecated, please import via timm.layers", FutureWarning)
using Transformer_type: ViT-B-16 as a backbone
Resized position embedding: %s to %s torch.Size([197, 768]) torch.Size([129, 768])
Position embedding resize to height:8 width: 16
Successfully load ckpt!
<All keys matched successfully>
Loading pretrained model from CLIP
camera number is : 8
O_IDENTITY_MISSING_FEATURE_BANKS_CPU_ONLY {"available_sets": 7, "cuda_allocated_bytes": 408156160, "new_optimizer_updates": 0}
PAPER_MISSING6_STREAM {"event": "RAW_READY", "condition": "q_NT_g_NT", "path": "/data/gaob/Re-ID/DeMo-DualAxis/runs/r201o_paper_missing6_20261010/full/RGBNT100_r201o_axis_shared_s42/q_NT_g_NT/raw.npz", "file": {"bytes": 200776696, "sha256": "c9eb22d41d7570b71fa802e2afea95c602ae8eda8f5ff4d8cfc13217b8e3fe86"}, "installed_gt_cases": 4}
PAPER_MISSING6_STREAM {"event": "RAW_CLEARED", "condition": "q_NT_g_NT"}
PAPER_MISSING6_STREAM {"event": "RAW_READY", "condition": "q_RT_g_RT", "path": "/data/gaob/Re-ID/DeMo-DualAxis/runs/r201o_paper_missing6_20261010/full/RGBNT100_r201o_axis_shared_s42/q_RT_g_RT/raw.npz", "file": {"bytes": 200279789, "sha256": "2862d1051773d174a56b3ef239700ca6510317f2858138d3a0c8467c3abc9f59"}, "installed_gt_cases": 4}
PAPER_MISSING6_STREAM {"event": "RAW_CLEARED", "condition": "q_RT_g_RT"}
PAPER_MISSING6_STREAM {"event": "RAW_READY", "condition": "q_RN_g_RN", "path": "/data/gaob/Re-ID/DeMo-DualAxis/runs/r201o_paper_missing6_20261010/full/RGBNT100_r201o_axis_shared_s42/q_RN_g_RN/raw.npz", "file": {"bytes": 200854745, "sha256": "2950656f19450a78c3b841385ab727db901a2281fbdab14250afb2c25c4b6bef"}, "installed_gt_cases": 4}
PAPER_MISSING6_STREAM {"event": "RAW_CLEARED", "condition": "q_RN_g_RN"}
PAPER_MISSING6_STREAM {"event": "RAW_READY", "condition": "q_T_g_T", "path": "/data/gaob/Re-ID/DeMo-DualAxis/runs/r201o_paper_missing6_20261010/full/RGBNT100_r201o_axis_shared_s42/q_T_g_T/raw.npz", "file": {"bytes": 194894500, "sha256": "af6b0a8a5939abd68bc1112b329195da304d350932c8ddff67938e6a98c94a57"}, "installed_gt_cases": 4}
PAPER_MISSING6_STREAM {"event": "RAW_CLEARED", "condition": "q_T_g_T"}
PAPER_MISSING6_STREAM {"event": "RAW_READY", "condition": "q_N_g_N", "path": "/data/gaob/Re-ID/DeMo-DualAxis/runs/r201o_paper_missing6_20261010/full/RGBNT100_r201o_axis_shared_s42/q_N_g_N/raw.npz", "file": {"bytes": 201628075, "sha256": "8e5fabe402ba15988511cf67b3aadaee5ddbf62060dbada3fe1f876bc772fdd5"}, "installed_gt_cases": 4}
PAPER_MISSING6_STREAM {"event": "RAW_CLEARED", "condition": "q_N_g_N"}
PAPER_MISSING6_STREAM {"event": "RAW_READY", "condition": "q_R_g_R", "path": "/data/gaob/Re-ID/DeMo-DualAxis/runs/r201o_paper_missing6_20261010/full/RGBNT100_r201o_axis_shared_s42/q_R_g_R/raw.npz", "file": {"bytes": 203132566, "sha256": "f3f77985dfb8672434224ebefc30c1438d7eaabf0c640b156a43f36ca14d4f64"}, "installed_gt_cases": 4}
PAPER_MISSING6_STREAM {"event": "RAW_CLEARED", "condition": "q_R_g_R"}
PAPER_MISSING6_STREAM {"event": "EVALUATION_COMPLETE", "conditions": 6, "cases": 24, "optimizer_updates": 0}
