/data/gaob/Re-ID/conda-envs/tri_reid/lib/python3.10/site-packages/timm/models/helpers.py:7: FutureWarning: Importing from timm.models.helpers is deprecated, please import via timm.models
  warnings.warn(f"Importing from {__name__} is deprecated, please import via timm.models", FutureWarning)
/data/gaob/Re-ID/conda-envs/tri_reid/lib/python3.10/site-packages/timm/models/registry.py:4: FutureWarning: Importing from timm.models.registry is deprecated, please import via timm.models
  warnings.warn(f"Importing from {__name__} is deprecated, please import via timm.models", FutureWarning)
/data/gaob/Re-ID/conda-envs/tri_reid/lib/python3.10/site-packages/timm/models/layers/__init__.py:48: FutureWarning: Importing from timm.models.layers is deprecated, please import via timm.layers
  warnings.warn(f"Importing from {__name__} is deprecated, please import via timm.layers", FutureWarning)
using Transformer_type: ViT-B-16 as a backbone
Resized position embedding: %s to %s torch.Size([197, 768]) torch.Size([129, 768])
Position embedding resize to height:8 width: 16
Successfully load ckpt!
<All keys matched successfully>
Loading pretrained model from CLIP
camera number is : 8
===========Building DeMo===========
DEVELOPMENT_MISSING_CONDITION clean {"mAP": 88.65372164553196, "mINP": 69.4223183130912, "Rank-1": 95.776, "Rank-5": 96.576, "Rank-10": 97.344, "Rank-20": 98.752}
DEVELOPMENT_MISSING_CONDITION both_missing_r {"mAP": 84.2868915140157, "mINP": 54.595422335433966, "Rank-1": 95.52000000000001, "Rank-5": 96.544, "Rank-10": 96.896, "Rank-20": 98.016}
DEVELOPMENT_MISSING_CONDITION query_missing_r {"mAP": 78.92699662240513, "mINP": 50.67445659660594, "Rank-1": 91.616, "Rank-5": 93.472, "Rank-10": 94.75200000000001, "Rank-20": 96.192}
DEVELOPMENT_MISSING_CONDITION both_missing_n {"mAP": 87.71887802436747, "mINP": 62.887392786400135, "Rank-1": 96.416, "Rank-5": 96.832, "Rank-10": 97.344, "Rank-20": 97.98400000000001}
DEVELOPMENT_MISSING_CONDITION query_missing_n {"mAP": 84.22609326589095, "mINP": 59.30600965427685, "Rank-1": 94.176, "Rank-5": 96.352, "Rank-10": 97.11999999999999, "Rank-20": 98.944}
DEVELOPMENT_MISSING_CONDITION both_missing_t {"mAP": 78.25555757838514, "mINP": 53.09209947679435, "Rank-1": 90.432, "Rank-5": 90.976, "Rank-10": 91.392, "Rank-20": 92.352}
DEVELOPMENT_MISSING_CONDITION query_missing_t {"mAP": 74.68183852585345, "mINP": 50.592025342486956, "Rank-1": 86.24000000000001, "Rank-5": 88.256, "Rank-10": 89.152, "Rank-20": 90.688}
DEVELOPMENT_MISSING_CONDITION both_missing_rn {"mAP": 53.60004475702572, "mINP": 25.242707428373556, "Rank-1": 73.536, "Rank-5": 77.568, "Rank-10": 80.47999999999999, "Rank-20": 84.86399999999999}
DEVELOPMENT_MISSING_CONDITION query_missing_rn {"mAP": 30.698226778017467, "mINP": 17.25052877951443, "Rank-1": 30.752000000000002, "Rank-5": 35.296, "Rank-10": 37.632, "Rank-20": 41.28}
DEVELOPMENT_MISSING_CONDITION both_missing_rt {"mAP": 69.33223836484342, "mINP": 41.9981155181147, "Rank-1": 85.344, "Rank-5": 87.2, "Rank-10": 88.032, "Rank-20": 88.928}
DEVELOPMENT_MISSING_CONDITION query_missing_rt {"mAP": 46.883339376108935, "mINP": 32.96095041599729, "Rank-1": 47.36, "Rank-5": 52.896, "Rank-10": 56.288000000000004, "Rank-20": 61.216}
DEVELOPMENT_MISSING_CONDITION both_missing_nt {"mAP": 76.47974302173799, "mINP": 53.40521394184918, "Rank-1": 88.0, "Rank-5": 90.944, "Rank-10": 92.64, "Rank-20": 93.728}
DEVELOPMENT_MISSING_CONDITION query_missing_nt {"mAP": 57.60812009818235, "mINP": 41.39320938465927, "Rank-1": 59.136, "Rank-5": 64.96, "Rank-10": 67.168, "Rank-20": 71.936}
