/data/gaob/Re-ID/conda-envs/tri_reid/lib/python3.10/site-packages/timm/models/helpers.py:7: FutureWarning: Importing from timm.models.helpers is deprecated, please import via timm.models
  warnings.warn(f"Importing from {__name__} is deprecated, please import via timm.models", FutureWarning)
/data/gaob/Re-ID/conda-envs/tri_reid/lib/python3.10/site-packages/timm/models/registry.py:4: FutureWarning: Importing from timm.models.registry is deprecated, please import via timm.models
  warnings.warn(f"Importing from {__name__} is deprecated, please import via timm.models", FutureWarning)
/data/gaob/Re-ID/conda-envs/tri_reid/lib/python3.10/site-packages/timm/models/layers/__init__.py:48: FutureWarning: Importing from timm.models.layers is deprecated, please import via timm.layers
  warnings.warn(f"Importing from {__name__} is deprecated, please import via timm.layers", FutureWarning)
using Transformer_type: ViT-B-16 as a backbone
Resized position embedding: %s to %s torch.Size([197, 768]) torch.Size([129, 768])
Position embedding resize to height:8 width: 16
Successfully load ckpt!
<All keys matched successfully>
Loading pretrained model from CLIP
camera number is : 8
===========Building DeMo===========
STRESS_CONDITION clean {"mAP": 78.72850705960266, "mINP": 52.22724003463938, "Rank-1": 93.64431486880467, "Rank-5": 95.04373177842565, "Rank-10": 95.74344023323616, "Rank-20": 96.50145772594753}
STRESS_CONDITION RGB_blur_sigma1p5 {"mAP": 76.08743974767023, "mINP": 50.827525742025884, "Rank-1": 90.43731778425655, "Rank-5": 91.89504373177843, "Rank-10": 92.53644314868804, "Rank-20": 93.58600583090379}
STRESS_CONDITION RGB_blur_sigma3 {"mAP": 73.78747164619008, "mINP": 49.72651804620914, "Rank-1": 86.53061224489797, "Rank-5": 88.57142857142857, "Rank-10": 89.6209912536443, "Rank-20": 91.02040816326532}
STRESS_CONDITION NI_blur_sigma1p5 {"mAP": 75.51900459834297, "mINP": 50.32205689404149, "Rank-1": 90.43731778425655, "Rank-5": 92.12827988338192, "Rank-10": 92.65306122448979, "Rank-20": 92.8862973760933}
STRESS_CONDITION NI_blur_sigma3 {"mAP": 72.51165047717896, "mINP": 47.0234274727424, "Rank-1": 86.82215743440234, "Rank-5": 88.62973760932945, "Rank-10": 90.02915451895043, "Rank-20": 91.13702623906705}
STRESS_CONDITION TI_blur_sigma1p5 {"mAP": 76.10006883212465, "mINP": 49.33658818421465, "Rank-1": 89.67930029154519, "Rank-5": 91.4868804664723, "Rank-10": 93.1195335276968, "Rank-20": 94.98542274052478}
STRESS_CONDITION TI_blur_sigma3 {"mAP": 71.70574637687369, "mINP": 45.15314945059643, "Rank-1": 86.47230320699708, "Rank-5": 88.0466472303207, "Rank-10": 89.56268221574344, "Rank-20": 91.9533527696793}
