/data/gaob/Re-ID/conda-envs/tri_reid/lib/python3.10/site-packages/timm/models/helpers.py:7: FutureWarning: Importing from timm.models.helpers is deprecated, please import via timm.models
  warnings.warn(f"Importing from {__name__} is deprecated, please import via timm.models", FutureWarning)
/data/gaob/Re-ID/conda-envs/tri_reid/lib/python3.10/site-packages/timm/models/registry.py:4: FutureWarning: Importing from timm.models.registry is deprecated, please import via timm.models
  warnings.warn(f"Importing from {__name__} is deprecated, please import via timm.models", FutureWarning)
/data/gaob/Re-ID/conda-envs/tri_reid/lib/python3.10/site-packages/timm/models/layers/__init__.py:48: FutureWarning: Importing from timm.models.layers is deprecated, please import via timm.layers
  warnings.warn(f"Importing from {__name__} is deprecated, please import via timm.layers", FutureWarning)
using Transformer_type: ViT-B-16 as a backbone
Resized position embedding: %s to %s torch.Size([197, 768]) torch.Size([129, 768])
Position embedding resize to height:8 width: 16
Successfully load ckpt!
<All keys matched successfully>
Loading pretrained model from CLIP
camera number is : 8
OFFICIAL_49 MSVR310 twins_shared q_RNT_g_RNT {"mAP": 49.46968802952666, "mINP": 25.129305574656023, "Rank-1": 69.03553299492386, "Rank-5": 81.89509306260575, "Rank-10": 86.46362098138748, "Rank-20": 90.86294416243655}
OFFICIAL_49 MSVR310 twins_shared q_RNT_g_R {"mAP": 41.57249198575213, "mINP": 20.16138264222289, "Rank-1": 58.206429780033844, "Rank-5": 77.15736040609137, "Rank-10": 82.74111675126903, "Rank-20": 88.15566835871405}
OFFICIAL_49 MSVR310 twins_shared q_RNT_g_N {"mAP": 34.626429254675635, "mINP": 14.818503922001764, "Rank-1": 50.930626057529615, "Rank-5": 72.41962774957699, "Rank-10": 80.8798646362098, "Rank-20": 88.66328257191202}
OFFICIAL_49 MSVR310 twins_shared q_RNT_g_T {"mAP": 14.665237669027423, "mINP": 3.986770254333521, "Rank-1": 24.027072758037225, "Rank-5": 45.5160744500846, "Rank-10": 56.852791878172596, "Rank-20": 69.37394247038917}
OFFICIAL_49 MSVR310 twins_shared q_RNT_g_RN {"mAP": 46.75499220964866, "mINP": 23.259190668313064, "Rank-1": 64.46700507614213, "Rank-5": 79.52622673434855, "Rank-10": 85.10998307952623, "Rank-20": 90.01692047377327}
OFFICIAL_49 MSVR310 twins_shared q_RNT_g_RT {"mAP": 45.36039049348665, "mINP": 22.02088038435715, "Rank-1": 61.92893401015228, "Rank-5": 79.86463620981388, "Rank-10": 82.74111675126903, "Rank-20": 88.15566835871405}
OFFICIAL_49 MSVR310 twins_shared q_RNT_g_NT {"mAP": 39.95943267728307, "mINP": 18.228795525834137, "Rank-1": 58.71404399323181, "Rank-5": 76.98815566835871, "Rank-10": 82.06429780033841, "Rank-20": 89.5093062605753}
OFFICIAL_49 MSVR310 twins_shared q_R_g_RNT {"mAP": 40.0875349492496, "mINP": 20.044990330042616, "Rank-1": 52.62267343485617, "Rank-5": 72.7580372250423, "Rank-10": 80.71065989847716, "Rank-20": 86.97123519458545}
OFFICIAL_49 MSVR310 twins_shared q_R_g_R {"mAP": 37.89754408559391, "mINP": 18.952010502301057, "Rank-1": 53.13028764805414, "Rank-5": 71.91201353637902, "Rank-10": 78.51099830795262, "Rank-20": 85.6175972927242}
OFFICIAL_49 MSVR310 twins_shared q_R_g_N {"mAP": 26.71492568368075, "mINP": 10.90904738217713, "Rank-1": 35.70219966159052, "Rank-5": 62.2673434856176, "Rank-10": 74.2808798646362, "Rank-20": 81.89509306260575}
OFFICIAL_49 MSVR310 twins_shared q_R_g_T {"mAP": 8.437700511561154, "mINP": 2.661540709658823, "Rank-1": 8.967851099830796, "Rank-5": 27.072758037225043, "Rank-10": 39.93231810490694, "Rank-20": 50.42301184433165}
OFFICIAL_49 MSVR310 twins_shared q_R_g_RN {"mAP": 39.1112576484325, "mINP": 19.45032822386261, "Rank-1": 53.13028764805414, "Rank-5": 74.11167512690355, "Rank-10": 79.69543147208121, "Rank-20": 85.6175972927242}
OFFICIAL_49 MSVR310 twins_shared q_R_g_RT {"mAP": 38.92806504822567, "mINP": 19.210981060870537, "Rank-1": 53.63790186125211, "Rank-5": 70.38917089678512, "Rank-10": 79.52622673434855, "Rank-20": 85.6175972927242}
OFFICIAL_49 MSVR310 twins_shared q_R_g_NT {"mAP": 27.47899067487452, "mINP": 11.434713137302753, "Rank-1": 36.209813874788495, "Rank-5": 61.25211505922166, "Rank-10": 71.06598984771574, "Rank-20": 79.01861252115059}
OFFICIAL_49 MSVR310 twins_shared q_N_g_RNT {"mAP": 34.26494477236092, "mINP": 16.15164393643661, "Rank-1": 44.16243654822335, "Rank-5": 69.54314720812182, "Rank-10": 77.49576988155668, "Rank-20": 86.63282571912013}
OFFICIAL_49 MSVR310 twins_shared q_N_g_R {"mAP": 25.0352073137987, "mINP": 10.197768694658416, "Rank-1": 32.82571912013537, "Rank-5": 53.97631133671743, "Rank-10": 61.92893401015228, "Rank-20": 69.03553299492386}
OFFICIAL_49 MSVR310 twins_shared q_N_g_N {"mAP": 32.02152323396085, "mINP": 11.910424692315742, "Rank-1": 50.930626057529615, "Rank-5": 72.7580372250423, "Rank-10": 81.89509306260575, "Rank-20": 87.9864636209814}
OFFICIAL_49 MSVR310 twins_shared q_N_g_T {"mAP": 7.8341422507546765, "mINP": 2.6443782054605895, "Rank-1": 8.629441624365482, "Rank-5": 26.39593908629442, "Rank-10": 37.055837563451774, "Rank-20": 52.79187817258884}
OFFICIAL_49 MSVR310 twins_shared q_N_g_RN {"mAP": 33.16065583481861, "mINP": 15.387978063891383, "Rank-1": 44.33164128595601, "Rank-5": 67.17428087986464, "Rank-10": 78.00338409475465, "Rank-20": 85.95600676818951}
OFFICIAL_49 MSVR310 twins_shared q_N_g_RT {"mAP": 26.721162208628712, "mINP": 10.9736068081953, "Rank-1": 35.025380710659896, "Rank-5": 56.0067681895093, "Rank-10": 64.46700507614213, "Rank-20": 72.7580372250423}
OFFICIAL_49 MSVR310 twins_shared q_N_g_NT {"mAP": 33.957841061396024, "mINP": 14.055228805119865, "Rank-1": 50.25380710659898, "Rank-5": 74.95769881556683, "Rank-10": 81.7258883248731, "Rank-20": 88.49407783417935}
OFFICIAL_49 MSVR310 twins_shared q_T_g_RNT {"mAP": 15.404676033639825, "mINP": 5.701808297730738, "Rank-1": 21.31979695431472, "Rank-5": 41.11675126903553, "Rank-10": 50.592216582064296, "Rank-20": 62.2673434856176}
OFFICIAL_49 MSVR310 twins_shared q_T_g_R {"mAP": 8.740133488169622, "mINP": 3.8039801457648443, "Rank-1": 9.30626057529611, "Rank-5": 21.150592216582066, "Rank-10": 29.610829103214893, "Rank-20": 40.77834179357022}
OFFICIAL_49 MSVR310 twins_shared q_T_g_N {"mAP": 8.444204130559083, "mINP": 3.5257240236188925, "Rank-1": 8.629441624365482, "Rank-5": 24.703891708967852, "Rank-10": 35.19458544839256, "Rank-20": 48.39255499153977}
OFFICIAL_49 MSVR310 twins_shared q_T_g_T {"mAP": 14.125623166305424, "mINP": 3.3745840567330294, "Rank-1": 28.426395939086298, "Rank-5": 45.17766497461929, "Rank-10": 55.16074450084603, "Rank-20": 63.113367174280874}
OFFICIAL_49 MSVR310 twins_shared q_T_g_RN {"mAP": 9.921924606949352, "mINP": 4.330112468435802, "Rank-1": 10.829103214890017, "Rank-5": 25.719120135363788, "Rank-10": 35.36379018612521, "Rank-20": 46.7005076142132}
OFFICIAL_49 MSVR310 twins_shared q_T_g_RT {"mAP": 15.197207851563089, "mINP": 5.55111184584506, "Rank-1": 22.673434856175973, "Rank-5": 40.947546531302876, "Rank-10": 50.76142131979695, "Rank-20": 60.236886632825716}
OFFICIAL_49 MSVR310 twins_shared q_T_g_NT {"mAP": 15.96528261689798, "mINP": 4.878394030257863, "Rank-1": 27.241962774957702, "Rank-5": 45.68527918781726, "Rank-10": 54.314720812182735, "Rank-20": 62.944162436548226}
OFFICIAL_49 MSVR310 twins_shared q_RN_g_RNT {"mAP": 45.7685477986423, "mINP": 23.2376012768663, "Rank-1": 62.43654822335025, "Rank-5": 79.86463620981388, "Rank-10": 84.77157360406092, "Rank-20": 90.69373942470389}
OFFICIAL_49 MSVR310 twins_shared q_RN_g_R {"mAP": 40.79115827149173, "mINP": 20.48583495510328, "Rank-1": 55.668358714044, "Rank-5": 75.4653130287648, "Rank-10": 82.23350253807106, "Rank-20": 88.49407783417935}
OFFICIAL_49 MSVR310 twins_shared q_RN_g_N {"mAP": 34.26999026221705, "mINP": 14.014986950080763, "Rank-1": 51.438240270727576, "Rank-5": 72.08121827411168, "Rank-10": 81.89509306260575, "Rank-20": 87.9864636209814}
OFFICIAL_49 MSVR310 twins_shared q_RN_g_T {"mAP": 9.094065616561911, "mINP": 2.8887210744244296, "Rank-1": 8.629441624365482, "Rank-5": 28.25719120135364, "Rank-10": 40.10152284263959, "Rank-20": 54.82233502538071}
OFFICIAL_49 MSVR310 twins_shared q_RN_g_RN {"mAP": 45.81355432404016, "mINP": 23.11820782274507, "Rank-1": 62.944162436548226, "Rank-5": 79.52622673434855, "Rank-10": 84.77157360406092, "Rank-20": 90.35532994923858}
OFFICIAL_49 MSVR310 twins_shared q_RN_g_RT {"mAP": 42.31594839723339, "mINP": 20.97467519040396, "Rank-1": 58.03722504230119, "Rank-5": 76.6497461928934, "Rank-10": 81.89509306260575, "Rank-20": 88.49407783417935}
OFFICIAL_49 MSVR310 twins_shared q_RN_g_NT {"mAP": 35.78673846484811, "mINP": 15.519163647997125, "Rank-1": 50.930626057529615, "Rank-5": 74.78849407783417, "Rank-10": 81.89509306260575, "Rank-20": 89.17089678510999}
OFFICIAL_49 MSVR310 twins_shared q_RT_g_RNT {"mAP": 44.784062740096566, "mINP": 22.074393262001106, "Rank-1": 61.25211505922166, "Rank-5": 76.81895093062606, "Rank-10": 82.57191201353638, "Rank-20": 88.15566835871405}
OFFICIAL_49 MSVR310 twins_shared q_RT_g_R {"mAP": 40.017200473701365, "mINP": 19.75310143103747, "Rank-1": 55.499153976311334, "Rank-5": 75.4653130287648, "Rank-10": 81.55668358714044, "Rank-20": 86.46362098138748}
OFFICIAL_49 MSVR310 twins_shared q_RT_g_N {"mAP": 28.26196229541328, "mINP": 11.763230773027326, "Rank-1": 37.90186125211506, "Rank-5": 66.83587140439933, "Rank-10": 75.29610829103216, "Rank-20": 82.91032148900169}
OFFICIAL_49 MSVR310 twins_shared q_RT_g_T {"mAP": 15.561680629445407, "mINP": 4.054860177934071, "Rank-1": 27.749576988155667, "Rank-5": 48.90016920473773, "Rank-10": 59.729272419627755, "Rank-20": 68.18950930626058}
OFFICIAL_49 MSVR310 twins_shared q_RT_g_RN {"mAP": 42.017475441623034, "mINP": 20.723543827916405, "Rank-1": 57.360406091370564, "Rank-5": 75.4653130287648, "Rank-10": 82.91032148900169, "Rank-20": 87.30964467005076}
OFFICIAL_49 MSVR310 twins_shared q_RT_g_RT {"mAP": 43.889486349302366, "mINP": 21.687708662258107, "Rank-1": 59.56006768189509, "Rank-5": 77.834179357022, "Rank-10": 81.89509306260575, "Rank-20": 87.30964467005076}
OFFICIAL_49 MSVR310 twins_shared q_RT_g_NT {"mAP": 31.06230575448146, "mINP": 12.235759810787808, "Rank-1": 47.03891708967851, "Rank-5": 67.34348561759728, "Rank-10": 75.29610829103216, "Rank-20": 82.06429780033841}
OFFICIAL_49 MSVR310 twins_shared q_NT_g_RNT {"mAP": 38.799806399190224, "mINP": 18.661327026752367, "Rank-1": 53.63790186125211, "Rank-5": 73.77326565143824, "Rank-10": 83.07952622673434, "Rank-20": 87.47884940778341}
OFFICIAL_49 MSVR310 twins_shared q_NT_g_R {"mAP": 26.198362461534607, "mINP": 10.469902375877606, "Rank-1": 34.34856175972927, "Rank-5": 53.80710659898477, "Rank-10": 63.45177664974619, "Rank-20": 71.2351945854484}
OFFICIAL_49 MSVR310 twins_shared q_NT_g_N {"mAP": 33.68585667276642, "mINP": 13.587191053641678, "Rank-1": 51.60744500846024, "Rank-5": 73.26565143824027, "Rank-10": 81.89509306260575, "Rank-20": 89.17089678510999}
OFFICIAL_49 MSVR310 twins_shared q_NT_g_T {"mAP": 15.841168359117441, "mINP": 4.082875547723827, "Rank-1": 30.79526226734349, "Rank-5": 50.25380710659898, "Rank-10": 60.40609137055838, "Rank-20": 68.69712351945854}
OFFICIAL_49 MSVR310 twins_shared q_NT_g_RN {"mAP": 35.51796645657168, "mINP": 16.67124247455206, "Rank-1": 49.91539763113367, "Rank-5": 71.57360406091371, "Rank-10": 80.03384094754654, "Rank-20": 86.97123519458545}
OFFICIAL_49 MSVR310 twins_shared q_NT_g_RT {"mAP": 29.707991032689296, "mINP": 12.489773817531436, "Rank-1": 41.28595600676819, "Rank-5": 63.113367174280874, "Rank-10": 71.57360406091371, "Rank-20": 78.51099830795262}
OFFICIAL_49 MSVR310 twins_shared q_NT_g_NT {"mAP": 39.26119461278864, "mINP": 17.16003054193658, "Rank-1": 57.52961082910322, "Rank-5": 77.49576988155668, "Rank-10": 83.92554991539764, "Rank-20": 89.67851099830794}
