/data/gaob/Re-ID/conda-envs/tri_reid/lib/python3.10/site-packages/timm/models/helpers.py:7: FutureWarning: Importing from timm.models.helpers is deprecated, please import via timm.models
  warnings.warn(f"Importing from {__name__} is deprecated, please import via timm.models", FutureWarning)
/data/gaob/Re-ID/conda-envs/tri_reid/lib/python3.10/site-packages/timm/models/registry.py:4: FutureWarning: Importing from timm.models.registry is deprecated, please import via timm.models
  warnings.warn(f"Importing from {__name__} is deprecated, please import via timm.models", FutureWarning)
/data/gaob/Re-ID/conda-envs/tri_reid/lib/python3.10/site-packages/timm/models/layers/__init__.py:48: FutureWarning: Importing from timm.models.layers is deprecated, please import via timm.layers
  warnings.warn(f"Importing from {__name__} is deprecated, please import via timm.layers", FutureWarning)
using Transformer_type: ViT-B-16 as a backbone
Resized position embedding: %s to %s torch.Size([197, 768]) torch.Size([129, 768])
Position embedding resize to height:8 width: 16
Successfully load ckpt!
<All keys matched successfully>
Loading pretrained model from CLIP
camera number is : 8
OFFICIAL_49 MSVR310 axis_shared q_RNT_g_RNT {"mAP": 49.48389575152801, "mINP": 25.00585917121805, "Rank-1": 69.03553299492386, "Rank-5": 81.89509306260575, "Rank-10": 86.29441624365482, "Rank-20": 90.69373942470389}
OFFICIAL_49 MSVR310 axis_shared q_RNT_g_R {"mAP": 41.612213580305415, "mINP": 20.14915411319529, "Rank-1": 57.868020304568525, "Rank-5": 76.81895093062606, "Rank-10": 82.91032148900169, "Rank-20": 88.3248730964467}
OFFICIAL_49 MSVR310 axis_shared q_RNT_g_N {"mAP": 34.67635190328585, "mINP": 14.798606580155404, "Rank-1": 51.09983079526227, "Rank-5": 72.7580372250423, "Rank-10": 80.8798646362098, "Rank-20": 88.66328257191202}
OFFICIAL_49 MSVR310 axis_shared q_RNT_g_T {"mAP": 14.609639390846784, "mINP": 4.009336661537054, "Rank-1": 24.196277495769884, "Rank-5": 45.854483925549914, "Rank-10": 57.1912013536379, "Rank-20": 69.20473773265653}
OFFICIAL_49 MSVR310 axis_shared q_RNT_g_RN {"mAP": 46.76974443847632, "mINP": 23.26422673215983, "Rank-1": 64.63620981387479, "Rank-5": 79.52622673434855, "Rank-10": 85.27918781725889, "Rank-20": 90.18612521150592}
OFFICIAL_49 MSVR310 axis_shared q_RNT_g_RT {"mAP": 45.42328230422202, "mINP": 21.992421911712967, "Rank-1": 62.43654822335025, "Rank-5": 80.20304568527918, "Rank-10": 82.91032148900169, "Rank-20": 88.66328257191202}
OFFICIAL_49 MSVR310 axis_shared q_RNT_g_NT {"mAP": 40.071875387948175, "mINP": 18.23255822226662, "Rank-1": 58.88324873096447, "Rank-5": 76.98815566835871, "Rank-10": 81.89509306260575, "Rank-20": 89.17089678510999}
OFFICIAL_49 MSVR310 axis_shared q_R_g_RNT {"mAP": 40.08792155408874, "mINP": 20.054981315702733, "Rank-1": 52.45346869712352, "Rank-5": 72.41962774957699, "Rank-10": 80.5414551607445, "Rank-20": 86.97123519458545}
OFFICIAL_49 MSVR310 axis_shared q_R_g_R {"mAP": 37.942625500799494, "mINP": 18.960039430924898, "Rank-1": 53.13028764805414, "Rank-5": 72.08121827411168, "Rank-10": 78.68020304568529, "Rank-20": 85.44839255499154}
OFFICIAL_49 MSVR310 axis_shared q_R_g_N {"mAP": 26.68587343339759, "mINP": 10.895696619045928, "Rank-1": 35.025380710659896, "Rank-5": 62.098138747884946, "Rank-10": 73.77326565143824, "Rank-20": 81.55668358714044}
OFFICIAL_49 MSVR310 axis_shared q_R_g_T {"mAP": 8.399531642299516, "mINP": 2.6405220196100245, "Rank-1": 8.79864636209814, "Rank-5": 26.56514382402707, "Rank-10": 39.25549915397631, "Rank-20": 50.08460236886633}
OFFICIAL_49 MSVR310 axis_shared q_R_g_RN {"mAP": 39.129735510921144, "mINP": 19.386398760583226, "Rank-1": 53.13028764805414, "Rank-5": 73.77326565143824, "Rank-10": 79.69543147208121, "Rank-20": 85.6175972927242}
OFFICIAL_49 MSVR310 axis_shared q_R_g_RT {"mAP": 38.986214112860026, "mINP": 19.290367429734303, "Rank-1": 53.46869712351946, "Rank-5": 70.21996615905245, "Rank-10": 79.35702199661591, "Rank-20": 85.44839255499154}
OFFICIAL_49 MSVR310 axis_shared q_R_g_NT {"mAP": 27.369234505249583, "mINP": 11.428888176513354, "Rank-1": 36.209813874788495, "Rank-5": 62.098138747884946, "Rank-10": 70.72758037225042, "Rank-20": 78.51099830795262}
OFFICIAL_49 MSVR310 axis_shared q_N_g_RNT {"mAP": 34.413407417308676, "mINP": 16.10506425996446, "Rank-1": 45.346869712351946, "Rank-5": 69.37394247038917, "Rank-10": 77.15736040609137, "Rank-20": 86.63282571912013}
OFFICIAL_49 MSVR310 axis_shared q_N_g_R {"mAP": 25.110492290105658, "mINP": 10.209420767109624, "Rank-1": 32.99492385786802, "Rank-5": 54.314720812182735, "Rank-10": 62.2673434856176, "Rank-20": 69.03553299492386}
OFFICIAL_49 MSVR310 axis_shared q_N_g_N {"mAP": 32.02283685661519, "mINP": 11.920119652716448, "Rank-1": 50.930626057529615, "Rank-5": 72.7580372250423, "Rank-10": 81.89509306260575, "Rank-20": 87.81725888324873}
OFFICIAL_49 MSVR310 axis_shared q_N_g_T {"mAP": 7.867040410358794, "mINP": 2.6245185786632037, "Rank-1": 8.79864636209814, "Rank-5": 26.903553299492383, "Rank-10": 37.7326565143824, "Rank-20": 52.79187817258884}
OFFICIAL_49 MSVR310 axis_shared q_N_g_RN {"mAP": 33.217866086812116, "mINP": 15.395757966672278, "Rank-1": 44.16243654822335, "Rank-5": 67.17428087986464, "Rank-10": 78.34179357021996, "Rank-20": 86.29441624365482}
OFFICIAL_49 MSVR310 axis_shared q_N_g_RT {"mAP": 26.639718104455547, "mINP": 10.833798238816613, "Rank-1": 34.686971235194584, "Rank-5": 56.34517766497462, "Rank-10": 64.80541455160744, "Rank-20": 73.43485617597293}
OFFICIAL_49 MSVR310 axis_shared q_N_g_NT {"mAP": 34.032522486672946, "mINP": 14.045252559279575, "Rank-1": 50.930626057529615, "Rank-5": 74.95769881556683, "Rank-10": 82.06429780033841, "Rank-20": 88.3248730964467}
OFFICIAL_49 MSVR310 axis_shared q_T_g_RNT {"mAP": 15.565713926922584, "mINP": 5.7742361017743935, "Rank-1": 21.489001692047378, "Rank-5": 41.455160744500844, "Rank-10": 50.08460236886633, "Rank-20": 62.43654822335025}
OFFICIAL_49 MSVR310 axis_shared q_T_g_R {"mAP": 8.703927163813162, "mINP": 3.812332303696833, "Rank-1": 9.137055837563452, "Rank-5": 22.33502538071066, "Rank-10": 30.96446700507614, "Rank-20": 41.455160744500844}
OFFICIAL_49 MSVR310 axis_shared q_T_g_N {"mAP": 8.456887388668779, "mINP": 3.4994364576200088, "Rank-1": 8.460236886632826, "Rank-5": 25.380710659898476, "Rank-10": 35.19458544839256, "Rank-20": 48.73096446700508}
OFFICIAL_49 MSVR310 axis_shared q_T_g_T {"mAP": 14.090226899185126, "mINP": 3.3659273332778183, "Rank-1": 28.25719120135364, "Rank-5": 45.008460236886634, "Rank-10": 55.16074450084603, "Rank-20": 62.944162436548226}
OFFICIAL_49 MSVR310 axis_shared q_T_g_RN {"mAP": 9.987204523599273, "mINP": 4.335615324522913, "Rank-1": 11.505922165820643, "Rank-5": 26.057529610829107, "Rank-10": 35.36379018612521, "Rank-20": 47.20812182741117}
OFFICIAL_49 MSVR310 axis_shared q_T_g_RT {"mAP": 15.260078144523664, "mINP": 5.532612800603904, "Rank-1": 23.181049069373945, "Rank-5": 40.947546531302876, "Rank-10": 50.42301184433165, "Rank-20": 60.06768189509306}
OFFICIAL_49 MSVR310 axis_shared q_T_g_NT {"mAP": 16.023855594228024, "mINP": 4.892550155534362, "Rank-1": 27.749576988155667, "Rank-5": 45.5160744500846, "Rank-10": 54.99153976311336, "Rank-20": 63.45177664974619}
OFFICIAL_49 MSVR310 axis_shared q_RN_g_RNT {"mAP": 45.79820533306676, "mINP": 23.293955232970177, "Rank-1": 62.2673434856176, "Rank-5": 79.86463620981388, "Rank-10": 84.77157360406092, "Rank-20": 90.69373942470389}
OFFICIAL_49 MSVR310 axis_shared q_RN_g_R {"mAP": 40.82335093827771, "mINP": 20.502940288473315, "Rank-1": 55.668358714044, "Rank-5": 75.63451776649747, "Rank-10": 82.06429780033841, "Rank-20": 88.3248730964467}
OFFICIAL_49 MSVR310 axis_shared q_RN_g_N {"mAP": 34.251817061704784, "mINP": 13.97089464237769, "Rank-1": 51.26903553299492, "Rank-5": 71.74280879864637, "Rank-10": 81.55668358714044, "Rank-20": 88.15566835871405}
OFFICIAL_49 MSVR310 axis_shared q_RN_g_T {"mAP": 9.10564397689847, "mINP": 2.8731897787934586, "Rank-1": 8.967851099830796, "Rank-5": 27.918781725888326, "Rank-10": 39.424703891708965, "Rank-20": 54.82233502538071}
OFFICIAL_49 MSVR310 axis_shared q_RN_g_RN {"mAP": 45.85605106867637, "mINP": 23.06675975086, "Rank-1": 62.944162436548226, "Rank-5": 79.69543147208121, "Rank-10": 84.77157360406092, "Rank-20": 90.35532994923858}
OFFICIAL_49 MSVR310 axis_shared q_RN_g_RT {"mAP": 42.30912955595285, "mINP": 20.839490639928826, "Rank-1": 58.03722504230119, "Rank-5": 76.6497461928934, "Rank-10": 82.06429780033841, "Rank-20": 88.49407783417935}
OFFICIAL_49 MSVR310 axis_shared q_RN_g_NT {"mAP": 35.77393484786234, "mINP": 15.46280386676353, "Rank-1": 50.76142131979695, "Rank-5": 74.45008460236888, "Rank-10": 81.89509306260575, "Rank-20": 88.83248730964468}
OFFICIAL_49 MSVR310 axis_shared q_RT_g_RNT {"mAP": 44.89217796120667, "mINP": 22.107193433491517, "Rank-1": 61.42131979695431, "Rank-5": 76.6497461928934, "Rank-10": 82.40270727580372, "Rank-20": 88.3248730964467}
OFFICIAL_49 MSVR310 axis_shared q_RT_g_R {"mAP": 40.135658919915365, "mINP": 19.777838232543587, "Rank-1": 56.0067681895093, "Rank-5": 75.63451776649747, "Rank-10": 81.21827411167513, "Rank-20": 86.63282571912013}
OFFICIAL_49 MSVR310 axis_shared q_RT_g_N {"mAP": 28.322547675833366, "mINP": 11.758468679631545, "Rank-1": 37.7326565143824, "Rank-5": 66.32825719120136, "Rank-10": 75.29610829103216, "Rank-20": 83.07952622673434}
OFFICIAL_49 MSVR310 axis_shared q_RT_g_T {"mAP": 15.518728337693172, "mINP": 4.048243426328172, "Rank-1": 28.08798646362098, "Rank-5": 49.06937394247039, "Rank-10": 59.390862944162436, "Rank-20": 68.18950930626058}
OFFICIAL_49 MSVR310 axis_shared q_RT_g_RN {"mAP": 42.111329151949455, "mINP": 20.699718373355903, "Rank-1": 57.868020304568525, "Rank-5": 75.4653130287648, "Rank-10": 82.91032148900169, "Rank-20": 87.30964467005076}
OFFICIAL_49 MSVR310 axis_shared q_RT_g_RT {"mAP": 43.956639075621204, "mINP": 21.765497753080393, "Rank-1": 59.89847715736041, "Rank-5": 78.00338409475465, "Rank-10": 81.89509306260575, "Rank-20": 87.30964467005076}
OFFICIAL_49 MSVR310 axis_shared q_RT_g_NT {"mAP": 30.968740462294846, "mINP": 12.178820091691032, "Rank-1": 46.7005076142132, "Rank-5": 67.51269035532995, "Rank-10": 74.78849407783417, "Rank-20": 82.57191201353638}
OFFICIAL_49 MSVR310 axis_shared q_NT_g_RNT {"mAP": 38.871505260230116, "mINP": 18.64846274424417, "Rank-1": 53.63790186125211, "Rank-5": 73.60406091370558, "Rank-10": 83.07952622673434, "Rank-20": 87.64805414551607}
OFFICIAL_49 MSVR310 axis_shared q_NT_g_R {"mAP": 26.379039222915807, "mINP": 10.531108955525715, "Rank-1": 35.025380710659896, "Rank-5": 54.99153976311336, "Rank-10": 63.45177664974619, "Rank-20": 70.55837563451777}
OFFICIAL_49 MSVR310 axis_shared q_NT_g_N {"mAP": 33.667718054390136, "mINP": 13.594667733627267, "Rank-1": 51.26903553299492, "Rank-5": 73.09644670050761, "Rank-10": 81.38747884940778, "Rank-20": 88.83248730964468}
OFFICIAL_49 MSVR310 axis_shared q_NT_g_T {"mAP": 15.835378973999351, "mINP": 4.069411467811132, "Rank-1": 30.62605752961083, "Rank-5": 51.438240270727576, "Rank-10": 60.06768189509306, "Rank-20": 68.69712351945854}
OFFICIAL_49 MSVR310 axis_shared q_NT_g_RN {"mAP": 35.574087071447316, "mINP": 16.721348050450388, "Rank-1": 49.746192893401016, "Rank-5": 72.25042301184433, "Rank-10": 79.86463620981388, "Rank-20": 86.97123519458545}
OFFICIAL_49 MSVR310 axis_shared q_NT_g_RT {"mAP": 29.733737790946215, "mINP": 12.5111434796584, "Rank-1": 40.947546531302876, "Rank-5": 63.45177664974619, "Rank-10": 71.57360406091371, "Rank-20": 78.51099830795262}
OFFICIAL_49 MSVR310 axis_shared q_NT_g_NT {"mAP": 39.3559363019983, "mINP": 17.19360954650206, "Rank-1": 57.868020304568525, "Rank-5": 77.66497461928934, "Rank-10": 84.0947546531303, "Rank-20": 89.84771573604061}
