/data/gaob/Re-ID/conda-envs/tri_reid/lib/python3.10/site-packages/timm/models/helpers.py:7: FutureWarning: Importing from timm.models.helpers is deprecated, please import via timm.models
  warnings.warn(f"Importing from {__name__} is deprecated, please import via timm.models", FutureWarning)
/data/gaob/Re-ID/conda-envs/tri_reid/lib/python3.10/site-packages/timm/models/registry.py:4: FutureWarning: Importing from timm.models.registry is deprecated, please import via timm.models
  warnings.warn(f"Importing from {__name__} is deprecated, please import via timm.models", FutureWarning)
/data/gaob/Re-ID/conda-envs/tri_reid/lib/python3.10/site-packages/timm/models/layers/__init__.py:48: FutureWarning: Importing from timm.models.layers is deprecated, please import via timm.layers
  warnings.warn(f"Importing from {__name__} is deprecated, please import via timm.layers", FutureWarning)
using Transformer_type: ViT-B-16 as a backbone
Resized position embedding: %s to %s torch.Size([197, 768]) torch.Size([129, 768])
Position embedding resize to height:8 width: 16
Successfully load ckpt!
<All keys matched successfully>
Loading pretrained model from CLIP
camera number is : 8
STRESS_CONDITION clean {"mAP": 78.39588253817968, "mINP": 51.31987105265393, "Rank-1": 94.46064139941691, "Rank-5": 95.56851311953352, "Rank-10": 96.61807580174927, "Rank-20": 97.43440233236151}
STRESS_CONDITION RGB_blur_sigma1p5 {"mAP": 77.16575676403414, "mINP": 50.12967822308793, "Rank-1": 92.8862973760933, "Rank-5": 93.87755102040816, "Rank-10": 94.86880466472303, "Rank-20": 95.8600583090379}
STRESS_CONDITION RGB_blur_sigma3 {"mAP": 75.53467194561522, "mINP": 49.23985993418291, "Rank-1": 90.96209912536443, "Rank-5": 92.18658892128279, "Rank-10": 93.29446064139941, "Rank-20": 94.81049562682216}
STRESS_CONDITION NI_blur_sigma1p5 {"mAP": 75.80131286932235, "mINP": 49.73917824875117, "Rank-1": 90.61224489795919, "Rank-5": 92.24489795918367, "Rank-10": 93.3527696793003, "Rank-20": 94.92711370262391}
STRESS_CONDITION NI_blur_sigma3 {"mAP": 74.47164601371287, "mINP": 48.440358779539864, "Rank-1": 89.15451895043732, "Rank-5": 91.25364431486881, "Rank-10": 92.24489795918367, "Rank-20": 93.70262390670554}
STRESS_CONDITION TI_blur_sigma1p5 {"mAP": 73.39441145109171, "mINP": 47.253495636763354, "Rank-1": 89.56268221574344, "Rank-5": 91.31195335276968, "Rank-10": 92.59475218658892, "Rank-20": 93.93586005830905}
STRESS_CONDITION TI_blur_sigma3 {"mAP": 67.62765787928447, "mINP": 42.15084736445289, "Rank-1": 81.28279883381924, "Rank-5": 84.08163265306122, "Rank-10": 85.88921282798833, "Rank-20": 88.80466472303206}
