/data/gb/Re-ID/conda-envs/tri_reid/lib/python3.10/site-packages/timm/models/helpers.py:7: FutureWarning: Importing from timm.models.helpers is deprecated, please import via timm.models
  warnings.warn(f"Importing from {__name__} is deprecated, please import via timm.models", FutureWarning)
/data/gb/Re-ID/conda-envs/tri_reid/lib/python3.10/site-packages/timm/models/registry.py:4: FutureWarning: Importing from timm.models.registry is deprecated, please import via timm.models
  warnings.warn(f"Importing from {__name__} is deprecated, please import via timm.models", FutureWarning)
/data/gb/Re-ID/conda-envs/tri_reid/lib/python3.10/site-packages/timm/models/layers/__init__.py:48: FutureWarning: Importing from timm.models.layers is deprecated, please import via timm.layers
  warnings.warn(f"Importing from {__name__} is deprecated, please import via timm.layers", FutureWarning)
using Transformer_type: ViT-B-16 as a backbone
Resized position embedding: %s to %s torch.Size([197, 768]) torch.Size([129, 768])
Position embedding resize to height:8 width: 16
Successfully load ckpt!
<All keys matched successfully>
Loading pretrained model from CLIP
camera number is : 8
===========Building DeMo===========
DEVELOPMENT_MISSING_CONDITION clean {"mAP": 88.6537205090406, "mINP": 69.4223183130912, "Rank-1": 95.776, "Rank-5": 96.576, "Rank-10": 97.344, "Rank-20": 98.752}
Traceback (most recent call last):
  File "/data/gb/Re-ID/DeMo-DualAxis/missing_development.py", line 106, in <module>
    main()
  File "/data/gb/Re-ID/DeMo-DualAxis/missing_development.py", line 82, in main
    assert all(abs(measurements['clean']['metrics'][key] - terminal['strict_reload'][key]) < 1e-8
AssertionError
