/data/gaob/Re-ID/conda-envs/tri_reid/lib/python3.10/site-packages/timm/models/helpers.py:7: FutureWarning: Importing from timm.models.helpers is deprecated, please import via timm.models
  warnings.warn(f"Importing from {__name__} is deprecated, please import via timm.models", FutureWarning)
/data/gaob/Re-ID/conda-envs/tri_reid/lib/python3.10/site-packages/timm/models/registry.py:4: FutureWarning: Importing from timm.models.registry is deprecated, please import via timm.models
  warnings.warn(f"Importing from {__name__} is deprecated, please import via timm.models", FutureWarning)
/data/gaob/Re-ID/conda-envs/tri_reid/lib/python3.10/site-packages/timm/models/layers/__init__.py:48: FutureWarning: Importing from timm.models.layers is deprecated, please import via timm.layers
  warnings.warn(f"Importing from {__name__} is deprecated, please import via timm.layers", FutureWarning)
using Transformer_type: ViT-B-16 as a backbone
Resized position embedding: %s to %s torch.Size([197, 768]) torch.Size([129, 768])
Position embedding resize to height:8 width: 16
Successfully load ckpt!
<All keys matched successfully>
Loading pretrained model from CLIP
camera number is : 8
===========Building DeMo===========
STRESS_CONDITION clean {"mAP": 81.1026381141316, "mINP": 56.071993275368236, "Rank-1": 94.05247813411079, "Rank-5": 94.75218658892129, "Rank-10": 95.3935860058309, "Rank-20": 97.37609329446065}
STRESS_CONDITION RGB_blur_sigma1p5 {"mAP": 78.2769877747887, "mINP": 54.332126866312514, "Rank-1": 91.31195335276968, "Rank-5": 92.30320699708456, "Rank-10": 93.58600583090379, "Rank-20": 94.57725947521865}
STRESS_CONDITION RGB_blur_sigma3 {"mAP": 76.66905908588116, "mINP": 53.13850990156161, "Rank-1": 89.85422740524781, "Rank-5": 91.72011661807579, "Rank-10": 92.30320699708456, "Rank-20": 93.81924198250728}
STRESS_CONDITION NI_blur_sigma1p5 {"mAP": 77.82490802295794, "mINP": 54.28838086407014, "Rank-1": 91.31195335276968, "Rank-5": 92.59475218658892, "Rank-10": 93.3527696793003, "Rank-20": 94.86880466472303}
STRESS_CONDITION NI_blur_sigma3 {"mAP": 75.75753761137513, "mINP": 51.43425947388114, "Rank-1": 88.9795918367347, "Rank-5": 90.67055393586006, "Rank-10": 91.4868804664723, "Rank-20": 93.46938775510203}
STRESS_CONDITION TI_blur_sigma1p5 {"mAP": 76.0871706902884, "mINP": 51.540873649204414, "Rank-1": 89.56268221574344, "Rank-5": 91.66180758017492, "Rank-10": 92.53644314868804, "Rank-20": 93.70262390670554}
STRESS_CONDITION TI_blur_sigma3 {"mAP": 70.8012668241393, "mINP": 45.73143111902122, "Rank-1": 84.02332361516035, "Rank-5": 86.88046647230321, "Rank-10": 87.69679300291546, "Rank-20": 89.50437317784257}
