/data2/gb/Re-ID/conda-envs/tri_reid/lib/python3.10/site-packages/timm/models/helpers.py:7: FutureWarning: Importing from timm.models.helpers is deprecated, please import via timm.models
  warnings.warn(f"Importing from {__name__} is deprecated, please import via timm.models", FutureWarning)
/data2/gb/Re-ID/conda-envs/tri_reid/lib/python3.10/site-packages/timm/models/registry.py:4: FutureWarning: Importing from timm.models.registry is deprecated, please import via timm.models
  warnings.warn(f"Importing from {__name__} is deprecated, please import via timm.models", FutureWarning)
/data2/gb/Re-ID/conda-envs/tri_reid/lib/python3.10/site-packages/timm/models/layers/__init__.py:48: FutureWarning: Importing from timm.models.layers is deprecated, please import via timm.layers
  warnings.warn(f"Importing from {__name__} is deprecated, please import via timm.layers", FutureWarning)
using Transformer_type: ViT-B-16 as a backbone
Resized position embedding: %s to %s torch.Size([197, 768]) torch.Size([129, 768])
Position embedding resize to height:16 width: 8
Successfully load ckpt!
<All keys matched successfully>
Loading pretrained model from CLIP
camera number is : 4
===========Building DeMo===========
STRESS_CONDITION clean {"mAP": 43.82508275979779, "mINP": 33.167973980894295, "Rank-1": 39.83253588516747, "Rank-5": 57.29665071770334, "Rank-10": 65.9090909090909, "Rank-20": 75.95693779904306}
STRESS_CONDITION RGB_blur_sigma1p5 {"mAP": 44.70193302126302, "mINP": 34.228521956990285, "Rank-1": 44.01913875598086, "Rank-5": 57.77511961722488, "Rank-10": 65.311004784689, "Rank-20": 75.5980861244019}
STRESS_CONDITION RGB_blur_sigma3 {"mAP": 42.91281146983672, "mINP": 33.283823747749985, "Rank-1": 43.7799043062201, "Rank-5": 55.50239234449761, "Rank-10": 62.55980861244019, "Rank-20": 72.00956937799043}
STRESS_CONDITION NI_blur_sigma1p5 {"mAP": 43.78600469261711, "mINP": 33.01068726935716, "Rank-1": 40.66985645933015, "Rank-5": 56.698564593301434, "Rank-10": 66.02870813397129, "Rank-20": 75.23923444976076}
STRESS_CONDITION NI_blur_sigma3 {"mAP": 42.27746535000224, "mINP": 32.13980593151566, "Rank-1": 40.430622009569376, "Rank-5": 53.70813397129187, "Rank-10": 62.55980861244019, "Rank-20": 73.44497607655502}
STRESS_CONDITION TI_blur_sigma1p5 {"mAP": 43.41927137002027, "mINP": 32.68852674589716, "Rank-1": 40.66985645933015, "Rank-5": 54.665071770334926, "Rank-10": 64.5933014354067, "Rank-20": 73.44497607655502}
STRESS_CONDITION TI_blur_sigma3 {"mAP": 42.37231514636186, "mINP": 31.69657527451286, "Rank-1": 40.07177033492823, "Rank-5": 54.186602870813395, "Rank-10": 62.20095693779905, "Rank-20": 72.1291866028708}
