/data/gaob/Re-ID/conda-envs/tri_reid/lib/python3.10/site-packages/timm/models/helpers.py:7: FutureWarning: Importing from timm.models.helpers is deprecated, please import via timm.models
  warnings.warn(f"Importing from {__name__} is deprecated, please import via timm.models", FutureWarning)
/data/gaob/Re-ID/conda-envs/tri_reid/lib/python3.10/site-packages/timm/models/registry.py:4: FutureWarning: Importing from timm.models.registry is deprecated, please import via timm.models
  warnings.warn(f"Importing from {__name__} is deprecated, please import via timm.models", FutureWarning)
/data/gaob/Re-ID/conda-envs/tri_reid/lib/python3.10/site-packages/timm/models/layers/__init__.py:48: FutureWarning: Importing from timm.models.layers is deprecated, please import via timm.layers
  warnings.warn(f"Importing from {__name__} is deprecated, please import via timm.layers", FutureWarning)
using Transformer_type: ViT-B-16 as a backbone
Resized position embedding: %s to %s torch.Size([197, 768]) torch.Size([129, 768])
Position embedding resize to height:8 width: 16
Successfully load ckpt!
<All keys matched successfully>
Loading pretrained model from CLIP
camera number is : 8
using soft triplet loss for training
label smooth on, numclasses: 33
Traceback (most recent call last):
  File "/data/gaob/Re-ID/DeMo-DualAxis/run_experiment.py", line 197, in <module>
    main()
  File "/data/gaob/Re-ID/DeMo-DualAxis/run_experiment.py", line 171, in main
    loss, names = step(model, batch, optimizer, scaler, loss_fn)
  File "/data/gaob/Re-ID/DeMo-DualAxis/run_experiment.py", line 85, in step
    assert not nonfinite, nonfinite
AssertionError: ['BACKBONE.base.positional_embedding', 'BACKBONE.base.conv1.weight']
