/data/gaob/Re-ID/conda-envs/tri_reid/lib/python3.10/site-packages/timm/models/helpers.py:7: FutureWarning: Importing from timm.models.helpers is deprecated, please import via timm.models
  warnings.warn(f"Importing from {__name__} is deprecated, please import via timm.models", FutureWarning)
/data/gaob/Re-ID/conda-envs/tri_reid/lib/python3.10/site-packages/timm/models/registry.py:4: FutureWarning: Importing from timm.models.registry is deprecated, please import via timm.models
  warnings.warn(f"Importing from {__name__} is deprecated, please import via timm.models", FutureWarning)
/data/gaob/Re-ID/conda-envs/tri_reid/lib/python3.10/site-packages/timm/models/layers/__init__.py:48: FutureWarning: Importing from timm.models.layers is deprecated, please import via timm.layers
  warnings.warn(f"Importing from {__name__} is deprecated, please import via timm.layers", FutureWarning)
using Transformer_type: ViT-B-16 as a backbone
Resized position embedding: %s to %s torch.Size([197, 768]) torch.Size([129, 768])
Position embedding resize to height:8 width: 16
Successfully load ckpt!
<All keys matched successfully>
Loading pretrained model from CLIP
camera number is : 8
===========Building DeMo===========
STRESS_CONDITION clean {"mAP": 37.676860975101704, "mINP": 16.058947560809095, "Rank-1": 54.82233502538071, "Rank-5": 73.9424703891709, "Rank-10": 79.69543147208121, "Rank-20": 83.92554991539764}
STRESS_CONDITION RGB_blur_sigma1p5 {"mAP": 33.93546595785729, "mINP": 14.414526745468525, "Rank-1": 50.76142131979695, "Rank-5": 70.05076142131979, "Rank-10": 77.32656514382403, "Rank-20": 81.89509306260575}
STRESS_CONDITION RGB_blur_sigma3 {"mAP": 31.579221245187455, "mINP": 13.173517825441227, "Rank-1": 48.05414551607445, "Rank-5": 67.85109983079526, "Rank-10": 75.1269035532995, "Rank-20": 81.38747884940778}
STRESS_CONDITION NI_blur_sigma1p5 {"mAP": 33.7858387276026, "mINP": 14.499917080993956, "Rank-1": 49.407783417935704, "Rank-5": 70.05076142131979, "Rank-10": 77.49576988155668, "Rank-20": 81.7258883248731}
STRESS_CONDITION NI_blur_sigma3 {"mAP": 31.719525439437497, "mINP": 13.59783323345505, "Rank-1": 48.39255499153977, "Rank-5": 67.00507614213198, "Rank-10": 75.1269035532995, "Rank-20": 80.20304568527918}
STRESS_CONDITION TI_blur_sigma1p5 {"mAP": 35.55172031141364, "mINP": 15.364802305855086, "Rank-1": 52.45346869712352, "Rank-5": 70.89678510998309, "Rank-10": 78.34179357021996, "Rank-20": 82.74111675126903}
STRESS_CONDITION TI_blur_sigma3 {"mAP": 34.14632701431944, "mINP": 14.536785509900582, "Rank-1": 50.42301184433165, "Rank-5": 69.7123519458545, "Rank-10": 77.15736040609137, "Rank-20": 81.55668358714044}
