/data2/gb/Re-ID/conda-envs/tri_reid/lib/python3.10/site-packages/timm/models/helpers.py:7: FutureWarning: Importing from timm.models.helpers is deprecated, please import via timm.models
  warnings.warn(f"Importing from {__name__} is deprecated, please import via timm.models", FutureWarning)
/data2/gb/Re-ID/conda-envs/tri_reid/lib/python3.10/site-packages/timm/models/registry.py:4: FutureWarning: Importing from timm.models.registry is deprecated, please import via timm.models
  warnings.warn(f"Importing from {__name__} is deprecated, please import via timm.models", FutureWarning)
/data2/gb/Re-ID/conda-envs/tri_reid/lib/python3.10/site-packages/timm/models/layers/__init__.py:48: FutureWarning: Importing from timm.models.layers is deprecated, please import via timm.layers
  warnings.warn(f"Importing from {__name__} is deprecated, please import via timm.layers", FutureWarning)
using Transformer_type: ViT-B-16 as a backbone
Resized position embedding: %s to %s torch.Size([197, 768]) torch.Size([129, 768])
Position embedding resize to height:8 width: 16
Successfully load ckpt!
<All keys matched successfully>
Loading pretrained model from CLIP
camera number is : 8
MISSING_CONDITION clean {"mAP": 37.6794848145659, "mINP": 15.075160524119166, "Rank-1": 55.16074450084603, "Rank-5": 74.11167512690355, "Rank-10": 78.1725888324873, "Rank-20": 84.0947546531303}
MISSING_CONDITION both_missing_r {"mAP": 28.38827461053754, "mINP": 9.787827825367634, "Rank-1": 46.7005076142132, "Rank-5": 67.17428087986464, "Rank-10": 75.4653130287648, "Rank-20": 81.55668358714044}
MISSING_CONDITION query_missing_r {"mAP": 17.531971033969185, "mINP": 6.651826662290191, "Rank-1": 27.072758037225043, "Rank-5": 45.854483925549914, "Rank-10": 54.82233502538071, "Rank-20": 66.15905245346869}
MISSING_CONDITION both_missing_n {"mAP": 31.166370446685477, "mINP": 10.888210522351269, "Rank-1": 47.71573604060914, "Rank-5": 66.66666666666666, "Rank-10": 73.26565143824027, "Rank-20": 79.86463620981388}
MISSING_CONDITION query_missing_n {"mAP": 21.671318856339074, "mINP": 8.98659123288434, "Rank-1": 29.610829103214893, "Rank-5": 52.28426395939086, "Rank-10": 62.605752961082906, "Rank-20": 75.80372250423012}
MISSING_CONDITION both_missing_t {"mAP": 35.955987898836575, "mINP": 14.865263921880057, "Rank-1": 53.46869712351946, "Rank-5": 70.21996615905245, "Rank-10": 77.834179357022, "Rank-20": 84.26395939086294}
MISSING_CONDITION query_missing_t {"mAP": 33.82768912109958, "mINP": 12.288104000027927, "Rank-1": 50.76142131979695, "Rank-5": 70.55837563451777, "Rank-10": 79.01861252115059, "Rank-20": 84.77157360406092}
MISSING_CONDITION both_missing_rn {"mAP": 7.83991003256889, "mINP": 1.8219293866158066, "Rank-1": 17.428087986463623, "Rank-5": 34.34856175972927, "Rank-10": 44.50084602368866, "Rank-20": 53.299492385786806}
MISSING_CONDITION query_missing_rn {"mAP": 3.36734790638688, "mINP": 2.853674557269863, "Rank-1": 1.5228426395939088, "Rank-5": 2.707275803722504, "Rank-10": 5.583756345177665, "Rank-20": 10.829103214890017}
MISSING_CONDITION both_missing_rt {"mAP": 25.416563886900228, "mINP": 8.470637739494435, "Rank-1": 42.8087986463621, "Rank-5": 64.63620981387479, "Rank-10": 72.08121827411168, "Rank-20": 80.5414551607445}
MISSING_CONDITION query_missing_rt {"mAP": 11.826470069941045, "mINP": 5.548029118825777, "Rank-1": 13.367174280879865, "Rank-5": 30.62605752961083, "Rank-10": 41.793570219966156, "Rank-20": 54.82233502538071}
MISSING_CONDITION both_missing_nt {"mAP": 29.793894604524425, "mINP": 12.389837852476589, "Rank-1": 42.978003384094755, "Rank-5": 63.95939086294417, "Rank-10": 72.58883248730965, "Rank-20": 78.84940778341793}
MISSING_CONDITION query_missing_nt {"mAP": 14.056092603835815, "mINP": 6.296172498070786, "Rank-1": 15.059221658206429, "Rank-5": 37.90186125211506, "Rank-10": 51.26903553299492, "Rank-20": 62.2673434856176}
