/data/gaob/Re-ID/conda-envs/tri_reid/lib/python3.10/site-packages/timm/models/helpers.py:7: FutureWarning: Importing from timm.models.helpers is deprecated, please import via timm.models
  warnings.warn(f"Importing from {__name__} is deprecated, please import via timm.models", FutureWarning)
/data/gaob/Re-ID/conda-envs/tri_reid/lib/python3.10/site-packages/timm/models/registry.py:4: FutureWarning: Importing from timm.models.registry is deprecated, please import via timm.models
  warnings.warn(f"Importing from {__name__} is deprecated, please import via timm.models", FutureWarning)
/data/gaob/Re-ID/conda-envs/tri_reid/lib/python3.10/site-packages/timm/models/layers/__init__.py:48: FutureWarning: Importing from timm.models.layers is deprecated, please import via timm.layers
  warnings.warn(f"Importing from {__name__} is deprecated, please import via timm.layers", FutureWarning)
using Transformer_type: ViT-B-16 as a backbone
Resized position embedding: %s to %s torch.Size([197, 768]) torch.Size([129, 768])
Position embedding resize to height:16 width: 8
Successfully load ckpt!
<All keys matched successfully>
Loading pretrained model from CLIP
camera number is : 4
DEVELOPMENT_MISSING_CONDITION q_RNT_g_RNT {"mAP": 67.42877771422935, "mINP": 53.50132826181071, "Rank-1": 67.63636363636364, "Rank-5": 79.63636363636364, "Rank-10": 85.57575757575758, "Rank-20": 91.75757575757576}
DEVELOPMENT_MISSING_CONDITION q_RNT_g_NT {"mAP": 51.165829662639176, "mINP": 38.72177444592279, "Rank-1": 50.18181818181818, "Rank-5": 64.24242424242425, "Rank-10": 72.84848484848484, "Rank-20": 84.24242424242424}
DEVELOPMENT_MISSING_CONDITION q_RNT_g_RT {"mAP": 54.36058279839438, "mINP": 42.37522631870815, "Rank-1": 54.90909090909091, "Rank-5": 67.87878787878789, "Rank-10": 75.03030303030303, "Rank-20": 85.33333333333334}
DEVELOPMENT_MISSING_CONDITION q_RNT_g_RN {"mAP": 51.89184922786444, "mINP": 37.92342283580983, "Rank-1": 52.121212121212125, "Rank-5": 65.93939393939394, "Rank-10": 72.24242424242424, "Rank-20": 80.96969696969697}
DEVELOPMENT_MISSING_CONDITION q_RNT_g_T {"mAP": 25.811996795243324, "mINP": 18.791555705348127, "Rank-1": 20.84848484848485, "Rank-5": 37.09090909090909, "Rank-10": 47.515151515151516, "Rank-20": 59.151515151515156}
DEVELOPMENT_MISSING_CONDITION q_RNT_g_N {"mAP": 29.40737552206815, "mINP": 18.93148627603254, "Rank-1": 27.636363636363637, "Rank-5": 45.21212121212122, "Rank-10": 54.90909090909091, "Rank-20": 66.78787878787878}
DEVELOPMENT_MISSING_CONDITION q_RNT_g_R {"mAP": 38.32425486405997, "mINP": 28.463063482837136, "Rank-1": 37.696969696969695, "Rank-5": 53.333333333333336, "Rank-10": 60.0, "Rank-20": 66.18181818181819}
DEVELOPMENT_MISSING_CONDITION q_NT_g_RNT {"mAP": 46.09398620763122, "mINP": 32.73068306891136, "Rank-1": 46.303030303030305, "Rank-5": 60.484848484848484, "Rank-10": 68.24242424242424, "Rank-20": 76.0}
DEVELOPMENT_MISSING_CONDITION q_NT_g_NT {"mAP": 50.25394824867425, "mINP": 37.9418094475021, "Rank-1": 48.24242424242424, "Rank-5": 63.15151515151515, "Rank-10": 72.12121212121212, "Rank-20": 83.63636363636363}
DEVELOPMENT_MISSING_CONDITION q_NT_g_RT {"mAP": 24.155036117088347, "mINP": 17.957266249264574, "Rank-1": 18.424242424242422, "Rank-5": 29.818181818181817, "Rank-10": 38.42424242424242, "Rank-20": 52.0}
DEVELOPMENT_MISSING_CONDITION q_NT_g_RN {"mAP": 22.49344270841613, "mINP": 14.470002255266476, "Rank-1": 21.818181818181817, "Rank-5": 34.303030303030305, "Rank-10": 42.42424242424242, "Rank-20": 53.696969696969695}
DEVELOPMENT_MISSING_CONDITION q_NT_g_T {"mAP": 25.766405805423737, "mINP": 18.760525633314316, "Rank-1": 20.242424242424242, "Rank-5": 37.696969696969695, "Rank-10": 47.15151515151515, "Rank-20": 58.666666666666664}
DEVELOPMENT_MISSING_CONDITION q_NT_g_N {"mAP": 28.784814999206652, "mINP": 18.325593490784932, "Rank-1": 27.151515151515156, "Rank-5": 45.33333333333333, "Rank-10": 54.54545454545454, "Rank-20": 66.9090909090909}
DEVELOPMENT_MISSING_CONDITION q_NT_g_R {"mAP": 4.2098193170414415, "mINP": 3.8572146021023377, "Rank-1": 0.8484848484848486, "Rank-5": 4.484848484848484, "Rank-10": 5.818181818181818, "Rank-20": 11.757575757575758}
DEVELOPMENT_MISSING_CONDITION q_RT_g_RNT {"mAP": 49.34725082486653, "mINP": 38.862115364192285, "Rank-1": 46.909090909090914, "Rank-5": 62.787878787878796, "Rank-10": 71.63636363636363, "Rank-20": 80.72727272727272}
DEVELOPMENT_MISSING_CONDITION q_RT_g_NT {"mAP": 25.14389135797061, "mINP": 18.554761092736083, "Rank-1": 20.84848484848485, "Rank-5": 33.57575757575758, "Rank-10": 40.84848484848485, "Rank-20": 54.54545454545454}
DEVELOPMENT_MISSING_CONDITION q_RT_g_RT {"mAP": 53.37123931482747, "mINP": 41.56767445953384, "Rank-1": 54.18181818181819, "Rank-5": 67.27272727272727, "Rank-10": 74.18181818181819, "Rank-20": 84.84848484848484}
DEVELOPMENT_MISSING_CONDITION q_RT_g_RN {"mAP": 34.87981357656004, "mINP": 25.60778928417946, "Rank-1": 36.0, "Rank-5": 48.36363636363637, "Rank-10": 54.30303030303031, "Rank-20": 63.63636363636363}
DEVELOPMENT_MISSING_CONDITION q_RT_g_T {"mAP": 25.48775939890161, "mINP": 18.350984367105813, "Rank-1": 20.363636363636363, "Rank-5": 37.93939393939394, "Rank-10": 47.515151515151516, "Rank-20": 58.18181818181818}
DEVELOPMENT_MISSING_CONDITION q_RT_g_N {"mAP": 4.377184441194324, "mINP": 3.1827474623012684, "Rank-1": 2.181818181818182, "Rank-5": 5.212121212121213, "Rank-10": 14.060606060606059, "Rank-20": 22.181818181818183}
DEVELOPMENT_MISSING_CONDITION q_RT_g_R {"mAP": 37.95500488659105, "mINP": 28.01571532137493, "Rank-1": 36.848484848484844, "Rank-5": 52.96969696969697, "Rank-10": 58.909090909090914, "Rank-20": 65.57575757575758}
DEVELOPMENT_MISSING_CONDITION q_RN_g_RNT {"mAP": 45.50781723842795, "mINP": 33.90415455875205, "Rank-1": 42.06060606060606, "Rank-5": 57.333333333333336, "Rank-10": 66.78787878787878, "Rank-20": 76.72727272727272}
DEVELOPMENT_MISSING_CONDITION q_RN_g_NT {"mAP": 23.321316854294054, "mINP": 16.203552628076356, "Rank-1": 17.696969696969695, "Rank-5": 33.21212121212121, "Rank-10": 44.84848484848485, "Rank-20": 56.36363636363636}
DEVELOPMENT_MISSING_CONDITION q_RN_g_RT {"mAP": 33.53408251136159, "mINP": 24.91740201494125, "Rank-1": 31.272727272727273, "Rank-5": 45.33333333333333, "Rank-10": 53.696969696969695, "Rank-20": 62.54545454545455}
DEVELOPMENT_MISSING_CONDITION q_RN_g_RN {"mAP": 50.742141131114515, "mINP": 36.954210612215235, "Rank-1": 52.121212121212125, "Rank-5": 64.48484848484848, "Rank-10": 71.03030303030303, "Rank-20": 81.57575757575758}
DEVELOPMENT_MISSING_CONDITION q_RN_g_T {"mAP": 4.318791531606538, "mINP": 3.80410193832722, "Rank-1": 3.6363636363636362, "Rank-5": 7.878787878787878, "Rank-10": 8.969696969696969, "Rank-20": 12.848484848484848}
DEVELOPMENT_MISSING_CONDITION q_RN_g_N {"mAP": 28.350507816271094, "mINP": 18.028867293271052, "Rank-1": 25.696969696969695, "Rank-5": 43.3939393939394, "Rank-10": 53.333333333333336, "Rank-20": 65.57575757575758}
DEVELOPMENT_MISSING_CONDITION q_RN_g_R {"mAP": 37.28600174962292, "mINP": 27.704925262634717, "Rank-1": 36.36363636363637, "Rank-5": 52.96969696969697, "Rank-10": 58.18181818181818, "Rank-20": 66.06060606060606}
DEVELOPMENT_MISSING_CONDITION q_T_g_RNT {"mAP": 22.335186734460898, "mINP": 16.34399269846429, "Rank-1": 18.545454545454547, "Rank-5": 26.181818181818183, "Rank-10": 33.45454545454545, "Rank-20": 42.78787878787879}
DEVELOPMENT_MISSING_CONDITION q_T_g_NT {"mAP": 23.30417149866055, "mINP": 17.68552919463524, "Rank-1": 18.666666666666668, "Rank-5": 30.06060606060606, "Rank-10": 36.60606060606061, "Rank-20": 48.0}
DEVELOPMENT_MISSING_CONDITION q_T_g_RT {"mAP": 22.632570908757014, "mINP": 16.373186790574195, "Rank-1": 17.454545454545457, "Rank-5": 27.636363636363637, "Rank-10": 37.09090909090909, "Rank-20": 48.96969696969697}
DEVELOPMENT_MISSING_CONDITION q_T_g_RN {"mAP": 4.505027434211836, "mINP": 3.8249113077961923, "Rank-1": 2.181818181818182, "Rank-5": 4.848484848484849, "Rank-10": 9.333333333333334, "Rank-20": 11.030303030303031}
DEVELOPMENT_MISSING_CONDITION q_T_g_T {"mAP": 25.534473465324975, "mINP": 18.206315317774763, "Rank-1": 20.12121212121212, "Rank-5": 36.60606060606061, "Rank-10": 45.57575757575758, "Rank-20": 58.3030303030303}
DEVELOPMENT_MISSING_CONDITION q_T_g_N {"mAP": 3.5340451957925887, "mINP": 2.9905431411023877, "Rank-1": 3.151515151515152, "Rank-5": 6.545454545454546, "Rank-10": 11.393939393939394, "Rank-20": 21.21212121212121}
DEVELOPMENT_MISSING_CONDITION q_T_g_R {"mAP": 3.953262948536974, "mINP": 3.5081779501723016, "Rank-1": 0.9696969696969697, "Rank-5": 4.363636363636364, "Rank-10": 4.6060606060606055, "Rank-20": 11.393939393939394}
DEVELOPMENT_MISSING_CONDITION q_N_g_RNT {"mAP": 19.509703308242212, "mINP": 12.010940733566189, "Rank-1": 16.363636363636363, "Rank-5": 32.6060606060606, "Rank-10": 37.45454545454546, "Rank-20": 45.45454545454545}
DEVELOPMENT_MISSING_CONDITION q_N_g_NT {"mAP": 21.87694173394193, "mINP": 15.101101135550632, "Rank-1": 16.0, "Rank-5": 31.151515151515152, "Rank-10": 42.06060606060606, "Rank-20": 52.72727272727272}
DEVELOPMENT_MISSING_CONDITION q_N_g_RT {"mAP": 4.817952280967333, "mINP": 4.342430972050176, "Rank-1": 3.7575757575757573, "Rank-5": 7.030303030303029, "Rank-10": 9.090909090909092, "Rank-20": 13.090909090909092}
DEVELOPMENT_MISSING_CONDITION q_N_g_RN {"mAP": 20.544156069188844, "mINP": 13.281056269979702, "Rank-1": 20.12121212121212, "Rank-5": 32.24242424242424, "Rank-10": 38.90909090909091, "Rank-20": 47.878787878787875}
DEVELOPMENT_MISSING_CONDITION q_N_g_T {"mAP": 3.682611423482729, "mINP": 3.292078273179507, "Rank-1": 1.3333333333333335, "Rank-5": 7.151515151515151, "Rank-10": 11.15151515151515, "Rank-20": 16.12121212121212}
DEVELOPMENT_MISSING_CONDITION q_N_g_N {"mAP": 27.79319373763905, "mINP": 17.333816134198184, "Rank-1": 25.454545454545453, "Rank-5": 43.515151515151516, "Rank-10": 53.81818181818182, "Rank-20": 65.57575757575758}
DEVELOPMENT_MISSING_CONDITION q_N_g_R {"mAP": 3.9422573920279027, "mINP": 3.682437630944771, "Rank-1": 0.8484848484848486, "Rank-5": 4.363636363636364, "Rank-10": 4.363636363636364, "Rank-20": 9.818181818181818}
DEVELOPMENT_MISSING_CONDITION q_R_g_RNT {"mAP": 28.565174003076592, "mINP": 21.51829241608895, "Rank-1": 24.363636363636363, "Rank-5": 37.93939393939394, "Rank-10": 44.96969696969697, "Rank-20": 52.24242424242425}
DEVELOPMENT_MISSING_CONDITION q_R_g_NT {"mAP": 5.067380501589286, "mINP": 3.8770817642921966, "Rank-1": 1.6969696969696972, "Rank-5": 8.121212121212121, "Rank-10": 10.787878787878787, "Rank-20": 14.666666666666666}
DEVELOPMENT_MISSING_CONDITION q_R_g_RT {"mAP": 32.33688110120854, "mINP": 24.101180154748644, "Rank-1": 29.6969696969697, "Rank-5": 44.84848484848485, "Rank-10": 54.06060606060606, "Rank-20": 62.06060606060606}
DEVELOPMENT_MISSING_CONDITION q_R_g_RN {"mAP": 32.61661190262795, "mINP": 23.981498819009605, "Rank-1": 32.96969696969697, "Rank-5": 47.15151515151515, "Rank-10": 52.48484848484849, "Rank-20": 60.60606060606061}
DEVELOPMENT_MISSING_CONDITION q_R_g_T {"mAP": 4.068917237291049, "mINP": 3.5280928422887667, "Rank-1": 3.5151515151515147, "Rank-5": 5.9393939393939394, "Rank-10": 10.666666666666668, "Rank-20": 13.454545454545455}
DEVELOPMENT_MISSING_CONDITION q_R_g_N {"mAP": 3.65424584319644, "mINP": 2.983045548759702, "Rank-1": 1.6969696969696972, "Rank-5": 4.242424242424243, "Rank-10": 7.515151515151515, "Rank-20": 17.21212121212121}
DEVELOPMENT_MISSING_CONDITION q_R_g_R {"mAP": 36.832448161179926, "mINP": 27.027685811168045, "Rank-1": 36.24242424242424, "Rank-5": 52.48484848484849, "Rank-10": 57.45454545454546, "Rank-20": 65.2121212121212}
