/data/gaob/Re-ID/conda-envs/tri_reid/lib/python3.10/site-packages/timm/models/helpers.py:7: FutureWarning: Importing from timm.models.helpers is deprecated, please import via timm.models
  warnings.warn(f"Importing from {__name__} is deprecated, please import via timm.models", FutureWarning)
/data/gaob/Re-ID/conda-envs/tri_reid/lib/python3.10/site-packages/timm/models/registry.py:4: FutureWarning: Importing from timm.models.registry is deprecated, please import via timm.models
  warnings.warn(f"Importing from {__name__} is deprecated, please import via timm.models", FutureWarning)
/data/gaob/Re-ID/conda-envs/tri_reid/lib/python3.10/site-packages/timm/models/layers/__init__.py:48: FutureWarning: Importing from timm.models.layers is deprecated, please import via timm.layers
  warnings.warn(f"Importing from {__name__} is deprecated, please import via timm.layers", FutureWarning)
using Transformer_type: ViT-B-16 as a backbone
Resized position embedding: %s to %s torch.Size([197, 768]) torch.Size([129, 768])
Position embedding resize to height:8 width: 16
Successfully load ckpt!
<All keys matched successfully>
Loading pretrained model from CLIP
camera number is : 8
DEVELOPMENT_MISSING_CONDITION q_RNT_g_RNT {"mAP": 47.552858949717226, "mINP": 31.832942519815425, "Rank-1": 60.0, "Rank-5": 70.95238095238095, "Rank-10": 77.61904761904762, "Rank-20": 80.95238095238095}
DEVELOPMENT_MISSING_CONDITION q_RNT_g_NT {"mAP": 43.60925761677373, "mINP": 26.31148485779871, "Rank-1": 53.80952380952381, "Rank-5": 74.76190476190476, "Rank-10": 80.0, "Rank-20": 83.33333333333334}
DEVELOPMENT_MISSING_CONDITION q_RNT_g_RT {"mAP": 40.34657567960399, "mINP": 26.48829792817692, "Rank-1": 52.85714285714286, "Rank-5": 70.0, "Rank-10": 77.61904761904762, "Rank-20": 80.47619047619048}
DEVELOPMENT_MISSING_CONDITION q_RNT_g_RN {"mAP": 43.00248988011466, "mINP": 27.95502766521708, "Rank-1": 54.285714285714285, "Rank-5": 70.47619047619048, "Rank-10": 77.61904761904762, "Rank-20": 79.52380952380952}
DEVELOPMENT_MISSING_CONDITION q_RNT_g_T {"mAP": 21.113315078448874, "mINP": 7.3028551061367475, "Rank-1": 33.33333333333333, "Rank-5": 50.95238095238095, "Rank-10": 60.476190476190474, "Rank-20": 66.19047619047619}
DEVELOPMENT_MISSING_CONDITION q_RNT_g_N {"mAP": 40.228424539417645, "mINP": 23.326755043733304, "Rank-1": 50.95238095238095, "Rank-5": 71.9047619047619, "Rank-10": 78.57142857142857, "Rank-20": 83.33333333333334}
DEVELOPMENT_MISSING_CONDITION q_RNT_g_R {"mAP": 36.95987081814584, "mINP": 22.516601912069053, "Rank-1": 48.095238095238095, "Rank-5": 66.19047619047619, "Rank-10": 74.28571428571429, "Rank-20": 79.52380952380952}
DEVELOPMENT_MISSING_CONDITION q_NT_g_RNT {"mAP": 42.6742203772732, "mINP": 27.095155332944675, "Rank-1": 50.476190476190474, "Rank-5": 73.80952380952381, "Rank-10": 78.0952380952381, "Rank-20": 80.0}
DEVELOPMENT_MISSING_CONDITION q_NT_g_NT {"mAP": 43.55351012880472, "mINP": 26.453891525381913, "Rank-1": 54.761904761904766, "Rank-5": 73.33333333333333, "Rank-10": 75.71428571428571, "Rank-20": 81.9047619047619}
DEVELOPMENT_MISSING_CONDITION q_NT_g_RT {"mAP": 32.490936099720244, "mINP": 18.01169054299539, "Rank-1": 41.42857142857143, "Rank-5": 61.42857142857143, "Rank-10": 65.23809523809524, "Rank-20": 78.0952380952381}
DEVELOPMENT_MISSING_CONDITION q_NT_g_RN {"mAP": 38.17026124095161, "mINP": 23.615308079188512, "Rank-1": 47.14285714285714, "Rank-5": 68.0952380952381, "Rank-10": 77.14285714285715, "Rank-20": 80.0}
DEVELOPMENT_MISSING_CONDITION q_NT_g_T {"mAP": 21.45667862979266, "mINP": 7.033522008769828, "Rank-1": 34.76190476190476, "Rank-5": 53.80952380952381, "Rank-10": 59.523809523809526, "Rank-20": 65.71428571428571}
DEVELOPMENT_MISSING_CONDITION q_NT_g_N {"mAP": 39.41726789670971, "mINP": 22.940557373726083, "Rank-1": 47.61904761904761, "Rank-5": 71.42857142857143, "Rank-10": 78.0952380952381, "Rank-20": 84.28571428571429}
DEVELOPMENT_MISSING_CONDITION q_NT_g_R {"mAP": 30.510410919464775, "mINP": 17.729688013213895, "Rank-1": 36.666666666666664, "Rank-5": 60.0, "Rank-10": 66.66666666666666, "Rank-20": 74.28571428571429}
DEVELOPMENT_MISSING_CONDITION q_RT_g_RNT {"mAP": 41.094416965986646, "mINP": 25.601689851089866, "Rank-1": 53.333333333333336, "Rank-5": 62.857142857142854, "Rank-10": 72.85714285714285, "Rank-20": 77.14285714285715}
DEVELOPMENT_MISSING_CONDITION q_RT_g_NT {"mAP": 35.8750613516643, "mINP": 18.211400340362495, "Rank-1": 48.57142857142857, "Rank-5": 65.23809523809524, "Rank-10": 71.9047619047619, "Rank-20": 76.66666666666667}
DEVELOPMENT_MISSING_CONDITION q_RT_g_RT {"mAP": 41.09085078100049, "mINP": 26.804229767008724, "Rank-1": 57.14285714285714, "Rank-5": 67.61904761904762, "Rank-10": 72.85714285714285, "Rank-20": 77.61904761904762}
DEVELOPMENT_MISSING_CONDITION q_RT_g_RN {"mAP": 39.75138897464211, "mINP": 25.918321029870974, "Rank-1": 50.476190476190474, "Rank-5": 68.57142857142857, "Rank-10": 73.80952380952381, "Rank-20": 78.0952380952381}
DEVELOPMENT_MISSING_CONDITION q_RT_g_T {"mAP": 22.49527132676798, "mINP": 7.088836582749804, "Rank-1": 35.714285714285715, "Rank-5": 50.476190476190474, "Rank-10": 58.0952380952381, "Rank-20": 65.23809523809524}
DEVELOPMENT_MISSING_CONDITION q_RT_g_N {"mAP": 33.1636001345651, "mINP": 17.393389711096493, "Rank-1": 43.333333333333336, "Rank-5": 68.57142857142857, "Rank-10": 75.23809523809524, "Rank-20": 79.52380952380952}
DEVELOPMENT_MISSING_CONDITION q_RT_g_R {"mAP": 36.6068595056917, "mINP": 22.147359612407925, "Rank-1": 50.95238095238095, "Rank-5": 64.76190476190476, "Rank-10": 69.52380952380952, "Rank-20": 78.57142857142857}
DEVELOPMENT_MISSING_CONDITION q_RN_g_RNT {"mAP": 43.67652806980188, "mINP": 28.34534504721154, "Rank-1": 54.285714285714285, "Rank-5": 69.52380952380952, "Rank-10": 75.71428571428571, "Rank-20": 80.95238095238095}
DEVELOPMENT_MISSING_CONDITION q_RN_g_NT {"mAP": 41.176759084703484, "mINP": 24.91223892443857, "Rank-1": 50.95238095238095, "Rank-5": 76.19047619047619, "Rank-10": 80.47619047619048, "Rank-20": 83.33333333333334}
DEVELOPMENT_MISSING_CONDITION q_RN_g_RT {"mAP": 39.47474523677985, "mINP": 25.722291413983385, "Rank-1": 50.476190476190474, "Rank-5": 72.38095238095238, "Rank-10": 79.04761904761905, "Rank-20": 84.28571428571429}
DEVELOPMENT_MISSING_CONDITION q_RN_g_RN {"mAP": 42.29637125605806, "mINP": 28.5515141332574, "Rank-1": 53.333333333333336, "Rank-5": 70.95238095238095, "Rank-10": 74.28571428571429, "Rank-20": 80.95238095238095}
DEVELOPMENT_MISSING_CONDITION q_RN_g_T {"mAP": 13.302687748807069, "mINP": 6.3226729305647575, "Rank-1": 12.857142857142856, "Rank-5": 37.61904761904762, "Rank-10": 47.14285714285714, "Rank-20": 59.04761904761905}
DEVELOPMENT_MISSING_CONDITION q_RN_g_N {"mAP": 40.468718019421274, "mINP": 24.41378455802531, "Rank-1": 50.476190476190474, "Rank-5": 73.33333333333333, "Rank-10": 79.52380952380952, "Rank-20": 82.85714285714286}
DEVELOPMENT_MISSING_CONDITION q_RN_g_R {"mAP": 36.961016470905655, "mINP": 22.895560236991688, "Rank-1": 48.095238095238095, "Rank-5": 67.61904761904762, "Rank-10": 71.9047619047619, "Rank-20": 79.04761904761905}
DEVELOPMENT_MISSING_CONDITION q_T_g_RNT {"mAP": 15.687366950102676, "mINP": 8.225405505508977, "Rank-1": 18.095238095238095, "Rank-5": 36.19047619047619, "Rank-10": 47.61904761904761, "Rank-20": 58.57142857142858}
DEVELOPMENT_MISSING_CONDITION q_T_g_NT {"mAP": 15.950486471327425, "mINP": 6.430451866722904, "Rank-1": 24.285714285714285, "Rank-5": 44.761904761904766, "Rank-10": 53.333333333333336, "Rank-20": 60.0}
DEVELOPMENT_MISSING_CONDITION q_T_g_RT {"mAP": 17.149219523600795, "mINP": 6.882365919407738, "Rank-1": 23.333333333333332, "Rank-5": 41.904761904761905, "Rank-10": 51.90476190476191, "Rank-20": 59.04761904761905}
DEVELOPMENT_MISSING_CONDITION q_T_g_RN {"mAP": 10.943275406351868, "mINP": 8.04608133433063, "Rank-1": 6.190476190476191, "Rank-5": 15.714285714285714, "Rank-10": 25.71428571428571, "Rank-20": 38.095238095238095}
DEVELOPMENT_MISSING_CONDITION q_T_g_T {"mAP": 18.41663575543646, "mINP": 6.228562310246326, "Rank-1": 31.9047619047619, "Rank-5": 51.42857142857142, "Rank-10": 58.0952380952381, "Rank-20": 61.42857142857143}
DEVELOPMENT_MISSING_CONDITION q_T_g_N {"mAP": 10.050545454973962, "mINP": 5.64350458087027, "Rank-1": 6.190476190476191, "Rank-5": 24.285714285714285, "Rank-10": 34.76190476190476, "Rank-20": 44.761904761904766}
DEVELOPMENT_MISSING_CONDITION q_T_g_R {"mAP": 10.885245598242461, "mINP": 8.039337005478874, "Rank-1": 4.761904761904762, "Rank-5": 16.19047619047619, "Rank-10": 24.285714285714285, "Rank-20": 36.19047619047619}
DEVELOPMENT_MISSING_CONDITION q_N_g_RNT {"mAP": 41.12220285300651, "mINP": 25.47155288072915, "Rank-1": 50.0, "Rank-5": 71.9047619047619, "Rank-10": 80.0, "Rank-20": 84.76190476190476}
DEVELOPMENT_MISSING_CONDITION q_N_g_NT {"mAP": 40.92517859143348, "mINP": 24.087433218529377, "Rank-1": 51.90476190476191, "Rank-5": 76.19047619047619, "Rank-10": 81.9047619047619, "Rank-20": 88.57142857142857}
DEVELOPMENT_MISSING_CONDITION q_N_g_RT {"mAP": 30.279753200569598, "mINP": 19.95497427113026, "Rank-1": 30.476190476190478, "Rank-5": 55.23809523809524, "Rank-10": 70.0, "Rank-20": 82.38095238095238}
DEVELOPMENT_MISSING_CONDITION q_N_g_RN {"mAP": 36.64194277143232, "mINP": 23.970681843277937, "Rank-1": 44.285714285714285, "Rank-5": 71.42857142857143, "Rank-10": 77.14285714285715, "Rank-20": 85.23809523809524}
DEVELOPMENT_MISSING_CONDITION q_N_g_T {"mAP": 12.970422166970863, "mINP": 5.955139954249179, "Rank-1": 12.857142857142856, "Rank-5": 34.285714285714285, "Rank-10": 47.14285714285714, "Rank-20": 60.476190476190474}
DEVELOPMENT_MISSING_CONDITION q_N_g_N {"mAP": 40.053610831352735, "mINP": 22.736288739772313, "Rank-1": 51.90476190476191, "Rank-5": 74.76190476190476, "Rank-10": 79.04761904761905, "Rank-20": 85.71428571428571}
DEVELOPMENT_MISSING_CONDITION q_N_g_R {"mAP": 29.254741926666313, "mINP": 18.458085893515793, "Rank-1": 33.80952380952381, "Rank-5": 57.61904761904761, "Rank-10": 63.8095238095238, "Rank-20": 73.80952380952381}
DEVELOPMENT_MISSING_CONDITION q_R_g_RNT {"mAP": 37.65531145780797, "mINP": 24.008978461413687, "Rank-1": 43.80952380952381, "Rank-5": 65.23809523809524, "Rank-10": 72.85714285714285, "Rank-20": 79.04761904761905}
DEVELOPMENT_MISSING_CONDITION q_R_g_NT {"mAP": 32.616520399623276, "mINP": 18.553691838944356, "Rank-1": 40.0, "Rank-5": 65.23809523809524, "Rank-10": 73.33333333333333, "Rank-20": 78.0952380952381}
DEVELOPMENT_MISSING_CONDITION q_R_g_RT {"mAP": 37.08618336714764, "mINP": 23.99440566556278, "Rank-1": 49.523809523809526, "Rank-5": 66.66666666666666, "Rank-10": 73.33333333333333, "Rank-20": 80.95238095238095}
DEVELOPMENT_MISSING_CONDITION q_R_g_RN {"mAP": 36.75282562077463, "mINP": 24.222016509951256, "Rank-1": 49.047619047619044, "Rank-5": 66.19047619047619, "Rank-10": 71.42857142857143, "Rank-20": 77.61904761904762}
DEVELOPMENT_MISSING_CONDITION q_R_g_T {"mAP": 12.228032244366226, "mINP": 5.823195417063945, "Rank-1": 9.047619047619047, "Rank-5": 37.142857142857146, "Rank-10": 45.714285714285715, "Rank-20": 55.23809523809524}
DEVELOPMENT_MISSING_CONDITION q_R_g_N {"mAP": 33.90380683304809, "mINP": 19.118818616370167, "Rank-1": 45.714285714285715, "Rank-5": 68.57142857142857, "Rank-10": 76.19047619047619, "Rank-20": 81.42857142857143}
DEVELOPMENT_MISSING_CONDITION q_R_g_R {"mAP": 35.51077838199739, "mINP": 21.530982810590913, "Rank-1": 50.0, "Rank-5": 65.71428571428571, "Rank-10": 70.47619047619048, "Rank-20": 77.61904761904762}
