/data/gaob/Re-ID/conda-envs/tri_reid/lib/python3.10/site-packages/timm/models/helpers.py:7: FutureWarning: Importing from timm.models.helpers is deprecated, please import via timm.models
  warnings.warn(f"Importing from {__name__} is deprecated, please import via timm.models", FutureWarning)
/data/gaob/Re-ID/conda-envs/tri_reid/lib/python3.10/site-packages/timm/models/registry.py:4: FutureWarning: Importing from timm.models.registry is deprecated, please import via timm.models
  warnings.warn(f"Importing from {__name__} is deprecated, please import via timm.models", FutureWarning)
/data/gaob/Re-ID/conda-envs/tri_reid/lib/python3.10/site-packages/timm/models/layers/__init__.py:48: FutureWarning: Importing from timm.models.layers is deprecated, please import via timm.layers
  warnings.warn(f"Importing from {__name__} is deprecated, please import via timm.layers", FutureWarning)
using Transformer_type: ViT-B-16 as a backbone
Resized position embedding: %s to %s torch.Size([197, 768]) torch.Size([129, 768])
Position embedding resize to height:8 width: 16
Successfully load ckpt!
<All keys matched successfully>
Loading pretrained model from CLIP
camera number is : 8
DEVELOPMENT_MISSING_CONDITION q_RNT_g_RNT {"mAP": 48.19463875652112, "mINP": 34.8208357578177, "Rank-1": 61.904761904761905, "Rank-5": 71.42857142857143, "Rank-10": 78.57142857142857, "Rank-20": 80.95238095238095}
DEVELOPMENT_MISSING_CONDITION q_RNT_g_NT {"mAP": 44.76104704267657, "mINP": 29.672876582710405, "Rank-1": 56.666666666666664, "Rank-5": 71.42857142857143, "Rank-10": 76.19047619047619, "Rank-20": 80.95238095238095}
DEVELOPMENT_MISSING_CONDITION q_RNT_g_RT {"mAP": 44.849006855642884, "mINP": 30.92426201359514, "Rank-1": 57.61904761904761, "Rank-5": 70.0, "Rank-10": 77.14285714285715, "Rank-20": 81.42857142857143}
DEVELOPMENT_MISSING_CONDITION q_RNT_g_RN {"mAP": 46.462393210703965, "mINP": 32.76189111968509, "Rank-1": 56.19047619047619, "Rank-5": 70.95238095238095, "Rank-10": 77.61904761904762, "Rank-20": 82.38095238095238}
DEVELOPMENT_MISSING_CONDITION q_RNT_g_T {"mAP": 17.989466905295703, "mINP": 7.044060978945048, "Rank-1": 25.238095238095237, "Rank-5": 47.14285714285714, "Rank-10": 57.61904761904761, "Rank-20": 67.14285714285714}
DEVELOPMENT_MISSING_CONDITION q_RNT_g_N {"mAP": 42.420359280205126, "mINP": 24.44384352110685, "Rank-1": 55.23809523809524, "Rank-5": 71.42857142857143, "Rank-10": 78.0952380952381, "Rank-20": 84.28571428571429}
DEVELOPMENT_MISSING_CONDITION q_RNT_g_R {"mAP": 43.356003861067386, "mINP": 28.628603348102942, "Rank-1": 54.761904761904766, "Rank-5": 73.80952380952381, "Rank-10": 78.0952380952381, "Rank-20": 84.28571428571429}
DEVELOPMENT_MISSING_CONDITION q_NT_g_RNT {"mAP": 43.27076405507586, "mINP": 29.654866975447014, "Rank-1": 54.285714285714285, "Rank-5": 72.38095238095238, "Rank-10": 78.0952380952381, "Rank-20": 82.38095238095238}
DEVELOPMENT_MISSING_CONDITION q_NT_g_NT {"mAP": 44.64174556884883, "mINP": 30.555892723339813, "Rank-1": 56.666666666666664, "Rank-5": 71.9047619047619, "Rank-10": 76.19047619047619, "Rank-20": 85.23809523809524}
DEVELOPMENT_MISSING_CONDITION q_NT_g_RT {"mAP": 33.0094614839324, "mINP": 19.40826978348795, "Rank-1": 40.476190476190474, "Rank-5": 63.33333333333333, "Rank-10": 71.42857142857143, "Rank-20": 78.57142857142857}
DEVELOPMENT_MISSING_CONDITION q_NT_g_RN {"mAP": 40.79055235065997, "mINP": 27.988047136428822, "Rank-1": 49.523809523809526, "Rank-5": 69.52380952380952, "Rank-10": 76.66666666666667, "Rank-20": 81.42857142857143}
DEVELOPMENT_MISSING_CONDITION q_NT_g_T {"mAP": 21.036174272460038, "mINP": 7.524896563256968, "Rank-1": 30.0, "Rank-5": 51.42857142857142, "Rank-10": 59.04761904761905, "Rank-20": 68.57142857142857}
DEVELOPMENT_MISSING_CONDITION q_NT_g_N {"mAP": 41.72408695330543, "mINP": 25.130359372654226, "Rank-1": 53.333333333333336, "Rank-5": 73.33333333333333, "Rank-10": 79.52380952380952, "Rank-20": 85.71428571428571}
DEVELOPMENT_MISSING_CONDITION q_NT_g_R {"mAP": 30.940877869718825, "mINP": 19.160979401118244, "Rank-1": 39.04761904761905, "Rank-5": 64.76190476190476, "Rank-10": 71.9047619047619, "Rank-20": 78.0952380952381}
DEVELOPMENT_MISSING_CONDITION q_RT_g_RNT {"mAP": 45.952749866566414, "mINP": 30.134538758882336, "Rank-1": 57.14285714285714, "Rank-5": 70.0, "Rank-10": 77.14285714285715, "Rank-20": 80.47619047619048}
DEVELOPMENT_MISSING_CONDITION q_RT_g_NT {"mAP": 36.145043388935406, "mINP": 19.512680732381654, "Rank-1": 49.047619047619044, "Rank-5": 68.0952380952381, "Rank-10": 73.80952380952381, "Rank-20": 79.04761904761905}
DEVELOPMENT_MISSING_CONDITION q_RT_g_RT {"mAP": 44.600558839664004, "mINP": 30.11467296521903, "Rank-1": 56.19047619047619, "Rank-5": 69.52380952380952, "Rank-10": 75.23809523809524, "Rank-20": 80.47619047619048}
DEVELOPMENT_MISSING_CONDITION q_RT_g_RN {"mAP": 43.451187428071705, "mINP": 28.467560832725425, "Rank-1": 56.19047619047619, "Rank-5": 68.57142857142857, "Rank-10": 76.19047619047619, "Rank-20": 81.9047619047619}
DEVELOPMENT_MISSING_CONDITION q_RT_g_T {"mAP": 22.59880347667562, "mINP": 7.422571492396088, "Rank-1": 33.33333333333333, "Rank-5": 52.38095238095239, "Rank-10": 58.57142857142858, "Rank-20": 65.23809523809524}
DEVELOPMENT_MISSING_CONDITION q_RT_g_N {"mAP": 35.69332765232666, "mINP": 17.755658424618673, "Rank-1": 45.714285714285715, "Rank-5": 70.95238095238095, "Rank-10": 75.23809523809524, "Rank-20": 80.0}
DEVELOPMENT_MISSING_CONDITION q_RT_g_R {"mAP": 42.260872464246866, "mINP": 27.822750798785336, "Rank-1": 54.761904761904766, "Rank-5": 68.0952380952381, "Rank-10": 76.66666666666667, "Rank-20": 80.95238095238095}
DEVELOPMENT_MISSING_CONDITION q_RN_g_RNT {"mAP": 47.61011327254481, "mINP": 34.242956253633565, "Rank-1": 59.04761904761905, "Rank-5": 74.28571428571429, "Rank-10": 79.04761904761905, "Rank-20": 83.33333333333334}
DEVELOPMENT_MISSING_CONDITION q_RN_g_NT {"mAP": 43.05568541449772, "mINP": 28.839301613934104, "Rank-1": 55.714285714285715, "Rank-5": 69.52380952380952, "Rank-10": 77.14285714285715, "Rank-20": 83.80952380952381}
DEVELOPMENT_MISSING_CONDITION q_RN_g_RT {"mAP": 43.37627274550348, "mINP": 29.758076029316417, "Rank-1": 53.333333333333336, "Rank-5": 70.95238095238095, "Rank-10": 76.66666666666667, "Rank-20": 84.28571428571429}
DEVELOPMENT_MISSING_CONDITION q_RN_g_RN {"mAP": 46.40671731335839, "mINP": 32.49485351941752, "Rank-1": 58.0952380952381, "Rank-5": 71.9047619047619, "Rank-10": 78.57142857142857, "Rank-20": 83.33333333333334}
DEVELOPMENT_MISSING_CONDITION q_RN_g_T {"mAP": 12.454419340983998, "mINP": 5.53438374995154, "Rank-1": 9.523809523809524, "Rank-5": 32.857142857142854, "Rank-10": 48.57142857142857, "Rank-20": 60.0}
DEVELOPMENT_MISSING_CONDITION q_RN_g_N {"mAP": 41.738352846736355, "mINP": 24.956309223343414, "Rank-1": 53.80952380952381, "Rank-5": 72.85714285714285, "Rank-10": 78.57142857142857, "Rank-20": 83.80952380952381}
DEVELOPMENT_MISSING_CONDITION q_RN_g_R {"mAP": 42.65246530418995, "mINP": 28.362532723152174, "Rank-1": 55.23809523809524, "Rank-5": 71.9047619047619, "Rank-10": 76.19047619047619, "Rank-20": 83.33333333333334}
DEVELOPMENT_MISSING_CONDITION q_T_g_RNT {"mAP": 15.65523592875222, "mINP": 10.211074190018227, "Rank-1": 17.61904761904762, "Rank-5": 36.19047619047619, "Rank-10": 44.285714285714285, "Rank-20": 56.666666666666664}
DEVELOPMENT_MISSING_CONDITION q_T_g_NT {"mAP": 18.323889945534315, "mINP": 8.261442842388647, "Rank-1": 25.71428571428571, "Rank-5": 45.23809523809524, "Rank-10": 53.333333333333336, "Rank-20": 58.57142857142858}
DEVELOPMENT_MISSING_CONDITION q_T_g_RT {"mAP": 18.650321732041935, "mINP": 7.821561388851086, "Rank-1": 25.71428571428571, "Rank-5": 40.476190476190474, "Rank-10": 47.61904761904761, "Rank-20": 63.33333333333333}
DEVELOPMENT_MISSING_CONDITION q_T_g_RN {"mAP": 13.294694647940657, "mINP": 9.152205897224672, "Rank-1": 13.333333333333334, "Rank-5": 24.285714285714285, "Rank-10": 32.857142857142854, "Rank-20": 44.761904761904766}
DEVELOPMENT_MISSING_CONDITION q_T_g_T {"mAP": 19.771960540726212, "mINP": 6.49971198295396, "Rank-1": 34.285714285714285, "Rank-5": 49.523809523809526, "Rank-10": 57.14285714285714, "Rank-20": 65.23809523809524}
DEVELOPMENT_MISSING_CONDITION q_T_g_N {"mAP": 12.976433201204058, "mINP": 7.9495236486579675, "Rank-1": 10.0, "Rank-5": 26.190476190476193, "Rank-10": 34.285714285714285, "Rank-20": 44.285714285714285}
DEVELOPMENT_MISSING_CONDITION q_T_g_R {"mAP": 12.843098149530608, "mINP": 7.930353157602707, "Rank-1": 11.428571428571429, "Rank-5": 30.0, "Rank-10": 38.095238095238095, "Rank-20": 50.476190476190474}
DEVELOPMENT_MISSING_CONDITION q_N_g_RNT {"mAP": 41.577883886294465, "mINP": 28.70787521148579, "Rank-1": 51.90476190476191, "Rank-5": 73.33333333333333, "Rank-10": 79.52380952380952, "Rank-20": 85.23809523809524}
DEVELOPMENT_MISSING_CONDITION q_N_g_NT {"mAP": 42.76384996004547, "mINP": 27.64776028948402, "Rank-1": 55.714285714285715, "Rank-5": 75.71428571428571, "Rank-10": 79.52380952380952, "Rank-20": 86.66666666666667}
DEVELOPMENT_MISSING_CONDITION q_N_g_RT {"mAP": 32.2618898418724, "mINP": 19.775975510439594, "Rank-1": 39.523809523809526, "Rank-5": 63.33333333333333, "Rank-10": 74.28571428571429, "Rank-20": 81.9047619047619}
DEVELOPMENT_MISSING_CONDITION q_N_g_RN {"mAP": 40.13201322770579, "mINP": 27.327007146270248, "Rank-1": 47.14285714285714, "Rank-5": 72.38095238095238, "Rank-10": 77.61904761904762, "Rank-20": 83.80952380952381}
DEVELOPMENT_MISSING_CONDITION q_N_g_T {"mAP": 12.783062138007123, "mINP": 5.70747022626759, "Rank-1": 10.0, "Rank-5": 31.9047619047619, "Rank-10": 46.666666666666664, "Rank-20": 60.0}
DEVELOPMENT_MISSING_CONDITION q_N_g_N {"mAP": 41.2781856974583, "mINP": 23.818007478559377, "Rank-1": 53.333333333333336, "Rank-5": 75.23809523809524, "Rank-10": 80.95238095238095, "Rank-20": 87.61904761904762}
DEVELOPMENT_MISSING_CONDITION q_N_g_R {"mAP": 32.20958313674629, "mINP": 20.253820010455986, "Rank-1": 38.095238095238095, "Rank-5": 62.857142857142854, "Rank-10": 70.95238095238095, "Rank-20": 76.66666666666667}
DEVELOPMENT_MISSING_CONDITION q_R_g_RNT {"mAP": 42.84703546826841, "mINP": 27.39853990666398, "Rank-1": 55.23809523809524, "Rank-5": 68.57142857142857, "Rank-10": 75.71428571428571, "Rank-20": 82.38095238095238}
DEVELOPMENT_MISSING_CONDITION q_R_g_NT {"mAP": 33.54175626415336, "mINP": 19.188075807826806, "Rank-1": 45.23809523809524, "Rank-5": 64.28571428571429, "Rank-10": 70.95238095238095, "Rank-20": 79.52380952380952}
DEVELOPMENT_MISSING_CONDITION q_R_g_RT {"mAP": 41.85737666477867, "mINP": 27.929909119581865, "Rank-1": 50.476190476190474, "Rank-5": 67.14285714285714, "Rank-10": 76.19047619047619, "Rank-20": 80.95238095238095}
DEVELOPMENT_MISSING_CONDITION q_R_g_RN {"mAP": 40.82662389162197, "mINP": 25.949379115619585, "Rank-1": 50.476190476190474, "Rank-5": 67.61904761904762, "Rank-10": 76.19047619047619, "Rank-20": 80.95238095238095}
DEVELOPMENT_MISSING_CONDITION q_R_g_T {"mAP": 11.936314265510664, "mINP": 5.435055124857997, "Rank-1": 6.666666666666667, "Rank-5": 39.523809523809526, "Rank-10": 47.61904761904761, "Rank-20": 61.42857142857143}
DEVELOPMENT_MISSING_CONDITION q_R_g_N {"mAP": 36.12692138827603, "mINP": 18.562006118309196, "Rank-1": 47.14285714285714, "Rank-5": 67.61904761904762, "Rank-10": 75.71428571428571, "Rank-20": 83.33333333333334}
DEVELOPMENT_MISSING_CONDITION q_R_g_R {"mAP": 41.311191920995846, "mINP": 25.692557724752035, "Rank-1": 52.38095238095239, "Rank-5": 69.52380952380952, "Rank-10": 74.76190476190476, "Rank-20": 80.95238095238095}
