/data/gaob/Re-ID/conda-envs/tri_reid/lib/python3.10/site-packages/timm/models/helpers.py:7: FutureWarning: Importing from timm.models.helpers is deprecated, please import via timm.models
  warnings.warn(f"Importing from {__name__} is deprecated, please import via timm.models", FutureWarning)
/data/gaob/Re-ID/conda-envs/tri_reid/lib/python3.10/site-packages/timm/models/registry.py:4: FutureWarning: Importing from timm.models.registry is deprecated, please import via timm.models
  warnings.warn(f"Importing from {__name__} is deprecated, please import via timm.models", FutureWarning)
/data/gaob/Re-ID/conda-envs/tri_reid/lib/python3.10/site-packages/timm/models/layers/__init__.py:48: FutureWarning: Importing from timm.models.layers is deprecated, please import via timm.layers
  warnings.warn(f"Importing from {__name__} is deprecated, please import via timm.layers", FutureWarning)
using Transformer_type: ViT-B-16 as a backbone
Resized position embedding: %s to %s torch.Size([197, 768]) torch.Size([129, 768])
Position embedding resize to height:8 width: 16
Successfully load ckpt!
<All keys matched successfully>
Loading pretrained model from CLIP
camera number is : 8
DEVELOPMENT_MISSING_CONDITION q_RNT_g_RNT {"mAP": 47.54115162743713, "mINP": 33.079343763960026, "Rank-1": 60.0, "Rank-5": 69.52380952380952, "Rank-10": 75.71428571428571, "Rank-20": 81.42857142857143}
DEVELOPMENT_MISSING_CONDITION q_RNT_g_NT {"mAP": 42.581743708593706, "mINP": 26.51697110337644, "Rank-1": 54.285714285714285, "Rank-5": 70.95238095238095, "Rank-10": 77.61904761904762, "Rank-20": 85.23809523809524}
DEVELOPMENT_MISSING_CONDITION q_RNT_g_RT {"mAP": 42.470985729237746, "mINP": 28.55561081755569, "Rank-1": 54.285714285714285, "Rank-5": 66.66666666666666, "Rank-10": 72.38095238095238, "Rank-20": 79.52380952380952}
DEVELOPMENT_MISSING_CONDITION q_RNT_g_RN {"mAP": 43.56438415614106, "mINP": 29.389381948136272, "Rank-1": 54.285714285714285, "Rank-5": 68.57142857142857, "Rank-10": 73.33333333333333, "Rank-20": 80.47619047619048}
DEVELOPMENT_MISSING_CONDITION q_RNT_g_T {"mAP": 20.451385664510273, "mINP": 7.397780682838259, "Rank-1": 30.0, "Rank-5": 50.0, "Rank-10": 58.0952380952381, "Rank-20": 64.28571428571429}
DEVELOPMENT_MISSING_CONDITION q_RNT_g_N {"mAP": 38.53957832544353, "mINP": 22.02722325181398, "Rank-1": 50.95238095238095, "Rank-5": 69.52380952380952, "Rank-10": 75.71428571428571, "Rank-20": 83.33333333333334}
DEVELOPMENT_MISSING_CONDITION q_RNT_g_R {"mAP": 39.44295315657503, "mINP": 25.929805189503785, "Rank-1": 50.95238095238095, "Rank-5": 67.14285714285714, "Rank-10": 75.23809523809524, "Rank-20": 80.47619047619048}
DEVELOPMENT_MISSING_CONDITION q_NT_g_RNT {"mAP": 40.944309866297665, "mINP": 25.633415651485087, "Rank-1": 51.90476190476191, "Rank-5": 66.66666666666666, "Rank-10": 77.61904761904762, "Rank-20": 80.95238095238095}
DEVELOPMENT_MISSING_CONDITION q_NT_g_NT {"mAP": 44.916511991147786, "mINP": 28.203236388064003, "Rank-1": 57.61904761904761, "Rank-5": 75.71428571428571, "Rank-10": 79.52380952380952, "Rank-20": 85.71428571428571}
DEVELOPMENT_MISSING_CONDITION q_NT_g_RT {"mAP": 32.55372204599699, "mINP": 17.242468008298783, "Rank-1": 43.333333333333336, "Rank-5": 57.61904761904761, "Rank-10": 66.19047619047619, "Rank-20": 73.33333333333333}
DEVELOPMENT_MISSING_CONDITION q_NT_g_RN {"mAP": 39.209173615623165, "mINP": 25.33856429606251, "Rank-1": 50.95238095238095, "Rank-5": 68.0952380952381, "Rank-10": 78.57142857142857, "Rank-20": 81.42857142857143}
DEVELOPMENT_MISSING_CONDITION q_NT_g_T {"mAP": 20.85455214362135, "mINP": 6.957399367801442, "Rank-1": 31.9047619047619, "Rank-5": 51.90476190476191, "Rank-10": 60.952380952380956, "Rank-20": 66.66666666666666}
DEVELOPMENT_MISSING_CONDITION q_NT_g_N {"mAP": 40.866209517106824, "mINP": 24.251860700480215, "Rank-1": 49.047619047619044, "Rank-5": 74.76190476190476, "Rank-10": 80.0, "Rank-20": 86.66666666666667}
DEVELOPMENT_MISSING_CONDITION q_NT_g_R {"mAP": 29.85652691961041, "mINP": 20.377923803614912, "Rank-1": 32.38095238095238, "Rank-5": 54.285714285714285, "Rank-10": 63.33333333333333, "Rank-20": 71.42857142857143}
DEVELOPMENT_MISSING_CONDITION q_RT_g_RNT {"mAP": 44.8047107625933, "mINP": 29.12172694367407, "Rank-1": 53.80952380952381, "Rank-5": 67.14285714285714, "Rank-10": 71.42857142857143, "Rank-20": 77.61904761904762}
DEVELOPMENT_MISSING_CONDITION q_RT_g_NT {"mAP": 34.08197004653918, "mINP": 14.703802500969177, "Rank-1": 47.61904761904761, "Rank-5": 64.28571428571429, "Rank-10": 68.57142857142857, "Rank-20": 73.33333333333333}
DEVELOPMENT_MISSING_CONDITION q_RT_g_RT {"mAP": 44.00622177578607, "mINP": 28.599599050510392, "Rank-1": 58.0952380952381, "Rank-5": 68.0952380952381, "Rank-10": 72.38095238095238, "Rank-20": 78.57142857142857}
DEVELOPMENT_MISSING_CONDITION q_RT_g_RN {"mAP": 40.50659432736536, "mINP": 26.885759364150836, "Rank-1": 46.19047619047619, "Rank-5": 64.28571428571429, "Rank-10": 70.95238095238095, "Rank-20": 76.66666666666667}
DEVELOPMENT_MISSING_CONDITION q_RT_g_T {"mAP": 21.879173110950134, "mINP": 7.207750329934999, "Rank-1": 37.142857142857146, "Rank-5": 54.285714285714285, "Rank-10": 58.0952380952381, "Rank-20": 64.76190476190476}
DEVELOPMENT_MISSING_CONDITION q_RT_g_N {"mAP": 31.668691515323605, "mINP": 16.226790617016245, "Rank-1": 41.904761904761905, "Rank-5": 64.28571428571429, "Rank-10": 71.9047619047619, "Rank-20": 80.0}
DEVELOPMENT_MISSING_CONDITION q_RT_g_R {"mAP": 38.641591489172896, "mINP": 24.823466416774117, "Rank-1": 49.047619047619044, "Rank-5": 66.66666666666666, "Rank-10": 73.80952380952381, "Rank-20": 79.04761904761905}
DEVELOPMENT_MISSING_CONDITION q_RN_g_RNT {"mAP": 45.50783124667442, "mINP": 31.3940305880029, "Rank-1": 55.23809523809524, "Rank-5": 71.42857142857143, "Rank-10": 77.61904761904762, "Rank-20": 84.28571428571429}
DEVELOPMENT_MISSING_CONDITION q_RN_g_NT {"mAP": 42.97774960648028, "mINP": 28.03807207061313, "Rank-1": 52.38095238095239, "Rank-5": 76.19047619047619, "Rank-10": 83.33333333333334, "Rank-20": 88.09523809523809}
DEVELOPMENT_MISSING_CONDITION q_RN_g_RT {"mAP": 40.99078886293962, "mINP": 28.657593293360662, "Rank-1": 50.95238095238095, "Rank-5": 66.19047619047619, "Rank-10": 72.85714285714285, "Rank-20": 80.0}
DEVELOPMENT_MISSING_CONDITION q_RN_g_RN {"mAP": 46.037761904470095, "mINP": 31.684020535760173, "Rank-1": 56.19047619047619, "Rank-5": 71.9047619047619, "Rank-10": 77.14285714285715, "Rank-20": 82.85714285714286}
DEVELOPMENT_MISSING_CONDITION q_RN_g_T {"mAP": 12.445371001516243, "mINP": 5.839290501009573, "Rank-1": 10.952380952380953, "Rank-5": 32.38095238095238, "Rank-10": 47.14285714285714, "Rank-20": 55.23809523809524}
DEVELOPMENT_MISSING_CONDITION q_RN_g_N {"mAP": 41.65963634268084, "mINP": 24.35335694041878, "Rank-1": 51.90476190476191, "Rank-5": 74.28571428571429, "Rank-10": 81.9047619047619, "Rank-20": 86.19047619047619}
DEVELOPMENT_MISSING_CONDITION q_RN_g_R {"mAP": 39.548783561060475, "mINP": 26.236183732679752, "Rank-1": 50.95238095238095, "Rank-5": 66.66666666666666, "Rank-10": 73.33333333333333, "Rank-20": 80.47619047619048}
DEVELOPMENT_MISSING_CONDITION q_T_g_RNT {"mAP": 12.26374367559733, "mINP": 6.321202919907304, "Rank-1": 13.333333333333334, "Rank-5": 28.095238095238095, "Rank-10": 40.476190476190474, "Rank-20": 50.95238095238095}
DEVELOPMENT_MISSING_CONDITION q_T_g_NT {"mAP": 14.522710099261142, "mINP": 6.051926889029369, "Rank-1": 18.571428571428573, "Rank-5": 35.714285714285715, "Rank-10": 48.57142857142857, "Rank-20": 56.19047619047619}
DEVELOPMENT_MISSING_CONDITION q_T_g_RT {"mAP": 16.86746259916323, "mINP": 6.569840682082251, "Rank-1": 27.61904761904762, "Rank-5": 40.95238095238095, "Rank-10": 47.14285714285714, "Rank-20": 53.333333333333336}
DEVELOPMENT_MISSING_CONDITION q_T_g_RN {"mAP": 10.703475604488656, "mINP": 7.079007211377077, "Rank-1": 8.095238095238095, "Rank-5": 22.857142857142858, "Rank-10": 29.523809523809526, "Rank-20": 40.0}
DEVELOPMENT_MISSING_CONDITION q_T_g_T {"mAP": 19.481861569646963, "mINP": 6.653502146333946, "Rank-1": 34.285714285714285, "Rank-5": 50.0, "Rank-10": 55.714285714285715, "Rank-20": 63.8095238095238}
DEVELOPMENT_MISSING_CONDITION q_T_g_N {"mAP": 10.61069760280414, "mINP": 6.207879774002226, "Rank-1": 10.476190476190476, "Rank-5": 25.71428571428571, "Rank-10": 37.61904761904762, "Rank-20": 44.761904761904766}
DEVELOPMENT_MISSING_CONDITION q_T_g_R {"mAP": 11.384308573760277, "mINP": 7.1369490966867, "Rank-1": 5.714285714285714, "Rank-5": 22.380952380952383, "Rank-10": 31.9047619047619, "Rank-20": 42.857142857142854}
DEVELOPMENT_MISSING_CONDITION q_N_g_RNT {"mAP": 40.93060461088327, "mINP": 26.50123695945344, "Rank-1": 50.476190476190474, "Rank-5": 69.52380952380952, "Rank-10": 79.52380952380952, "Rank-20": 86.66666666666667}
DEVELOPMENT_MISSING_CONDITION q_N_g_NT {"mAP": 43.12533357478326, "mINP": 26.908601485826694, "Rank-1": 55.23809523809524, "Rank-5": 79.52380952380952, "Rank-10": 85.23809523809524, "Rank-20": 90.95238095238095}
DEVELOPMENT_MISSING_CONDITION q_N_g_RT {"mAP": 30.923596565202228, "mINP": 21.258401377966095, "Rank-1": 31.9047619047619, "Rank-5": 59.04761904761905, "Rank-10": 73.33333333333333, "Rank-20": 82.38095238095238}
DEVELOPMENT_MISSING_CONDITION q_N_g_RN {"mAP": 40.02422723261457, "mINP": 25.635296880140544, "Rank-1": 51.90476190476191, "Rank-5": 70.0, "Rank-10": 79.52380952380952, "Rank-20": 85.23809523809524}
DEVELOPMENT_MISSING_CONDITION q_N_g_T {"mAP": 12.531535823693723, "mINP": 6.019834895347723, "Rank-1": 10.952380952380953, "Rank-5": 37.142857142857146, "Rank-10": 46.666666666666664, "Rank-20": 56.666666666666664}
DEVELOPMENT_MISSING_CONDITION q_N_g_N {"mAP": 42.33026444046939, "mINP": 24.219747079054994, "Rank-1": 51.42857142857142, "Rank-5": 77.14285714285715, "Rank-10": 85.71428571428571, "Rank-20": 89.52380952380953}
DEVELOPMENT_MISSING_CONDITION q_N_g_R {"mAP": 30.687618006246904, "mINP": 20.283388888716114, "Rank-1": 37.61904761904762, "Rank-5": 58.57142857142858, "Rank-10": 64.76190476190476, "Rank-20": 76.19047619047619}
DEVELOPMENT_MISSING_CONDITION q_R_g_RNT {"mAP": 39.99611833555986, "mINP": 26.91752638582454, "Rank-1": 45.23809523809524, "Rank-5": 61.42857142857143, "Rank-10": 70.47619047619048, "Rank-20": 79.04761904761905}
DEVELOPMENT_MISSING_CONDITION q_R_g_NT {"mAP": 32.34169495971126, "mINP": 19.393433299673653, "Rank-1": 37.61904761904762, "Rank-5": 61.904761904761905, "Rank-10": 70.0, "Rank-20": 79.52380952380952}
DEVELOPMENT_MISSING_CONDITION q_R_g_RT {"mAP": 38.77052542600789, "mINP": 26.39911370910633, "Rank-1": 45.23809523809524, "Rank-5": 63.33333333333333, "Rank-10": 69.52380952380952, "Rank-20": 77.61904761904762}
DEVELOPMENT_MISSING_CONDITION q_R_g_RN {"mAP": 38.919168956342475, "mINP": 25.67231688346508, "Rank-1": 50.476190476190474, "Rank-5": 61.42857142857143, "Rank-10": 69.04761904761905, "Rank-20": 76.19047619047619}
DEVELOPMENT_MISSING_CONDITION q_R_g_T {"mAP": 12.129149554186027, "mINP": 6.21428575560352, "Rank-1": 10.476190476190476, "Rank-5": 33.33333333333333, "Rank-10": 40.476190476190474, "Rank-20": 53.80952380952381}
DEVELOPMENT_MISSING_CONDITION q_R_g_N {"mAP": 34.12331718782172, "mINP": 18.948761553736656, "Rank-1": 44.761904761904766, "Rank-5": 63.8095238095238, "Rank-10": 74.76190476190476, "Rank-20": 83.80952380952381}
DEVELOPMENT_MISSING_CONDITION q_R_g_R {"mAP": 39.75371743395624, "mINP": 26.2839808860158, "Rank-1": 51.42857142857142, "Rank-5": 62.857142857142854, "Rank-10": 69.52380952380952, "Rank-20": 78.0952380952381}
