/data2/gb/Re-ID/conda-envs/tri_reid/lib/python3.10/site-packages/timm/models/helpers.py:7: FutureWarning: Importing from timm.models.helpers is deprecated, please import via timm.models
  warnings.warn(f"Importing from {__name__} is deprecated, please import via timm.models", FutureWarning)
/data2/gb/Re-ID/conda-envs/tri_reid/lib/python3.10/site-packages/timm/models/registry.py:4: FutureWarning: Importing from timm.models.registry is deprecated, please import via timm.models
  warnings.warn(f"Importing from {__name__} is deprecated, please import via timm.models", FutureWarning)
/data2/gb/Re-ID/conda-envs/tri_reid/lib/python3.10/site-packages/timm/models/layers/__init__.py:48: FutureWarning: Importing from timm.models.layers is deprecated, please import via timm.layers
  warnings.warn(f"Importing from {__name__} is deprecated, please import via timm.layers", FutureWarning)
using Transformer_type: ViT-B-16 as a backbone
Resized position embedding: %s to %s torch.Size([197, 768]) torch.Size([129, 768])
Position embedding resize to height:16 width: 8
Successfully load ckpt!
<All keys matched successfully>
Loading pretrained model from CLIP
camera number is : 4
STRESS_CONDITION clean {"mAP": 43.91128802411615, "mINP": 33.06402827586179, "Rank-1": 45.334928229665074, "Rank-5": 54.186602870813395, "Rank-10": 60.526315789473685, "Rank-20": 70.57416267942584}
STRESS_CONDITION RGB_blur_sigma1p5 {"mAP": 42.6786853951013, "mINP": 33.84747171282916, "Rank-1": 42.10526315789473, "Rank-5": 55.50239234449761, "Rank-10": 62.55980861244019, "Rank-20": 72.84688995215312}
STRESS_CONDITION RGB_blur_sigma3 {"mAP": 41.07738195917896, "mINP": 33.1572649512883, "Rank-1": 41.985645933014354, "Rank-5": 54.78468899521531, "Rank-10": 60.88516746411483, "Rank-20": 71.88995215311004}
STRESS_CONDITION NI_blur_sigma1p5 {"mAP": 43.37171257687372, "mINP": 33.877355736177265, "Rank-1": 43.66028708133971, "Rank-5": 54.186602870813395, "Rank-10": 60.64593301435407, "Rank-20": 70.93301435406698}
STRESS_CONDITION NI_blur_sigma3 {"mAP": 42.39683639241986, "mINP": 33.820722918381165, "Rank-1": 41.14832535885167, "Rank-5": 52.87081339712919, "Rank-10": 59.928229665071775, "Rank-20": 69.377990430622}
STRESS_CONDITION TI_blur_sigma1p5 {"mAP": 40.76626295558798, "mINP": 30.964255651996165, "Rank-1": 41.62679425837321, "Rank-5": 50.358851674641144, "Rank-10": 57.89473684210527, "Rank-20": 68.42105263157895}
STRESS_CONDITION TI_blur_sigma3 {"mAP": 38.36082234034547, "mINP": 29.51392433989953, "Rank-1": 38.15789473684211, "Rank-5": 47.00956937799043, "Rank-10": 55.02392344497608, "Rank-20": 65.19138755980862}
STRESS_CONDITION psi_off_frozen {"mAP": 43.9550356647599, "mINP": 33.10720283939169, "Rank-1": 45.45454545454545, "Rank-5": 54.066985645933016, "Rank-10": 60.4066985645933, "Rank-20": 70.93301435406698}
