/data/gaob/Re-ID/conda-envs/tri_reid/lib/python3.10/site-packages/timm/models/helpers.py:7: FutureWarning: Importing from timm.models.helpers is deprecated, please import via timm.models
  warnings.warn(f"Importing from {__name__} is deprecated, please import via timm.models", FutureWarning)
/data/gaob/Re-ID/conda-envs/tri_reid/lib/python3.10/site-packages/timm/models/registry.py:4: FutureWarning: Importing from timm.models.registry is deprecated, please import via timm.models
  warnings.warn(f"Importing from {__name__} is deprecated, please import via timm.models", FutureWarning)
/data/gaob/Re-ID/conda-envs/tri_reid/lib/python3.10/site-packages/timm/models/layers/__init__.py:48: FutureWarning: Importing from timm.models.layers is deprecated, please import via timm.layers
  warnings.warn(f"Importing from {__name__} is deprecated, please import via timm.layers", FutureWarning)
using Transformer_type: ViT-B-16 as a backbone
Resized position embedding: %s to %s torch.Size([197, 768]) torch.Size([129, 768])
Position embedding resize to height:8 width: 16
Successfully load ckpt!
<All keys matched successfully>
Loading pretrained model from CLIP
camera number is : 8
MISSING_CONDITION clean {"mAP": 33.82070007430782, "mINP": 14.161136046455711, "Rank-1": 51.26903553299492, "Rank-5": 67.34348561759728, "Rank-10": 74.61928934010153, "Rank-20": 80.8798646362098}
MISSING_CONDITION both_missing_r {"mAP": 25.88604750854302, "mINP": 9.58794976227856, "Rank-1": 41.62436548223351, "Rank-5": 62.098138747884946, "Rank-10": 71.40439932318104, "Rank-20": 78.84940778341793}
MISSING_CONDITION query_missing_r {"mAP": 10.257638861774728, "mINP": 4.716315399325681, "Rank-1": 12.18274111675127, "Rank-5": 24.703891708967852, "Rank-10": 35.53299492385787, "Rank-20": 47.88494077834179}
MISSING_CONDITION both_missing_n {"mAP": 29.519455173969185, "mINP": 12.358686902980436, "Rank-1": 42.30118443316413, "Rank-5": 63.113367174280874, "Rank-10": 71.74280879864637, "Rank-20": 78.51099830795262}
MISSING_CONDITION query_missing_n {"mAP": 21.62635841045698, "mINP": 9.066167200636599, "Rank-1": 30.96446700507614, "Rank-5": 52.96108291032149, "Rank-10": 62.43654822335025, "Rank-20": 72.7580372250423}
MISSING_CONDITION both_missing_t {"mAP": 32.983558279446676, "mINP": 14.310099193343312, "Rank-1": 50.25380710659898, "Rank-5": 67.85109983079526, "Rank-10": 75.1269035532995, "Rank-20": 80.8798646362098}
MISSING_CONDITION query_missing_t {"mAP": 31.682473708228322, "mINP": 12.964678959049008, "Rank-1": 47.71573604060914, "Rank-5": 67.51269035532995, "Rank-10": 75.97292724196278, "Rank-20": 81.55668358714044}
MISSING_CONDITION both_missing_rn {"mAP": 6.653809329992062, "mINP": 1.8012684624276867, "Rank-1": 13.367174280879865, "Rank-5": 28.426395939086298, "Rank-10": 37.055837563451774, "Rank-20": 46.7005076142132}
MISSING_CONDITION query_missing_rn {"mAP": 3.1268154351445436, "mINP": 2.600487975272203, "Rank-1": 1.5228426395939088, "Rank-5": 2.3688663282571913, "Rank-10": 5.245346869712352, "Rank-20": 12.690355329949238}
MISSING_CONDITION both_missing_rt {"mAP": 23.971454282356106, "mINP": 8.16345289072107, "Rank-1": 38.40947546531303, "Rank-5": 60.06768189509306, "Rank-10": 70.21996615905245, "Rank-20": 80.20304568527918}
MISSING_CONDITION query_missing_rt {"mAP": 8.34705836197223, "mINP": 4.295049071874229, "Rank-1": 9.813874788494077, "Rank-5": 16.243654822335024, "Rank-10": 24.873096446700508, "Rank-20": 41.793570219966156}
MISSING_CONDITION both_missing_nt {"mAP": 28.512509189820157, "mINP": 12.749399726957424, "Rank-1": 42.13197969543147, "Rank-5": 62.944162436548226, "Rank-10": 71.91201353637902, "Rank-20": 78.00338409475465}
MISSING_CONDITION query_missing_nt {"mAP": 18.40289992984952, "mINP": 7.391670659231071, "Rank-1": 23.519458544839257, "Rank-5": 45.5160744500846, "Rank-10": 55.16074450084603, "Rank-20": 68.02030456852792}
