/data2/gb/Re-ID/conda-envs/tri_reid/lib/python3.10/site-packages/timm/models/helpers.py:7: FutureWarning: Importing from timm.models.helpers is deprecated, please import via timm.models
  warnings.warn(f"Importing from {__name__} is deprecated, please import via timm.models", FutureWarning)
/data2/gb/Re-ID/conda-envs/tri_reid/lib/python3.10/site-packages/timm/models/registry.py:4: FutureWarning: Importing from timm.models.registry is deprecated, please import via timm.models
  warnings.warn(f"Importing from {__name__} is deprecated, please import via timm.models", FutureWarning)
/data2/gb/Re-ID/conda-envs/tri_reid/lib/python3.10/site-packages/timm/models/layers/__init__.py:48: FutureWarning: Importing from timm.models.layers is deprecated, please import via timm.layers
  warnings.warn(f"Importing from {__name__} is deprecated, please import via timm.layers", FutureWarning)
using Transformer_type: ViT-B-16 as a backbone
Resized position embedding: %s to %s torch.Size([197, 768]) torch.Size([129, 768])
Position embedding resize to height:8 width: 16
Successfully load ckpt!
<All keys matched successfully>
Loading pretrained model from CLIP
camera number is : 8
using Transformer_type: ViT-B-16 as a backbone
Resized position embedding: %s to %s torch.Size([197, 768]) torch.Size([129, 768])
Position embedding resize to height:8 width: 16
Successfully load ckpt!
<All keys matched successfully>
Loading pretrained model from CLIP
camera number is : 8
PAIR_PASS {"status": "PAIR_PASS", "dataset": "RGBNT100", "parameters_each": 103670914, "descriptor_dim_each": 5632, "all_initial_state_tensors_equal": true, "band_reconstruction_max_error": 1.430511474609375e-06, "high_band_input_dependent_pool_max_difference": 0.17816022038459778, "independent_route_product_max_error": 7.450580596923828e-09, "joint_route_product_max_error": 0.01736266165971756, "compute": {"ordinary": {"fp32_inference_seconds_per_triplet_batch8": 0.0060382246971130375, "profiler_supported_flops_per_triplet": 70022522336.25, "flops_boundary": "PyTorch profiler supported operators only; FFT and some attention operations may be omitted"}, "dual": {"fp32_inference_seconds_per_triplet_batch8": 0.0075917840003967285, "profiler_supported_flops_per_triplet": 73311219958.25, "flops_boundary": "PyTorch profiler supported operators only; FFT and some attention operations may be omitted"}}}
