/data/gaob/Re-ID/conda-envs/tri_reid/lib/python3.10/site-packages/timm/models/helpers.py:7: FutureWarning: Importing from timm.models.helpers is deprecated, please import via timm.models
  warnings.warn(f"Importing from {__name__} is deprecated, please import via timm.models", FutureWarning)
/data/gaob/Re-ID/conda-envs/tri_reid/lib/python3.10/site-packages/timm/models/registry.py:4: FutureWarning: Importing from timm.models.registry is deprecated, please import via timm.models
  warnings.warn(f"Importing from {__name__} is deprecated, please import via timm.models", FutureWarning)
/data/gaob/Re-ID/conda-envs/tri_reid/lib/python3.10/site-packages/timm/models/layers/__init__.py:48: FutureWarning: Importing from timm.models.layers is deprecated, please import via timm.layers
  warnings.warn(f"Importing from {__name__} is deprecated, please import via timm.layers", FutureWarning)
using Transformer_type: ViT-B-16 as a backbone
Resized position embedding: %s to %s torch.Size([197, 768]) torch.Size([129, 768])
Position embedding resize to height:8 width: 16
Successfully load ckpt!
<All keys matched successfully>
Loading pretrained model from CLIP
camera number is : 8
DEVELOPMENT_MISSING_CONDITION q_RNT_g_RNT {"mAP": 48.00827999027874, "mINP": 34.20338615064865, "Rank-1": 59.04761904761905, "Rank-5": 70.47619047619048, "Rank-10": 75.71428571428571, "Rank-20": 79.52380952380952}
DEVELOPMENT_MISSING_CONDITION q_RNT_g_NT {"mAP": 43.16765580167383, "mINP": 29.392711823488554, "Rank-1": 54.285714285714285, "Rank-5": 71.9047619047619, "Rank-10": 77.14285714285715, "Rank-20": 82.85714285714286}
DEVELOPMENT_MISSING_CONDITION q_RNT_g_RT {"mAP": 45.33461050214848, "mINP": 31.058723711453617, "Rank-1": 55.714285714285715, "Rank-5": 69.04761904761905, "Rank-10": 75.23809523809524, "Rank-20": 80.0}
DEVELOPMENT_MISSING_CONDITION q_RNT_g_RN {"mAP": 46.48283717787218, "mINP": 33.3591438608319, "Rank-1": 57.14285714285714, "Rank-5": 70.47619047619048, "Rank-10": 74.76190476190476, "Rank-20": 80.0}
DEVELOPMENT_MISSING_CONDITION q_RNT_g_T {"mAP": 20.282776936529725, "mINP": 9.019316809776685, "Rank-1": 31.9047619047619, "Rank-5": 54.285714285714285, "Rank-10": 61.42857142857143, "Rank-20": 70.95238095238095}
DEVELOPMENT_MISSING_CONDITION q_RNT_g_N {"mAP": 41.57767211656297, "mINP": 26.821543732513337, "Rank-1": 49.047619047619044, "Rank-5": 70.95238095238095, "Rank-10": 76.19047619047619, "Rank-20": 82.85714285714286}
DEVELOPMENT_MISSING_CONDITION q_RNT_g_R {"mAP": 43.4057447864104, "mINP": 29.406534076764146, "Rank-1": 54.285714285714285, "Rank-5": 67.14285714285714, "Rank-10": 74.76190476190476, "Rank-20": 79.04761904761905}
DEVELOPMENT_MISSING_CONDITION q_NT_g_RNT {"mAP": 28.689107817023164, "mINP": 16.42433398218057, "Rank-1": 27.142857142857142, "Rank-5": 56.666666666666664, "Rank-10": 67.14285714285714, "Rank-20": 77.14285714285715}
DEVELOPMENT_MISSING_CONDITION q_NT_g_NT {"mAP": 43.08884398196222, "mINP": 29.085375652255596, "Rank-1": 50.476190476190474, "Rank-5": 70.95238095238095, "Rank-10": 75.23809523809524, "Rank-20": 81.42857142857143}
DEVELOPMENT_MISSING_CONDITION q_NT_g_RT {"mAP": 6.717129417790152, "mINP": 5.771272736126018, "Rank-1": 3.3333333333333335, "Rank-5": 6.666666666666667, "Rank-10": 10.476190476190476, "Rank-20": 21.428571428571427}
DEVELOPMENT_MISSING_CONDITION q_NT_g_RN {"mAP": 21.62837487286189, "mINP": 13.20240897408301, "Rank-1": 18.571428571428573, "Rank-5": 46.666666666666664, "Rank-10": 60.952380952380956, "Rank-20": 74.28571428571429}
DEVELOPMENT_MISSING_CONDITION q_NT_g_T {"mAP": 23.186981833498663, "mINP": 9.075113129051427, "Rank-1": 37.142857142857146, "Rank-5": 56.19047619047619, "Rank-10": 61.904761904761905, "Rank-20": 71.9047619047619}
DEVELOPMENT_MISSING_CONDITION q_NT_g_N {"mAP": 40.593691467464794, "mINP": 26.390880660041432, "Rank-1": 49.047619047619044, "Rank-5": 70.0, "Rank-10": 74.76190476190476, "Rank-20": 80.47619047619048}
DEVELOPMENT_MISSING_CONDITION q_NT_g_R {"mAP": 3.896387138952157, "mINP": 4.29724671295775, "Rank-1": 0.0, "Rank-5": 3.8095238095238098, "Rank-10": 5.238095238095238, "Rank-20": 11.428571428571429}
DEVELOPMENT_MISSING_CONDITION q_RT_g_RNT {"mAP": 39.32558528612128, "mINP": 23.397337277519178, "Rank-1": 49.523809523809526, "Rank-5": 62.38095238095238, "Rank-10": 66.66666666666666, "Rank-20": 77.14285714285715}
DEVELOPMENT_MISSING_CONDITION q_RT_g_NT {"mAP": 7.727432630356601, "mINP": 4.708733669673811, "Rank-1": 7.6190476190476195, "Rank-5": 19.047619047619047, "Rank-10": 28.095238095238095, "Rank-20": 44.761904761904766}
DEVELOPMENT_MISSING_CONDITION q_RT_g_RT {"mAP": 45.71628990550728, "mINP": 30.569035897606796, "Rank-1": 56.19047619047619, "Rank-5": 70.47619047619048, "Rank-10": 76.19047619047619, "Rank-20": 79.52380952380952}
DEVELOPMENT_MISSING_CONDITION q_RT_g_RN {"mAP": 33.06205185189284, "mINP": 20.054622015061142, "Rank-1": 42.38095238095238, "Rank-5": 60.952380952380956, "Rank-10": 65.71428571428571, "Rank-20": 73.80952380952381}
DEVELOPMENT_MISSING_CONDITION q_RT_g_T {"mAP": 20.45114667771679, "mINP": 9.036049332537829, "Rank-1": 32.857142857142854, "Rank-5": 53.80952380952381, "Rank-10": 61.904761904761905, "Rank-20": 71.42857142857143}
DEVELOPMENT_MISSING_CONDITION q_RT_g_N {"mAP": 3.526751950715433, "mINP": 3.8254530719712556, "Rank-1": 0.0, "Rank-5": 5.714285714285714, "Rank-10": 10.476190476190476, "Rank-20": 12.380952380952381}
DEVELOPMENT_MISSING_CONDITION q_RT_g_R {"mAP": 43.2914965678978, "mINP": 28.92420217026776, "Rank-1": 53.333333333333336, "Rank-5": 67.61904761904762, "Rank-10": 74.76190476190476, "Rank-20": 79.04761904761905}
DEVELOPMENT_MISSING_CONDITION q_RN_g_RNT {"mAP": 45.952542884314305, "mINP": 33.71578769820668, "Rank-1": 55.714285714285715, "Rank-5": 72.85714285714285, "Rank-10": 78.0952380952381, "Rank-20": 80.47619047619048}
DEVELOPMENT_MISSING_CONDITION q_RN_g_NT {"mAP": 40.504366900229314, "mINP": 27.01807217259318, "Rank-1": 48.57142857142857, "Rank-5": 72.85714285714285, "Rank-10": 78.0952380952381, "Rank-20": 84.76190476190476}
DEVELOPMENT_MISSING_CONDITION q_RN_g_RT {"mAP": 42.782289575395424, "mINP": 29.43724892496001, "Rank-1": 49.523809523809526, "Rank-5": 71.9047619047619, "Rank-10": 77.14285714285715, "Rank-20": 81.9047619047619}
DEVELOPMENT_MISSING_CONDITION q_RN_g_RN {"mAP": 46.45735540547059, "mINP": 33.43802827864449, "Rank-1": 56.666666666666664, "Rank-5": 70.95238095238095, "Rank-10": 75.23809523809524, "Rank-20": 80.0}
DEVELOPMENT_MISSING_CONDITION q_RN_g_T {"mAP": 6.198828252024216, "mINP": 4.465093018346803, "Rank-1": 0.4761904761904762, "Rank-5": 20.0, "Rank-10": 30.476190476190478, "Rank-20": 50.0}
DEVELOPMENT_MISSING_CONDITION q_RN_g_N {"mAP": 41.57343042454254, "mINP": 26.752132886913678, "Rank-1": 50.0, "Rank-5": 70.95238095238095, "Rank-10": 76.19047619047619, "Rank-20": 83.33333333333334}
DEVELOPMENT_MISSING_CONDITION q_RN_g_R {"mAP": 43.42369459820063, "mINP": 29.78780892901543, "Rank-1": 52.38095238095239, "Rank-5": 67.14285714285714, "Rank-10": 74.28571428571429, "Rank-20": 79.04761904761905}
DEVELOPMENT_MISSING_CONDITION q_T_g_RNT {"mAP": 4.267605389250856, "mINP": 4.114017298436026, "Rank-1": 0.4761904761904762, "Rank-5": 4.761904761904762, "Rank-10": 6.666666666666667, "Rank-20": 15.714285714285714}
DEVELOPMENT_MISSING_CONDITION q_T_g_NT {"mAP": 6.4044976075860545, "mINP": 4.402268099158006, "Rank-1": 8.095238095238095, "Rank-5": 12.380952380952381, "Rank-10": 15.714285714285714, "Rank-20": 22.857142857142858}
DEVELOPMENT_MISSING_CONDITION q_T_g_RT {"mAP": 5.805647917885818, "mINP": 5.54211963508865, "Rank-1": 1.4285714285714286, "Rank-5": 5.714285714285714, "Rank-10": 8.571428571428571, "Rank-20": 19.047619047619047}
DEVELOPMENT_MISSING_CONDITION q_T_g_RN {"mAP": 3.2379697867504866, "mINP": 3.7964663140095825, "Rank-1": 0.0, "Rank-5": 3.3333333333333335, "Rank-10": 6.190476190476191, "Rank-20": 6.666666666666667}
DEVELOPMENT_MISSING_CONDITION q_T_g_T {"mAP": 25.657630841955875, "mINP": 9.732006282402816, "Rank-1": 38.57142857142858, "Rank-5": 56.666666666666664, "Rank-10": 60.952380952380956, "Rank-20": 71.42857142857143}
DEVELOPMENT_MISSING_CONDITION q_T_g_N {"mAP": 3.2132749742968403, "mINP": 3.8339961884990275, "Rank-1": 0.0, "Rank-5": 3.8095238095238098, "Rank-10": 6.190476190476191, "Rank-20": 9.047619047619047}
DEVELOPMENT_MISSING_CONDITION q_T_g_R {"mAP": 3.5804550967609297, "mINP": 4.187169636442147, "Rank-1": 0.0, "Rank-5": 1.9047619047619049, "Rank-10": 5.238095238095238, "Rank-20": 6.666666666666667}
DEVELOPMENT_MISSING_CONDITION q_N_g_RNT {"mAP": 24.785992565347158, "mINP": 15.025956538573684, "Rank-1": 22.857142857142858, "Rank-5": 47.61904761904761, "Rank-10": 65.71428571428571, "Rank-20": 73.80952380952381}
DEVELOPMENT_MISSING_CONDITION q_N_g_NT {"mAP": 39.958902405638526, "mINP": 26.943771724503474, "Rank-1": 46.666666666666664, "Rank-5": 72.38095238095238, "Rank-10": 77.61904761904762, "Rank-20": 84.28571428571429}
DEVELOPMENT_MISSING_CONDITION q_N_g_RT {"mAP": 4.700223824343645, "mINP": 4.537965689912498, "Rank-1": 0.9523809523809524, "Rank-5": 3.8095238095238098, "Rank-10": 7.142857142857142, "Rank-20": 11.428571428571429}
DEVELOPMENT_MISSING_CONDITION q_N_g_RN {"mAP": 23.577594269341375, "mINP": 14.1074847330355, "Rank-1": 22.380952380952383, "Rank-5": 46.666666666666664, "Rank-10": 60.0, "Rank-20": 74.28571428571429}
DEVELOPMENT_MISSING_CONDITION q_N_g_T {"mAP": 5.972223764406149, "mINP": 4.361643769276268, "Rank-1": 0.0, "Rank-5": 20.952380952380953, "Rank-10": 29.523809523809526, "Rank-20": 50.95238095238095}
DEVELOPMENT_MISSING_CONDITION q_N_g_N {"mAP": 40.57988962963405, "mINP": 26.637596384827116, "Rank-1": 49.523809523809526, "Rank-5": 70.0, "Rank-10": 75.23809523809524, "Rank-20": 81.9047619047619}
DEVELOPMENT_MISSING_CONDITION q_N_g_R {"mAP": 4.0775458230703965, "mINP": 4.393561511829152, "Rank-1": 0.0, "Rank-5": 2.857142857142857, "Rank-10": 5.238095238095238, "Rank-20": 11.904761904761903}
DEVELOPMENT_MISSING_CONDITION q_R_g_RNT {"mAP": 35.52959696668743, "mINP": 22.149991212437506, "Rank-1": 40.95238095238095, "Rank-5": 62.38095238095238, "Rank-10": 70.95238095238095, "Rank-20": 77.14285714285715}
DEVELOPMENT_MISSING_CONDITION q_R_g_NT {"mAP": 4.907775088585987, "mINP": 4.175224996243084, "Rank-1": 0.4761904761904762, "Rank-5": 10.476190476190476, "Rank-10": 10.952380952380953, "Rank-20": 28.095238095238095}
DEVELOPMENT_MISSING_CONDITION q_R_g_RT {"mAP": 42.954180630261, "mINP": 29.123052400266904, "Rank-1": 52.38095238095239, "Rank-5": 71.9047619047619, "Rank-10": 76.66666666666667, "Rank-20": 80.95238095238095}
DEVELOPMENT_MISSING_CONDITION q_R_g_RN {"mAP": 33.286308771926436, "mINP": 20.52307232494775, "Rank-1": 41.904761904761905, "Rank-5": 58.57142857142858, "Rank-10": 67.14285714285714, "Rank-20": 74.76190476190476}
DEVELOPMENT_MISSING_CONDITION q_R_g_T {"mAP": 6.017457166161246, "mINP": 4.415867762423208, "Rank-1": 0.4761904761904762, "Rank-5": 20.0, "Rank-10": 26.666666666666668, "Rank-20": 44.285714285714285}
DEVELOPMENT_MISSING_CONDITION q_R_g_N {"mAP": 4.019436554595987, "mINP": 4.065558558426699, "Rank-1": 0.0, "Rank-5": 5.714285714285714, "Rank-10": 10.0, "Rank-20": 20.0}
DEVELOPMENT_MISSING_CONDITION q_R_g_R {"mAP": 43.33804158343868, "mINP": 29.227890407239133, "Rank-1": 51.90476190476191, "Rank-5": 67.61904761904762, "Rank-10": 74.76190476190476, "Rank-20": 79.52380952380952}
