/data/gaob/Re-ID/conda-envs/tri_reid/lib/python3.10/site-packages/timm/models/helpers.py:7: FutureWarning: Importing from timm.models.helpers is deprecated, please import via timm.models
  warnings.warn(f"Importing from {__name__} is deprecated, please import via timm.models", FutureWarning)
/data/gaob/Re-ID/conda-envs/tri_reid/lib/python3.10/site-packages/timm/models/registry.py:4: FutureWarning: Importing from timm.models.registry is deprecated, please import via timm.models
  warnings.warn(f"Importing from {__name__} is deprecated, please import via timm.models", FutureWarning)
/data/gaob/Re-ID/conda-envs/tri_reid/lib/python3.10/site-packages/timm/models/layers/__init__.py:48: FutureWarning: Importing from timm.models.layers is deprecated, please import via timm.layers
  warnings.warn(f"Importing from {__name__} is deprecated, please import via timm.layers", FutureWarning)
using Transformer_type: ViT-B-16 as a backbone
Resized position embedding: %s to %s torch.Size([197, 768]) torch.Size([129, 768])
Position embedding resize to height:8 width: 16
Successfully load ckpt!
<All keys matched successfully>
Loading pretrained model from CLIP
camera number is : 8
IDENTITY_MISSING_FEATURE_BANKS_CPU_ONLY {"available_sets": 7, "cuda_allocated_bytes": 8519680, "new_optimizer_updates": 0}
IDENTITY_MISSING_STREAM {"event": "RAW_READY", "condition": "q_RNT_g_RNT", "path": "/data/gaob/Re-ID/DeMo-DualAxis/runs/r201i_missing49_20261007/full/MSVR310_r201i_frequency_shared_s42/q_RNT_g_RNT/raw.npz", "file": {"bytes": 8583033, "sha256": "e6a0a7ceb97bb67843902dec2db9fa9c51b3bb291f209d4c312dd939fa539a29"}, "installed_gt_cases": 4}
IDENTITY_MISSING_STREAM {"event": "RAW_CLEARED", "condition": "q_RNT_g_RNT"}
IDENTITY_MISSING_STREAM {"event": "RAW_READY", "condition": "q_RNT_g_R", "path": "/data/gaob/Re-ID/DeMo-DualAxis/runs/r201i_missing49_20261007/full/MSVR310_r201i_frequency_shared_s42/q_RNT_g_R/raw.npz", "file": {"bytes": 8351533, "sha256": "4191a35da2b530c3e2bc7c83cad3be50d59c11bf7723bb586b96674950f1a2ac"}, "installed_gt_cases": 4}
IDENTITY_MISSING_STREAM {"event": "RAW_CLEARED", "condition": "q_RNT_g_R"}
IDENTITY_MISSING_STREAM {"event": "RAW_READY", "condition": "q_RNT_g_N", "path": "/data/gaob/Re-ID/DeMo-DualAxis/runs/r201i_missing49_20261007/full/MSVR310_r201i_frequency_shared_s42/q_RNT_g_N/raw.npz", "file": {"bytes": 8318582, "sha256": "4b8e76c1b5e6fee1918d500051cdca4e08e67fe152baceb5fe6813eae50b46b1"}, "installed_gt_cases": 4}
IDENTITY_MISSING_STREAM {"event": "RAW_CLEARED", "condition": "q_RNT_g_N"}
IDENTITY_MISSING_STREAM {"event": "RAW_READY", "condition": "q_RNT_g_T", "path": "/data/gaob/Re-ID/DeMo-DualAxis/runs/r201i_missing49_20261007/full/MSVR310_r201i_frequency_shared_s42/q_RNT_g_T/raw.npz", "file": {"bytes": 8198203, "sha256": "92866d3d7b7ba47f2d382154928183efda67efc7d1c8c1ab55cd7a8b1d930d07"}, "installed_gt_cases": 4}
IDENTITY_MISSING_STREAM {"event": "RAW_CLEARED", "condition": "q_RNT_g_T"}
IDENTITY_MISSING_STREAM {"event": "RAW_READY", "condition": "q_RNT_g_RN", "path": "/data/gaob/Re-ID/DeMo-DualAxis/runs/r201i_missing49_20261007/full/MSVR310_r201i_frequency_shared_s42/q_RNT_g_RN/raw.npz", "file": {"bytes": 8424172, "sha256": "530ec1c60f1f0936e5bccfd00a0cf269ff6463fec276e6ecdb4a0f3556f91770"}, "installed_gt_cases": 4}
IDENTITY_MISSING_STREAM {"event": "RAW_CLEARED", "condition": "q_RNT_g_RN"}
IDENTITY_MISSING_STREAM {"event": "RAW_READY", "condition": "q_RNT_g_RT", "path": "/data/gaob/Re-ID/DeMo-DualAxis/runs/r201i_missing49_20261007/full/MSVR310_r201i_frequency_shared_s42/q_RNT_g_RT/raw.npz", "file": {"bytes": 8369810, "sha256": "7b8b3c814be0988fe32e69d349468eef9f8192b71fbbc9f015c299acbd92b8db"}, "installed_gt_cases": 4}
IDENTITY_MISSING_STREAM {"event": "RAW_CLEARED", "condition": "q_RNT_g_RT"}
IDENTITY_MISSING_STREAM {"event": "RAW_READY", "condition": "q_RNT_g_NT", "path": "/data/gaob/Re-ID/DeMo-DualAxis/runs/r201i_missing49_20261007/full/MSVR310_r201i_frequency_shared_s42/q_RNT_g_NT/raw.npz", "file": {"bytes": 8351765, "sha256": "4ad3f2e1a1b850a3bc23a9ce538537c886055cd019d4c8d27f3330fae2eb03ed"}, "installed_gt_cases": 4}
IDENTITY_MISSING_STREAM {"event": "RAW_CLEARED", "condition": "q_RNT_g_NT"}
IDENTITY_MISSING_STREAM {"event": "RAW_READY", "condition": "q_R_g_RNT", "path": "/data/gaob/Re-ID/DeMo-DualAxis/runs/r201i_missing49_20261007/full/MSVR310_r201i_frequency_shared_s42/q_R_g_RNT/raw.npz", "file": {"bytes": 8341032, "sha256": "8e7da6a1560fd161617edc92a3b8c7234b82a308df0feca9cb02893b5798052d"}, "installed_gt_cases": 4}
IDENTITY_MISSING_STREAM {"event": "RAW_CLEARED", "condition": "q_R_g_RNT"}
IDENTITY_MISSING_STREAM {"event": "RAW_READY", "condition": "q_R_g_R", "path": "/data/gaob/Re-ID/DeMo-DualAxis/runs/r201i_missing49_20261007/full/MSVR310_r201i_frequency_shared_s42/q_R_g_R/raw.npz", "file": {"bytes": 8541517, "sha256": "0c5c5881e2b049d6b46f42da2ed198b7fd3eeb89d38aafb52459673e55f4fd92"}, "installed_gt_cases": 4}
IDENTITY_MISSING_STREAM {"event": "RAW_CLEARED", "condition": "q_R_g_R"}
IDENTITY_MISSING_STREAM {"event": "RAW_READY", "condition": "q_R_g_N", "path": "/data/gaob/Re-ID/DeMo-DualAxis/runs/r201i_missing49_20261007/full/MSVR310_r201i_frequency_shared_s42/q_R_g_N/raw.npz", "file": {"bytes": 444188, "sha256": "93b8c37dfe24c2a2b3a832a01359976c11ced22a3aa2b71d523b779a055202d2"}, "installed_gt_cases": 4}
IDENTITY_MISSING_STREAM {"event": "RAW_CLEARED", "condition": "q_R_g_N"}
IDENTITY_MISSING_STREAM {"event": "RAW_READY", "condition": "q_R_g_T", "path": "/data/gaob/Re-ID/DeMo-DualAxis/runs/r201i_missing49_20261007/full/MSVR310_r201i_frequency_shared_s42/q_R_g_T/raw.npz", "file": {"bytes": 455553, "sha256": "f2b4e825b1ff253fa8d248bff92f942808e4ca663720f8a79ed618f42c9c7eb8"}, "installed_gt_cases": 4}
IDENTITY_MISSING_STREAM {"event": "RAW_CLEARED", "condition": "q_R_g_T"}
IDENTITY_MISSING_STREAM {"event": "RAW_READY", "condition": "q_R_g_RN", "path": "/data/gaob/Re-ID/DeMo-DualAxis/runs/r201i_missing49_20261007/full/MSVR310_r201i_frequency_shared_s42/q_R_g_RN/raw.npz", "file": {"bytes": 8417466, "sha256": "02b80f6e0791c97c4c2ab63591f76c43522efe86a218d67683fb7dd4138cdf29"}, "installed_gt_cases": 4}
IDENTITY_MISSING_STREAM {"event": "RAW_CLEARED", "condition": "q_R_g_RN"}
IDENTITY_MISSING_STREAM {"event": "RAW_READY", "condition": "q_R_g_RT", "path": "/data/gaob/Re-ID/DeMo-DualAxis/runs/r201i_missing49_20261007/full/MSVR310_r201i_frequency_shared_s42/q_R_g_RT/raw.npz", "file": {"bytes": 8417735, "sha256": "e3717d2605a8262790781e9fff249a5848ed47ffa8bc12b9598eadfd0e8b40b6"}, "installed_gt_cases": 4}
IDENTITY_MISSING_STREAM {"event": "RAW_CLEARED", "condition": "q_R_g_RT"}
IDENTITY_MISSING_STREAM {"event": "RAW_READY", "condition": "q_R_g_NT", "path": "/data/gaob/Re-ID/DeMo-DualAxis/runs/r201i_missing49_20261007/full/MSVR310_r201i_frequency_shared_s42/q_R_g_NT/raw.npz", "file": {"bytes": 462126, "sha256": "9d968518d7384141d24f42144d5cf1e23691659f9575cd2bd3cc6a63a5cf4ca9"}, "installed_gt_cases": 4}
IDENTITY_MISSING_STREAM {"event": "RAW_CLEARED", "condition": "q_R_g_NT"}
IDENTITY_MISSING_STREAM {"event": "RAW_READY", "condition": "q_N_g_RNT", "path": "/data/gaob/Re-ID/DeMo-DualAxis/runs/r201i_missing49_20261007/full/MSVR310_r201i_frequency_shared_s42/q_N_g_RNT/raw.npz", "file": {"bytes": 8310369, "sha256": "fedf496a0f67cc0cfa3d374864b8ef830ca7b5ce18383ba963b527c361b27d5c"}, "installed_gt_cases": 4}
IDENTITY_MISSING_STREAM {"event": "RAW_CLEARED", "condition": "q_N_g_RNT"}
IDENTITY_MISSING_STREAM {"event": "RAW_READY", "condition": "q_N_g_R", "path": "/data/gaob/Re-ID/DeMo-DualAxis/runs/r201i_missing49_20261007/full/MSVR310_r201i_frequency_shared_s42/q_N_g_R/raw.npz", "file": {"bytes": 452480, "sha256": "e2bb9fb5842e3e12e94b45e87382a8f5c5650c1dcaad1fc815c277441e7a1dd7"}, "installed_gt_cases": 4}
IDENTITY_MISSING_STREAM {"event": "RAW_CLEARED", "condition": "q_N_g_R"}
IDENTITY_MISSING_STREAM {"event": "RAW_READY", "condition": "q_N_g_N", "path": "/data/gaob/Re-ID/DeMo-DualAxis/runs/r201i_missing49_20261007/full/MSVR310_r201i_frequency_shared_s42/q_N_g_N/raw.npz", "file": {"bytes": 8554971, "sha256": "0ee74b69cb498e946249a1b0edee829f8ef4aa08a00ae735b14635eb213ffebf"}, "installed_gt_cases": 4}
IDENTITY_MISSING_STREAM {"event": "RAW_CLEARED", "condition": "q_N_g_N"}
IDENTITY_MISSING_STREAM {"event": "RAW_READY", "condition": "q_N_g_T", "path": "/data/gaob/Re-ID/DeMo-DualAxis/runs/r201i_missing49_20261007/full/MSVR310_r201i_frequency_shared_s42/q_N_g_T/raw.npz", "file": {"bytes": 466831, "sha256": "c652646f090fae42f8b648a5644c7701a8697e2914536b115e3c360af462f178"}, "installed_gt_cases": 4}
IDENTITY_MISSING_STREAM {"event": "RAW_CLEARED", "condition": "q_N_g_T"}
IDENTITY_MISSING_STREAM {"event": "RAW_READY", "condition": "q_N_g_RN", "path": "/data/gaob/Re-ID/DeMo-DualAxis/runs/r201i_missing49_20261007/full/MSVR310_r201i_frequency_shared_s42/q_N_g_RN/raw.npz", "file": {"bytes": 8375002, "sha256": "c6e53c2e1c733700350eb79486e6e299c278011e47c4f10060bc9128121ea380"}, "installed_gt_cases": 4}
IDENTITY_MISSING_STREAM {"event": "RAW_CLEARED", "condition": "q_N_g_RN"}
IDENTITY_MISSING_STREAM {"event": "RAW_READY", "condition": "q_N_g_RT", "path": "/data/gaob/Re-ID/DeMo-DualAxis/runs/r201i_missing49_20261007/full/MSVR310_r201i_frequency_shared_s42/q_N_g_RT/raw.npz", "file": {"bytes": 465847, "sha256": "7f666c370f9483ebf0f4bb101a6ee8503106f4f06dfbad8cc787f6e7fa6acb5b"}, "installed_gt_cases": 4}
IDENTITY_MISSING_STREAM {"event": "RAW_CLEARED", "condition": "q_N_g_RT"}
IDENTITY_MISSING_STREAM {"event": "RAW_READY", "condition": "q_N_g_NT", "path": "/data/gaob/Re-ID/DeMo-DualAxis/runs/r201i_missing49_20261007/full/MSVR310_r201i_frequency_shared_s42/q_N_g_NT/raw.npz", "file": {"bytes": 8418114, "sha256": "381731bc070e102126f72e2643ec7914470ff3b5b2aadd2f484d9fc8f6776b16"}, "installed_gt_cases": 4}
IDENTITY_MISSING_STREAM {"event": "RAW_CLEARED", "condition": "q_N_g_NT"}
IDENTITY_MISSING_STREAM {"event": "RAW_READY", "condition": "q_T_g_RNT", "path": "/data/gaob/Re-ID/DeMo-DualAxis/runs/r201i_missing49_20261007/full/MSVR310_r201i_frequency_shared_s42/q_T_g_RNT/raw.npz", "file": {"bytes": 8124598, "sha256": "18215f025847948754b141717dbad0b6a0c411d56a88fc8728c8554f27484a13"}, "installed_gt_cases": 4}
IDENTITY_MISSING_STREAM {"event": "RAW_CLEARED", "condition": "q_T_g_RNT"}
IDENTITY_MISSING_STREAM {"event": "RAW_READY", "condition": "q_T_g_R", "path": "/data/gaob/Re-ID/DeMo-DualAxis/runs/r201i_missing49_20261007/full/MSVR310_r201i_frequency_shared_s42/q_T_g_R/raw.npz", "file": {"bytes": 441213, "sha256": "138c22e975025cb34b13898f49a1842b419644e097ceb8fe21dc701b934d6b44"}, "installed_gt_cases": 4}
IDENTITY_MISSING_STREAM {"event": "RAW_CLEARED", "condition": "q_T_g_R"}
IDENTITY_MISSING_STREAM {"event": "RAW_READY", "condition": "q_T_g_N", "path": "/data/gaob/Re-ID/DeMo-DualAxis/runs/r201i_missing49_20261007/full/MSVR310_r201i_frequency_shared_s42/q_T_g_N/raw.npz", "file": {"bytes": 445207, "sha256": "6aa0a996c6dc0329283eb0944b031785261f69a60b061d821ac3b388a30964fc"}, "installed_gt_cases": 4}
IDENTITY_MISSING_STREAM {"event": "RAW_CLEARED", "condition": "q_T_g_N"}
IDENTITY_MISSING_STREAM {"event": "RAW_READY", "condition": "q_T_g_T", "path": "/data/gaob/Re-ID/DeMo-DualAxis/runs/r201i_missing49_20261007/full/MSVR310_r201i_frequency_shared_s42/q_T_g_T/raw.npz", "file": {"bytes": 8524003, "sha256": "2806b988b5a32b56b9b198677a771a33f181cc8669414e22337bc3e106b902d4"}, "installed_gt_cases": 4}
IDENTITY_MISSING_STREAM {"event": "RAW_CLEARED", "condition": "q_T_g_T"}
IDENTITY_MISSING_STREAM {"event": "RAW_READY", "condition": "q_T_g_RN", "path": "/data/gaob/Re-ID/DeMo-DualAxis/runs/r201i_missing49_20261007/full/MSVR310_r201i_frequency_shared_s42/q_T_g_RN/raw.npz", "file": {"bytes": 445552, "sha256": "5b98086864ef9fa45a85d0a7cf2e71ae1a6d60c2fb1a659ca0faf6aea50c874e"}, "installed_gt_cases": 4}
IDENTITY_MISSING_STREAM {"event": "RAW_CLEARED", "condition": "q_T_g_RN"}
IDENTITY_MISSING_STREAM {"event": "RAW_READY", "condition": "q_T_g_RT", "path": "/data/gaob/Re-ID/DeMo-DualAxis/runs/r201i_missing49_20261007/full/MSVR310_r201i_frequency_shared_s42/q_T_g_RT/raw.npz", "file": {"bytes": 8274904, "sha256": "a1928834d61b8fdd3de492fe59556e362d207204f2c0ba3a55042a84dd16debc"}, "installed_gt_cases": 4}
IDENTITY_MISSING_STREAM {"event": "RAW_CLEARED", "condition": "q_T_g_RT"}
IDENTITY_MISSING_STREAM {"event": "RAW_READY", "condition": "q_T_g_NT", "path": "/data/gaob/Re-ID/DeMo-DualAxis/runs/r201i_missing49_20261007/full/MSVR310_r201i_frequency_shared_s42/q_T_g_NT/raw.npz", "file": {"bytes": 8303565, "sha256": "003f997cd15dec3051f442a9a8a9e6c55b9dd3875c8f8d913f3a30076d00c9b8"}, "installed_gt_cases": 4}
IDENTITY_MISSING_STREAM {"event": "RAW_CLEARED", "condition": "q_T_g_NT"}
IDENTITY_MISSING_STREAM {"event": "RAW_READY", "condition": "q_RN_g_RNT", "path": "/data/gaob/Re-ID/DeMo-DualAxis/runs/r201i_missing49_20261007/full/MSVR310_r201i_frequency_shared_s42/q_RN_g_RNT/raw.npz", "file": {"bytes": 8421384, "sha256": "68d59e0b037879f7ba2a019f7d52ea629df49c9a1b25bc05491523df7699526d"}, "installed_gt_cases": 4}
IDENTITY_MISSING_STREAM {"event": "RAW_CLEARED", "condition": "q_RN_g_RNT"}
IDENTITY_MISSING_STREAM {"event": "RAW_READY", "condition": "q_RN_g_R", "path": "/data/gaob/Re-ID/DeMo-DualAxis/runs/r201i_missing49_20261007/full/MSVR310_r201i_frequency_shared_s42/q_RN_g_R/raw.npz", "file": {"bytes": 8420490, "sha256": "bc6207b3b14dec29380410164bc724ddaac17206650c58ab18eac676ac9c159f"}, "installed_gt_cases": 4}
IDENTITY_MISSING_STREAM {"event": "RAW_CLEARED", "condition": "q_RN_g_R"}
IDENTITY_MISSING_STREAM {"event": "RAW_READY", "condition": "q_RN_g_N", "path": "/data/gaob/Re-ID/DeMo-DualAxis/runs/r201i_missing49_20261007/full/MSVR310_r201i_frequency_shared_s42/q_RN_g_N/raw.npz", "file": {"bytes": 8377736, "sha256": "57489414dbbd42ebe28b6308b29c6ffde975eb9dc3d1be7fb74234a736f02564"}, "installed_gt_cases": 4}
IDENTITY_MISSING_STREAM {"event": "RAW_CLEARED", "condition": "q_RN_g_N"}
IDENTITY_MISSING_STREAM {"event": "RAW_READY", "condition": "q_RN_g_T", "path": "/data/gaob/Re-ID/DeMo-DualAxis/runs/r201i_missing49_20261007/full/MSVR310_r201i_frequency_shared_s42/q_RN_g_T/raw.npz", "file": {"bytes": 472334, "sha256": "e6ea97fe36b0c7322fe0e7a33facd91e8544afd14eee51d7b60a4e55d3d20291"}, "installed_gt_cases": 4}
IDENTITY_MISSING_STREAM {"event": "RAW_CLEARED", "condition": "q_RN_g_T"}
IDENTITY_MISSING_STREAM {"event": "RAW_READY", "condition": "q_RN_g_RN", "path": "/data/gaob/Re-ID/DeMo-DualAxis/runs/r201i_missing49_20261007/full/MSVR310_r201i_frequency_shared_s42/q_RN_g_RN/raw.npz", "file": {"bytes": 8528461, "sha256": "14205824dd27111819bbba1eef624e484f6a9f5aa184d2ba4d5e30bdde2313ff"}, "installed_gt_cases": 4}
IDENTITY_MISSING_STREAM {"event": "RAW_CLEARED", "condition": "q_RN_g_RN"}
IDENTITY_MISSING_STREAM {"event": "RAW_READY", "condition": "q_RN_g_RT", "path": "/data/gaob/Re-ID/DeMo-DualAxis/runs/r201i_missing49_20261007/full/MSVR310_r201i_frequency_shared_s42/q_RN_g_RT/raw.npz", "file": {"bytes": 8337999, "sha256": "f5e2a6405ae70a06bfc07f31a292ff456651e890644f34e6e687d2f8c54d2f19"}, "installed_gt_cases": 4}
IDENTITY_MISSING_STREAM {"event": "RAW_CLEARED", "condition": "q_RN_g_RT"}
IDENTITY_MISSING_STREAM {"event": "RAW_READY", "condition": "q_RN_g_NT", "path": "/data/gaob/Re-ID/DeMo-DualAxis/runs/r201i_missing49_20261007/full/MSVR310_r201i_frequency_shared_s42/q_RN_g_NT/raw.npz", "file": {"bytes": 8294507, "sha256": "f335ca74e513b29e8bdbd24a287632bf890d546d91c6e62753b9d65ed5c7a4b1"}, "installed_gt_cases": 4}
IDENTITY_MISSING_STREAM {"event": "RAW_CLEARED", "condition": "q_RN_g_NT"}
IDENTITY_MISSING_STREAM {"event": "RAW_READY", "condition": "q_RT_g_RNT", "path": "/data/gaob/Re-ID/DeMo-DualAxis/runs/r201i_missing49_20261007/full/MSVR310_r201i_frequency_shared_s42/q_RT_g_RNT/raw.npz", "file": {"bytes": 8367655, "sha256": "e5995e7ceef4b60f1e3de34399ea2807137254c5b8fcb4fc28e49a853735ff75"}, "installed_gt_cases": 4}
IDENTITY_MISSING_STREAM {"event": "RAW_CLEARED", "condition": "q_RT_g_RNT"}
IDENTITY_MISSING_STREAM {"event": "RAW_READY", "condition": "q_RT_g_R", "path": "/data/gaob/Re-ID/DeMo-DualAxis/runs/r201i_missing49_20261007/full/MSVR310_r201i_frequency_shared_s42/q_RT_g_R/raw.npz", "file": {"bytes": 8423247, "sha256": "6d6864f2ffba36cbeafc14d7eff086938a310151e08266dd12395bb953941154"}, "installed_gt_cases": 4}
IDENTITY_MISSING_STREAM {"event": "RAW_CLEARED", "condition": "q_RT_g_R"}
IDENTITY_MISSING_STREAM {"event": "RAW_READY", "condition": "q_RT_g_N", "path": "/data/gaob/Re-ID/DeMo-DualAxis/runs/r201i_missing49_20261007/full/MSVR310_r201i_frequency_shared_s42/q_RT_g_N/raw.npz", "file": {"bytes": 466138, "sha256": "f19a61a3a9e29a3e85153fcb79dac54980be8ed2f1e766a9704beb03812fad51"}, "installed_gt_cases": 4}
IDENTITY_MISSING_STREAM {"event": "RAW_CLEARED", "condition": "q_RT_g_N"}
IDENTITY_MISSING_STREAM {"event": "RAW_READY", "condition": "q_RT_g_T", "path": "/data/gaob/Re-ID/DeMo-DualAxis/runs/r201i_missing49_20261007/full/MSVR310_r201i_frequency_shared_s42/q_RT_g_T/raw.npz", "file": {"bytes": 8303945, "sha256": "30d8597fbb35ebe16cd3ff037fe1093e6b79873e822ed70668f3122bceef796a"}, "installed_gt_cases": 4}
IDENTITY_MISSING_STREAM {"event": "RAW_CLEARED", "condition": "q_RT_g_T"}
IDENTITY_MISSING_STREAM {"event": "RAW_READY", "condition": "q_RT_g_RN", "path": "/data/gaob/Re-ID/DeMo-DualAxis/runs/r201i_missing49_20261007/full/MSVR310_r201i_frequency_shared_s42/q_RT_g_RN/raw.npz", "file": {"bytes": 8340326, "sha256": "0eea02df41cc0e4d983d0fcc2110b66a5631a28bee1e3c67789ecf0eaf490635"}, "installed_gt_cases": 4}
IDENTITY_MISSING_STREAM {"event": "RAW_CLEARED", "condition": "q_RT_g_RN"}
IDENTITY_MISSING_STREAM {"event": "RAW_READY", "condition": "q_RT_g_RT", "path": "/data/gaob/Re-ID/DeMo-DualAxis/runs/r201i_missing49_20261007/full/MSVR310_r201i_frequency_shared_s42/q_RT_g_RT/raw.npz", "file": {"bytes": 8533555, "sha256": "14267025d50666009351562133b932fe0d6586bfbd324135c82c6b134751de0c"}, "installed_gt_cases": 4}
IDENTITY_MISSING_STREAM {"event": "RAW_CLEARED", "condition": "q_RT_g_RT"}
IDENTITY_MISSING_STREAM {"event": "RAW_READY", "condition": "q_RT_g_NT", "path": "/data/gaob/Re-ID/DeMo-DualAxis/runs/r201i_missing49_20261007/full/MSVR310_r201i_frequency_shared_s42/q_RT_g_NT/raw.npz", "file": {"bytes": 8064841, "sha256": "f0a9d9855d5ffef633d281f7376a92f56acf8e51df8997c4de633883069d579a"}, "installed_gt_cases": 4}
IDENTITY_MISSING_STREAM {"event": "RAW_CLEARED", "condition": "q_RT_g_NT"}
IDENTITY_MISSING_STREAM {"event": "RAW_READY", "condition": "q_NT_g_RNT", "path": "/data/gaob/Re-ID/DeMo-DualAxis/runs/r201i_missing49_20261007/full/MSVR310_r201i_frequency_shared_s42/q_NT_g_RNT/raw.npz", "file": {"bytes": 8353290, "sha256": "c38dc83db1a257e5ac595e300afb3ea343f18f8dd94896ed8ba525a359f9c4bc"}, "installed_gt_cases": 4}
IDENTITY_MISSING_STREAM {"event": "RAW_CLEARED", "condition": "q_NT_g_RNT"}
IDENTITY_MISSING_STREAM {"event": "RAW_READY", "condition": "q_NT_g_R", "path": "/data/gaob/Re-ID/DeMo-DualAxis/runs/r201i_missing49_20261007/full/MSVR310_r201i_frequency_shared_s42/q_NT_g_R/raw.npz", "file": {"bytes": 463397, "sha256": "9031e180bc49aea99dceda9b830d96f4018e3ebc9146a6a3027ff468fe0f0f14"}, "installed_gt_cases": 4}
IDENTITY_MISSING_STREAM {"event": "RAW_CLEARED", "condition": "q_NT_g_R"}
IDENTITY_MISSING_STREAM {"event": "RAW_READY", "condition": "q_NT_g_N", "path": "/data/gaob/Re-ID/DeMo-DualAxis/runs/r201i_missing49_20261007/full/MSVR310_r201i_frequency_shared_s42/q_NT_g_N/raw.npz", "file": {"bytes": 8421560, "sha256": "c21d609c971919f998083fd901efd19ff7b3d286447c0d8bd714a6bd9534c2dc"}, "installed_gt_cases": 4}
IDENTITY_MISSING_STREAM {"event": "RAW_CLEARED", "condition": "q_NT_g_N"}
IDENTITY_MISSING_STREAM {"event": "RAW_READY", "condition": "q_NT_g_T", "path": "/data/gaob/Re-ID/DeMo-DualAxis/runs/r201i_missing49_20261007/full/MSVR310_r201i_frequency_shared_s42/q_NT_g_T/raw.npz", "file": {"bytes": 8325972, "sha256": "7e7d87c17c7299c9173ea1bf7489f848f70d6799ea17a14eece664c59322b816"}, "installed_gt_cases": 4}
IDENTITY_MISSING_STREAM {"event": "RAW_CLEARED", "condition": "q_NT_g_T"}
IDENTITY_MISSING_STREAM {"event": "RAW_READY", "condition": "q_NT_g_RN", "path": "/data/gaob/Re-ID/DeMo-DualAxis/runs/r201i_missing49_20261007/full/MSVR310_r201i_frequency_shared_s42/q_NT_g_RN/raw.npz", "file": {"bytes": 8298564, "sha256": "d41f146803a4849b9662c3a4620cac91a40d655d81445ebff9295e384ce45bf4"}, "installed_gt_cases": 4}
IDENTITY_MISSING_STREAM {"event": "RAW_CLEARED", "condition": "q_NT_g_RN"}
IDENTITY_MISSING_STREAM {"event": "RAW_READY", "condition": "q_NT_g_RT", "path": "/data/gaob/Re-ID/DeMo-DualAxis/runs/r201i_missing49_20261007/full/MSVR310_r201i_frequency_shared_s42/q_NT_g_RT/raw.npz", "file": {"bytes": 8062890, "sha256": "8fd00f0c80b612bceb2e0142716c4ebbab9d39e5ec80921a380f140325781d4c"}, "installed_gt_cases": 4}
IDENTITY_MISSING_STREAM {"event": "RAW_CLEARED", "condition": "q_NT_g_RT"}
IDENTITY_MISSING_STREAM {"event": "RAW_READY", "condition": "q_NT_g_NT", "path": "/data/gaob/Re-ID/DeMo-DualAxis/runs/r201i_missing49_20261007/full/MSVR310_r201i_frequency_shared_s42/q_NT_g_NT/raw.npz", "file": {"bytes": 8583433, "sha256": "7ffb4cb25789e27ec8b3e3f17be95b63fb35eda845f2ba625e5557441102bc6e"}, "installed_gt_cases": 4}
IDENTITY_MISSING_STREAM {"event": "RAW_CLEARED", "condition": "q_NT_g_NT"}
IDENTITY_MISSING_STREAM {"event": "EVALUATION_COMPLETE", "conditions": 49, "cases": 196, "optimizer_updates": 0}
