/data/gaob/Re-ID/conda-envs/tri_reid/lib/python3.10/site-packages/timm/models/helpers.py:7: FutureWarning: Importing from timm.models.helpers is deprecated, please import via timm.models
  warnings.warn(f"Importing from {__name__} is deprecated, please import via timm.models", FutureWarning)
/data/gaob/Re-ID/conda-envs/tri_reid/lib/python3.10/site-packages/timm/models/registry.py:4: FutureWarning: Importing from timm.models.registry is deprecated, please import via timm.models
  warnings.warn(f"Importing from {__name__} is deprecated, please import via timm.models", FutureWarning)
/data/gaob/Re-ID/conda-envs/tri_reid/lib/python3.10/site-packages/timm/models/layers/__init__.py:48: FutureWarning: Importing from timm.models.layers is deprecated, please import via timm.layers
  warnings.warn(f"Importing from {__name__} is deprecated, please import via timm.layers", FutureWarning)
using Transformer_type: ViT-B-16 as a backbone
Resized position embedding: %s to %s torch.Size([197, 768]) torch.Size([129, 768])
Position embedding resize to height:8 width: 16
Successfully load ckpt!
<All keys matched successfully>
Loading pretrained model from CLIP
camera number is : 8
IDENTITY_MISSING_FEATURE_BANKS_CPU_ONLY {"available_sets": 7, "cuda_allocated_bytes": 8519680, "new_optimizer_updates": 0}
IDENTITY_MISSING_STREAM {"event": "RAW_READY", "condition": "q_RNT_g_RNT", "path": "/data/gaob/Re-ID/DeMo-DualAxis/runs/r201i_missing49_20261007/full/MSVR310_r201i_axis_shared_s42/q_RNT_g_RNT/raw.npz", "file": {"bytes": 8585015, "sha256": "9b8790bfe8dc538b5c376298cbe1d21a3fe8ffeda88ae0ab0850fee7c6864963"}, "installed_gt_cases": 4}
IDENTITY_MISSING_STREAM {"event": "RAW_CLEARED", "condition": "q_RNT_g_RNT"}
IDENTITY_MISSING_STREAM {"event": "RAW_READY", "condition": "q_RNT_g_R", "path": "/data/gaob/Re-ID/DeMo-DualAxis/runs/r201i_missing49_20261007/full/MSVR310_r201i_axis_shared_s42/q_RNT_g_R/raw.npz", "file": {"bytes": 8352346, "sha256": "2d0fbc44b796fd5ffd5c84b9510619e941546972db745f2c66a0df14ccd633cf"}, "installed_gt_cases": 4}
IDENTITY_MISSING_STREAM {"event": "RAW_CLEARED", "condition": "q_RNT_g_R"}
IDENTITY_MISSING_STREAM {"event": "RAW_READY", "condition": "q_RNT_g_N", "path": "/data/gaob/Re-ID/DeMo-DualAxis/runs/r201i_missing49_20261007/full/MSVR310_r201i_axis_shared_s42/q_RNT_g_N/raw.npz", "file": {"bytes": 8319743, "sha256": "181e9295198deb7021c68f28e8e34f6610f902c9bcacd0ac91fb94fd7ee49dce"}, "installed_gt_cases": 4}
IDENTITY_MISSING_STREAM {"event": "RAW_CLEARED", "condition": "q_RNT_g_N"}
IDENTITY_MISSING_STREAM {"event": "RAW_READY", "condition": "q_RNT_g_T", "path": "/data/gaob/Re-ID/DeMo-DualAxis/runs/r201i_missing49_20261007/full/MSVR310_r201i_axis_shared_s42/q_RNT_g_T/raw.npz", "file": {"bytes": 8200041, "sha256": "863f676ceb068180c492f9e12cb4ee38706ce30ad8fcd34597632099b1c97e46"}, "installed_gt_cases": 4}
IDENTITY_MISSING_STREAM {"event": "RAW_CLEARED", "condition": "q_RNT_g_T"}
IDENTITY_MISSING_STREAM {"event": "RAW_READY", "condition": "q_RNT_g_RN", "path": "/data/gaob/Re-ID/DeMo-DualAxis/runs/r201i_missing49_20261007/full/MSVR310_r201i_axis_shared_s42/q_RNT_g_RN/raw.npz", "file": {"bytes": 8424663, "sha256": "bd3d94a5d429af46a3fa912df8cbe2867689d5a40938eb1de1d1af8af4725f0f"}, "installed_gt_cases": 4}
IDENTITY_MISSING_STREAM {"event": "RAW_CLEARED", "condition": "q_RNT_g_RN"}
IDENTITY_MISSING_STREAM {"event": "RAW_READY", "condition": "q_RNT_g_RT", "path": "/data/gaob/Re-ID/DeMo-DualAxis/runs/r201i_missing49_20261007/full/MSVR310_r201i_axis_shared_s42/q_RNT_g_RT/raw.npz", "file": {"bytes": 8370317, "sha256": "be462aba50a6f75739e506ea55b1fc647749f6fd071e4afa8489259a816a8698"}, "installed_gt_cases": 4}
IDENTITY_MISSING_STREAM {"event": "RAW_CLEARED", "condition": "q_RNT_g_RT"}
IDENTITY_MISSING_STREAM {"event": "RAW_READY", "condition": "q_RNT_g_NT", "path": "/data/gaob/Re-ID/DeMo-DualAxis/runs/r201i_missing49_20261007/full/MSVR310_r201i_axis_shared_s42/q_RNT_g_NT/raw.npz", "file": {"bytes": 8351968, "sha256": "86943fd238b4ebeca6d7451b9609ef2804c6da9298c7d072dca117ae86b19101"}, "installed_gt_cases": 4}
IDENTITY_MISSING_STREAM {"event": "RAW_CLEARED", "condition": "q_RNT_g_NT"}
IDENTITY_MISSING_STREAM {"event": "RAW_READY", "condition": "q_R_g_RNT", "path": "/data/gaob/Re-ID/DeMo-DualAxis/runs/r201i_missing49_20261007/full/MSVR310_r201i_axis_shared_s42/q_R_g_RNT/raw.npz", "file": {"bytes": 8341390, "sha256": "093b3fdf81d6b42d24c8feb170bd57398c745fd3f13fc6596ce480ea869acc7f"}, "installed_gt_cases": 4}
IDENTITY_MISSING_STREAM {"event": "RAW_CLEARED", "condition": "q_R_g_RNT"}
IDENTITY_MISSING_STREAM {"event": "RAW_READY", "condition": "q_R_g_R", "path": "/data/gaob/Re-ID/DeMo-DualAxis/runs/r201i_missing49_20261007/full/MSVR310_r201i_axis_shared_s42/q_R_g_R/raw.npz", "file": {"bytes": 8541845, "sha256": "0c707682185092e1aa83504e69c9fbf9b288d3bed2ac115976945a175b5b98aa"}, "installed_gt_cases": 4}
IDENTITY_MISSING_STREAM {"event": "RAW_CLEARED", "condition": "q_R_g_R"}
IDENTITY_MISSING_STREAM {"event": "RAW_READY", "condition": "q_R_g_N", "path": "/data/gaob/Re-ID/DeMo-DualAxis/runs/r201i_missing49_20261007/full/MSVR310_r201i_axis_shared_s42/q_R_g_N/raw.npz", "file": {"bytes": 453532, "sha256": "94a9d30d68995f9feda64092ba31d9ed752131c9ee2ce9cab3c8b8da0fb750c6"}, "installed_gt_cases": 4}
IDENTITY_MISSING_STREAM {"event": "RAW_CLEARED", "condition": "q_R_g_N"}
IDENTITY_MISSING_STREAM {"event": "RAW_READY", "condition": "q_R_g_T", "path": "/data/gaob/Re-ID/DeMo-DualAxis/runs/r201i_missing49_20261007/full/MSVR310_r201i_axis_shared_s42/q_R_g_T/raw.npz", "file": {"bytes": 465135, "sha256": "f3b0959efa93a1bc238587038ab7e70a35d9cc993324aa75f8b5acc174200e7c"}, "installed_gt_cases": 4}
IDENTITY_MISSING_STREAM {"event": "RAW_CLEARED", "condition": "q_R_g_T"}
IDENTITY_MISSING_STREAM {"event": "RAW_READY", "condition": "q_R_g_RN", "path": "/data/gaob/Re-ID/DeMo-DualAxis/runs/r201i_missing49_20261007/full/MSVR310_r201i_axis_shared_s42/q_R_g_RN/raw.npz", "file": {"bytes": 8417671, "sha256": "2f38ac3d8b6d524eb113167084145ff1bc3789ad88807a2bfa6cf8df0f6abfd4"}, "installed_gt_cases": 4}
IDENTITY_MISSING_STREAM {"event": "RAW_CLEARED", "condition": "q_R_g_RN"}
IDENTITY_MISSING_STREAM {"event": "RAW_READY", "condition": "q_R_g_RT", "path": "/data/gaob/Re-ID/DeMo-DualAxis/runs/r201i_missing49_20261007/full/MSVR310_r201i_axis_shared_s42/q_R_g_RT/raw.npz", "file": {"bytes": 8418247, "sha256": "826889252882ced8de33fe2a254785eba13aa4d0f023f192ed3519415be66b77"}, "installed_gt_cases": 4}
IDENTITY_MISSING_STREAM {"event": "RAW_CLEARED", "condition": "q_R_g_RT"}
IDENTITY_MISSING_STREAM {"event": "RAW_READY", "condition": "q_R_g_NT", "path": "/data/gaob/Re-ID/DeMo-DualAxis/runs/r201i_missing49_20261007/full/MSVR310_r201i_axis_shared_s42/q_R_g_NT/raw.npz", "file": {"bytes": 478217, "sha256": "66d201286a766b54bcdfb68e268320d4bab3da7b05f16345622769c604677935"}, "installed_gt_cases": 4}
IDENTITY_MISSING_STREAM {"event": "RAW_CLEARED", "condition": "q_R_g_NT"}
IDENTITY_MISSING_STREAM {"event": "RAW_READY", "condition": "q_N_g_RNT", "path": "/data/gaob/Re-ID/DeMo-DualAxis/runs/r201i_missing49_20261007/full/MSVR310_r201i_axis_shared_s42/q_N_g_RNT/raw.npz", "file": {"bytes": 8311952, "sha256": "4685f79803846b59dcf4148ecc34815ccfe95022f002c8583a9e1e78df97c253"}, "installed_gt_cases": 4}
IDENTITY_MISSING_STREAM {"event": "RAW_CLEARED", "condition": "q_N_g_RNT"}
IDENTITY_MISSING_STREAM {"event": "RAW_READY", "condition": "q_N_g_R", "path": "/data/gaob/Re-ID/DeMo-DualAxis/runs/r201i_missing49_20261007/full/MSVR310_r201i_axis_shared_s42/q_N_g_R/raw.npz", "file": {"bytes": 448614, "sha256": "a6c391dff98d6e774bbd04ba6d9568dfcfecc48ff2e1d7901a67ad384c11b8cb"}, "installed_gt_cases": 4}
IDENTITY_MISSING_STREAM {"event": "RAW_CLEARED", "condition": "q_N_g_R"}
IDENTITY_MISSING_STREAM {"event": "RAW_READY", "condition": "q_N_g_N", "path": "/data/gaob/Re-ID/DeMo-DualAxis/runs/r201i_missing49_20261007/full/MSVR310_r201i_axis_shared_s42/q_N_g_N/raw.npz", "file": {"bytes": 8557860, "sha256": "1f9da4ae49fd0b404c9f281d39ba42e53549c811fe5f28fa49cf9cd82cb6c7e1"}, "installed_gt_cases": 4}
IDENTITY_MISSING_STREAM {"event": "RAW_CLEARED", "condition": "q_N_g_N"}
IDENTITY_MISSING_STREAM {"event": "RAW_READY", "condition": "q_N_g_T", "path": "/data/gaob/Re-ID/DeMo-DualAxis/runs/r201i_missing49_20261007/full/MSVR310_r201i_axis_shared_s42/q_N_g_T/raw.npz", "file": {"bytes": 445259, "sha256": "29b1eff21d3a14ff0114cf1dd5dd918439c34e9a8ac3a096f6a1ded1c1197ec9"}, "installed_gt_cases": 4}
IDENTITY_MISSING_STREAM {"event": "RAW_CLEARED", "condition": "q_N_g_T"}
IDENTITY_MISSING_STREAM {"event": "RAW_READY", "condition": "q_N_g_RN", "path": "/data/gaob/Re-ID/DeMo-DualAxis/runs/r201i_missing49_20261007/full/MSVR310_r201i_axis_shared_s42/q_N_g_RN/raw.npz", "file": {"bytes": 8376055, "sha256": "21646b9cb9c0da63e8afc9560c0b600020d9d41f515a9e733a8f58717e88ea97"}, "installed_gt_cases": 4}
IDENTITY_MISSING_STREAM {"event": "RAW_CLEARED", "condition": "q_N_g_RN"}
IDENTITY_MISSING_STREAM {"event": "RAW_READY", "condition": "q_N_g_RT", "path": "/data/gaob/Re-ID/DeMo-DualAxis/runs/r201i_missing49_20261007/full/MSVR310_r201i_axis_shared_s42/q_N_g_RT/raw.npz", "file": {"bytes": 442328, "sha256": "44ca4216474df9b11593ff56a531f670c6cff6bf553672baaad03c3b438baa96"}, "installed_gt_cases": 4}
IDENTITY_MISSING_STREAM {"event": "RAW_CLEARED", "condition": "q_N_g_RT"}
IDENTITY_MISSING_STREAM {"event": "RAW_READY", "condition": "q_N_g_NT", "path": "/data/gaob/Re-ID/DeMo-DualAxis/runs/r201i_missing49_20261007/full/MSVR310_r201i_axis_shared_s42/q_N_g_NT/raw.npz", "file": {"bytes": 8419875, "sha256": "9d0375c2de1f472824e0edeae7757bb245c0c29b0fcf7343d77ff58ce3460da1"}, "installed_gt_cases": 4}
IDENTITY_MISSING_STREAM {"event": "RAW_CLEARED", "condition": "q_N_g_NT"}
IDENTITY_MISSING_STREAM {"event": "RAW_READY", "condition": "q_T_g_RNT", "path": "/data/gaob/Re-ID/DeMo-DualAxis/runs/r201i_missing49_20261007/full/MSVR310_r201i_axis_shared_s42/q_T_g_RNT/raw.npz", "file": {"bytes": 8125508, "sha256": "0610088d412b1eb4ed786656e31d1d3920a533aa05ff6c4c3be672897e752c3c"}, "installed_gt_cases": 4}
IDENTITY_MISSING_STREAM {"event": "RAW_CLEARED", "condition": "q_T_g_RNT"}
IDENTITY_MISSING_STREAM {"event": "RAW_READY", "condition": "q_T_g_R", "path": "/data/gaob/Re-ID/DeMo-DualAxis/runs/r201i_missing49_20261007/full/MSVR310_r201i_axis_shared_s42/q_T_g_R/raw.npz", "file": {"bytes": 446276, "sha256": "b5d56a815b8c086d94c20838ffb1f14f210a4d865d8177761fb1fc8a81be6f07"}, "installed_gt_cases": 4}
IDENTITY_MISSING_STREAM {"event": "RAW_CLEARED", "condition": "q_T_g_R"}
IDENTITY_MISSING_STREAM {"event": "RAW_READY", "condition": "q_T_g_N", "path": "/data/gaob/Re-ID/DeMo-DualAxis/runs/r201i_missing49_20261007/full/MSVR310_r201i_axis_shared_s42/q_T_g_N/raw.npz", "file": {"bytes": 431531, "sha256": "7d78824ee299dc26d4807f660de16c9e3de07a99100d8c3a20793d12d49aecbb"}, "installed_gt_cases": 4}
IDENTITY_MISSING_STREAM {"event": "RAW_CLEARED", "condition": "q_T_g_N"}
IDENTITY_MISSING_STREAM {"event": "RAW_READY", "condition": "q_T_g_T", "path": "/data/gaob/Re-ID/DeMo-DualAxis/runs/r201i_missing49_20261007/full/MSVR310_r201i_axis_shared_s42/q_T_g_T/raw.npz", "file": {"bytes": 8525921, "sha256": "9bbd4ab35f92b25e90c164616c335453738d9372f7c61444959f01cd3936b1a7"}, "installed_gt_cases": 4}
IDENTITY_MISSING_STREAM {"event": "RAW_CLEARED", "condition": "q_T_g_T"}
IDENTITY_MISSING_STREAM {"event": "RAW_READY", "condition": "q_T_g_RN", "path": "/data/gaob/Re-ID/DeMo-DualAxis/runs/r201i_missing49_20261007/full/MSVR310_r201i_axis_shared_s42/q_T_g_RN/raw.npz", "file": {"bytes": 445311, "sha256": "1b9a3dc87e988465b53f48127d8f94efaf827f01e7cd194e9386f563514b3a3f"}, "installed_gt_cases": 4}
IDENTITY_MISSING_STREAM {"event": "RAW_CLEARED", "condition": "q_T_g_RN"}
IDENTITY_MISSING_STREAM {"event": "RAW_READY", "condition": "q_T_g_RT", "path": "/data/gaob/Re-ID/DeMo-DualAxis/runs/r201i_missing49_20261007/full/MSVR310_r201i_axis_shared_s42/q_T_g_RT/raw.npz", "file": {"bytes": 8276976, "sha256": "8c879f7afc0d96bf2b1b88f81cd658a767dad225f63538b34cb73abfe740f951"}, "installed_gt_cases": 4}
IDENTITY_MISSING_STREAM {"event": "RAW_CLEARED", "condition": "q_T_g_RT"}
IDENTITY_MISSING_STREAM {"event": "RAW_READY", "condition": "q_T_g_NT", "path": "/data/gaob/Re-ID/DeMo-DualAxis/runs/r201i_missing49_20261007/full/MSVR310_r201i_axis_shared_s42/q_T_g_NT/raw.npz", "file": {"bytes": 8306229, "sha256": "db33220a0d12f9f2e0d34a3f422add7cbe8c38b8b00a6668cb07cd4c5a29b561"}, "installed_gt_cases": 4}
IDENTITY_MISSING_STREAM {"event": "RAW_CLEARED", "condition": "q_T_g_NT"}
IDENTITY_MISSING_STREAM {"event": "RAW_READY", "condition": "q_RN_g_RNT", "path": "/data/gaob/Re-ID/DeMo-DualAxis/runs/r201i_missing49_20261007/full/MSVR310_r201i_axis_shared_s42/q_RN_g_RNT/raw.npz", "file": {"bytes": 8422114, "sha256": "9608abf19f85e29112b205afda8e6d3aaa17a4087d028336618c6049a2602ff1"}, "installed_gt_cases": 4}
IDENTITY_MISSING_STREAM {"event": "RAW_CLEARED", "condition": "q_RN_g_RNT"}
IDENTITY_MISSING_STREAM {"event": "RAW_READY", "condition": "q_RN_g_R", "path": "/data/gaob/Re-ID/DeMo-DualAxis/runs/r201i_missing49_20261007/full/MSVR310_r201i_axis_shared_s42/q_RN_g_R/raw.npz", "file": {"bytes": 8420662, "sha256": "b0e48e746932442ea9cc16e36520fe15954e6ddedef95e6f4f7e616bf1ec7b86"}, "installed_gt_cases": 4}
IDENTITY_MISSING_STREAM {"event": "RAW_CLEARED", "condition": "q_RN_g_R"}
IDENTITY_MISSING_STREAM {"event": "RAW_READY", "condition": "q_RN_g_N", "path": "/data/gaob/Re-ID/DeMo-DualAxis/runs/r201i_missing49_20261007/full/MSVR310_r201i_axis_shared_s42/q_RN_g_N/raw.npz", "file": {"bytes": 8378338, "sha256": "a1342c0e928af8b70d9690bd4087aab74ceb194e894e8094f7980689fd6c5ea0"}, "installed_gt_cases": 4}
IDENTITY_MISSING_STREAM {"event": "RAW_CLEARED", "condition": "q_RN_g_N"}
IDENTITY_MISSING_STREAM {"event": "RAW_READY", "condition": "q_RN_g_T", "path": "/data/gaob/Re-ID/DeMo-DualAxis/runs/r201i_missing49_20261007/full/MSVR310_r201i_axis_shared_s42/q_RN_g_T/raw.npz", "file": {"bytes": 467982, "sha256": "718e1dd6e5c42690eb2a351e17fbea70df3ec1a5a1dfd0f15c7785ca87ca029b"}, "installed_gt_cases": 4}
IDENTITY_MISSING_STREAM {"event": "RAW_CLEARED", "condition": "q_RN_g_T"}
IDENTITY_MISSING_STREAM {"event": "RAW_READY", "condition": "q_RN_g_RN", "path": "/data/gaob/Re-ID/DeMo-DualAxis/runs/r201i_missing49_20261007/full/MSVR310_r201i_axis_shared_s42/q_RN_g_RN/raw.npz", "file": {"bytes": 8530509, "sha256": "90f6bb9a528a3f7e21d80b4b684af8efad72e2ab2e64f3a6dcfd745a094cd609"}, "installed_gt_cases": 4}
IDENTITY_MISSING_STREAM {"event": "RAW_CLEARED", "condition": "q_RN_g_RN"}
IDENTITY_MISSING_STREAM {"event": "RAW_READY", "condition": "q_RN_g_RT", "path": "/data/gaob/Re-ID/DeMo-DualAxis/runs/r201i_missing49_20261007/full/MSVR310_r201i_axis_shared_s42/q_RN_g_RT/raw.npz", "file": {"bytes": 8338604, "sha256": "2b3d4f5e35ee91cdf8ef690c7801ddceb5244520f50c0525367cefa25dfdb967"}, "installed_gt_cases": 4}
IDENTITY_MISSING_STREAM {"event": "RAW_CLEARED", "condition": "q_RN_g_RT"}
IDENTITY_MISSING_STREAM {"event": "RAW_READY", "condition": "q_RN_g_NT", "path": "/data/gaob/Re-ID/DeMo-DualAxis/runs/r201i_missing49_20261007/full/MSVR310_r201i_axis_shared_s42/q_RN_g_NT/raw.npz", "file": {"bytes": 8295627, "sha256": "dee3137c45af4ff5b2325df90ec2d415bd08e0e92f1c53d077e0e670334b4e85"}, "installed_gt_cases": 4}
IDENTITY_MISSING_STREAM {"event": "RAW_CLEARED", "condition": "q_RN_g_NT"}
IDENTITY_MISSING_STREAM {"event": "RAW_READY", "condition": "q_RT_g_RNT", "path": "/data/gaob/Re-ID/DeMo-DualAxis/runs/r201i_missing49_20261007/full/MSVR310_r201i_axis_shared_s42/q_RT_g_RNT/raw.npz", "file": {"bytes": 8368059, "sha256": "3cf340896e392eb5170736f168f1b8e53c35345d62bfbece24ab2eeaf7bc6d33"}, "installed_gt_cases": 4}
IDENTITY_MISSING_STREAM {"event": "RAW_CLEARED", "condition": "q_RT_g_RNT"}
IDENTITY_MISSING_STREAM {"event": "RAW_READY", "condition": "q_RT_g_R", "path": "/data/gaob/Re-ID/DeMo-DualAxis/runs/r201i_missing49_20261007/full/MSVR310_r201i_axis_shared_s42/q_RT_g_R/raw.npz", "file": {"bytes": 8423718, "sha256": "1014fb405a84bf0d4e961177a32a81802dbaa81cb177e39abce3fd8687c78e2a"}, "installed_gt_cases": 4}
IDENTITY_MISSING_STREAM {"event": "RAW_CLEARED", "condition": "q_RT_g_R"}
IDENTITY_MISSING_STREAM {"event": "RAW_READY", "condition": "q_RT_g_N", "path": "/data/gaob/Re-ID/DeMo-DualAxis/runs/r201i_missing49_20261007/full/MSVR310_r201i_axis_shared_s42/q_RT_g_N/raw.npz", "file": {"bytes": 460327, "sha256": "4dc5bfaf28925ffcb4446e9fbcede39d50ad856f9ab96aa8ccc776b8fc5ad1e9"}, "installed_gt_cases": 4}
IDENTITY_MISSING_STREAM {"event": "RAW_CLEARED", "condition": "q_RT_g_N"}
IDENTITY_MISSING_STREAM {"event": "RAW_READY", "condition": "q_RT_g_T", "path": "/data/gaob/Re-ID/DeMo-DualAxis/runs/r201i_missing49_20261007/full/MSVR310_r201i_axis_shared_s42/q_RT_g_T/raw.npz", "file": {"bytes": 8306698, "sha256": "58364dc51ec2807144b514d9b813fa582784ec80e6e4d762e22fe86b96a43896"}, "installed_gt_cases": 4}
IDENTITY_MISSING_STREAM {"event": "RAW_CLEARED", "condition": "q_RT_g_T"}
IDENTITY_MISSING_STREAM {"event": "RAW_READY", "condition": "q_RT_g_RN", "path": "/data/gaob/Re-ID/DeMo-DualAxis/runs/r201i_missing49_20261007/full/MSVR310_r201i_axis_shared_s42/q_RT_g_RN/raw.npz", "file": {"bytes": 8341215, "sha256": "6a62a732ecf3c496d16da4cabf3938bdd6cb233f32c9fa6e5a150ef3dcda6ecf"}, "installed_gt_cases": 4}
IDENTITY_MISSING_STREAM {"event": "RAW_CLEARED", "condition": "q_RT_g_RN"}
IDENTITY_MISSING_STREAM {"event": "RAW_READY", "condition": "q_RT_g_RT", "path": "/data/gaob/Re-ID/DeMo-DualAxis/runs/r201i_missing49_20261007/full/MSVR310_r201i_axis_shared_s42/q_RT_g_RT/raw.npz", "file": {"bytes": 8535660, "sha256": "942d7fc0b2f9d41d056261a40633996e70c7d6b6404bd755030ba3f70b32059e"}, "installed_gt_cases": 4}
IDENTITY_MISSING_STREAM {"event": "RAW_CLEARED", "condition": "q_RT_g_RT"}
IDENTITY_MISSING_STREAM {"event": "RAW_READY", "condition": "q_RT_g_NT", "path": "/data/gaob/Re-ID/DeMo-DualAxis/runs/r201i_missing49_20261007/full/MSVR310_r201i_axis_shared_s42/q_RT_g_NT/raw.npz", "file": {"bytes": 8067187, "sha256": "98efb2aa4bce99ab3ecf59b3ad4ff13fece60adb54de77091cca7b028bbdb6ff"}, "installed_gt_cases": 4}
IDENTITY_MISSING_STREAM {"event": "RAW_CLEARED", "condition": "q_RT_g_NT"}
IDENTITY_MISSING_STREAM {"event": "RAW_READY", "condition": "q_NT_g_RNT", "path": "/data/gaob/Re-ID/DeMo-DualAxis/runs/r201i_missing49_20261007/full/MSVR310_r201i_axis_shared_s42/q_NT_g_RNT/raw.npz", "file": {"bytes": 8352846, "sha256": "09bed8fba3c4ff6de7bbc831dc28daa857075351385f7d917fda2552f84e53f7"}, "installed_gt_cases": 4}
IDENTITY_MISSING_STREAM {"event": "RAW_CLEARED", "condition": "q_NT_g_RNT"}
IDENTITY_MISSING_STREAM {"event": "RAW_READY", "condition": "q_NT_g_R", "path": "/data/gaob/Re-ID/DeMo-DualAxis/runs/r201i_missing49_20261007/full/MSVR310_r201i_axis_shared_s42/q_NT_g_R/raw.npz", "file": {"bytes": 480647, "sha256": "f6a4f706ee9085397a2701525915f21010edc26ea37685144b6b414de079f299"}, "installed_gt_cases": 4}
IDENTITY_MISSING_STREAM {"event": "RAW_CLEARED", "condition": "q_NT_g_R"}
IDENTITY_MISSING_STREAM {"event": "RAW_READY", "condition": "q_NT_g_N", "path": "/data/gaob/Re-ID/DeMo-DualAxis/runs/r201i_missing49_20261007/full/MSVR310_r201i_axis_shared_s42/q_NT_g_N/raw.npz", "file": {"bytes": 8423371, "sha256": "f19db4196950ab6bac6f166dd29550fecc10accd3d262be18e1da3a8a396a6d5"}, "installed_gt_cases": 4}
IDENTITY_MISSING_STREAM {"event": "RAW_CLEARED", "condition": "q_NT_g_N"}
IDENTITY_MISSING_STREAM {"event": "RAW_READY", "condition": "q_NT_g_T", "path": "/data/gaob/Re-ID/DeMo-DualAxis/runs/r201i_missing49_20261007/full/MSVR310_r201i_axis_shared_s42/q_NT_g_T/raw.npz", "file": {"bytes": 8328347, "sha256": "e3ad19a7e336dcfdca4f5c2d161d6824abd303cb6f0501311aad19539dc408be"}, "installed_gt_cases": 4}
IDENTITY_MISSING_STREAM {"event": "RAW_CLEARED", "condition": "q_NT_g_T"}
IDENTITY_MISSING_STREAM {"event": "RAW_READY", "condition": "q_NT_g_RN", "path": "/data/gaob/Re-ID/DeMo-DualAxis/runs/r201i_missing49_20261007/full/MSVR310_r201i_axis_shared_s42/q_NT_g_RN/raw.npz", "file": {"bytes": 8299487, "sha256": "83e563d6b5d6b13a42e58a1766f84efd80a5558cc873f1743e7b6d3fd89a2479"}, "installed_gt_cases": 4}
IDENTITY_MISSING_STREAM {"event": "RAW_CLEARED", "condition": "q_NT_g_RN"}
IDENTITY_MISSING_STREAM {"event": "RAW_READY", "condition": "q_NT_g_RT", "path": "/data/gaob/Re-ID/DeMo-DualAxis/runs/r201i_missing49_20261007/full/MSVR310_r201i_axis_shared_s42/q_NT_g_RT/raw.npz", "file": {"bytes": 8064043, "sha256": "9bd82d89ebab2313ffa2270b864755b3c5cfdfcdc06cddf6659b96b8f7a42db9"}, "installed_gt_cases": 4}
IDENTITY_MISSING_STREAM {"event": "RAW_CLEARED", "condition": "q_NT_g_RT"}
IDENTITY_MISSING_STREAM {"event": "RAW_READY", "condition": "q_NT_g_NT", "path": "/data/gaob/Re-ID/DeMo-DualAxis/runs/r201i_missing49_20261007/full/MSVR310_r201i_axis_shared_s42/q_NT_g_NT/raw.npz", "file": {"bytes": 8585444, "sha256": "4731b69e048a83312f62fd433c9c8658002f8ff7232c9312dec48b092add8036"}, "installed_gt_cases": 4}
IDENTITY_MISSING_STREAM {"event": "RAW_CLEARED", "condition": "q_NT_g_NT"}
IDENTITY_MISSING_STREAM {"event": "EVALUATION_COMPLETE", "conditions": 49, "cases": 196, "optimizer_updates": 0}
