/data/gaob/Re-ID/conda-envs/tri_reid/lib/python3.10/site-packages/timm/models/helpers.py:7: FutureWarning: Importing from timm.models.helpers is deprecated, please import via timm.models
  warnings.warn(f"Importing from {__name__} is deprecated, please import via timm.models", FutureWarning)
/data/gaob/Re-ID/conda-envs/tri_reid/lib/python3.10/site-packages/timm/models/registry.py:4: FutureWarning: Importing from timm.models.registry is deprecated, please import via timm.models
  warnings.warn(f"Importing from {__name__} is deprecated, please import via timm.models", FutureWarning)
/data/gaob/Re-ID/conda-envs/tri_reid/lib/python3.10/site-packages/timm/models/layers/__init__.py:48: FutureWarning: Importing from timm.models.layers is deprecated, please import via timm.layers
  warnings.warn(f"Importing from {__name__} is deprecated, please import via timm.layers", FutureWarning)
using Transformer_type: ViT-B-16 as a backbone
Resized position embedding: %s to %s torch.Size([197, 768]) torch.Size([129, 768])
Position embedding resize to height:8 width: 16
Successfully load ckpt!
<All keys matched successfully>
Loading pretrained model from CLIP
camera number is : 8
IDENTITY_MISSING_FEATURE_BANKS_CPU_ONLY {"available_sets": 7, "cuda_allocated_bytes": 8519680, "new_optimizer_updates": 0}
IDENTITY_MISSING_STREAM {"event": "RAW_READY", "condition": "q_RNT_g_RNT", "path": "/data/gaob/Re-ID/DeMo-DualAxis/runs/r201i_missing49_20261007/full/RGBNT100_r201i_frequency_shared_s42/q_RNT_g_RNT/raw.npz", "file": {"bytes": 200264992, "sha256": "8b086a9a921fc9aaf5fba68a4bc529cdbd59cd1ad601cf851aa642195ed5e941"}, "installed_gt_cases": 4}
IDENTITY_MISSING_STREAM {"event": "RAW_CLEARED", "condition": "q_RNT_g_RNT"}
IDENTITY_MISSING_STREAM {"event": "RAW_READY", "condition": "q_RNT_g_R", "path": "/data/gaob/Re-ID/DeMo-DualAxis/runs/r201i_missing49_20261007/full/RGBNT100_r201i_frequency_shared_s42/q_RNT_g_R/raw.npz", "file": {"bytes": 194541558, "sha256": "e4b33d1db5d4426e631ebcfcbf7f4e72b2fabb7ecb79dd3367eb248b929da376"}, "installed_gt_cases": 4}
IDENTITY_MISSING_STREAM {"event": "RAW_CLEARED", "condition": "q_RNT_g_R"}
IDENTITY_MISSING_STREAM {"event": "RAW_READY", "condition": "q_RNT_g_N", "path": "/data/gaob/Re-ID/DeMo-DualAxis/runs/r201i_missing49_20261007/full/RGBNT100_r201i_frequency_shared_s42/q_RNT_g_N/raw.npz", "file": {"bytes": 195146352, "sha256": "c3d3329ab78580aef2145964a74fa17309c875ba7cf5313157bcf13bc68a6cb7"}, "installed_gt_cases": 4}
IDENTITY_MISSING_STREAM {"event": "RAW_CLEARED", "condition": "q_RNT_g_N"}
IDENTITY_MISSING_STREAM {"event": "RAW_READY", "condition": "q_RNT_g_T", "path": "/data/gaob/Re-ID/DeMo-DualAxis/runs/r201i_missing49_20261007/full/RGBNT100_r201i_frequency_shared_s42/q_RNT_g_T/raw.npz", "file": {"bytes": 189069419, "sha256": "b85cd1df9b1215dc239094b1ac5c1fa06ac3d615ef898fa7827a20a2084ab400"}, "installed_gt_cases": 4}
IDENTITY_MISSING_STREAM {"event": "RAW_CLEARED", "condition": "q_RNT_g_T"}
IDENTITY_MISSING_STREAM {"event": "RAW_READY", "condition": "q_RNT_g_RN", "path": "/data/gaob/Re-ID/DeMo-DualAxis/runs/r201i_missing49_20261007/full/RGBNT100_r201i_frequency_shared_s42/q_RNT_g_RN/raw.npz", "file": {"bytes": 196547318, "sha256": "2515e3a83f1f9ea77175721ebc749640b6f8d173a23eda4b427d88a3788d0a39"}, "installed_gt_cases": 4}
IDENTITY_MISSING_STREAM {"event": "RAW_CLEARED", "condition": "q_RNT_g_RN"}
IDENTITY_MISSING_STREAM {"event": "RAW_READY", "condition": "q_RNT_g_RT", "path": "/data/gaob/Re-ID/DeMo-DualAxis/runs/r201i_missing49_20261007/full/RGBNT100_r201i_frequency_shared_s42/q_RNT_g_RT/raw.npz", "file": {"bytes": 197026418, "sha256": "e8db79fa7c120860d37b1e0e36e5038c413e691fb47e0fda6877df4f0c551209"}, "installed_gt_cases": 4}
IDENTITY_MISSING_STREAM {"event": "RAW_CLEARED", "condition": "q_RNT_g_RT"}
IDENTITY_MISSING_STREAM {"event": "RAW_READY", "condition": "q_RNT_g_NT", "path": "/data/gaob/Re-ID/DeMo-DualAxis/runs/r201i_missing49_20261007/full/RGBNT100_r201i_frequency_shared_s42/q_RNT_g_NT/raw.npz", "file": {"bytes": 197909982, "sha256": "f0a04eda96e6d3ccf7891ffce5701a96914b53971b1a7a3fce000549b2c65d74"}, "installed_gt_cases": 4}
IDENTITY_MISSING_STREAM {"event": "RAW_CLEARED", "condition": "q_RNT_g_NT"}
IDENTITY_MISSING_STREAM {"event": "RAW_READY", "condition": "q_R_g_RNT", "path": "/data/gaob/Re-ID/DeMo-DualAxis/runs/r201i_missing49_20261007/full/RGBNT100_r201i_frequency_shared_s42/q_R_g_RNT/raw.npz", "file": {"bytes": 194425974, "sha256": "ca7538eeae752552a8debb9ad6deecca9197cfe5ef6d3c6882dde868572118b7"}, "installed_gt_cases": 4}
IDENTITY_MISSING_STREAM {"event": "RAW_CLEARED", "condition": "q_R_g_RNT"}
IDENTITY_MISSING_STREAM {"event": "RAW_READY", "condition": "q_R_g_R", "path": "/data/gaob/Re-ID/DeMo-DualAxis/runs/r201i_missing49_20261007/full/RGBNT100_r201i_frequency_shared_s42/q_R_g_R/raw.npz", "file": {"bytes": 202813945, "sha256": "fef72997a0c709ed2715f8bbb60fc352cffb3a54287daab66c2ec46be659552f"}, "installed_gt_cases": 4}
IDENTITY_MISSING_STREAM {"event": "RAW_CLEARED", "condition": "q_R_g_R"}
IDENTITY_MISSING_STREAM {"event": "RAW_READY", "condition": "q_R_g_N", "path": "/data/gaob/Re-ID/DeMo-DualAxis/runs/r201i_missing49_20261007/full/RGBNT100_r201i_frequency_shared_s42/q_R_g_N/raw.npz", "file": {"bytes": 12418822, "sha256": "eb98cd07fa184a4b4a27a6f9b8b4805426c141c3c152d4b9b84cc8da6513b8b7"}, "installed_gt_cases": 4}
IDENTITY_MISSING_STREAM {"event": "RAW_CLEARED", "condition": "q_R_g_N"}
IDENTITY_MISSING_STREAM {"event": "RAW_READY", "condition": "q_R_g_T", "path": "/data/gaob/Re-ID/DeMo-DualAxis/runs/r201i_missing49_20261007/full/RGBNT100_r201i_frequency_shared_s42/q_R_g_T/raw.npz", "file": {"bytes": 12246046, "sha256": "34940ae266195a041363ac8682d0bb73df9f946ba7ea326ffce412ea98b62f8f"}, "installed_gt_cases": 4}
IDENTITY_MISSING_STREAM {"event": "RAW_CLEARED", "condition": "q_R_g_T"}
IDENTITY_MISSING_STREAM {"event": "RAW_READY", "condition": "q_R_g_RN", "path": "/data/gaob/Re-ID/DeMo-DualAxis/runs/r201i_missing49_20261007/full/RGBNT100_r201i_frequency_shared_s42/q_R_g_RN/raw.npz", "file": {"bytes": 197092094, "sha256": "d1507249dcf673e27e43e4958e13f64eb9859a33bef28c31159eb661989e62e7"}, "installed_gt_cases": 4}
IDENTITY_MISSING_STREAM {"event": "RAW_CLEARED", "condition": "q_R_g_RN"}
IDENTITY_MISSING_STREAM {"event": "RAW_READY", "condition": "q_R_g_RT", "path": "/data/gaob/Re-ID/DeMo-DualAxis/runs/r201i_missing49_20261007/full/RGBNT100_r201i_frequency_shared_s42/q_R_g_RT/raw.npz", "file": {"bytes": 196846855, "sha256": "8833e1857f466ef8524b91602662c744a6aa1be3f1c22c65ba97291c4c9eeb04"}, "installed_gt_cases": 4}
IDENTITY_MISSING_STREAM {"event": "RAW_CLEARED", "condition": "q_R_g_RT"}
IDENTITY_MISSING_STREAM {"event": "RAW_READY", "condition": "q_R_g_NT", "path": "/data/gaob/Re-ID/DeMo-DualAxis/runs/r201i_missing49_20261007/full/RGBNT100_r201i_frequency_shared_s42/q_R_g_NT/raw.npz", "file": {"bytes": 12352362, "sha256": "f3e837df70bd11a8459ff02f154f6e1eefff24747e020d002a319b88059a6524"}, "installed_gt_cases": 4}
IDENTITY_MISSING_STREAM {"event": "RAW_CLEARED", "condition": "q_R_g_NT"}
IDENTITY_MISSING_STREAM {"event": "RAW_READY", "condition": "q_N_g_RNT", "path": "/data/gaob/Re-ID/DeMo-DualAxis/runs/r201i_missing49_20261007/full/RGBNT100_r201i_frequency_shared_s42/q_N_g_RNT/raw.npz", "file": {"bytes": 195096220, "sha256": "b28236e635513db384b4401beb492a652da847ea6c9ee09a9553f38c9057224d"}, "installed_gt_cases": 4}
IDENTITY_MISSING_STREAM {"event": "RAW_CLEARED", "condition": "q_N_g_RNT"}
IDENTITY_MISSING_STREAM {"event": "RAW_READY", "condition": "q_N_g_R", "path": "/data/gaob/Re-ID/DeMo-DualAxis/runs/r201i_missing49_20261007/full/RGBNT100_r201i_frequency_shared_s42/q_N_g_R/raw.npz", "file": {"bytes": 12462823, "sha256": "0d8dcd97b460163f4ba341411039218a8150e61958372e58473c325a0cbbb3a7"}, "installed_gt_cases": 4}
IDENTITY_MISSING_STREAM {"event": "RAW_CLEARED", "condition": "q_N_g_R"}
IDENTITY_MISSING_STREAM {"event": "RAW_READY", "condition": "q_N_g_N", "path": "/data/gaob/Re-ID/DeMo-DualAxis/runs/r201i_missing49_20261007/full/RGBNT100_r201i_frequency_shared_s42/q_N_g_N/raw.npz", "file": {"bytes": 201586529, "sha256": "54ce7d8b62252e308da360cd4804c3626bc10c9717fc16e4a01ebb5dfe31a66f"}, "installed_gt_cases": 4}
IDENTITY_MISSING_STREAM {"event": "RAW_CLEARED", "condition": "q_N_g_N"}
IDENTITY_MISSING_STREAM {"event": "RAW_READY", "condition": "q_N_g_T", "path": "/data/gaob/Re-ID/DeMo-DualAxis/runs/r201i_missing49_20261007/full/RGBNT100_r201i_frequency_shared_s42/q_N_g_T/raw.npz", "file": {"bytes": 12580717, "sha256": "d5934d4d33cb5dc1aea25c459585969b12745058ff9adfd49c1d824c08f4b0a0"}, "installed_gt_cases": 4}
IDENTITY_MISSING_STREAM {"event": "RAW_CLEARED", "condition": "q_N_g_T"}
IDENTITY_MISSING_STREAM {"event": "RAW_READY", "condition": "q_N_g_RN", "path": "/data/gaob/Re-ID/DeMo-DualAxis/runs/r201i_missing49_20261007/full/RGBNT100_r201i_frequency_shared_s42/q_N_g_RN/raw.npz", "file": {"bytes": 197179680, "sha256": "a8a357034acb6e60abcb764eb9c5a16dfd1e1423a4c07592633550e1a9d7943f"}, "installed_gt_cases": 4}
IDENTITY_MISSING_STREAM {"event": "RAW_CLEARED", "condition": "q_N_g_RN"}
IDENTITY_MISSING_STREAM {"event": "RAW_READY", "condition": "q_N_g_RT", "path": "/data/gaob/Re-ID/DeMo-DualAxis/runs/r201i_missing49_20261007/full/RGBNT100_r201i_frequency_shared_s42/q_N_g_RT/raw.npz", "file": {"bytes": 12650096, "sha256": "79244dd1fdad840044df637db5627eb968ba40c0d99a338853fc056c3f351d6f"}, "installed_gt_cases": 4}
IDENTITY_MISSING_STREAM {"event": "RAW_CLEARED", "condition": "q_N_g_RT"}
IDENTITY_MISSING_STREAM {"event": "RAW_READY", "condition": "q_N_g_NT", "path": "/data/gaob/Re-ID/DeMo-DualAxis/runs/r201i_missing49_20261007/full/RGBNT100_r201i_frequency_shared_s42/q_N_g_NT/raw.npz", "file": {"bytes": 196729286, "sha256": "c40d0afbecbe5acaf7e6ee132b09d056f43cfe66359f5c52ca10b36398b7016d"}, "installed_gt_cases": 4}
IDENTITY_MISSING_STREAM {"event": "RAW_CLEARED", "condition": "q_N_g_NT"}
IDENTITY_MISSING_STREAM {"event": "RAW_READY", "condition": "q_T_g_RNT", "path": "/data/gaob/Re-ID/DeMo-DualAxis/runs/r201i_missing49_20261007/full/RGBNT100_r201i_frequency_shared_s42/q_T_g_RNT/raw.npz", "file": {"bytes": 195799071, "sha256": "0d7e1b09231ddfc2a347be448d9820c6ae0a6f46df2bee719ae6d53b5b6cf4f3"}, "installed_gt_cases": 4}
IDENTITY_MISSING_STREAM {"event": "RAW_CLEARED", "condition": "q_T_g_RNT"}
IDENTITY_MISSING_STREAM {"event": "RAW_READY", "condition": "q_T_g_R", "path": "/data/gaob/Re-ID/DeMo-DualAxis/runs/r201i_missing49_20261007/full/RGBNT100_r201i_frequency_shared_s42/q_T_g_R/raw.npz", "file": {"bytes": 12480490, "sha256": "bdd3c36dd67f11d27cddf3025e6c2f2f86b1576331e787a544d304c757f298e9"}, "installed_gt_cases": 4}
IDENTITY_MISSING_STREAM {"event": "RAW_CLEARED", "condition": "q_T_g_R"}
IDENTITY_MISSING_STREAM {"event": "RAW_READY", "condition": "q_T_g_N", "path": "/data/gaob/Re-ID/DeMo-DualAxis/runs/r201i_missing49_20261007/full/RGBNT100_r201i_frequency_shared_s42/q_T_g_N/raw.npz", "file": {"bytes": 12781354, "sha256": "0f25c3ee4c03a29cfb169168a447dd6f73b9ed10a0f6a30e302d78ad714625cb"}, "installed_gt_cases": 4}
IDENTITY_MISSING_STREAM {"event": "RAW_CLEARED", "condition": "q_T_g_N"}
IDENTITY_MISSING_STREAM {"event": "RAW_READY", "condition": "q_T_g_T", "path": "/data/gaob/Re-ID/DeMo-DualAxis/runs/r201i_missing49_20261007/full/RGBNT100_r201i_frequency_shared_s42/q_T_g_T/raw.npz", "file": {"bytes": 194860851, "sha256": "fc53e31eb8d3281f22199ae137c9378d808f36be63f0ff15611905ca5ff8a973"}, "installed_gt_cases": 4}
IDENTITY_MISSING_STREAM {"event": "RAW_CLEARED", "condition": "q_T_g_T"}
IDENTITY_MISSING_STREAM {"event": "RAW_READY", "condition": "q_T_g_RN", "path": "/data/gaob/Re-ID/DeMo-DualAxis/runs/r201i_missing49_20261007/full/RGBNT100_r201i_frequency_shared_s42/q_T_g_RN/raw.npz", "file": {"bytes": 12844473, "sha256": "dac8c75ac4d5a679a05b890f9b2f22a4550c9c61c46a6fa7791f997edafc46d7"}, "installed_gt_cases": 4}
IDENTITY_MISSING_STREAM {"event": "RAW_CLEARED", "condition": "q_T_g_RN"}
IDENTITY_MISSING_STREAM {"event": "RAW_READY", "condition": "q_T_g_RT", "path": "/data/gaob/Re-ID/DeMo-DualAxis/runs/r201i_missing49_20261007/full/RGBNT100_r201i_frequency_shared_s42/q_T_g_RT/raw.npz", "file": {"bytes": 197864283, "sha256": "6811bea048aa4e8695c461f3093749d1a99320cf7748f60dbbf47075890a310d"}, "installed_gt_cases": 4}
IDENTITY_MISSING_STREAM {"event": "RAW_CLEARED", "condition": "q_T_g_RT"}
IDENTITY_MISSING_STREAM {"event": "RAW_READY", "condition": "q_T_g_NT", "path": "/data/gaob/Re-ID/DeMo-DualAxis/runs/r201i_missing49_20261007/full/RGBNT100_r201i_frequency_shared_s42/q_T_g_NT/raw.npz", "file": {"bytes": 197309201, "sha256": "865541f35da9b872a85ff8e58262ee445a5352f74de22b800023d680f30514c4"}, "installed_gt_cases": 4}
IDENTITY_MISSING_STREAM {"event": "RAW_CLEARED", "condition": "q_T_g_NT"}
IDENTITY_MISSING_STREAM {"event": "RAW_READY", "condition": "q_RN_g_RNT", "path": "/data/gaob/Re-ID/DeMo-DualAxis/runs/r201i_missing49_20261007/full/RGBNT100_r201i_frequency_shared_s42/q_RN_g_RNT/raw.npz", "file": {"bytes": 196864748, "sha256": "490b27875f9925d36f1bab3f4c5caeab4a0a5ea0493132590c68cf036834fb2c"}, "installed_gt_cases": 4}
IDENTITY_MISSING_STREAM {"event": "RAW_CLEARED", "condition": "q_RN_g_RNT"}
IDENTITY_MISSING_STREAM {"event": "RAW_READY", "condition": "q_RN_g_R", "path": "/data/gaob/Re-ID/DeMo-DualAxis/runs/r201i_missing49_20261007/full/RGBNT100_r201i_frequency_shared_s42/q_RN_g_R/raw.npz", "file": {"bytes": 197073749, "sha256": "a03db1e762626e44be27754a0c492358d961ef663231057cf60091989d9e0262"}, "installed_gt_cases": 4}
IDENTITY_MISSING_STREAM {"event": "RAW_CLEARED", "condition": "q_RN_g_R"}
IDENTITY_MISSING_STREAM {"event": "RAW_READY", "condition": "q_RN_g_N", "path": "/data/gaob/Re-ID/DeMo-DualAxis/runs/r201i_missing49_20261007/full/RGBNT100_r201i_frequency_shared_s42/q_RN_g_N/raw.npz", "file": {"bytes": 197348077, "sha256": "aec6b80780fc5bb220894e53d1bbfd2ce319473d0814cf747ac20acacbb645a7"}, "installed_gt_cases": 4}
IDENTITY_MISSING_STREAM {"event": "RAW_CLEARED", "condition": "q_RN_g_N"}
IDENTITY_MISSING_STREAM {"event": "RAW_READY", "condition": "q_RN_g_T", "path": "/data/gaob/Re-ID/DeMo-DualAxis/runs/r201i_missing49_20261007/full/RGBNT100_r201i_frequency_shared_s42/q_RN_g_T/raw.npz", "file": {"bytes": 12796369, "sha256": "1b47efad0a037ec51288d90456c7fe01c9248e871eca569b7eae6513ff97e6b4"}, "installed_gt_cases": 4}
IDENTITY_MISSING_STREAM {"event": "RAW_CLEARED", "condition": "q_RN_g_T"}
IDENTITY_MISSING_STREAM {"event": "RAW_READY", "condition": "q_RN_g_RN", "path": "/data/gaob/Re-ID/DeMo-DualAxis/runs/r201i_missing49_20261007/full/RGBNT100_r201i_frequency_shared_s42/q_RN_g_RN/raw.npz", "file": {"bytes": 200870734, "sha256": "3a0c1e46ff8fbb11547cf1d435933b411c1578e52f9b4fe194bd0abdf12b9045"}, "installed_gt_cases": 4}
IDENTITY_MISSING_STREAM {"event": "RAW_CLEARED", "condition": "q_RN_g_RN"}
IDENTITY_MISSING_STREAM {"event": "RAW_READY", "condition": "q_RN_g_RT", "path": "/data/gaob/Re-ID/DeMo-DualAxis/runs/r201i_missing49_20261007/full/RGBNT100_r201i_frequency_shared_s42/q_RN_g_RT/raw.npz", "file": {"bytes": 193942628, "sha256": "2098008c709d2bc4f6f74ab10c77fbb754836d6af051c5268c674dd185251c5c"}, "installed_gt_cases": 4}
IDENTITY_MISSING_STREAM {"event": "RAW_CLEARED", "condition": "q_RN_g_RT"}
IDENTITY_MISSING_STREAM {"event": "RAW_READY", "condition": "q_RN_g_NT", "path": "/data/gaob/Re-ID/DeMo-DualAxis/runs/r201i_missing49_20261007/full/RGBNT100_r201i_frequency_shared_s42/q_RN_g_NT/raw.npz", "file": {"bytes": 195179849, "sha256": "55982f5f3e8b6a83554aee300f900956fa9ba380c2bd4f0d78ff0d94e5b2fdb8"}, "installed_gt_cases": 4}
IDENTITY_MISSING_STREAM {"event": "RAW_CLEARED", "condition": "q_RN_g_NT"}
IDENTITY_MISSING_STREAM {"event": "RAW_READY", "condition": "q_RT_g_RNT", "path": "/data/gaob/Re-ID/DeMo-DualAxis/runs/r201i_missing49_20261007/full/RGBNT100_r201i_frequency_shared_s42/q_RT_g_RNT/raw.npz", "file": {"bytes": 197016940, "sha256": "2485dadf139867a77c7c09796455e5956f2a50a6621c4c06269710fbe7a81275"}, "installed_gt_cases": 4}
IDENTITY_MISSING_STREAM {"event": "RAW_CLEARED", "condition": "q_RT_g_RNT"}
IDENTITY_MISSING_STREAM {"event": "RAW_READY", "condition": "q_RT_g_R", "path": "/data/gaob/Re-ID/DeMo-DualAxis/runs/r201i_missing49_20261007/full/RGBNT100_r201i_frequency_shared_s42/q_RT_g_R/raw.npz", "file": {"bytes": 196692707, "sha256": "680acbdf2f8feba3dd59f3416080deb8c74c384c633db98729bb4403f4240aa6"}, "installed_gt_cases": 4}
IDENTITY_MISSING_STREAM {"event": "RAW_CLEARED", "condition": "q_RT_g_R"}
IDENTITY_MISSING_STREAM {"event": "RAW_READY", "condition": "q_RT_g_N", "path": "/data/gaob/Re-ID/DeMo-DualAxis/runs/r201i_missing49_20261007/full/RGBNT100_r201i_frequency_shared_s42/q_RT_g_N/raw.npz", "file": {"bytes": 12871749, "sha256": "5e1b682fe58e758016025c9392a94e393401d589cd1cc45fcc1f46c4bdeec2c3"}, "installed_gt_cases": 4}
IDENTITY_MISSING_STREAM {"event": "RAW_CLEARED", "condition": "q_RT_g_N"}
IDENTITY_MISSING_STREAM {"event": "RAW_READY", "condition": "q_RT_g_T", "path": "/data/gaob/Re-ID/DeMo-DualAxis/runs/r201i_missing49_20261007/full/RGBNT100_r201i_frequency_shared_s42/q_RT_g_T/raw.npz", "file": {"bytes": 190929443, "sha256": "ed9fef3913347cd3d7f9f5c4956a6781769b1ccfce439a34b55eb51967d45d67"}, "installed_gt_cases": 4}
IDENTITY_MISSING_STREAM {"event": "RAW_CLEARED", "condition": "q_RT_g_T"}
IDENTITY_MISSING_STREAM {"event": "RAW_READY", "condition": "q_RT_g_RN", "path": "/data/gaob/Re-ID/DeMo-DualAxis/runs/r201i_missing49_20261007/full/RGBNT100_r201i_frequency_shared_s42/q_RT_g_RN/raw.npz", "file": {"bytes": 193668553, "sha256": "fd08f7a07825a74c55c88ce9189ae8c6f0710ef83d097c0297fb0d7abce39657"}, "installed_gt_cases": 4}
IDENTITY_MISSING_STREAM {"event": "RAW_CLEARED", "condition": "q_RT_g_RN"}
IDENTITY_MISSING_STREAM {"event": "RAW_READY", "condition": "q_RT_g_RT", "path": "/data/gaob/Re-ID/DeMo-DualAxis/runs/r201i_missing49_20261007/full/RGBNT100_r201i_frequency_shared_s42/q_RT_g_RT/raw.npz", "file": {"bytes": 200316866, "sha256": "ec6c9f207a0ce75b352dbd751cb84e5b38ece4141d6da9e84b67d92724801b84"}, "installed_gt_cases": 4}
IDENTITY_MISSING_STREAM {"event": "RAW_CLEARED", "condition": "q_RT_g_RT"}
IDENTITY_MISSING_STREAM {"event": "RAW_READY", "condition": "q_RT_g_NT", "path": "/data/gaob/Re-ID/DeMo-DualAxis/runs/r201i_missing49_20261007/full/RGBNT100_r201i_frequency_shared_s42/q_RT_g_NT/raw.npz", "file": {"bytes": 195580951, "sha256": "eb90456665971a356496a37d68c863afa77fd704cd8f3701eb8410acb6ed9cec"}, "installed_gt_cases": 4}
IDENTITY_MISSING_STREAM {"event": "RAW_CLEARED", "condition": "q_RT_g_NT"}
IDENTITY_MISSING_STREAM {"event": "RAW_READY", "condition": "q_NT_g_RNT", "path": "/data/gaob/Re-ID/DeMo-DualAxis/runs/r201i_missing49_20261007/full/RGBNT100_r201i_frequency_shared_s42/q_NT_g_RNT/raw.npz", "file": {"bytes": 197910629, "sha256": "af7245fa54e3dd5a33dfa4ce80a8fa7ea3e5640da2000f155dfb2a491b1b8723"}, "installed_gt_cases": 4}
IDENTITY_MISSING_STREAM {"event": "RAW_CLEARED", "condition": "q_NT_g_RNT"}
IDENTITY_MISSING_STREAM {"event": "RAW_READY", "condition": "q_NT_g_R", "path": "/data/gaob/Re-ID/DeMo-DualAxis/runs/r201i_missing49_20261007/full/RGBNT100_r201i_frequency_shared_s42/q_NT_g_R/raw.npz", "file": {"bytes": 12370273, "sha256": "0c39a7e2f4e2f27124b3800de49994257851ad5a303f3802d6ad0639ade1969c"}, "installed_gt_cases": 4}
IDENTITY_MISSING_STREAM {"event": "RAW_CLEARED", "condition": "q_NT_g_R"}
IDENTITY_MISSING_STREAM {"event": "RAW_READY", "condition": "q_NT_g_N", "path": "/data/gaob/Re-ID/DeMo-DualAxis/runs/r201i_missing49_20261007/full/RGBNT100_r201i_frequency_shared_s42/q_NT_g_N/raw.npz", "file": {"bytes": 196643210, "sha256": "124ddf867a997f7ca2b9c73d026130ec4e236b754a10b021227b62c2b16bb447"}, "installed_gt_cases": 4}
IDENTITY_MISSING_STREAM {"event": "RAW_CLEARED", "condition": "q_NT_g_N"}
IDENTITY_MISSING_STREAM {"event": "RAW_READY", "condition": "q_NT_g_T", "path": "/data/gaob/Re-ID/DeMo-DualAxis/runs/r201i_missing49_20261007/full/RGBNT100_r201i_frequency_shared_s42/q_NT_g_T/raw.npz", "file": {"bytes": 190457910, "sha256": "ed4e3e606ca3448add9fe9856d12695b235d7e9d210c4b70a9c35a3371e5d813"}, "installed_gt_cases": 4}
IDENTITY_MISSING_STREAM {"event": "RAW_CLEARED", "condition": "q_NT_g_T"}
IDENTITY_MISSING_STREAM {"event": "RAW_READY", "condition": "q_NT_g_RN", "path": "/data/gaob/Re-ID/DeMo-DualAxis/runs/r201i_missing49_20261007/full/RGBNT100_r201i_frequency_shared_s42/q_NT_g_RN/raw.npz", "file": {"bytes": 194777048, "sha256": "130e0e6431c4417df0a1841cf91a4917b89a1fcd0f29cd068aaf595fb7f39ad4"}, "installed_gt_cases": 4}
IDENTITY_MISSING_STREAM {"event": "RAW_CLEARED", "condition": "q_NT_g_RN"}
IDENTITY_MISSING_STREAM {"event": "RAW_READY", "condition": "q_NT_g_RT", "path": "/data/gaob/Re-ID/DeMo-DualAxis/runs/r201i_missing49_20261007/full/RGBNT100_r201i_frequency_shared_s42/q_NT_g_RT/raw.npz", "file": {"bytes": 195655934, "sha256": "46235c38875243b80c4a53ac238004dfafee0ca9a93f158850f0ff1402e7a0fa"}, "installed_gt_cases": 4}
IDENTITY_MISSING_STREAM {"event": "RAW_CLEARED", "condition": "q_NT_g_RT"}
IDENTITY_MISSING_STREAM {"event": "RAW_READY", "condition": "q_NT_g_NT", "path": "/data/gaob/Re-ID/DeMo-DualAxis/runs/r201i_missing49_20261007/full/RGBNT100_r201i_frequency_shared_s42/q_NT_g_NT/raw.npz", "file": {"bytes": 200777617, "sha256": "9cdafe5c08576414e52f522e13b65fa1aa09599084f5a748833804539d7774ce"}, "installed_gt_cases": 4}
IDENTITY_MISSING_STREAM {"event": "RAW_CLEARED", "condition": "q_NT_g_NT"}
IDENTITY_MISSING_STREAM {"event": "EVALUATION_COMPLETE", "conditions": 49, "cases": 196, "optimizer_updates": 0}
