/data/gaob/Re-ID/conda-envs/tri_reid/lib/python3.10/site-packages/timm/models/helpers.py:7: FutureWarning: Importing from timm.models.helpers is deprecated, please import via timm.models
  warnings.warn(f"Importing from {__name__} is deprecated, please import via timm.models", FutureWarning)
/data/gaob/Re-ID/conda-envs/tri_reid/lib/python3.10/site-packages/timm/models/registry.py:4: FutureWarning: Importing from timm.models.registry is deprecated, please import via timm.models
  warnings.warn(f"Importing from {__name__} is deprecated, please import via timm.models", FutureWarning)
/data/gaob/Re-ID/conda-envs/tri_reid/lib/python3.10/site-packages/timm/models/layers/__init__.py:48: FutureWarning: Importing from timm.models.layers is deprecated, please import via timm.layers
  warnings.warn(f"Importing from {__name__} is deprecated, please import via timm.layers", FutureWarning)
using Transformer_type: ViT-B-16 as a backbone
Resized position embedding: %s to %s torch.Size([197, 768]) torch.Size([129, 768])
Position embedding resize to height:16 width: 8
Successfully load ckpt!
<All keys matched successfully>
Loading pretrained model from CLIP
camera number is : 4
IDENTITY_MISSING_FEATURE_BANKS_CPU_ONLY {"available_sets": 7, "cuda_allocated_bytes": 8519680, "new_optimizer_updates": 0}
IDENTITY_MISSING_STREAM {"event": "RAW_READY", "condition": "q_RNT_g_RNT", "path": "/data/gaob/Re-ID/DeMo-DualAxis/runs/r201i_missing49_20261007/full/RGBNT201_r201i_axis_shared_s42/q_RNT_g_RNT/raw.npz", "file": {"bytes": 9521174, "sha256": "79bcab721b707403e8c4d66007277b1d534be7f4180dfa30fcdf5604733de5c3"}, "installed_gt_cases": 4}
IDENTITY_MISSING_STREAM {"event": "RAW_CLEARED", "condition": "q_RNT_g_RNT"}
IDENTITY_MISSING_STREAM {"event": "RAW_READY", "condition": "q_RNT_g_R", "path": "/data/gaob/Re-ID/DeMo-DualAxis/runs/r201i_missing49_20261007/full/RGBNT201_r201i_axis_shared_s42/q_RNT_g_R/raw.npz", "file": {"bytes": 9360768, "sha256": "610d0514440302c1ba834fcc5bbe65f62041ff751cbe50c48013363d65217834"}, "installed_gt_cases": 4}
IDENTITY_MISSING_STREAM {"event": "RAW_CLEARED", "condition": "q_RNT_g_R"}
IDENTITY_MISSING_STREAM {"event": "RAW_READY", "condition": "q_RNT_g_N", "path": "/data/gaob/Re-ID/DeMo-DualAxis/runs/r201i_missing49_20261007/full/RGBNT201_r201i_axis_shared_s42/q_RNT_g_N/raw.npz", "file": {"bytes": 9351285, "sha256": "d5330ebba6889b099442a30a80600266532915f98752e80c6eb88716136cc44f"}, "installed_gt_cases": 4}
IDENTITY_MISSING_STREAM {"event": "RAW_CLEARED", "condition": "q_RNT_g_N"}
IDENTITY_MISSING_STREAM {"event": "RAW_READY", "condition": "q_RNT_g_T", "path": "/data/gaob/Re-ID/DeMo-DualAxis/runs/r201i_missing49_20261007/full/RGBNT201_r201i_axis_shared_s42/q_RNT_g_T/raw.npz", "file": {"bytes": 9362232, "sha256": "8ae63093df80969ee51c8c1ac7b31b5b9f79a499086f75574ecd8a1ec6f7ab21"}, "installed_gt_cases": 4}
IDENTITY_MISSING_STREAM {"event": "RAW_CLEARED", "condition": "q_RNT_g_T"}
IDENTITY_MISSING_STREAM {"event": "RAW_READY", "condition": "q_RNT_g_RN", "path": "/data/gaob/Re-ID/DeMo-DualAxis/runs/r201i_missing49_20261007/full/RGBNT201_r201i_axis_shared_s42/q_RNT_g_RN/raw.npz", "file": {"bytes": 9395824, "sha256": "3cdedb93f8530b0d107822cd381bc0a158e22556170e33b0a38dde19cc7a3a04"}, "installed_gt_cases": 4}
IDENTITY_MISSING_STREAM {"event": "RAW_CLEARED", "condition": "q_RNT_g_RN"}
IDENTITY_MISSING_STREAM {"event": "RAW_READY", "condition": "q_RNT_g_RT", "path": "/data/gaob/Re-ID/DeMo-DualAxis/runs/r201i_missing49_20261007/full/RGBNT201_r201i_axis_shared_s42/q_RNT_g_RT/raw.npz", "file": {"bytes": 9451562, "sha256": "e1297111bc35d611605c5d97e13efa02fe7a54e510e8b51bef2fbc64893a7cf5"}, "installed_gt_cases": 4}
IDENTITY_MISSING_STREAM {"event": "RAW_CLEARED", "condition": "q_RNT_g_RT"}
IDENTITY_MISSING_STREAM {"event": "RAW_READY", "condition": "q_RNT_g_NT", "path": "/data/gaob/Re-ID/DeMo-DualAxis/runs/r201i_missing49_20261007/full/RGBNT201_r201i_axis_shared_s42/q_RNT_g_NT/raw.npz", "file": {"bytes": 9441013, "sha256": "b1b0d207c749c43f2fa474fce2ebdf59595e06ec991a6b4dd2576a13b5120f59"}, "installed_gt_cases": 4}
IDENTITY_MISSING_STREAM {"event": "RAW_CLEARED", "condition": "q_RNT_g_NT"}
IDENTITY_MISSING_STREAM {"event": "RAW_READY", "condition": "q_R_g_RNT", "path": "/data/gaob/Re-ID/DeMo-DualAxis/runs/r201i_missing49_20261007/full/RGBNT201_r201i_axis_shared_s42/q_R_g_RNT/raw.npz", "file": {"bytes": 9340799, "sha256": "833ef5e9081949850500d6b16bcc2ac7b9b8979ec860fa13f7057dde1499d08f"}, "installed_gt_cases": 4}
IDENTITY_MISSING_STREAM {"event": "RAW_CLEARED", "condition": "q_R_g_RNT"}
IDENTITY_MISSING_STREAM {"event": "RAW_READY", "condition": "q_R_g_R", "path": "/data/gaob/Re-ID/DeMo-DualAxis/runs/r201i_missing49_20261007/full/RGBNT201_r201i_axis_shared_s42/q_R_g_R/raw.npz", "file": {"bytes": 9727013, "sha256": "f314d215274dda8710a1bad933fb06184fc1432f137fa7971614046b47ec2f08"}, "installed_gt_cases": 4}
IDENTITY_MISSING_STREAM {"event": "RAW_CLEARED", "condition": "q_R_g_R"}
IDENTITY_MISSING_STREAM {"event": "RAW_READY", "condition": "q_R_g_N", "path": "/data/gaob/Re-ID/DeMo-DualAxis/runs/r201i_missing49_20261007/full/RGBNT201_r201i_axis_shared_s42/q_R_g_N/raw.npz", "file": {"bytes": 495544, "sha256": "99bc77d29d8d43db4a9d67484f6666cc4a91d8e85cfac6efa20822f1a7b2ac55"}, "installed_gt_cases": 4}
IDENTITY_MISSING_STREAM {"event": "RAW_CLEARED", "condition": "q_R_g_N"}
IDENTITY_MISSING_STREAM {"event": "RAW_READY", "condition": "q_R_g_T", "path": "/data/gaob/Re-ID/DeMo-DualAxis/runs/r201i_missing49_20261007/full/RGBNT201_r201i_axis_shared_s42/q_R_g_T/raw.npz", "file": {"bytes": 485573, "sha256": "2df4486ac709f7ef1847c844195feebe846dcf4ffcec8d2f12614cda88dfbc61"}, "installed_gt_cases": 4}
IDENTITY_MISSING_STREAM {"event": "RAW_CLEARED", "condition": "q_R_g_T"}
IDENTITY_MISSING_STREAM {"event": "RAW_READY", "condition": "q_R_g_RN", "path": "/data/gaob/Re-ID/DeMo-DualAxis/runs/r201i_missing49_20261007/full/RGBNT201_r201i_axis_shared_s42/q_R_g_RN/raw.npz", "file": {"bytes": 9479566, "sha256": "b6f5bfc954a41f78f81c0082c1dfd3ad98dd4b1b8be4ac724d79a4615e0d5538"}, "installed_gt_cases": 4}
IDENTITY_MISSING_STREAM {"event": "RAW_CLEARED", "condition": "q_R_g_RN"}
IDENTITY_MISSING_STREAM {"event": "RAW_READY", "condition": "q_R_g_RT", "path": "/data/gaob/Re-ID/DeMo-DualAxis/runs/r201i_missing49_20261007/full/RGBNT201_r201i_axis_shared_s42/q_R_g_RT/raw.npz", "file": {"bytes": 9426555, "sha256": "bcc71c3265648052a8d753cee3a97e93ee371cd0c8152e24e7a317522cbf397b"}, "installed_gt_cases": 4}
IDENTITY_MISSING_STREAM {"event": "RAW_CLEARED", "condition": "q_R_g_RT"}
IDENTITY_MISSING_STREAM {"event": "RAW_READY", "condition": "q_R_g_NT", "path": "/data/gaob/Re-ID/DeMo-DualAxis/runs/r201i_missing49_20261007/full/RGBNT201_r201i_axis_shared_s42/q_R_g_NT/raw.npz", "file": {"bytes": 485462, "sha256": "2fe229f7f2c32f93018444d9632841a3853a4274c5e240cb4fd19499c4245f72"}, "installed_gt_cases": 4}
IDENTITY_MISSING_STREAM {"event": "RAW_CLEARED", "condition": "q_R_g_NT"}
IDENTITY_MISSING_STREAM {"event": "RAW_READY", "condition": "q_N_g_RNT", "path": "/data/gaob/Re-ID/DeMo-DualAxis/runs/r201i_missing49_20261007/full/RGBNT201_r201i_axis_shared_s42/q_N_g_RNT/raw.npz", "file": {"bytes": 9339361, "sha256": "87014dc0cd3642f5b6dadbd61da43b6ab685aef056381c1b684845619111b383"}, "installed_gt_cases": 4}
IDENTITY_MISSING_STREAM {"event": "RAW_CLEARED", "condition": "q_N_g_RNT"}
IDENTITY_MISSING_STREAM {"event": "RAW_READY", "condition": "q_N_g_R", "path": "/data/gaob/Re-ID/DeMo-DualAxis/runs/r201i_missing49_20261007/full/RGBNT201_r201i_axis_shared_s42/q_N_g_R/raw.npz", "file": {"bytes": 494253, "sha256": "7e03065ae980e3c27ee2a7f4e327a7bab773c2bba38263cbef5a8f07ffa0cff8"}, "installed_gt_cases": 4}
IDENTITY_MISSING_STREAM {"event": "RAW_CLEARED", "condition": "q_N_g_R"}
IDENTITY_MISSING_STREAM {"event": "RAW_READY", "condition": "q_N_g_N", "path": "/data/gaob/Re-ID/DeMo-DualAxis/runs/r201i_missing49_20261007/full/RGBNT201_r201i_axis_shared_s42/q_N_g_N/raw.npz", "file": {"bytes": 9707970, "sha256": "25c6562098a8b62eb989f3cf380cf95090bf2e8c85930c9a72250853a926cb10"}, "installed_gt_cases": 4}
IDENTITY_MISSING_STREAM {"event": "RAW_CLEARED", "condition": "q_N_g_N"}
IDENTITY_MISSING_STREAM {"event": "RAW_READY", "condition": "q_N_g_T", "path": "/data/gaob/Re-ID/DeMo-DualAxis/runs/r201i_missing49_20261007/full/RGBNT201_r201i_axis_shared_s42/q_N_g_T/raw.npz", "file": {"bytes": 479812, "sha256": "5c63eba7792c001cf8c514adf01fc68de7125eca4c05533f7ed4bd577ce3f1cc"}, "installed_gt_cases": 4}
IDENTITY_MISSING_STREAM {"event": "RAW_CLEARED", "condition": "q_N_g_T"}
IDENTITY_MISSING_STREAM {"event": "RAW_READY", "condition": "q_N_g_RN", "path": "/data/gaob/Re-ID/DeMo-DualAxis/runs/r201i_missing49_20261007/full/RGBNT201_r201i_axis_shared_s42/q_N_g_RN/raw.npz", "file": {"bytes": 9463918, "sha256": "3dcf27afb4b972bf4e146a28d04587d8ace1131c2e0ba2f6ef2ef50c0aae808d"}, "installed_gt_cases": 4}
IDENTITY_MISSING_STREAM {"event": "RAW_CLEARED", "condition": "q_N_g_RN"}
IDENTITY_MISSING_STREAM {"event": "RAW_READY", "condition": "q_N_g_RT", "path": "/data/gaob/Re-ID/DeMo-DualAxis/runs/r201i_missing49_20261007/full/RGBNT201_r201i_axis_shared_s42/q_N_g_RT/raw.npz", "file": {"bytes": 477962, "sha256": "d7d0dc84a2dca730bda834164188485c94c4a8243a7977387d80c9faa6a2f858"}, "installed_gt_cases": 4}
IDENTITY_MISSING_STREAM {"event": "RAW_CLEARED", "condition": "q_N_g_RT"}
IDENTITY_MISSING_STREAM {"event": "RAW_READY", "condition": "q_N_g_NT", "path": "/data/gaob/Re-ID/DeMo-DualAxis/runs/r201i_missing49_20261007/full/RGBNT201_r201i_axis_shared_s42/q_N_g_NT/raw.npz", "file": {"bytes": 9428780, "sha256": "4e97f7c45c5f26fb3d9d03a645ecdb22aca7eaed277b2f8136b5f767afd7b573"}, "installed_gt_cases": 4}
IDENTITY_MISSING_STREAM {"event": "RAW_CLEARED", "condition": "q_N_g_NT"}
IDENTITY_MISSING_STREAM {"event": "RAW_READY", "condition": "q_T_g_RNT", "path": "/data/gaob/Re-ID/DeMo-DualAxis/runs/r201i_missing49_20261007/full/RGBNT201_r201i_axis_shared_s42/q_T_g_RNT/raw.npz", "file": {"bytes": 9355598, "sha256": "89d13fffca3b244b287ff68a9b8a3f8bf2fabff55e3985564b689cf8d29f2234"}, "installed_gt_cases": 4}
IDENTITY_MISSING_STREAM {"event": "RAW_CLEARED", "condition": "q_T_g_RNT"}
IDENTITY_MISSING_STREAM {"event": "RAW_READY", "condition": "q_T_g_R", "path": "/data/gaob/Re-ID/DeMo-DualAxis/runs/r201i_missing49_20261007/full/RGBNT201_r201i_axis_shared_s42/q_T_g_R/raw.npz", "file": {"bytes": 479219, "sha256": "df6abe391a448b99fa567020dc05ee12f07db01e2c7566b2d773b1a9968d1418"}, "installed_gt_cases": 4}
IDENTITY_MISSING_STREAM {"event": "RAW_CLEARED", "condition": "q_T_g_R"}
IDENTITY_MISSING_STREAM {"event": "RAW_READY", "condition": "q_T_g_N", "path": "/data/gaob/Re-ID/DeMo-DualAxis/runs/r201i_missing49_20261007/full/RGBNT201_r201i_axis_shared_s42/q_T_g_N/raw.npz", "file": {"bytes": 472941, "sha256": "c00b3bb5fa4fb104dbfa056f544c1d1081bea1cfad9353428933127d63b0675c"}, "installed_gt_cases": 4}
IDENTITY_MISSING_STREAM {"event": "RAW_CLEARED", "condition": "q_T_g_N"}
IDENTITY_MISSING_STREAM {"event": "RAW_READY", "condition": "q_T_g_T", "path": "/data/gaob/Re-ID/DeMo-DualAxis/runs/r201i_missing49_20261007/full/RGBNT201_r201i_axis_shared_s42/q_T_g_T/raw.npz", "file": {"bytes": 9614638, "sha256": "26a7d2d01b0741fc4bad8f4f4d3d7e1849040ec8745a1dd2b72154a07ac00cfd"}, "installed_gt_cases": 4}
IDENTITY_MISSING_STREAM {"event": "RAW_CLEARED", "condition": "q_T_g_T"}
IDENTITY_MISSING_STREAM {"event": "RAW_READY", "condition": "q_T_g_RN", "path": "/data/gaob/Re-ID/DeMo-DualAxis/runs/r201i_missing49_20261007/full/RGBNT201_r201i_axis_shared_s42/q_T_g_RN/raw.npz", "file": {"bytes": 476060, "sha256": "e771021839544023eb2ec87c2760f02a97a3208b1fbf5b332bcfdd4429c34242"}, "installed_gt_cases": 4}
IDENTITY_MISSING_STREAM {"event": "RAW_CLEARED", "condition": "q_T_g_RN"}
IDENTITY_MISSING_STREAM {"event": "RAW_READY", "condition": "q_T_g_RT", "path": "/data/gaob/Re-ID/DeMo-DualAxis/runs/r201i_missing49_20261007/full/RGBNT201_r201i_axis_shared_s42/q_T_g_RT/raw.npz", "file": {"bytes": 9430859, "sha256": "fb2b8169df0765b94a1abbd236ad3099a8d1c1b2741d2201faabaf0ff647955e"}, "installed_gt_cases": 4}
IDENTITY_MISSING_STREAM {"event": "RAW_CLEARED", "condition": "q_T_g_RT"}
IDENTITY_MISSING_STREAM {"event": "RAW_READY", "condition": "q_T_g_NT", "path": "/data/gaob/Re-ID/DeMo-DualAxis/runs/r201i_missing49_20261007/full/RGBNT201_r201i_axis_shared_s42/q_T_g_NT/raw.npz", "file": {"bytes": 9425080, "sha256": "fbf815d0dc605e9c2a1ddedc6ece46a2e703e2628efb49197e94becd98a69084"}, "installed_gt_cases": 4}
IDENTITY_MISSING_STREAM {"event": "RAW_CLEARED", "condition": "q_T_g_NT"}
IDENTITY_MISSING_STREAM {"event": "RAW_READY", "condition": "q_RN_g_RNT", "path": "/data/gaob/Re-ID/DeMo-DualAxis/runs/r201i_missing49_20261007/full/RGBNT201_r201i_axis_shared_s42/q_RN_g_RNT/raw.npz", "file": {"bytes": 9392291, "sha256": "2a94947a35750c7ff9e9cb0d4daaa6391ad745d25e47071413117b70daa6d3e3"}, "installed_gt_cases": 4}
IDENTITY_MISSING_STREAM {"event": "RAW_CLEARED", "condition": "q_RN_g_RNT"}
IDENTITY_MISSING_STREAM {"event": "RAW_READY", "condition": "q_RN_g_R", "path": "/data/gaob/Re-ID/DeMo-DualAxis/runs/r201i_missing49_20261007/full/RGBNT201_r201i_axis_shared_s42/q_RN_g_R/raw.npz", "file": {"bytes": 9484453, "sha256": "64c516f4e14e5bb7387a822c3fbaa1b7653cf01fe0e120ef3a9e4971916b1841"}, "installed_gt_cases": 4}
IDENTITY_MISSING_STREAM {"event": "RAW_CLEARED", "condition": "q_RN_g_R"}
IDENTITY_MISSING_STREAM {"event": "RAW_READY", "condition": "q_RN_g_N", "path": "/data/gaob/Re-ID/DeMo-DualAxis/runs/r201i_missing49_20261007/full/RGBNT201_r201i_axis_shared_s42/q_RN_g_N/raw.npz", "file": {"bytes": 9464706, "sha256": "54d95fb632f7e808a1c88f4d01a8c187776d98a01a2d3534248a2fac152a75f7"}, "installed_gt_cases": 4}
IDENTITY_MISSING_STREAM {"event": "RAW_CLEARED", "condition": "q_RN_g_N"}
IDENTITY_MISSING_STREAM {"event": "RAW_READY", "condition": "q_RN_g_T", "path": "/data/gaob/Re-ID/DeMo-DualAxis/runs/r201i_missing49_20261007/full/RGBNT201_r201i_axis_shared_s42/q_RN_g_T/raw.npz", "file": {"bytes": 474066, "sha256": "4e43557f5b1d5501a928c98cfae77d17a4f153c872c2070c416e1a0d09a19577"}, "installed_gt_cases": 4}
IDENTITY_MISSING_STREAM {"event": "RAW_CLEARED", "condition": "q_RN_g_T"}
IDENTITY_MISSING_STREAM {"event": "RAW_READY", "condition": "q_RN_g_RN", "path": "/data/gaob/Re-ID/DeMo-DualAxis/runs/r201i_missing49_20261007/full/RGBNT201_r201i_axis_shared_s42/q_RN_g_RN/raw.npz", "file": {"bytes": 9566437, "sha256": "ce267c90aea6289d75d7665311c06bc27431555112e68e564f02df00a721181d"}, "installed_gt_cases": 4}
IDENTITY_MISSING_STREAM {"event": "RAW_CLEARED", "condition": "q_RN_g_RN"}
IDENTITY_MISSING_STREAM {"event": "RAW_READY", "condition": "q_RN_g_RT", "path": "/data/gaob/Re-ID/DeMo-DualAxis/runs/r201i_missing49_20261007/full/RGBNT201_r201i_axis_shared_s42/q_RN_g_RT/raw.npz", "file": {"bytes": 9346805, "sha256": "7079deafc2ece9249913ac2bf62c20fc2f9a6a8298354d1d0b26fd38bd2f45de"}, "installed_gt_cases": 4}
IDENTITY_MISSING_STREAM {"event": "RAW_CLEARED", "condition": "q_RN_g_RT"}
IDENTITY_MISSING_STREAM {"event": "RAW_READY", "condition": "q_RN_g_NT", "path": "/data/gaob/Re-ID/DeMo-DualAxis/runs/r201i_missing49_20261007/full/RGBNT201_r201i_axis_shared_s42/q_RN_g_NT/raw.npz", "file": {"bytes": 9329981, "sha256": "119d23dc55b9aa3e3e6c63248736a9d814f419293a342a5790f265bad8271dd7"}, "installed_gt_cases": 4}
IDENTITY_MISSING_STREAM {"event": "RAW_CLEARED", "condition": "q_RN_g_NT"}
IDENTITY_MISSING_STREAM {"event": "RAW_READY", "condition": "q_RT_g_RNT", "path": "/data/gaob/Re-ID/DeMo-DualAxis/runs/r201i_missing49_20261007/full/RGBNT201_r201i_axis_shared_s42/q_RT_g_RNT/raw.npz", "file": {"bytes": 9450433, "sha256": "63851f92ef1a6e56a5c8f58f4cc060021ed043a6554fbed68c37074b1d24d2ce"}, "installed_gt_cases": 4}
IDENTITY_MISSING_STREAM {"event": "RAW_CLEARED", "condition": "q_RT_g_RNT"}
IDENTITY_MISSING_STREAM {"event": "RAW_READY", "condition": "q_RT_g_R", "path": "/data/gaob/Re-ID/DeMo-DualAxis/runs/r201i_missing49_20261007/full/RGBNT201_r201i_axis_shared_s42/q_RT_g_R/raw.npz", "file": {"bytes": 9434809, "sha256": "6af01394213e59ebfeba8a5adbdbaeb69a7aae5c95430a7614f3fbcb54a86d18"}, "installed_gt_cases": 4}
IDENTITY_MISSING_STREAM {"event": "RAW_CLEARED", "condition": "q_RT_g_R"}
IDENTITY_MISSING_STREAM {"event": "RAW_READY", "condition": "q_RT_g_N", "path": "/data/gaob/Re-ID/DeMo-DualAxis/runs/r201i_missing49_20261007/full/RGBNT201_r201i_axis_shared_s42/q_RT_g_N/raw.npz", "file": {"bytes": 472467, "sha256": "2750076cf11aaa05ebe17e7dc87e91aa2bc51afa6faec9ac59ebc719075a50fa"}, "installed_gt_cases": 4}
IDENTITY_MISSING_STREAM {"event": "RAW_CLEARED", "condition": "q_RT_g_N"}
IDENTITY_MISSING_STREAM {"event": "RAW_READY", "condition": "q_RT_g_T", "path": "/data/gaob/Re-ID/DeMo-DualAxis/runs/r201i_missing49_20261007/full/RGBNT201_r201i_axis_shared_s42/q_RT_g_T/raw.npz", "file": {"bytes": 9433732, "sha256": "8334771c19bac93c45b994c96d28869f696d13251465f14695cc72b264f1fc93"}, "installed_gt_cases": 4}
IDENTITY_MISSING_STREAM {"event": "RAW_CLEARED", "condition": "q_RT_g_T"}
IDENTITY_MISSING_STREAM {"event": "RAW_READY", "condition": "q_RT_g_RN", "path": "/data/gaob/Re-ID/DeMo-DualAxis/runs/r201i_missing49_20261007/full/RGBNT201_r201i_axis_shared_s42/q_RT_g_RN/raw.npz", "file": {"bytes": 9344837, "sha256": "b87eed75f99df4a25db99560734ad304127e71cf8a797d223d937441fc262c6a"}, "installed_gt_cases": 4}
IDENTITY_MISSING_STREAM {"event": "RAW_CLEARED", "condition": "q_RT_g_RN"}
IDENTITY_MISSING_STREAM {"event": "RAW_READY", "condition": "q_RT_g_RT", "path": "/data/gaob/Re-ID/DeMo-DualAxis/runs/r201i_missing49_20261007/full/RGBNT201_r201i_axis_shared_s42/q_RT_g_RT/raw.npz", "file": {"bytes": 9548053, "sha256": "dca4a0fd9e6e0d06a3af3734ebd19f6cc62bf25c33f926b25bf114776a03394f"}, "installed_gt_cases": 4}
IDENTITY_MISSING_STREAM {"event": "RAW_CLEARED", "condition": "q_RT_g_RT"}
IDENTITY_MISSING_STREAM {"event": "RAW_READY", "condition": "q_RT_g_NT", "path": "/data/gaob/Re-ID/DeMo-DualAxis/runs/r201i_missing49_20261007/full/RGBNT201_r201i_axis_shared_s42/q_RT_g_NT/raw.npz", "file": {"bytes": 9356674, "sha256": "f3e5e3b66cd6774d699a5eafe74d013cecfcf3f7e811b8ab0c5c547f33433355"}, "installed_gt_cases": 4}
IDENTITY_MISSING_STREAM {"event": "RAW_CLEARED", "condition": "q_RT_g_NT"}
IDENTITY_MISSING_STREAM {"event": "RAW_READY", "condition": "q_NT_g_RNT", "path": "/data/gaob/Re-ID/DeMo-DualAxis/runs/r201i_missing49_20261007/full/RGBNT201_r201i_axis_shared_s42/q_NT_g_RNT/raw.npz", "file": {"bytes": 9439620, "sha256": "d435b0d88104890fb20f2e00dd359225a7364c60e89fc2ffa2707c2b47021f8c"}, "installed_gt_cases": 4}
IDENTITY_MISSING_STREAM {"event": "RAW_CLEARED", "condition": "q_NT_g_RNT"}
IDENTITY_MISSING_STREAM {"event": "RAW_READY", "condition": "q_NT_g_R", "path": "/data/gaob/Re-ID/DeMo-DualAxis/runs/r201i_missing49_20261007/full/RGBNT201_r201i_axis_shared_s42/q_NT_g_R/raw.npz", "file": {"bytes": 476494, "sha256": "7b12a9f45320d5be5d5153d94d41c9ae81fd71c7a15433c3ebab0263be9760f6"}, "installed_gt_cases": 4}
IDENTITY_MISSING_STREAM {"event": "RAW_CLEARED", "condition": "q_NT_g_R"}
IDENTITY_MISSING_STREAM {"event": "RAW_READY", "condition": "q_NT_g_N", "path": "/data/gaob/Re-ID/DeMo-DualAxis/runs/r201i_missing49_20261007/full/RGBNT201_r201i_axis_shared_s42/q_NT_g_N/raw.npz", "file": {"bytes": 9434524, "sha256": "0c30dd639f284985a797828c4c4626f9458b49d65afc2c590321fe47f9371dad"}, "installed_gt_cases": 4}
IDENTITY_MISSING_STREAM {"event": "RAW_CLEARED", "condition": "q_NT_g_N"}
IDENTITY_MISSING_STREAM {"event": "RAW_READY", "condition": "q_NT_g_T", "path": "/data/gaob/Re-ID/DeMo-DualAxis/runs/r201i_missing49_20261007/full/RGBNT201_r201i_axis_shared_s42/q_NT_g_T/raw.npz", "file": {"bytes": 9428056, "sha256": "210517d3624fd292bff79788d2cbd8a6195b271cfb5b908afc25480fe004ecd7"}, "installed_gt_cases": 4}
IDENTITY_MISSING_STREAM {"event": "RAW_CLEARED", "condition": "q_NT_g_T"}
IDENTITY_MISSING_STREAM {"event": "RAW_READY", "condition": "q_NT_g_RN", "path": "/data/gaob/Re-ID/DeMo-DualAxis/runs/r201i_missing49_20261007/full/RGBNT201_r201i_axis_shared_s42/q_NT_g_RN/raw.npz", "file": {"bytes": 9333636, "sha256": "46d787964b506bda16be251c34f86793215aa7063f7233300938111c4a822d95"}, "installed_gt_cases": 4}
IDENTITY_MISSING_STREAM {"event": "RAW_CLEARED", "condition": "q_NT_g_RN"}
IDENTITY_MISSING_STREAM {"event": "RAW_READY", "condition": "q_NT_g_RT", "path": "/data/gaob/Re-ID/DeMo-DualAxis/runs/r201i_missing49_20261007/full/RGBNT201_r201i_axis_shared_s42/q_NT_g_RT/raw.npz", "file": {"bytes": 9354911, "sha256": "b5754c44b928deaec3e95ce9e37ff01bbe92050bf9343caee1e9fb38cef3911b"}, "installed_gt_cases": 4}
IDENTITY_MISSING_STREAM {"event": "RAW_CLEARED", "condition": "q_NT_g_RT"}
IDENTITY_MISSING_STREAM {"event": "RAW_READY", "condition": "q_NT_g_NT", "path": "/data/gaob/Re-ID/DeMo-DualAxis/runs/r201i_missing49_20261007/full/RGBNT201_r201i_axis_shared_s42/q_NT_g_NT/raw.npz", "file": {"bytes": 9559092, "sha256": "cf17199938658be892e4408a49164bd71ce289f77061736dd7bb18a13425cf3a"}, "installed_gt_cases": 4}
IDENTITY_MISSING_STREAM {"event": "RAW_CLEARED", "condition": "q_NT_g_NT"}
IDENTITY_MISSING_STREAM {"event": "EVALUATION_COMPLETE", "conditions": 49, "cases": 196, "optimizer_updates": 0}
