/data/gaob/Re-ID/conda-envs/tri_reid/lib/python3.10/site-packages/timm/models/helpers.py:7: FutureWarning: Importing from timm.models.helpers is deprecated, please import via timm.models
  warnings.warn(f"Importing from {__name__} is deprecated, please import via timm.models", FutureWarning)
/data/gaob/Re-ID/conda-envs/tri_reid/lib/python3.10/site-packages/timm/models/registry.py:4: FutureWarning: Importing from timm.models.registry is deprecated, please import via timm.models
  warnings.warn(f"Importing from {__name__} is deprecated, please import via timm.models", FutureWarning)
/data/gaob/Re-ID/conda-envs/tri_reid/lib/python3.10/site-packages/timm/models/layers/__init__.py:48: FutureWarning: Importing from timm.models.layers is deprecated, please import via timm.layers
  warnings.warn(f"Importing from {__name__} is deprecated, please import via timm.layers", FutureWarning)
using Transformer_type: ViT-B-16 as a backbone
Resized position embedding: %s to %s torch.Size([197, 768]) torch.Size([129, 768])
Position embedding resize to height:8 width: 16
Successfully load ckpt!
<All keys matched successfully>
Loading pretrained model from CLIP
camera number is : 8
N_IDENTITY_MISSING_FEATURE_BANKS_CPU_ONLY {"available_sets": 7, "cuda_allocated_bytes": 413101568, "new_optimizer_updates": 0}
PAPER_MISSING6_STREAM {"event": "RAW_READY", "condition": "q_NT_g_NT", "path": "/data/gaob/Re-ID/DeMo-DualAxis/runs/r201n_paper_missing6_20261009/full/MSVR310_r201n_frequency_shared_s42/q_NT_g_NT/raw.npz", "file": {"bytes": 8587431, "sha256": "cf4518ea67823787063177362290c33f1f808392ebd5f0194e9641e136b585df"}, "installed_gt_cases": 4}
PAPER_MISSING6_STREAM {"event": "RAW_CLEARED", "condition": "q_NT_g_NT"}
PAPER_MISSING6_STREAM {"event": "RAW_READY", "condition": "q_RT_g_RT", "path": "/data/gaob/Re-ID/DeMo-DualAxis/runs/r201n_paper_missing6_20261009/full/MSVR310_r201n_frequency_shared_s42/q_RT_g_RT/raw.npz", "file": {"bytes": 8536218, "sha256": "8f26cced08ecc2f7257c49e78e766f9d7a0ac2d86afa4294d9c3d7a9df966f24"}, "installed_gt_cases": 4}
PAPER_MISSING6_STREAM {"event": "RAW_CLEARED", "condition": "q_RT_g_RT"}
PAPER_MISSING6_STREAM {"event": "RAW_READY", "condition": "q_RN_g_RN", "path": "/data/gaob/Re-ID/DeMo-DualAxis/runs/r201n_paper_missing6_20261009/full/MSVR310_r201n_frequency_shared_s42/q_RN_g_RN/raw.npz", "file": {"bytes": 8531359, "sha256": "111593f9c343c03a9ae937c58650127e56b89894283bcd67dd6cc2b2fea0486f"}, "installed_gt_cases": 4}
PAPER_MISSING6_STREAM {"event": "RAW_CLEARED", "condition": "q_RN_g_RN"}
PAPER_MISSING6_STREAM {"event": "RAW_READY", "condition": "q_T_g_T", "path": "/data/gaob/Re-ID/DeMo-DualAxis/runs/r201n_paper_missing6_20261009/full/MSVR310_r201n_frequency_shared_s42/q_T_g_T/raw.npz", "file": {"bytes": 8524006, "sha256": "2188cbfacc4cf389685ac9edd61c6d6b5905c16f8178f396b6123f19d0683666"}, "installed_gt_cases": 4}
PAPER_MISSING6_STREAM {"event": "RAW_CLEARED", "condition": "q_T_g_T"}
PAPER_MISSING6_STREAM {"event": "RAW_READY", "condition": "q_N_g_N", "path": "/data/gaob/Re-ID/DeMo-DualAxis/runs/r201n_paper_missing6_20261009/full/MSVR310_r201n_frequency_shared_s42/q_N_g_N/raw.npz", "file": {"bytes": 8556697, "sha256": "8544e5a000cdbce45d1541d9f65d84cfd160294061a949078a12475f3b1cbc0c"}, "installed_gt_cases": 4}
PAPER_MISSING6_STREAM {"event": "RAW_CLEARED", "condition": "q_N_g_N"}
PAPER_MISSING6_STREAM {"event": "RAW_READY", "condition": "q_R_g_R", "path": "/data/gaob/Re-ID/DeMo-DualAxis/runs/r201n_paper_missing6_20261009/full/MSVR310_r201n_frequency_shared_s42/q_R_g_R/raw.npz", "file": {"bytes": 8540450, "sha256": "1842f71619f0d7b593c22a1e187cc20168f7c5b0e30e379e7b91e1f6780138e6"}, "installed_gt_cases": 4}
PAPER_MISSING6_STREAM {"event": "RAW_CLEARED", "condition": "q_R_g_R"}
PAPER_MISSING6_STREAM {"event": "EVALUATION_COMPLETE", "conditions": 6, "cases": 24, "optimizer_updates": 0}
