/data/gaob/Re-ID/conda-envs/tri_reid/lib/python3.10/site-packages/timm/models/helpers.py:7: FutureWarning: Importing from timm.models.helpers is deprecated, please import via timm.models
  warnings.warn(f"Importing from {__name__} is deprecated, please import via timm.models", FutureWarning)
/data/gaob/Re-ID/conda-envs/tri_reid/lib/python3.10/site-packages/timm/models/registry.py:4: FutureWarning: Importing from timm.models.registry is deprecated, please import via timm.models
  warnings.warn(f"Importing from {__name__} is deprecated, please import via timm.models", FutureWarning)
/data/gaob/Re-ID/conda-envs/tri_reid/lib/python3.10/site-packages/timm/models/layers/__init__.py:48: FutureWarning: Importing from timm.models.layers is deprecated, please import via timm.layers
  warnings.warn(f"Importing from {__name__} is deprecated, please import via timm.layers", FutureWarning)
using Transformer_type: ViT-B-16 as a backbone
Resized position embedding: %s to %s torch.Size([197, 768]) torch.Size([129, 768])
Position embedding resize to height:8 width: 16
Successfully load ckpt!
<All keys matched successfully>
Loading pretrained model from CLIP
camera number is : 8
N_IDENTITY_MISSING_FEATURE_BANKS_CPU_ONLY {"available_sets": 7, "cuda_allocated_bytes": 408156160, "new_optimizer_updates": 0}
PAPER_MISSING6_STREAM {"event": "RAW_READY", "condition": "q_NT_g_NT", "path": "/data/gaob/Re-ID/DeMo-DualAxis/runs/r201n_paper_missing6_20261009/full/RGBNT100_r201n_axis_shared_s42/q_NT_g_NT/raw.npz", "file": {"bytes": 200772251, "sha256": "3e8955157c2bdcf3c1da8c85c02d10d7c0dab4cdc59273524c58caea9c2b5779"}, "installed_gt_cases": 4}
PAPER_MISSING6_STREAM {"event": "RAW_CLEARED", "condition": "q_NT_g_NT"}
PAPER_MISSING6_STREAM {"event": "RAW_READY", "condition": "q_RT_g_RT", "path": "/data/gaob/Re-ID/DeMo-DualAxis/runs/r201n_paper_missing6_20261009/full/RGBNT100_r201n_axis_shared_s42/q_RT_g_RT/raw.npz", "file": {"bytes": 200278046, "sha256": "38d20fb4524b1adf4b09f1c5b23687620a188ba92dd6deb5b73ca20e04f7426d"}, "installed_gt_cases": 4}
PAPER_MISSING6_STREAM {"event": "RAW_CLEARED", "condition": "q_RT_g_RT"}
PAPER_MISSING6_STREAM {"event": "RAW_READY", "condition": "q_RN_g_RN", "path": "/data/gaob/Re-ID/DeMo-DualAxis/runs/r201n_paper_missing6_20261009/full/RGBNT100_r201n_axis_shared_s42/q_RN_g_RN/raw.npz", "file": {"bytes": 200851720, "sha256": "07e6809ad31e5537efafdbf09c94addf0ae0c6c23c59e6f6853bb4172908d91d"}, "installed_gt_cases": 4}
PAPER_MISSING6_STREAM {"event": "RAW_CLEARED", "condition": "q_RN_g_RN"}
PAPER_MISSING6_STREAM {"event": "RAW_READY", "condition": "q_T_g_T", "path": "/data/gaob/Re-ID/DeMo-DualAxis/runs/r201n_paper_missing6_20261009/full/RGBNT100_r201n_axis_shared_s42/q_T_g_T/raw.npz", "file": {"bytes": 194890853, "sha256": "2bd20a500cbc8c4420cfee8ac9737b66d52af5a59acdd90bee85b3b86c0f5b83"}, "installed_gt_cases": 4}
PAPER_MISSING6_STREAM {"event": "RAW_CLEARED", "condition": "q_T_g_T"}
PAPER_MISSING6_STREAM {"event": "RAW_READY", "condition": "q_N_g_N", "path": "/data/gaob/Re-ID/DeMo-DualAxis/runs/r201n_paper_missing6_20261009/full/RGBNT100_r201n_axis_shared_s42/q_N_g_N/raw.npz", "file": {"bytes": 201628657, "sha256": "95a9efb52c60b679c9601ca2e883937ab0bb99baf951afa60933c6bbdd78cdf0"}, "installed_gt_cases": 4}
PAPER_MISSING6_STREAM {"event": "RAW_CLEARED", "condition": "q_N_g_N"}
PAPER_MISSING6_STREAM {"event": "RAW_READY", "condition": "q_R_g_R", "path": "/data/gaob/Re-ID/DeMo-DualAxis/runs/r201n_paper_missing6_20261009/full/RGBNT100_r201n_axis_shared_s42/q_R_g_R/raw.npz", "file": {"bytes": 203154001, "sha256": "2be9531ac4bfab9520f2aa24dab6a30ba530f8a04fca280f9be42bf52c356b4d"}, "installed_gt_cases": 4}
PAPER_MISSING6_STREAM {"event": "RAW_CLEARED", "condition": "q_R_g_R"}
PAPER_MISSING6_STREAM {"event": "EVALUATION_COMPLETE", "conditions": 6, "cases": 24, "optimizer_updates": 0}
