/data/gaob/Re-ID/conda-envs/tri_reid/lib/python3.10/site-packages/timm/models/helpers.py:7: FutureWarning: Importing from timm.models.helpers is deprecated, please import via timm.models
  warnings.warn(f"Importing from {__name__} is deprecated, please import via timm.models", FutureWarning)
/data/gaob/Re-ID/conda-envs/tri_reid/lib/python3.10/site-packages/timm/models/registry.py:4: FutureWarning: Importing from timm.models.registry is deprecated, please import via timm.models
  warnings.warn(f"Importing from {__name__} is deprecated, please import via timm.models", FutureWarning)
/data/gaob/Re-ID/conda-envs/tri_reid/lib/python3.10/site-packages/timm/models/layers/__init__.py:48: FutureWarning: Importing from timm.models.layers is deprecated, please import via timm.layers
  warnings.warn(f"Importing from {__name__} is deprecated, please import via timm.layers", FutureWarning)
using Transformer_type: ViT-B-16 as a backbone
Resized position embedding: %s to %s torch.Size([197, 768]) torch.Size([129, 768])
Position embedding resize to height:8 width: 16
Successfully load ckpt!
<All keys matched successfully>
Loading pretrained model from CLIP
camera number is : 8
DEVELOPMENT_MISSING_CONDITION q_RNT_g_RNT {"mAP": 46.83563479410853, "mINP": 33.084630743189535, "Rank-1": 59.04761904761905, "Rank-5": 70.0, "Rank-10": 76.66666666666667, "Rank-20": 80.95238095238095}
DEVELOPMENT_MISSING_CONDITION q_RNT_g_NT {"mAP": 43.98107581017711, "mINP": 28.458351640342922, "Rank-1": 56.19047619047619, "Rank-5": 70.0, "Rank-10": 78.0952380952381, "Rank-20": 83.33333333333334}
DEVELOPMENT_MISSING_CONDITION q_RNT_g_RT {"mAP": 42.23497638815441, "mINP": 27.30556597862283, "Rank-1": 54.285714285714285, "Rank-5": 67.14285714285714, "Rank-10": 73.80952380952381, "Rank-20": 80.47619047619048}
DEVELOPMENT_MISSING_CONDITION q_RNT_g_RN {"mAP": 43.27586911605684, "mINP": 31.546406106881285, "Rank-1": 52.38095238095239, "Rank-5": 70.0, "Rank-10": 78.57142857142857, "Rank-20": 84.28571428571429}
DEVELOPMENT_MISSING_CONDITION q_RNT_g_T {"mAP": 16.927361846064297, "mINP": 7.487660699454926, "Rank-1": 25.238095238095237, "Rank-5": 45.714285714285715, "Rank-10": 53.333333333333336, "Rank-20": 65.71428571428571}
DEVELOPMENT_MISSING_CONDITION q_RNT_g_N {"mAP": 39.97183124904854, "mINP": 23.65838472225579, "Rank-1": 49.523809523809526, "Rank-5": 68.57142857142857, "Rank-10": 76.19047619047619, "Rank-20": 82.38095238095238}
DEVELOPMENT_MISSING_CONDITION q_RNT_g_R {"mAP": 37.89504490483838, "mINP": 24.586012035817063, "Rank-1": 49.047619047619044, "Rank-5": 64.76190476190476, "Rank-10": 71.9047619047619, "Rank-20": 78.57142857142857}
DEVELOPMENT_MISSING_CONDITION q_NT_g_RNT {"mAP": 41.66822222906461, "mINP": 26.998327679037825, "Rank-1": 48.57142857142857, "Rank-5": 70.95238095238095, "Rank-10": 76.19047619047619, "Rank-20": 81.42857142857143}
DEVELOPMENT_MISSING_CONDITION q_NT_g_NT {"mAP": 42.92520414552731, "mINP": 26.798776037416257, "Rank-1": 53.333333333333336, "Rank-5": 68.0952380952381, "Rank-10": 77.14285714285715, "Rank-20": 83.80952380952381}
DEVELOPMENT_MISSING_CONDITION q_NT_g_RT {"mAP": 30.354120716405248, "mINP": 16.883933541881245, "Rank-1": 38.57142857142858, "Rank-5": 59.523809523809526, "Rank-10": 63.8095238095238, "Rank-20": 73.80952380952381}
DEVELOPMENT_MISSING_CONDITION q_NT_g_RN {"mAP": 37.421751496289026, "mINP": 25.028626101117833, "Rank-1": 44.285714285714285, "Rank-5": 68.0952380952381, "Rank-10": 76.19047619047619, "Rank-20": 84.76190476190476}
DEVELOPMENT_MISSING_CONDITION q_NT_g_T {"mAP": 18.450814568017755, "mINP": 6.921764217751675, "Rank-1": 32.857142857142854, "Rank-5": 50.95238095238095, "Rank-10": 56.666666666666664, "Rank-20": 61.904761904761905}
DEVELOPMENT_MISSING_CONDITION q_NT_g_N {"mAP": 40.19031570864108, "mINP": 24.11750876950816, "Rank-1": 48.095238095238095, "Rank-5": 69.52380952380952, "Rank-10": 77.14285714285715, "Rank-20": 86.66666666666667}
DEVELOPMENT_MISSING_CONDITION q_NT_g_R {"mAP": 31.195434259347078, "mINP": 18.218190544945383, "Rank-1": 38.57142857142858, "Rank-5": 55.714285714285715, "Rank-10": 66.19047619047619, "Rank-20": 76.19047619047619}
DEVELOPMENT_MISSING_CONDITION q_RT_g_RNT {"mAP": 38.053226731717004, "mINP": 24.50461225633682, "Rank-1": 46.19047619047619, "Rank-5": 65.23809523809524, "Rank-10": 71.9047619047619, "Rank-20": 77.61904761904762}
DEVELOPMENT_MISSING_CONDITION q_RT_g_NT {"mAP": 33.26027634720443, "mINP": 15.848209203792132, "Rank-1": 49.047619047619044, "Rank-5": 64.28571428571429, "Rank-10": 67.61904761904762, "Rank-20": 72.38095238095238}
DEVELOPMENT_MISSING_CONDITION q_RT_g_RT {"mAP": 41.16012730164066, "mINP": 26.156792577638726, "Rank-1": 56.19047619047619, "Rank-5": 68.57142857142857, "Rank-10": 74.76190476190476, "Rank-20": 79.04761904761905}
DEVELOPMENT_MISSING_CONDITION q_RT_g_RN {"mAP": 37.50303948722637, "mINP": 25.03196753619524, "Rank-1": 44.761904761904766, "Rank-5": 67.61904761904762, "Rank-10": 74.28571428571429, "Rank-20": 80.0}
DEVELOPMENT_MISSING_CONDITION q_RT_g_T {"mAP": 19.53667004273654, "mINP": 6.962404987300243, "Rank-1": 34.76190476190476, "Rank-5": 50.0, "Rank-10": 55.714285714285715, "Rank-20": 60.476190476190474}
DEVELOPMENT_MISSING_CONDITION q_RT_g_N {"mAP": 32.13903038603911, "mINP": 17.104052693968207, "Rank-1": 40.476190476190474, "Rank-5": 66.66666666666666, "Rank-10": 73.33333333333333, "Rank-20": 80.95238095238095}
DEVELOPMENT_MISSING_CONDITION q_RT_g_R {"mAP": 36.796275053782196, "mINP": 22.83182873215574, "Rank-1": 46.666666666666664, "Rank-5": 64.76190476190476, "Rank-10": 72.85714285714285, "Rank-20": 80.47619047619048}
DEVELOPMENT_MISSING_CONDITION q_RN_g_RNT {"mAP": 42.699651259654175, "mINP": 28.79932244621789, "Rank-1": 53.80952380952381, "Rank-5": 70.47619047619048, "Rank-10": 76.66666666666667, "Rank-20": 81.9047619047619}
DEVELOPMENT_MISSING_CONDITION q_RN_g_NT {"mAP": 43.51576572401871, "mINP": 27.72121285799428, "Rank-1": 56.19047619047619, "Rank-5": 76.19047619047619, "Rank-10": 79.52380952380952, "Rank-20": 85.71428571428571}
DEVELOPMENT_MISSING_CONDITION q_RN_g_RT {"mAP": 38.748547261885435, "mINP": 25.894008254354162, "Rank-1": 45.714285714285715, "Rank-5": 67.14285714285714, "Rank-10": 75.71428571428571, "Rank-20": 82.38095238095238}
DEVELOPMENT_MISSING_CONDITION q_RN_g_RN {"mAP": 43.8672364955252, "mINP": 30.39693832680646, "Rank-1": 55.714285714285715, "Rank-5": 69.04761904761905, "Rank-10": 78.0952380952381, "Rank-20": 82.38095238095238}
DEVELOPMENT_MISSING_CONDITION q_RN_g_T {"mAP": 11.170128709245912, "mINP": 5.48273190875184, "Rank-1": 10.476190476190476, "Rank-5": 28.095238095238095, "Rank-10": 39.04761904761905, "Rank-20": 51.90476190476191}
DEVELOPMENT_MISSING_CONDITION q_RN_g_N {"mAP": 41.33524265894102, "mINP": 24.856023569705812, "Rank-1": 52.85714285714286, "Rank-5": 68.0952380952381, "Rank-10": 77.14285714285715, "Rank-20": 85.23809523809524}
DEVELOPMENT_MISSING_CONDITION q_RN_g_R {"mAP": 38.445408760329414, "mINP": 24.681379878109315, "Rank-1": 49.523809523809526, "Rank-5": 66.19047619047619, "Rank-10": 73.80952380952381, "Rank-20": 80.47619047619048}
DEVELOPMENT_MISSING_CONDITION q_T_g_RNT {"mAP": 13.01779463778223, "mINP": 7.521158452096122, "Rank-1": 12.857142857142856, "Rank-5": 27.142857142857142, "Rank-10": 33.33333333333333, "Rank-20": 45.23809523809524}
DEVELOPMENT_MISSING_CONDITION q_T_g_NT {"mAP": 13.489045800815369, "mINP": 6.356851089746483, "Rank-1": 16.666666666666664, "Rank-5": 35.714285714285715, "Rank-10": 43.80952380952381, "Rank-20": 54.761904761904766}
DEVELOPMENT_MISSING_CONDITION q_T_g_RT {"mAP": 14.795362690606606, "mINP": 6.094458146843265, "Rank-1": 21.428571428571427, "Rank-5": 38.57142857142858, "Rank-10": 46.19047619047619, "Rank-20": 57.14285714285714}
DEVELOPMENT_MISSING_CONDITION q_T_g_RN {"mAP": 10.633077340033584, "mINP": 8.236639604926543, "Rank-1": 6.666666666666667, "Rank-5": 19.047619047619047, "Rank-10": 26.666666666666668, "Rank-20": 37.142857142857146}
DEVELOPMENT_MISSING_CONDITION q_T_g_T {"mAP": 17.481579326934188, "mINP": 6.303005738149483, "Rank-1": 34.285714285714285, "Rank-5": 49.047619047619044, "Rank-10": 56.666666666666664, "Rank-20": 60.952380952380956}
DEVELOPMENT_MISSING_CONDITION q_T_g_N {"mAP": 9.116294107820222, "mINP": 5.8937296932905285, "Rank-1": 5.238095238095238, "Rank-5": 17.142857142857142, "Rank-10": 27.142857142857142, "Rank-20": 40.95238095238095}
DEVELOPMENT_MISSING_CONDITION q_T_g_R {"mAP": 9.707982730552708, "mINP": 7.096438863449368, "Rank-1": 4.761904761904762, "Rank-5": 20.0, "Rank-10": 30.952380952380953, "Rank-20": 45.23809523809524}
DEVELOPMENT_MISSING_CONDITION q_N_g_RNT {"mAP": 41.91653841789566, "mINP": 26.92810539161128, "Rank-1": 50.95238095238095, "Rank-5": 72.38095238095238, "Rank-10": 76.66666666666667, "Rank-20": 85.23809523809524}
DEVELOPMENT_MISSING_CONDITION q_N_g_NT {"mAP": 42.56489193114314, "mINP": 26.346534768924236, "Rank-1": 53.80952380952381, "Rank-5": 75.23809523809524, "Rank-10": 80.47619047619048, "Rank-20": 86.66666666666667}
DEVELOPMENT_MISSING_CONDITION q_N_g_RT {"mAP": 30.403696048663786, "mINP": 20.292841078851946, "Rank-1": 31.428571428571427, "Rank-5": 58.0952380952381, "Rank-10": 69.52380952380952, "Rank-20": 80.95238095238095}
DEVELOPMENT_MISSING_CONDITION q_N_g_RN {"mAP": 37.62691475391344, "mINP": 25.177749431490465, "Rank-1": 45.714285714285715, "Rank-5": 69.04761904761905, "Rank-10": 77.61904761904762, "Rank-20": 86.19047619047619}
DEVELOPMENT_MISSING_CONDITION q_N_g_T {"mAP": 9.655182089808527, "mINP": 5.599238654877121, "Rank-1": 8.095238095238095, "Rank-5": 22.857142857142858, "Rank-10": 33.33333333333333, "Rank-20": 53.333333333333336}
DEVELOPMENT_MISSING_CONDITION q_N_g_N {"mAP": 39.925383565703996, "mINP": 23.86487372515103, "Rank-1": 48.095238095238095, "Rank-5": 69.52380952380952, "Rank-10": 76.66666666666667, "Rank-20": 85.71428571428571}
DEVELOPMENT_MISSING_CONDITION q_N_g_R {"mAP": 30.16240836079376, "mINP": 18.97685790487043, "Rank-1": 37.142857142857146, "Rank-5": 55.714285714285715, "Rank-10": 63.8095238095238, "Rank-20": 74.28571428571429}
DEVELOPMENT_MISSING_CONDITION q_R_g_RNT {"mAP": 34.26908922135014, "mINP": 23.337994039529846, "Rank-1": 40.0, "Rank-5": 61.904761904761905, "Rank-10": 71.9047619047619, "Rank-20": 80.0}
DEVELOPMENT_MISSING_CONDITION q_R_g_NT {"mAP": 30.64102719774875, "mINP": 17.82550055675937, "Rank-1": 31.9047619047619, "Rank-5": 62.38095238095238, "Rank-10": 71.42857142857143, "Rank-20": 81.42857142857143}
DEVELOPMENT_MISSING_CONDITION q_R_g_RT {"mAP": 36.43023446779723, "mINP": 23.229085148383483, "Rank-1": 45.714285714285715, "Rank-5": 66.66666666666666, "Rank-10": 76.66666666666667, "Rank-20": 82.38095238095238}
DEVELOPMENT_MISSING_CONDITION q_R_g_RN {"mAP": 35.59172039126901, "mINP": 23.813889205069696, "Rank-1": 43.80952380952381, "Rank-5": 65.23809523809524, "Rank-10": 73.33333333333333, "Rank-20": 80.95238095238095}
DEVELOPMENT_MISSING_CONDITION q_R_g_T {"mAP": 9.522170950356196, "mINP": 5.40649226476361, "Rank-1": 6.666666666666667, "Rank-5": 26.190476190476193, "Rank-10": 36.666666666666664, "Rank-20": 51.42857142857142}
DEVELOPMENT_MISSING_CONDITION q_R_g_N {"mAP": 31.211052165090216, "mINP": 17.412457947243396, "Rank-1": 38.095238095238095, "Rank-5": 65.23809523809524, "Rank-10": 76.19047619047619, "Rank-20": 82.85714285714286}
DEVELOPMENT_MISSING_CONDITION q_R_g_R {"mAP": 36.8564883469508, "mINP": 22.845663558028154, "Rank-1": 47.61904761904761, "Rank-5": 64.28571428571429, "Rank-10": 74.28571428571429, "Rank-20": 81.9047619047619}
