/data/gaob/Re-ID/conda-envs/tri_reid/lib/python3.10/site-packages/timm/models/helpers.py:7: FutureWarning: Importing from timm.models.helpers is deprecated, please import via timm.models
  warnings.warn(f"Importing from {__name__} is deprecated, please import via timm.models", FutureWarning)
/data/gaob/Re-ID/conda-envs/tri_reid/lib/python3.10/site-packages/timm/models/registry.py:4: FutureWarning: Importing from timm.models.registry is deprecated, please import via timm.models
  warnings.warn(f"Importing from {__name__} is deprecated, please import via timm.models", FutureWarning)
/data/gaob/Re-ID/conda-envs/tri_reid/lib/python3.10/site-packages/timm/models/layers/__init__.py:48: FutureWarning: Importing from timm.models.layers is deprecated, please import via timm.layers
  warnings.warn(f"Importing from {__name__} is deprecated, please import via timm.layers", FutureWarning)
using Transformer_type: ViT-B-16 as a backbone
Resized position embedding: %s to %s torch.Size([197, 768]) torch.Size([129, 768])
Position embedding resize to height:8 width: 16
Successfully load ckpt!
<All keys matched successfully>
Loading pretrained model from CLIP
camera number is : 8
DEVELOPMENT_MISSING_CONDITION q_RNT_g_RNT {"mAP": 46.657998119826786, "mINP": 33.38827991736408, "Rank-1": 58.0952380952381, "Rank-5": 71.9047619047619, "Rank-10": 75.71428571428571, "Rank-20": 79.52380952380952}
DEVELOPMENT_MISSING_CONDITION q_RNT_g_NT {"mAP": 43.721457427407515, "mINP": 28.88976953833613, "Rank-1": 52.85714285714286, "Rank-5": 73.33333333333333, "Rank-10": 78.57142857142857, "Rank-20": 81.9047619047619}
DEVELOPMENT_MISSING_CONDITION q_RNT_g_RT {"mAP": 44.66982694121582, "mINP": 29.25293793317313, "Rank-1": 57.14285714285714, "Rank-5": 69.52380952380952, "Rank-10": 75.23809523809524, "Rank-20": 79.52380952380952}
DEVELOPMENT_MISSING_CONDITION q_RNT_g_RN {"mAP": 45.110922107677645, "mINP": 31.50534888294362, "Rank-1": 58.57142857142858, "Rank-5": 72.38095238095238, "Rank-10": 75.23809523809524, "Rank-20": 82.85714285714286}
DEVELOPMENT_MISSING_CONDITION q_RNT_g_T {"mAP": 19.410939994223295, "mINP": 6.891660558726972, "Rank-1": 28.57142857142857, "Rank-5": 52.85714285714286, "Rank-10": 57.14285714285714, "Rank-20": 71.42857142857143}
DEVELOPMENT_MISSING_CONDITION q_RNT_g_N {"mAP": 40.652930083463055, "mINP": 24.42389792301077, "Rank-1": 53.333333333333336, "Rank-5": 72.85714285714285, "Rank-10": 78.57142857142857, "Rank-20": 82.85714285714286}
DEVELOPMENT_MISSING_CONDITION q_RNT_g_R {"mAP": 40.30954651923446, "mINP": 26.730956507438254, "Rank-1": 53.333333333333336, "Rank-5": 66.19047619047619, "Rank-10": 74.28571428571429, "Rank-20": 77.61904761904762}
DEVELOPMENT_MISSING_CONDITION q_NT_g_RNT {"mAP": 42.08143916803764, "mINP": 29.066589204312614, "Rank-1": 50.0, "Rank-5": 73.80952380952381, "Rank-10": 75.23809523809524, "Rank-20": 79.52380952380952}
DEVELOPMENT_MISSING_CONDITION q_NT_g_NT {"mAP": 44.26914293378162, "mINP": 29.836328875370466, "Rank-1": 58.0952380952381, "Rank-5": 71.9047619047619, "Rank-10": 78.0952380952381, "Rank-20": 86.19047619047619}
DEVELOPMENT_MISSING_CONDITION q_NT_g_RT {"mAP": 35.28974045463272, "mINP": 20.061556486919354, "Rank-1": 45.23809523809524, "Rank-5": 68.57142857142857, "Rank-10": 73.80952380952381, "Rank-20": 80.95238095238095}
DEVELOPMENT_MISSING_CONDITION q_NT_g_RN {"mAP": 39.577350281595024, "mINP": 27.3255230201946, "Rank-1": 47.14285714285714, "Rank-5": 70.0, "Rank-10": 75.71428571428571, "Rank-20": 80.47619047619048}
DEVELOPMENT_MISSING_CONDITION q_NT_g_T {"mAP": 21.782986847369514, "mINP": 7.327641207048726, "Rank-1": 32.857142857142854, "Rank-5": 55.23809523809524, "Rank-10": 66.66666666666666, "Rank-20": 71.9047619047619}
DEVELOPMENT_MISSING_CONDITION q_NT_g_N {"mAP": 40.97903102499584, "mINP": 24.869036810418045, "Rank-1": 51.90476190476191, "Rank-5": 72.85714285714285, "Rank-10": 80.0, "Rank-20": 83.80952380952381}
DEVELOPMENT_MISSING_CONDITION q_NT_g_R {"mAP": 30.95116644502945, "mINP": 19.26434899824974, "Rank-1": 35.23809523809524, "Rank-5": 61.42857142857143, "Rank-10": 68.0952380952381, "Rank-20": 79.04761904761905}
DEVELOPMENT_MISSING_CONDITION q_RT_g_RNT {"mAP": 41.935304977377676, "mINP": 26.969068715162432, "Rank-1": 53.80952380952381, "Rank-5": 68.0952380952381, "Rank-10": 72.38095238095238, "Rank-20": 80.0}
DEVELOPMENT_MISSING_CONDITION q_RT_g_NT {"mAP": 35.77464038748699, "mINP": 18.68259109636387, "Rank-1": 48.095238095238095, "Rank-5": 64.76190476190476, "Rank-10": 72.38095238095238, "Rank-20": 79.04761904761905}
DEVELOPMENT_MISSING_CONDITION q_RT_g_RT {"mAP": 43.867460187070826, "mINP": 28.01467004965998, "Rank-1": 56.19047619047619, "Rank-5": 69.04761904761905, "Rank-10": 72.38095238095238, "Rank-20": 78.57142857142857}
DEVELOPMENT_MISSING_CONDITION q_RT_g_RN {"mAP": 41.13523933369915, "mINP": 27.341769291889555, "Rank-1": 53.333333333333336, "Rank-5": 66.66666666666666, "Rank-10": 75.71428571428571, "Rank-20": 79.04761904761905}
DEVELOPMENT_MISSING_CONDITION q_RT_g_T {"mAP": 23.108709861139225, "mINP": 7.682495147830778, "Rank-1": 36.666666666666664, "Rank-5": 53.80952380952381, "Rank-10": 60.952380952380956, "Rank-20": 70.0}
DEVELOPMENT_MISSING_CONDITION q_RT_g_N {"mAP": 33.789451423963285, "mINP": 16.073702806394472, "Rank-1": 43.80952380952381, "Rank-5": 69.04761904761905, "Rank-10": 77.14285714285715, "Rank-20": 81.9047619047619}
DEVELOPMENT_MISSING_CONDITION q_RT_g_R {"mAP": 39.004079409607826, "mINP": 24.852626498197026, "Rank-1": 53.333333333333336, "Rank-5": 65.23809523809524, "Rank-10": 73.80952380952381, "Rank-20": 79.04761904761905}
DEVELOPMENT_MISSING_CONDITION q_RN_g_RNT {"mAP": 44.63410224996189, "mINP": 31.56557342251914, "Rank-1": 55.23809523809524, "Rank-5": 70.47619047619048, "Rank-10": 75.23809523809524, "Rank-20": 80.0}
DEVELOPMENT_MISSING_CONDITION q_RN_g_NT {"mAP": 41.4611344843585, "mINP": 26.76431568780009, "Rank-1": 50.476190476190474, "Rank-5": 73.33333333333333, "Rank-10": 79.52380952380952, "Rank-20": 85.23809523809524}
DEVELOPMENT_MISSING_CONDITION q_RN_g_RT {"mAP": 41.82764925923194, "mINP": 27.629449993342455, "Rank-1": 52.85714285714286, "Rank-5": 69.04761904761905, "Rank-10": 73.80952380952381, "Rank-20": 80.95238095238095}
DEVELOPMENT_MISSING_CONDITION q_RN_g_RN {"mAP": 43.883991393515025, "mINP": 30.326344502440982, "Rank-1": 55.23809523809524, "Rank-5": 70.47619047619048, "Rank-10": 75.71428571428571, "Rank-20": 82.38095238095238}
DEVELOPMENT_MISSING_CONDITION q_RN_g_T {"mAP": 11.799930303704086, "mINP": 6.161610212534686, "Rank-1": 9.047619047619047, "Rank-5": 27.61904761904762, "Rank-10": 41.904761904761905, "Rank-20": 53.333333333333336}
DEVELOPMENT_MISSING_CONDITION q_RN_g_N {"mAP": 40.35293037544791, "mINP": 23.59999960144679, "Rank-1": 51.90476190476191, "Rank-5": 74.28571428571429, "Rank-10": 80.95238095238095, "Rank-20": 83.80952380952381}
DEVELOPMENT_MISSING_CONDITION q_RN_g_R {"mAP": 39.214237867620476, "mINP": 25.36187849743013, "Rank-1": 51.42857142857142, "Rank-5": 66.66666666666666, "Rank-10": 73.33333333333333, "Rank-20": 80.0}
DEVELOPMENT_MISSING_CONDITION q_T_g_RNT {"mAP": 15.781741971463015, "mINP": 9.385996294739423, "Rank-1": 15.238095238095239, "Rank-5": 37.61904761904762, "Rank-10": 46.666666666666664, "Rank-20": 58.0952380952381}
DEVELOPMENT_MISSING_CONDITION q_T_g_NT {"mAP": 18.325237124562744, "mINP": 8.902223975798579, "Rank-1": 24.285714285714285, "Rank-5": 44.285714285714285, "Rank-10": 55.714285714285715, "Rank-20": 62.38095238095238}
DEVELOPMENT_MISSING_CONDITION q_T_g_RT {"mAP": 19.726910358945972, "mINP": 8.41629100960999, "Rank-1": 26.190476190476193, "Rank-5": 51.42857142857142, "Rank-10": 59.523809523809526, "Rank-20": 70.0}
DEVELOPMENT_MISSING_CONDITION q_T_g_RN {"mAP": 11.744785609214764, "mINP": 8.834120143272843, "Rank-1": 7.142857142857142, "Rank-5": 16.666666666666664, "Rank-10": 24.285714285714285, "Rank-20": 34.76190476190476}
DEVELOPMENT_MISSING_CONDITION q_T_g_T {"mAP": 20.792959081369798, "mINP": 7.768332583871676, "Rank-1": 33.80952380952381, "Rank-5": 52.85714285714286, "Rank-10": 61.904761904761905, "Rank-20": 68.0952380952381}
DEVELOPMENT_MISSING_CONDITION q_T_g_N {"mAP": 11.937630487897708, "mINP": 7.835479926554778, "Rank-1": 10.476190476190476, "Rank-5": 22.857142857142858, "Rank-10": 30.476190476190478, "Rank-20": 38.57142857142858}
DEVELOPMENT_MISSING_CONDITION q_T_g_R {"mAP": 10.243046657900267, "mINP": 7.724377137178433, "Rank-1": 6.190476190476191, "Rank-5": 14.761904761904763, "Rank-10": 23.333333333333332, "Rank-20": 39.04761904761905}
DEVELOPMENT_MISSING_CONDITION q_N_g_RNT {"mAP": 39.52422778013174, "mINP": 26.229873422686232, "Rank-1": 47.14285714285714, "Rank-5": 70.0, "Rank-10": 76.19047619047619, "Rank-20": 80.95238095238095}
DEVELOPMENT_MISSING_CONDITION q_N_g_NT {"mAP": 42.07247436558492, "mINP": 27.22429469197033, "Rank-1": 51.90476190476191, "Rank-5": 75.23809523809524, "Rank-10": 82.38095238095238, "Rank-20": 88.57142857142857}
DEVELOPMENT_MISSING_CONDITION q_N_g_RT {"mAP": 30.835501745116016, "mINP": 19.568503307673566, "Rank-1": 33.80952380952381, "Rank-5": 58.57142857142858, "Rank-10": 70.47619047619048, "Rank-20": 81.42857142857143}
DEVELOPMENT_MISSING_CONDITION q_N_g_RN {"mAP": 37.85169197626987, "mINP": 25.704643393541147, "Rank-1": 47.14285714285714, "Rank-5": 69.04761904761905, "Rank-10": 74.28571428571429, "Rank-20": 80.95238095238095}
DEVELOPMENT_MISSING_CONDITION q_N_g_T {"mAP": 12.631641692331192, "mINP": 6.355176488231036, "Rank-1": 12.857142857142856, "Rank-5": 24.761904761904763, "Rank-10": 35.23809523809524, "Rank-20": 51.90476190476191}
DEVELOPMENT_MISSING_CONDITION q_N_g_N {"mAP": 40.715771371979336, "mINP": 24.33556344220021, "Rank-1": 50.0, "Rank-5": 76.19047619047619, "Rank-10": 80.95238095238095, "Rank-20": 85.23809523809524}
DEVELOPMENT_MISSING_CONDITION q_N_g_R {"mAP": 29.365578284063886, "mINP": 18.877425779811723, "Rank-1": 33.33333333333333, "Rank-5": 56.666666666666664, "Rank-10": 66.66666666666666, "Rank-20": 77.14285714285715}
DEVELOPMENT_MISSING_CONDITION q_R_g_RNT {"mAP": 37.257807079192055, "mINP": 23.709489457732197, "Rank-1": 46.666666666666664, "Rank-5": 65.23809523809524, "Rank-10": 72.38095238095238, "Rank-20": 78.57142857142857}
DEVELOPMENT_MISSING_CONDITION q_R_g_NT {"mAP": 31.302078783258924, "mINP": 17.879068244638578, "Rank-1": 38.095238095238095, "Rank-5": 65.71428571428571, "Rank-10": 74.28571428571429, "Rank-20": 79.52380952380952}
DEVELOPMENT_MISSING_CONDITION q_R_g_RT {"mAP": 38.237654874509836, "mINP": 24.776555125021332, "Rank-1": 46.666666666666664, "Rank-5": 66.19047619047619, "Rank-10": 70.95238095238095, "Rank-20": 80.47619047619048}
DEVELOPMENT_MISSING_CONDITION q_R_g_RN {"mAP": 37.97267151370098, "mINP": 24.0944705748178, "Rank-1": 48.57142857142857, "Rank-5": 66.19047619047619, "Rank-10": 74.28571428571429, "Rank-20": 79.04761904761905}
DEVELOPMENT_MISSING_CONDITION q_R_g_T {"mAP": 9.374131183977989, "mINP": 5.350855058250275, "Rank-1": 5.714285714285714, "Rank-5": 25.71428571428571, "Rank-10": 42.857142857142854, "Rank-20": 54.285714285714285}
DEVELOPMENT_MISSING_CONDITION q_R_g_N {"mAP": 33.25802719843042, "mINP": 17.313030854037404, "Rank-1": 40.95238095238095, "Rank-5": 71.42857142857143, "Rank-10": 76.66666666666667, "Rank-20": 81.9047619047619}
DEVELOPMENT_MISSING_CONDITION q_R_g_R {"mAP": 36.94302869709415, "mINP": 23.650924682584844, "Rank-1": 47.14285714285714, "Rank-5": 63.33333333333333, "Rank-10": 71.9047619047619, "Rank-20": 79.52380952380952}
