/data2/gb/Re-ID/conda-envs/tri_reid/lib/python3.10/site-packages/timm/models/helpers.py:7: FutureWarning: Importing from timm.models.helpers is deprecated, please import via timm.models
  warnings.warn(f"Importing from {__name__} is deprecated, please import via timm.models", FutureWarning)
/data2/gb/Re-ID/conda-envs/tri_reid/lib/python3.10/site-packages/timm/models/registry.py:4: FutureWarning: Importing from timm.models.registry is deprecated, please import via timm.models
  warnings.warn(f"Importing from {__name__} is deprecated, please import via timm.models", FutureWarning)
/data2/gb/Re-ID/conda-envs/tri_reid/lib/python3.10/site-packages/timm/models/layers/__init__.py:48: FutureWarning: Importing from timm.models.layers is deprecated, please import via timm.layers
  warnings.warn(f"Importing from {__name__} is deprecated, please import via timm.layers", FutureWarning)
using Transformer_type: ViT-B-16 as a backbone
Resized position embedding: %s to %s torch.Size([197, 768]) torch.Size([129, 768])
Position embedding resize to height:8 width: 16
Successfully load ckpt!
<All keys matched successfully>
Loading pretrained model from CLIP
camera number is : 8
STRESS_CONDITION clean {"mAP": 33.99791890459856, "mINP": 13.594033936901994, "Rank-1": 50.76142131979695, "Rank-5": 69.7123519458545, "Rank-10": 76.81895093062606, "Rank-20": 83.41793570219966}
STRESS_CONDITION RGB_blur_sigma1p5 {"mAP": 31.725091983303894, "mINP": 12.29768718124045, "Rank-1": 48.39255499153977, "Rank-5": 67.00507614213198, "Rank-10": 74.11167512690355, "Rank-20": 80.20304568527918}
STRESS_CONDITION RGB_blur_sigma3 {"mAP": 29.86579661189192, "mINP": 11.386737084478662, "Rank-1": 46.36209813874789, "Rank-5": 64.29780033840947, "Rank-10": 71.91201353637902, "Rank-20": 79.35702199661591}
STRESS_CONDITION NI_blur_sigma1p5 {"mAP": 31.61185505166574, "mINP": 12.404538574521323, "Rank-1": 47.377326565143825, "Rank-5": 66.15905245346869, "Rank-10": 74.2808798646362, "Rank-20": 81.89509306260575}
STRESS_CONDITION NI_blur_sigma3 {"mAP": 28.972973913232458, "mINP": 11.32281399282536, "Rank-1": 42.63959390862944, "Rank-5": 63.28257191201354, "Rank-10": 72.7580372250423, "Rank-20": 80.8798646362098}
STRESS_CONDITION TI_blur_sigma1p5 {"mAP": 30.66147380712844, "mINP": 12.455228592903158, "Rank-1": 45.008460236886634, "Rank-5": 65.14382402707277, "Rank-10": 74.45008460236888, "Rank-20": 82.23350253807106}
STRESS_CONDITION TI_blur_sigma3 {"mAP": 28.82340374967953, "mINP": 11.851527399844242, "Rank-1": 40.27072758037225, "Rank-5": 61.082910321489, "Rank-10": 72.7580372250423, "Rank-20": 81.38747884940778}
STRESS_CONDITION psi_off_frozen {"mAP": 33.82503150610669, "mINP": 13.479772952872146, "Rank-1": 51.09983079526227, "Rank-5": 69.37394247038917, "Rank-10": 76.48054145516075, "Rank-20": 83.41793570219966}
