/data/gaob/Re-ID/conda-envs/tri_reid/lib/python3.10/site-packages/timm/models/helpers.py:7: FutureWarning: Importing from timm.models.helpers is deprecated, please import via timm.models
  warnings.warn(f"Importing from {__name__} is deprecated, please import via timm.models", FutureWarning)
/data/gaob/Re-ID/conda-envs/tri_reid/lib/python3.10/site-packages/timm/models/registry.py:4: FutureWarning: Importing from timm.models.registry is deprecated, please import via timm.models
  warnings.warn(f"Importing from {__name__} is deprecated, please import via timm.models", FutureWarning)
/data/gaob/Re-ID/conda-envs/tri_reid/lib/python3.10/site-packages/timm/models/layers/__init__.py:48: FutureWarning: Importing from timm.models.layers is deprecated, please import via timm.layers
  warnings.warn(f"Importing from {__name__} is deprecated, please import via timm.layers", FutureWarning)
using Transformer_type: ViT-B-16 as a backbone
Resized position embedding: %s to %s torch.Size([197, 768]) torch.Size([129, 768])
Position embedding resize to height:16 width: 8
Successfully load ckpt!
<All keys matched successfully>
Loading pretrained model from CLIP
camera number is : 4
DEVELOPMENT_MISSING_CONDITION q_RNT_g_RNT {"mAP": 67.42877771422935, "mINP": 53.50132826181071, "Rank-1": 67.63636363636364, "Rank-5": 79.63636363636364, "Rank-10": 85.57575757575758, "Rank-20": 91.75757575757576}
DEVELOPMENT_MISSING_CONDITION q_RNT_g_NT {"mAP": 49.87616214304322, "mINP": 37.21485043839417, "Rank-1": 49.696969696969695, "Rank-5": 64.72727272727272, "Rank-10": 72.96969696969697, "Rank-20": 83.63636363636363}
DEVELOPMENT_MISSING_CONDITION q_RNT_g_RT {"mAP": 52.60486289442272, "mINP": 40.79574170903473, "Rank-1": 54.06060606060606, "Rank-5": 65.81818181818181, "Rank-10": 72.0, "Rank-20": 82.54545454545455}
DEVELOPMENT_MISSING_CONDITION q_RNT_g_RN {"mAP": 48.6631604912662, "mINP": 34.928277971542755, "Rank-1": 50.06060606060606, "Rank-5": 62.909090909090914, "Rank-10": 69.57575757575758, "Rank-20": 78.54545454545455}
DEVELOPMENT_MISSING_CONDITION q_RNT_g_T {"mAP": 23.086079429958392, "mINP": 14.920154341127438, "Rank-1": 21.6969696969697, "Rank-5": 38.666666666666664, "Rank-10": 45.81818181818182, "Rank-20": 56.12121212121212}
DEVELOPMENT_MISSING_CONDITION q_RNT_g_N {"mAP": 21.66085656515939, "mINP": 13.682777700709636, "Rank-1": 17.939393939393938, "Rank-5": 41.090909090909086, "Rank-10": 53.333333333333336, "Rank-20": 63.63636363636363}
DEVELOPMENT_MISSING_CONDITION q_RNT_g_R {"mAP": 29.58399637753916, "mINP": 20.373678812602797, "Rank-1": 27.757575757575758, "Rank-5": 47.15151515151515, "Rank-10": 55.757575757575765, "Rank-20": 64.60606060606061}
DEVELOPMENT_MISSING_CONDITION q_NT_g_RNT {"mAP": 47.9747555755782, "mINP": 34.407862582335994, "Rank-1": 47.27272727272727, "Rank-5": 63.87878787878788, "Rank-10": 71.63636363636363, "Rank-20": 82.66666666666667}
DEVELOPMENT_MISSING_CONDITION q_NT_g_NT {"mAP": 50.64927414946572, "mINP": 38.91693572962414, "Rank-1": 48.96969696969697, "Rank-5": 62.66666666666667, "Rank-10": 72.12121212121212, "Rank-20": 84.12121212121212}
DEVELOPMENT_MISSING_CONDITION q_NT_g_RT {"mAP": 24.789999550304167, "mINP": 15.90760879105025, "Rank-1": 25.212121212121215, "Rank-5": 35.515151515151516, "Rank-10": 43.3939393939394, "Rank-20": 54.78787878787878}
DEVELOPMENT_MISSING_CONDITION q_NT_g_RN {"mAP": 24.637803604425596, "mINP": 16.46358529275346, "Rank-1": 21.818181818181817, "Rank-5": 39.27272727272727, "Rank-10": 50.66666666666667, "Rank-20": 63.87878787878788}
DEVELOPMENT_MISSING_CONDITION q_NT_g_T {"mAP": 25.024264006632592, "mINP": 16.66766302486968, "Rank-1": 23.03030303030303, "Rank-5": 38.90909090909091, "Rank-10": 49.81818181818182, "Rank-20": 58.909090909090914}
DEVELOPMENT_MISSING_CONDITION q_NT_g_N {"mAP": 26.326809458452516, "mINP": 17.059431255462073, "Rank-1": 22.78787878787879, "Rank-5": 42.66666666666667, "Rank-10": 53.333333333333336, "Rank-20": 64.24242424242425}
DEVELOPMENT_MISSING_CONDITION q_NT_g_R {"mAP": 4.238108637903607, "mINP": 3.968998463867374, "Rank-1": 2.0606060606060606, "Rank-5": 2.5454545454545454, "Rank-10": 4.6060606060606055, "Rank-20": 9.333333333333334}
DEVELOPMENT_MISSING_CONDITION q_RT_g_RNT {"mAP": 49.693948912949246, "mINP": 38.89279686219304, "Rank-1": 50.06060606060606, "Rank-5": 62.42424242424243, "Rank-10": 70.78787878787878, "Rank-20": 79.39393939393939}
DEVELOPMENT_MISSING_CONDITION q_RT_g_NT {"mAP": 22.371768845325814, "mINP": 16.010102004510383, "Rank-1": 20.484848484848484, "Rank-5": 30.666666666666664, "Rank-10": 38.78787878787879, "Rank-20": 52.72727272727272}
DEVELOPMENT_MISSING_CONDITION q_RT_g_RT {"mAP": 53.0058206910618, "mINP": 41.66963338537732, "Rank-1": 52.848484848484844, "Rank-5": 65.93939393939394, "Rank-10": 72.0, "Rank-20": 82.06060606060606}
DEVELOPMENT_MISSING_CONDITION q_RT_g_RN {"mAP": 34.061832027361426, "mINP": 24.960757172722488, "Rank-1": 35.15151515151515, "Rank-5": 47.39393939393939, "Rank-10": 53.333333333333336, "Rank-20": 62.42424242424243}
DEVELOPMENT_MISSING_CONDITION q_RT_g_T {"mAP": 25.48240190452202, "mINP": 17.339154020734814, "Rank-1": 22.060606060606062, "Rank-5": 38.06060606060606, "Rank-10": 50.18181818181818, "Rank-20": 59.878787878787875}
DEVELOPMENT_MISSING_CONDITION q_RT_g_N {"mAP": 4.422269535821175, "mINP": 3.3847714346359306, "Rank-1": 3.151515151515152, "Rank-5": 5.575757575757575, "Rank-10": 9.818181818181818, "Rank-20": 15.636363636363637}
DEVELOPMENT_MISSING_CONDITION q_RT_g_R {"mAP": 34.05000307965257, "mINP": 25.03036241952834, "Rank-1": 31.87878787878788, "Rank-5": 50.42424242424243, "Rank-10": 58.060606060606055, "Rank-20": 64.84848484848484}
DEVELOPMENT_MISSING_CONDITION q_RN_g_RNT {"mAP": 45.18097236534738, "mINP": 33.02042438756722, "Rank-1": 44.84848484848485, "Rank-5": 55.03030303030303, "Rank-10": 62.909090909090914, "Rank-20": 71.63636363636363}
DEVELOPMENT_MISSING_CONDITION q_RN_g_NT {"mAP": 24.622773345882475, "mINP": 17.082141455540043, "Rank-1": 20.484848484848484, "Rank-5": 36.72727272727273, "Rank-10": 46.06060606060606, "Rank-20": 59.63636363636363}
DEVELOPMENT_MISSING_CONDITION q_RN_g_RT {"mAP": 32.84869381933468, "mINP": 24.168987309660476, "Rank-1": 31.757575757575758, "Rank-5": 46.54545454545455, "Rank-10": 51.75757575757576, "Rank-20": 61.09090909090909}
DEVELOPMENT_MISSING_CONDITION q_RN_g_RN {"mAP": 50.40722326988947, "mINP": 37.48543954610879, "Rank-1": 51.272727272727266, "Rank-5": 61.696969696969695, "Rank-10": 69.33333333333334, "Rank-20": 79.27272727272727}
DEVELOPMENT_MISSING_CONDITION q_RN_g_T {"mAP": 3.708265816530762, "mINP": 3.741241100228046, "Rank-1": 0.6060606060606061, "Rank-5": 5.090909090909091, "Rank-10": 7.2727272727272725, "Rank-20": 9.818181818181818}
DEVELOPMENT_MISSING_CONDITION q_RN_g_N {"mAP": 25.781387800895683, "mINP": 16.68965547782389, "Rank-1": 21.939393939393938, "Rank-5": 41.57575757575758, "Rank-10": 52.6060606060606, "Rank-20": 63.87878787878788}
DEVELOPMENT_MISSING_CONDITION q_RN_g_R {"mAP": 34.608680155719036, "mINP": 25.510485606925926, "Rank-1": 32.484848484848484, "Rank-5": 51.030303030303024, "Rank-10": 58.060606060606055, "Rank-20": 64.84848484848484}
DEVELOPMENT_MISSING_CONDITION q_T_g_RNT {"mAP": 23.769784515683337, "mINP": 15.820627546600768, "Rank-1": 23.272727272727273, "Rank-5": 34.18181818181818, "Rank-10": 41.090909090909086, "Rank-20": 51.39393939393939}
DEVELOPMENT_MISSING_CONDITION q_T_g_NT {"mAP": 22.93063279240186, "mINP": 16.556016941827483, "Rank-1": 20.96969696969697, "Rank-5": 29.818181818181817, "Rank-10": 39.63636363636363, "Rank-20": 52.48484848484849}
DEVELOPMENT_MISSING_CONDITION q_T_g_RT {"mAP": 24.64811210149962, "mINP": 16.560966718822087, "Rank-1": 22.666666666666664, "Rank-5": 35.15151515151515, "Rank-10": 43.63636363636363, "Rank-20": 56.72727272727273}
DEVELOPMENT_MISSING_CONDITION q_T_g_RN {"mAP": 3.9833042048541163, "mINP": 3.7295521666031286, "Rank-1": 1.3333333333333335, "Rank-5": 4.7272727272727275, "Rank-10": 9.090909090909092, "Rank-20": 12.242424242424242}
DEVELOPMENT_MISSING_CONDITION q_T_g_T {"mAP": 25.90621727800705, "mINP": 17.865528291339004, "Rank-1": 22.545454545454547, "Rank-5": 36.72727272727273, "Rank-10": 45.93939393939394, "Rank-20": 59.63636363636363}
DEVELOPMENT_MISSING_CONDITION q_T_g_N {"mAP": 4.2324593118678315, "mINP": 3.2687679744446445, "Rank-1": 3.272727272727273, "Rank-5": 6.424242424242424, "Rank-10": 8.848484848484848, "Rank-20": 15.272727272727273}
DEVELOPMENT_MISSING_CONDITION q_T_g_R {"mAP": 4.356322798015035, "mINP": 4.137550365137818, "Rank-1": 2.0606060606060606, "Rank-5": 2.3030303030303028, "Rank-10": 6.545454545454546, "Rank-20": 9.818181818181818}
DEVELOPMENT_MISSING_CONDITION q_N_g_RNT {"mAP": 23.634435934472997, "mINP": 16.984350410514214, "Rank-1": 19.515151515151516, "Rank-5": 32.0, "Rank-10": 43.63636363636363, "Rank-20": 58.060606060606055}
DEVELOPMENT_MISSING_CONDITION q_N_g_NT {"mAP": 26.781033244455436, "mINP": 18.463210619816984, "Rank-1": 23.03030303030303, "Rank-5": 40.60606060606061, "Rank-10": 50.303030303030305, "Rank-20": 61.45454545454545}
DEVELOPMENT_MISSING_CONDITION q_N_g_RT {"mAP": 4.970642391895088, "mINP": 4.572551654434188, "Rank-1": 2.666666666666667, "Rank-5": 4.0, "Rank-10": 5.454545454545454, "Rank-20": 8.606060606060606}
DEVELOPMENT_MISSING_CONDITION q_N_g_RN {"mAP": 25.138170104130463, "mINP": 16.7979518952124, "Rank-1": 22.060606060606062, "Rank-5": 39.87878787878788, "Rank-10": 49.696969696969695, "Rank-20": 63.272727272727266}
DEVELOPMENT_MISSING_CONDITION q_N_g_T {"mAP": 3.447089569070374, "mINP": 3.492638287012606, "Rank-1": 0.24242424242424243, "Rank-5": 2.4242424242424243, "Rank-10": 6.181818181818182, "Rank-20": 8.969696969696969}
DEVELOPMENT_MISSING_CONDITION q_N_g_N {"mAP": 28.329296181158924, "mINP": 18.622751921348627, "Rank-1": 26.545454545454543, "Rank-5": 42.06060606060606, "Rank-10": 51.75757575757576, "Rank-20": 63.515151515151516}
DEVELOPMENT_MISSING_CONDITION q_N_g_R {"mAP": 4.659070390001707, "mINP": 4.320317425830708, "Rank-1": 1.8181818181818181, "Rank-5": 3.3939393939393945, "Rank-10": 6.909090909090909, "Rank-20": 12.242424242424242}
DEVELOPMENT_MISSING_CONDITION q_R_g_RNT {"mAP": 31.50941494328292, "mINP": 22.876159945718655, "Rank-1": 32.24242424242424, "Rank-5": 44.484848484848484, "Rank-10": 52.121212121212125, "Rank-20": 59.878787878787875}
DEVELOPMENT_MISSING_CONDITION q_R_g_NT {"mAP": 4.211632968322155, "mINP": 3.7279538275918873, "Rank-1": 1.2121212121212122, "Rank-5": 3.3939393939393945, "Rank-10": 7.2727272727272725, "Rank-20": 9.818181818181818}
DEVELOPMENT_MISSING_CONDITION q_R_g_RT {"mAP": 33.430495375750816, "mINP": 24.87169030680476, "Rank-1": 34.18181818181818, "Rank-5": 45.45454545454545, "Rank-10": 50.54545454545455, "Rank-20": 59.27272727272728}
DEVELOPMENT_MISSING_CONDITION q_R_g_RN {"mAP": 33.87904772019242, "mINP": 26.534488024006546, "Rank-1": 34.66666666666667, "Rank-5": 43.75757575757576, "Rank-10": 50.54545454545455, "Rank-20": 60.24242424242424}
DEVELOPMENT_MISSING_CONDITION q_R_g_T {"mAP": 4.01083845921034, "mINP": 3.9421183772809765, "Rank-1": 1.2121212121212122, "Rank-5": 3.0303030303030303, "Rank-10": 5.818181818181818, "Rank-20": 8.606060606060606}
DEVELOPMENT_MISSING_CONDITION q_R_g_N {"mAP": 4.555443813111315, "mINP": 3.591571482980153, "Rank-1": 2.4242424242424243, "Rank-5": 5.818181818181818, "Rank-10": 10.06060606060606, "Rank-20": 15.03030303030303}
DEVELOPMENT_MISSING_CONDITION q_R_g_R {"mAP": 35.93298499562063, "mINP": 28.533856122595942, "Rank-1": 32.84848484848485, "Rank-5": 48.484848484848484, "Rank-10": 54.54545454545454, "Rank-20": 62.06060606060606}
