/data/gaob/Re-ID/conda-envs/tri_reid/lib/python3.10/site-packages/timm/models/helpers.py:7: FutureWarning: Importing from timm.models.helpers is deprecated, please import via timm.models
  warnings.warn(f"Importing from {__name__} is deprecated, please import via timm.models", FutureWarning)
/data/gaob/Re-ID/conda-envs/tri_reid/lib/python3.10/site-packages/timm/models/registry.py:4: FutureWarning: Importing from timm.models.registry is deprecated, please import via timm.models
  warnings.warn(f"Importing from {__name__} is deprecated, please import via timm.models", FutureWarning)
/data/gaob/Re-ID/conda-envs/tri_reid/lib/python3.10/site-packages/timm/models/layers/__init__.py:48: FutureWarning: Importing from timm.models.layers is deprecated, please import via timm.layers
  warnings.warn(f"Importing from {__name__} is deprecated, please import via timm.layers", FutureWarning)
using Transformer_type: ViT-B-16 as a backbone
Resized position embedding: %s to %s torch.Size([197, 768]) torch.Size([129, 768])
Position embedding resize to height:8 width: 16
Successfully load ckpt!
<All keys matched successfully>
Loading pretrained model from CLIP
camera number is : 8
DEVELOPMENT_MISSING_CONDITION clean {"mAP": 89.30683874132069, "mINP": 69.05889842033955, "Rank-1": 97.408, "Rank-5": 98.304, "Rank-10": 98.432, "Rank-20": 98.592}
DEVELOPMENT_MISSING_CONDITION both_missing_r {"mAP": 86.74174891983229, "mINP": 57.22557573498654, "Rank-1": 96.96000000000001, "Rank-5": 97.248, "Rank-10": 97.312, "Rank-20": 97.37599999999999}
DEVELOPMENT_MISSING_CONDITION query_missing_r {"mAP": 82.49736716959501, "mINP": 49.23218955295948, "Rank-1": 95.93599999999999, "Rank-5": 96.544, "Rank-10": 97.024, "Rank-20": 97.664}
DEVELOPMENT_MISSING_CONDITION both_missing_n {"mAP": 87.59742077971914, "mINP": 62.7255694439228, "Rank-1": 97.312, "Rank-5": 98.176, "Rank-10": 99.008, "Rank-20": 99.80799999999999}
DEVELOPMENT_MISSING_CONDITION query_missing_n {"mAP": 83.95643253967687, "mINP": 58.18046714393772, "Rank-1": 95.584, "Rank-5": 96.608, "Rank-10": 97.024, "Rank-20": 97.952}
DEVELOPMENT_MISSING_CONDITION both_missing_t {"mAP": 78.94898867949523, "mINP": 56.51926550554725, "Rank-1": 90.048, "Rank-5": 90.464, "Rank-10": 91.36, "Rank-20": 92.128}
DEVELOPMENT_MISSING_CONDITION query_missing_t {"mAP": 75.03964217939199, "mINP": 54.57579501465872, "Rank-1": 84.992, "Rank-5": 86.144, "Rank-10": 87.456, "Rank-20": 88.352}
DEVELOPMENT_MISSING_CONDITION both_missing_rn {"mAP": 53.46225365590522, "mINP": 24.755865267360555, "Rank-1": 76.608, "Rank-5": 81.024, "Rank-10": 82.39999999999999, "Rank-20": 87.104}
DEVELOPMENT_MISSING_CONDITION query_missing_rn {"mAP": 33.51923858277724, "mINP": 20.124655376988, "Rank-1": 33.696, "Rank-5": 38.912, "Rank-10": 43.264, "Rank-20": 49.6}
DEVELOPMENT_MISSING_CONDITION both_missing_rt {"mAP": 69.62077201464545, "mINP": 44.67815615109526, "Rank-1": 78.848, "Rank-5": 79.93599999999999, "Rank-10": 81.08800000000001, "Rank-20": 82.91199999999999}
DEVELOPMENT_MISSING_CONDITION query_missing_rt {"mAP": 50.127306628426204, "mINP": 31.779294175134805, "Rank-1": 52.512, "Rank-5": 57.76, "Rank-10": 59.936, "Rank-20": 63.904}
DEVELOPMENT_MISSING_CONDITION both_missing_nt {"mAP": 75.35664911775565, "mINP": 52.63393584976646, "Rank-1": 85.824, "Rank-5": 87.776, "Rank-10": 89.984, "Rank-20": 91.616}
DEVELOPMENT_MISSING_CONDITION query_missing_nt {"mAP": 54.7883459072135, "mINP": 42.684519011364756, "Rank-1": 56.608000000000004, "Rank-5": 60.864, "Rank-10": 63.104000000000006, "Rank-20": 65.952}
