/data/gaob/Re-ID/conda-envs/tri_reid/lib/python3.10/site-packages/timm/models/helpers.py:7: FutureWarning: Importing from timm.models.helpers is deprecated, please import via timm.models
  warnings.warn(f"Importing from {__name__} is deprecated, please import via timm.models", FutureWarning)
/data/gaob/Re-ID/conda-envs/tri_reid/lib/python3.10/site-packages/timm/models/registry.py:4: FutureWarning: Importing from timm.models.registry is deprecated, please import via timm.models
  warnings.warn(f"Importing from {__name__} is deprecated, please import via timm.models", FutureWarning)
/data/gaob/Re-ID/conda-envs/tri_reid/lib/python3.10/site-packages/timm/models/layers/__init__.py:48: FutureWarning: Importing from timm.models.layers is deprecated, please import via timm.layers
  warnings.warn(f"Importing from {__name__} is deprecated, please import via timm.layers", FutureWarning)
using Transformer_type: ViT-B-16 as a backbone
Resized position embedding: %s to %s torch.Size([197, 768]) torch.Size([129, 768])
Position embedding resize to height:8 width: 16
Successfully load ckpt!
<All keys matched successfully>
Loading pretrained model from CLIP
camera number is : 8
MISSING_CONDITION clean {"mAP": 78.89913511469332, "mINP": 54.24698733631328, "Rank-1": 91.19533527696792, "Rank-5": 93.06122448979592, "Rank-10": 93.58600583090379, "Rank-20": 94.63556851311954}
MISSING_CONDITION both_missing_r {"mAP": 70.73111554994861, "mINP": 42.145806878225905, "Rank-1": 87.05539358600583, "Rank-5": 88.86297376093295, "Rank-10": 89.79591836734694, "Rank-20": 91.77842565597668}
MISSING_CONDITION query_missing_r {"mAP": 67.61724344106096, "mINP": 40.86332732069909, "Rank-1": 83.32361516034985, "Rank-5": 86.88046647230321, "Rank-10": 88.22157434402332, "Rank-20": 90.26239067055394}
MISSING_CONDITION both_missing_n {"mAP": 75.43625508454839, "mINP": 46.09910249552864, "Rank-1": 92.36151603498543, "Rank-5": 93.46938775510203, "Rank-10": 94.28571428571428, "Rank-20": 95.68513119533529}
MISSING_CONDITION query_missing_n {"mAP": 73.01701691493679, "mINP": 44.36249991310685, "Rank-1": 89.09620991253644, "Rank-5": 90.90379008746355, "Rank-10": 91.83673469387756, "Rank-20": 93.29446064139941}
MISSING_CONDITION both_missing_t {"mAP": 65.28666489786036, "mINP": 40.576907252293594, "Rank-1": 78.4256559766764, "Rank-5": 80.52478134110788, "Rank-10": 82.21574344023324, "Rank-20": 84.19825072886297}
MISSING_CONDITION query_missing_t {"mAP": 53.855576985178345, "mINP": 36.22080773432818, "Rank-1": 56.268221574344025, "Rank-5": 60.17492711370262, "Rank-10": 62.21574344023324, "Rank-20": 67.05539358600583}
MISSING_CONDITION both_missing_rn {"mAP": 40.10722778079164, "mINP": 17.46995762296958, "Rank-1": 63.9067055393586, "Rank-5": 69.03790087463557, "Rank-10": 71.66180758017492, "Rank-20": 76.15160349854227}
MISSING_CONDITION query_missing_rn {"mAP": 24.462755863811157, "mINP": 14.471952871648988, "Rank-1": 26.06413994169096, "Rank-5": 28.68804664723032, "Rank-10": 30.379008746355684, "Rank-20": 33.352769679300295}
MISSING_CONDITION both_missing_rt {"mAP": 51.301631211511456, "mINP": 26.584086124005367, "Rank-1": 64.95626822157435, "Rank-5": 67.40524781341108, "Rank-10": 69.32944606413994, "Rank-20": 72.76967930029154}
MISSING_CONDITION query_missing_rt {"mAP": 24.61849780789553, "mINP": 18.134475495778393, "Rank-1": 20.34985422740525, "Rank-5": 22.27405247813411, "Rank-10": 24.02332361516035, "Rank-20": 28.57142857142857}
MISSING_CONDITION both_missing_nt {"mAP": 59.10780542251361, "mINP": 31.527079294363098, "Rank-1": 76.85131195335278, "Rank-5": 79.88338192419825, "Rank-10": 81.45772594752187, "Rank-20": 84.66472303206997}
MISSING_CONDITION query_missing_nt {"mAP": 29.13598512615929, "mINP": 17.75385292690762, "Rank-1": 30.145772594752184, "Rank-5": 33.06122448979592, "Rank-10": 34.57725947521866, "Rank-20": 39.35860058309038}
