/data2/gb/Re-ID/conda-envs/tri_reid/lib/python3.10/site-packages/timm/models/helpers.py:7: FutureWarning: Importing from timm.models.helpers is deprecated, please import via timm.models
  warnings.warn(f"Importing from {__name__} is deprecated, please import via timm.models", FutureWarning)
/data2/gb/Re-ID/conda-envs/tri_reid/lib/python3.10/site-packages/timm/models/registry.py:4: FutureWarning: Importing from timm.models.registry is deprecated, please import via timm.models
  warnings.warn(f"Importing from {__name__} is deprecated, please import via timm.models", FutureWarning)
/data2/gb/Re-ID/conda-envs/tri_reid/lib/python3.10/site-packages/timm/models/layers/__init__.py:48: FutureWarning: Importing from timm.models.layers is deprecated, please import via timm.layers
  warnings.warn(f"Importing from {__name__} is deprecated, please import via timm.layers", FutureWarning)
using Transformer_type: ViT-B-16 as a backbone
Resized position embedding: %s to %s torch.Size([197, 768]) torch.Size([129, 768])
Position embedding resize to height:16 width: 8
Successfully load ckpt!
<All keys matched successfully>
Loading pretrained model from CLIP
camera number is : 4
MISSING_CONDITION clean {"mAP": 42.390658273538016, "mINP": 31.284294359030635, "Rank-1": 41.74641148325359, "Rank-5": 55.86124401913876, "Rank-10": 63.75598086124402, "Rank-20": 71.5311004784689}
MISSING_CONDITION both_missing_r {"mAP": 33.80218468949101, "mINP": 23.573198727832406, "Rank-1": 34.44976076555024, "Rank-5": 47.12918660287082, "Rank-10": 56.2200956937799, "Rank-20": 66.26794258373205}
MISSING_CONDITION query_missing_r {"mAP": 31.924561985737643, "mINP": 22.970603441793397, "Rank-1": 31.45933014354067, "Rank-5": 47.60765550239234, "Rank-10": 57.655502392344495, "Rank-20": 68.0622009569378}
MISSING_CONDITION both_missing_n {"mAP": 32.627648375658225, "mINP": 24.236993407518305, "Rank-1": 30.62200956937799, "Rank-5": 46.172248803827756, "Rank-10": 53.110047846889955, "Rank-20": 61.004784688995215}
MISSING_CONDITION query_missing_n {"mAP": 31.237991007198634, "mINP": 23.695390900334328, "Rank-1": 29.545454545454547, "Rank-5": 42.464114832535884, "Rank-10": 49.52153110047847, "Rank-20": 60.04784688995215}
MISSING_CONDITION both_missing_t {"mAP": 28.59357021432023, "mINP": 20.2389276545023, "Rank-1": 25.239234449760765, "Rank-5": 36.84210526315789, "Rank-10": 44.61722488038278, "Rank-20": 55.980861244019145}
MISSING_CONDITION query_missing_t {"mAP": 24.866594040849176, "mINP": 17.521688891752348, "Rank-1": 21.411483253588518, "Rank-5": 30.023923444976074, "Rank-10": 38.27751196172249, "Rank-20": 49.760765550239235}
MISSING_CONDITION both_missing_rn {"mAP": 21.91318002738923, "mINP": 15.666061528925738, "Rank-1": 21.411483253588518, "Rank-5": 31.818181818181817, "Rank-10": 36.72248803827751, "Rank-20": 47.00956937799043}
MISSING_CONDITION query_missing_rn {"mAP": 19.095312552513906, "mINP": 15.486862986128191, "Rank-1": 15.430622009569378, "Rank-5": 24.401913875598087, "Rank-10": 30.263157894736842, "Rank-20": 41.02870813397129}
MISSING_CONDITION both_missing_rt {"mAP": 17.63339480672929, "mINP": 12.59245500263215, "Rank-1": 15.07177033492823, "Rank-5": 27.392344497607656, "Rank-10": 36.84210526315789, "Rank-20": 51.07655502392344}
MISSING_CONDITION query_missing_rt {"mAP": 14.447363743222692, "mINP": 11.108250016271969, "Rank-1": 8.851674641148326, "Rank-5": 20.334928229665074, "Rank-10": 29.066985645933013, "Rank-20": 40.909090909090914}
MISSING_CONDITION both_missing_nt {"mAP": 18.439242856804963, "mINP": 13.478717959570197, "Rank-1": 14.952153110047847, "Rank-5": 24.760765550239235, "Rank-10": 31.818181818181817, "Rank-20": 41.866028708133975}
MISSING_CONDITION query_missing_nt {"mAP": 11.226740513659859, "mINP": 8.741367860803816, "Rank-1": 7.177033492822966, "Rank-5": 13.875598086124402, "Rank-10": 19.019138755980862, "Rank-20": 27.51196172248804}
