/data/gaob/Re-ID/conda-envs/tri_reid/lib/python3.10/site-packages/timm/models/helpers.py:7: FutureWarning: Importing from timm.models.helpers is deprecated, please import via timm.models
  warnings.warn(f"Importing from {__name__} is deprecated, please import via timm.models", FutureWarning)
/data/gaob/Re-ID/conda-envs/tri_reid/lib/python3.10/site-packages/timm/models/registry.py:4: FutureWarning: Importing from timm.models.registry is deprecated, please import via timm.models
  warnings.warn(f"Importing from {__name__} is deprecated, please import via timm.models", FutureWarning)
/data/gaob/Re-ID/conda-envs/tri_reid/lib/python3.10/site-packages/timm/models/layers/__init__.py:48: FutureWarning: Importing from timm.models.layers is deprecated, please import via timm.layers
  warnings.warn(f"Importing from {__name__} is deprecated, please import via timm.layers", FutureWarning)
using Transformer_type: ViT-B-16 as a backbone
Resized position embedding: %s to %s torch.Size([197, 768]) torch.Size([129, 768])
Position embedding resize to height:8 width: 16
Successfully load ckpt!
<All keys matched successfully>
Loading pretrained model from CLIP
camera number is : 8
MISSING_CONDITION clean {"mAP": 81.34304231123211, "mINP": 57.67075193202567, "Rank-1": 94.05247813411079, "Rank-5": 95.56851311953352, "Rank-10": 96.50145772594753, "Rank-20": 97.14285714285714}
MISSING_CONDITION both_missing_r {"mAP": 74.61644432023488, "mINP": 47.52773665499001, "Rank-1": 90.55393586005832, "Rank-5": 93.06122448979592, "Rank-10": 94.28571428571428, "Rank-20": 95.51020408163265}
MISSING_CONDITION query_missing_r {"mAP": 66.44878934186683, "mINP": 41.00769538035165, "Rank-1": 79.00874635568513, "Rank-5": 82.5072886297376, "Rank-10": 84.72303206997086, "Rank-20": 87.75510204081633}
MISSING_CONDITION both_missing_n {"mAP": 78.75504662237036, "mINP": 50.20428439257868, "Rank-1": 93.81924198250728, "Rank-5": 95.21865889212829, "Rank-10": 96.38483965014576, "Rank-20": 97.20116618075801}
MISSING_CONDITION query_missing_n {"mAP": 74.5397264703742, "mINP": 46.859541623834325, "Rank-1": 89.32944606413994, "Rank-5": 91.72011661807579, "Rank-10": 92.76967930029154, "Rank-20": 94.98542274052478}
MISSING_CONDITION both_missing_t {"mAP": 67.09873521482382, "mINP": 42.78733480621298, "Rank-1": 82.56559766763849, "Rank-5": 84.08163265306122, "Rank-10": 85.13119533527697, "Rank-20": 87.05539358600583}
MISSING_CONDITION query_missing_t {"mAP": 56.41255990533981, "mINP": 37.93830760758252, "Rank-1": 61.74927113702624, "Rank-5": 65.36443148688048, "Rank-10": 68.22157434402332, "Rank-20": 71.4868804664723}
MISSING_CONDITION both_missing_rn {"mAP": 39.8825576303522, "mINP": 18.223630833438875, "Rank-1": 64.02332361516035, "Rank-5": 69.03790087463557, "Rank-10": 73.87755102040816, "Rank-20": 78.77551020408163}
MISSING_CONDITION query_missing_rn {"mAP": 18.37984666460694, "mINP": 11.963292695606032, "Rank-1": 12.59475218658892, "Rank-5": 17.959183673469386, "Rank-10": 20.291545189504372, "Rank-20": 24.606413994169095}
MISSING_CONDITION both_missing_rt {"mAP": 53.58931000423408, "mINP": 29.41958149473728, "Rank-1": 71.13702623906705, "Rank-5": 73.99416909620992, "Rank-10": 76.38483965014578, "Rank-20": 79.533527696793}
MISSING_CONDITION query_missing_rt {"mAP": 23.097981213334602, "mINP": 16.927875660571864, "Rank-1": 20.52478134110787, "Rank-5": 23.848396501457724, "Rank-10": 26.06413994169096, "Rank-20": 29.154518950437318}
MISSING_CONDITION both_missing_nt {"mAP": 62.176597742882066, "mINP": 34.13862650990696, "Rank-1": 78.134110787172, "Rank-5": 80.99125364431487, "Rank-10": 82.62390670553937, "Rank-20": 85.83090379008746}
MISSING_CONDITION query_missing_nt {"mAP": 33.92396334434956, "mINP": 19.832197613773186, "Rank-1": 37.142857142857146, "Rank-5": 40.932944606414, "Rank-10": 43.55685131195335, "Rank-20": 47.521865889212826}
