/data/gaob/Re-ID/conda-envs/tri_reid/lib/python3.10/site-packages/timm/models/helpers.py:7: FutureWarning: Importing from timm.models.helpers is deprecated, please import via timm.models
  warnings.warn(f"Importing from {__name__} is deprecated, please import via timm.models", FutureWarning)
/data/gaob/Re-ID/conda-envs/tri_reid/lib/python3.10/site-packages/timm/models/registry.py:4: FutureWarning: Importing from timm.models.registry is deprecated, please import via timm.models
  warnings.warn(f"Importing from {__name__} is deprecated, please import via timm.models", FutureWarning)
/data/gaob/Re-ID/conda-envs/tri_reid/lib/python3.10/site-packages/timm/models/layers/__init__.py:48: FutureWarning: Importing from timm.models.layers is deprecated, please import via timm.layers
  warnings.warn(f"Importing from {__name__} is deprecated, please import via timm.layers", FutureWarning)
using Transformer_type: ViT-B-16 as a backbone
Resized position embedding: %s to %s torch.Size([197, 768]) torch.Size([129, 768])
Position embedding resize to height:8 width: 16
Successfully load ckpt!
<All keys matched successfully>
Loading pretrained model from CLIP
camera number is : 8
DEVELOPMENT_MISSING_CONDITION q_RNT_g_RNT {"mAP": 87.40450067975267, "mINP": 66.08434418063683, "Rank-1": 93.824, "Rank-5": 94.848, "Rank-10": 95.776, "Rank-20": 96.832}
DEVELOPMENT_MISSING_CONDITION q_RNT_g_NT {"mAP": 82.60740982791111, "mINP": 54.36443066193978, "Rank-1": 91.36, "Rank-5": 92.416, "Rank-10": 93.312, "Rank-20": 94.688}
DEVELOPMENT_MISSING_CONDITION q_RNT_g_RT {"mAP": 87.07724779051424, "mINP": 63.377870358975606, "Rank-1": 97.152, "Rank-5": 97.6, "Rank-10": 97.792, "Rank-20": 98.08}
DEVELOPMENT_MISSING_CONDITION q_RNT_g_RN {"mAP": 77.25448305168861, "mINP": 51.30487517771729, "Rank-1": 85.952, "Rank-5": 87.83999999999999, "Rank-10": 89.184, "Rank-20": 90.752}
DEVELOPMENT_MISSING_CONDITION q_RNT_g_T {"mAP": 50.206118026890124, "mINP": 22.830122916291756, "Rank-1": 64.832, "Rank-5": 71.872, "Rank-10": 77.12, "Rank-20": 82.432}
DEVELOPMENT_MISSING_CONDITION q_RNT_g_N {"mAP": 66.76807326664732, "mINP": 41.39625431052207, "Rank-1": 80.83200000000001, "Rank-5": 83.04, "Rank-10": 84.032, "Rank-20": 85.11999999999999}
DEVELOPMENT_MISSING_CONDITION q_RNT_g_R {"mAP": 75.96965655931851, "mINP": 53.24043630848486, "Rank-1": 88.224, "Rank-5": 90.24, "Rank-10": 91.328, "Rank-20": 92.80000000000001}
DEVELOPMENT_MISSING_CONDITION q_NT_g_RNT {"mAP": 76.36145359099275, "mINP": 49.64793353204114, "Rank-1": 86.528, "Rank-5": 89.152, "Rank-10": 90.08, "Rank-20": 91.93599999999999}
DEVELOPMENT_MISSING_CONDITION q_NT_g_NT {"mAP": 82.45932722540913, "mINP": 54.31904481792154, "Rank-1": 90.848, "Rank-5": 92.0, "Rank-10": 92.99199999999999, "Rank-20": 94.91199999999999}
DEVELOPMENT_MISSING_CONDITION q_NT_g_RT {"mAP": 33.401097313526265, "mINP": 22.20518884566231, "Rank-1": 33.568, "Rank-5": 36.352000000000004, "Rank-10": 38.496, "Rank-20": 42.496}
DEVELOPMENT_MISSING_CONDITION q_NT_g_RN {"mAP": 53.57683459554393, "mINP": 36.84144451440456, "Rank-1": 59.872, "Rank-5": 63.68000000000001, "Rank-10": 66.08000000000001, "Rank-20": 68.896}
DEVELOPMENT_MISSING_CONDITION q_NT_g_T {"mAP": 50.689440981962704, "mINP": 23.001575893945112, "Rank-1": 67.552, "Rank-5": 73.44000000000001, "Rank-10": 77.408, "Rank-20": 83.456}
DEVELOPMENT_MISSING_CONDITION q_NT_g_N {"mAP": 66.64391350362884, "mINP": 41.168345101784794, "Rank-1": 78.944, "Rank-5": 82.816, "Rank-10": 84.0, "Rank-20": 85.568}
DEVELOPMENT_MISSING_CONDITION q_NT_g_R {"mAP": 12.072960286174844, "mINP": 14.357302402714605, "Rank-1": 6.4, "Rank-5": 6.4, "Rank-10": 6.4, "Rank-20": 6.4}
DEVELOPMENT_MISSING_CONDITION q_RT_g_RNT {"mAP": 79.48050844885762, "mINP": 55.699834819121804, "Rank-1": 90.848, "Rank-5": 93.24799999999999, "Rank-10": 94.432, "Rank-20": 97.248}
DEVELOPMENT_MISSING_CONDITION q_RT_g_NT {"mAP": 35.096855653775535, "mINP": 19.553509827368025, "Rank-1": 39.936, "Rank-5": 44.512, "Rank-10": 47.904, "Rank-20": 52.992}
DEVELOPMENT_MISSING_CONDITION q_RT_g_RT {"mAP": 87.07708826981663, "mINP": 62.990539935700674, "Rank-1": 97.21600000000001, "Rank-5": 97.696, "Rank-10": 97.952, "Rank-20": 98.272}
DEVELOPMENT_MISSING_CONDITION q_RT_g_RN {"mAP": 60.05164741549356, "mINP": 42.24211506837997, "Rank-1": 68.28800000000001, "Rank-5": 72.928, "Rank-10": 75.03999999999999, "Rank-20": 80.64}
DEVELOPMENT_MISSING_CONDITION q_RT_g_T {"mAP": 50.887727528765716, "mINP": 23.070949915932413, "Rank-1": 67.744, "Rank-5": 73.76, "Rank-10": 77.984, "Rank-20": 83.552}
DEVELOPMENT_MISSING_CONDITION q_RT_g_N {"mAP": 9.399249433926899, "mINP": 9.255753628912078, "Rank-1": 4.0, "Rank-5": 4.0, "Rank-10": 11.200000000000001, "Rank-20": 12.0}
DEVELOPMENT_MISSING_CONDITION q_RT_g_R {"mAP": 75.81936514222221, "mINP": 52.921076959044775, "Rank-1": 87.616, "Rank-5": 90.336, "Rank-10": 91.424, "Rank-20": 93.216}
DEVELOPMENT_MISSING_CONDITION q_RN_g_RNT {"mAP": 66.51394184300699, "mINP": 46.39250786075533, "Rank-1": 72.736, "Rank-5": 74.656, "Rank-10": 76.768, "Rank-20": 80.512}
DEVELOPMENT_MISSING_CONDITION q_RN_g_NT {"mAP": 47.33418496760258, "mINP": 32.781043629121186, "Rank-1": 53.344, "Rank-5": 55.48800000000001, "Rank-10": 57.728, "Rank-20": 61.184000000000005}
DEVELOPMENT_MISSING_CONDITION q_RN_g_RT {"mAP": 52.48115955362709, "mINP": 41.853310372147014, "Rank-1": 58.56, "Rank-5": 61.216, "Rank-10": 63.263999999999996, "Rank-20": 65.696}
DEVELOPMENT_MISSING_CONDITION q_RN_g_RN {"mAP": 77.14195671352184, "mINP": 51.11416318848546, "Rank-1": 86.048, "Rank-5": 88.032, "Rank-10": 89.312, "Rank-20": 91.104}
DEVELOPMENT_MISSING_CONDITION q_RN_g_T {"mAP": 10.048889261223279, "mINP": 9.713437202392324, "Rank-1": 6.848, "Rank-5": 10.272, "Rank-10": 19.488, "Rank-20": 23.200000000000003}
DEVELOPMENT_MISSING_CONDITION q_RN_g_N {"mAP": 66.67353821180127, "mINP": 41.15076475553989, "Rank-1": 80.896, "Rank-5": 83.2, "Rank-10": 83.744, "Rank-20": 84.608}
DEVELOPMENT_MISSING_CONDITION q_RN_g_R {"mAP": 76.23817414192492, "mINP": 53.31547981616352, "Rank-1": 88.16000000000001, "Rank-5": 90.688, "Rank-10": 91.552, "Rank-20": 92.704}
DEVELOPMENT_MISSING_CONDITION q_T_g_RNT {"mAP": 26.32614605233136, "mINP": 16.22544448431431, "Rank-1": 26.272000000000002, "Rank-5": 30.752000000000002, "Rank-10": 32.48, "Rank-20": 35.327999999999996}
DEVELOPMENT_MISSING_CONDITION q_T_g_NT {"mAP": 33.26839749384582, "mINP": 19.055170639396295, "Rank-1": 38.848, "Rank-5": 42.912, "Rank-10": 45.248, "Rank-20": 50.016000000000005}
DEVELOPMENT_MISSING_CONDITION q_T_g_RT {"mAP": 31.883307010332658, "mINP": 21.904296991030893, "Rank-1": 31.263999999999996, "Rank-5": 34.336, "Rank-10": 36.352000000000004, "Rank-20": 39.168}
DEVELOPMENT_MISSING_CONDITION q_T_g_RN {"mAP": 9.866862159595021, "mINP": 10.34124228903745, "Rank-1": 3.2, "Rank-5": 3.2, "Rank-10": 4.224, "Rank-20": 8.0}
DEVELOPMENT_MISSING_CONDITION q_T_g_T {"mAP": 50.97826351459091, "mINP": 23.09976021570176, "Rank-1": 69.312, "Rank-5": 75.52, "Rank-10": 79.84, "Rank-20": 85.152}
DEVELOPMENT_MISSING_CONDITION q_T_g_N {"mAP": 9.177725269917806, "mINP": 9.278365630539813, "Rank-1": 4.0, "Rank-5": 4.0, "Rank-10": 10.367999999999999, "Rank-20": 10.4}
DEVELOPMENT_MISSING_CONDITION q_T_g_R {"mAP": 11.990435204965397, "mINP": 13.980018916385328, "Rank-1": 6.4, "Rank-5": 6.4, "Rank-10": 6.4, "Rank-20": 6.4}
DEVELOPMENT_MISSING_CONDITION q_N_g_RNT {"mAP": 37.03733260031559, "mINP": 27.96815659564174, "Rank-1": 34.592, "Rank-5": 36.736000000000004, "Rank-10": 37.92, "Rank-20": 39.328}
DEVELOPMENT_MISSING_CONDITION q_N_g_NT {"mAP": 46.284059573351115, "mINP": 32.645949637562865, "Rank-1": 51.552, "Rank-5": 55.584, "Rank-10": 57.888, "Rank-20": 61.376}
DEVELOPMENT_MISSING_CONDITION q_N_g_RT {"mAP": 12.345439725194112, "mINP": 14.555743754203537, "Rank-1": 6.4, "Rank-5": 6.4, "Rank-10": 6.4, "Rank-20": 6.4}
DEVELOPMENT_MISSING_CONDITION q_N_g_RN {"mAP": 51.63202239484238, "mINP": 36.196783624225944, "Rank-1": 58.431999999999995, "Rank-5": 61.536, "Rank-10": 63.007999999999996, "Rank-20": 67.168}
DEVELOPMENT_MISSING_CONDITION q_N_g_T {"mAP": 9.561694394006302, "mINP": 9.672550943739267, "Rank-1": 5.6000000000000005, "Rank-5": 6.784, "Rank-10": 11.232000000000001, "Rank-20": 18.4}
DEVELOPMENT_MISSING_CONDITION q_N_g_N {"mAP": 66.51423576134607, "mINP": 40.92194815916223, "Rank-1": 79.776, "Rank-5": 82.592, "Rank-10": 83.488, "Rank-20": 84.86399999999999}
DEVELOPMENT_MISSING_CONDITION q_N_g_R {"mAP": 12.084918551520127, "mINP": 14.421857205495586, "Rank-1": 6.4, "Rank-5": 6.4, "Rank-10": 6.4, "Rank-20": 6.4}
DEVELOPMENT_MISSING_CONDITION q_R_g_RNT {"mAP": 41.01414007563889, "mINP": 34.20397346422918, "Rank-1": 36.896, "Rank-5": 39.296, "Rank-10": 40.576, "Rank-20": 43.04}
DEVELOPMENT_MISSING_CONDITION q_R_g_NT {"mAP": 10.360989971910861, "mINP": 9.81502847116684, "Rank-1": 6.4, "Rank-5": 7.167999999999999, "Rank-10": 11.232000000000001, "Rank-20": 12.0}
DEVELOPMENT_MISSING_CONDITION q_R_g_RT {"mAP": 52.04486729734339, "mINP": 41.11846204378948, "Rank-1": 57.76, "Rank-5": 60.096000000000004, "Rank-10": 62.88, "Rank-20": 67.04}
DEVELOPMENT_MISSING_CONDITION q_R_g_RN {"mAP": 58.174444726937004, "mINP": 41.24036192279985, "Rank-1": 65.12, "Rank-5": 69.632, "Rank-10": 71.26400000000001, "Rank-20": 75.64800000000001}
DEVELOPMENT_MISSING_CONDITION q_R_g_T {"mAP": 9.732014340223031, "mINP": 9.573680071820407, "Rank-1": 5.6000000000000005, "Rank-5": 7.327999999999999, "Rank-10": 15.744, "Rank-20": 17.599999999999998}
DEVELOPMENT_MISSING_CONDITION q_R_g_N {"mAP": 9.259079786131151, "mINP": 9.097179534244157, "Rank-1": 4.0, "Rank-5": 7.744, "Rank-10": 10.4, "Rank-20": 10.4}
DEVELOPMENT_MISSING_CONDITION q_R_g_R {"mAP": 75.98023666431135, "mINP": 52.603345689220596, "Rank-1": 87.68, "Rank-5": 90.848, "Rank-10": 92.384, "Rank-20": 93.728}
