/data/gaob/Re-ID/conda-envs/tri_reid/lib/python3.10/site-packages/timm/models/helpers.py:7: FutureWarning: Importing from timm.models.helpers is deprecated, please import via timm.models
  warnings.warn(f"Importing from {__name__} is deprecated, please import via timm.models", FutureWarning)
/data/gaob/Re-ID/conda-envs/tri_reid/lib/python3.10/site-packages/timm/models/registry.py:4: FutureWarning: Importing from timm.models.registry is deprecated, please import via timm.models
  warnings.warn(f"Importing from {__name__} is deprecated, please import via timm.models", FutureWarning)
/data/gaob/Re-ID/conda-envs/tri_reid/lib/python3.10/site-packages/timm/models/layers/__init__.py:48: FutureWarning: Importing from timm.models.layers is deprecated, please import via timm.layers
  warnings.warn(f"Importing from {__name__} is deprecated, please import via timm.layers", FutureWarning)
using Transformer_type: ViT-B-16 as a backbone
Resized position embedding: %s to %s torch.Size([197, 768]) torch.Size([129, 768])
Position embedding resize to height:8 width: 16
Successfully load ckpt!
<All keys matched successfully>
Loading pretrained model from CLIP
camera number is : 8
IDENTITY_MISSING_FEATURE_BANKS_CPU_ONLY {"available_sets": 7, "cuda_allocated_bytes": 8519680, "new_optimizer_updates": 0}
IDENTITY_MISSING_STREAM {"event": "RAW_READY", "condition": "q_RNT_g_RNT", "path": "/data/gaob/Re-ID/DeMo-DualAxis/runs/r201g_other_two_missing49_stream_20261006/full/MSVR310_r201g_frequency_shared_s42/q_RNT_g_RNT/raw.npz", "file": {"bytes": 8582398, "sha256": "92c10f980fc19633e6b6cd561410d22609e61a388866b2714466ca58461e9b9b"}, "installed_gt_cases": 4}
IDENTITY_MISSING_STREAM {"event": "RAW_CLEARED", "condition": "q_RNT_g_RNT"}
IDENTITY_MISSING_STREAM {"event": "RAW_READY", "condition": "q_RNT_g_R", "path": "/data/gaob/Re-ID/DeMo-DualAxis/runs/r201g_other_two_missing49_stream_20261006/full/MSVR310_r201g_frequency_shared_s42/q_RNT_g_R/raw.npz", "file": {"bytes": 8353025, "sha256": "e7f037c2f10e12fcd07fd626ac578d6be8b188f033c2c877f69869ebd95d7e64"}, "installed_gt_cases": 4}
IDENTITY_MISSING_STREAM {"event": "RAW_CLEARED", "condition": "q_RNT_g_R"}
IDENTITY_MISSING_STREAM {"event": "RAW_READY", "condition": "q_RNT_g_N", "path": "/data/gaob/Re-ID/DeMo-DualAxis/runs/r201g_other_two_missing49_stream_20261006/full/MSVR310_r201g_frequency_shared_s42/q_RNT_g_N/raw.npz", "file": {"bytes": 8318557, "sha256": "90c76a98ccb47eec04a08d750a3ca3055e630d8a66cabece012b4f50416e5caf"}, "installed_gt_cases": 4}
IDENTITY_MISSING_STREAM {"event": "RAW_CLEARED", "condition": "q_RNT_g_N"}
IDENTITY_MISSING_STREAM {"event": "RAW_READY", "condition": "q_RNT_g_T", "path": "/data/gaob/Re-ID/DeMo-DualAxis/runs/r201g_other_two_missing49_stream_20261006/full/MSVR310_r201g_frequency_shared_s42/q_RNT_g_T/raw.npz", "file": {"bytes": 8196886, "sha256": "c2f13bcd805e7927f3e0d486d5b500c5dd27aced404b0a75f3472b1378a77bab"}, "installed_gt_cases": 4}
IDENTITY_MISSING_STREAM {"event": "RAW_CLEARED", "condition": "q_RNT_g_T"}
IDENTITY_MISSING_STREAM {"event": "RAW_READY", "condition": "q_RNT_g_RN", "path": "/data/gaob/Re-ID/DeMo-DualAxis/runs/r201g_other_two_missing49_stream_20261006/full/MSVR310_r201g_frequency_shared_s42/q_RNT_g_RN/raw.npz", "file": {"bytes": 8424553, "sha256": "0a9257cad6634c2d964a4d514c8bed14cbf6d75b78ddbb3a82a83d802df87762"}, "installed_gt_cases": 4}
IDENTITY_MISSING_STREAM {"event": "RAW_CLEARED", "condition": "q_RNT_g_RN"}
IDENTITY_MISSING_STREAM {"event": "RAW_READY", "condition": "q_RNT_g_RT", "path": "/data/gaob/Re-ID/DeMo-DualAxis/runs/r201g_other_two_missing49_stream_20261006/full/MSVR310_r201g_frequency_shared_s42/q_RNT_g_RT/raw.npz", "file": {"bytes": 8369904, "sha256": "57942fdbe3e4325b43d3b194ee0d122ccaae9c5ac84e51e718ea58030f4fecff"}, "installed_gt_cases": 4}
IDENTITY_MISSING_STREAM {"event": "RAW_CLEARED", "condition": "q_RNT_g_RT"}
IDENTITY_MISSING_STREAM {"event": "RAW_READY", "condition": "q_RNT_g_NT", "path": "/data/gaob/Re-ID/DeMo-DualAxis/runs/r201g_other_two_missing49_stream_20261006/full/MSVR310_r201g_frequency_shared_s42/q_RNT_g_NT/raw.npz", "file": {"bytes": 8351447, "sha256": "a2009b9b34e78371f275d5d8434fb12081164c7a5582d19af04c7ecc92090715"}, "installed_gt_cases": 4}
IDENTITY_MISSING_STREAM {"event": "RAW_CLEARED", "condition": "q_RNT_g_NT"}
IDENTITY_MISSING_STREAM {"event": "RAW_READY", "condition": "q_R_g_RNT", "path": "/data/gaob/Re-ID/DeMo-DualAxis/runs/r201g_other_two_missing49_stream_20261006/full/MSVR310_r201g_frequency_shared_s42/q_R_g_RNT/raw.npz", "file": {"bytes": 8341147, "sha256": "53139a74605b1021442144f145bc3e0cd7680f0b7e9ee38877e65741245cb3a8"}, "installed_gt_cases": 4}
IDENTITY_MISSING_STREAM {"event": "RAW_CLEARED", "condition": "q_R_g_RNT"}
IDENTITY_MISSING_STREAM {"event": "RAW_READY", "condition": "q_R_g_R", "path": "/data/gaob/Re-ID/DeMo-DualAxis/runs/r201g_other_two_missing49_stream_20261006/full/MSVR310_r201g_frequency_shared_s42/q_R_g_R/raw.npz", "file": {"bytes": 8542476, "sha256": "d00fe602bbe262ce86c9ab2a77c6231dfaf0462b8d6990b95c9c218dc1ef2a76"}, "installed_gt_cases": 4}
IDENTITY_MISSING_STREAM {"event": "RAW_CLEARED", "condition": "q_R_g_R"}
IDENTITY_MISSING_STREAM {"event": "RAW_READY", "condition": "q_R_g_N", "path": "/data/gaob/Re-ID/DeMo-DualAxis/runs/r201g_other_two_missing49_stream_20261006/full/MSVR310_r201g_frequency_shared_s42/q_R_g_N/raw.npz", "file": {"bytes": 447573, "sha256": "c48ccc05173a9b1bc9e461c299132754fb906093943d2cb539a16e09cab47ce4"}, "installed_gt_cases": 4}
IDENTITY_MISSING_STREAM {"event": "RAW_CLEARED", "condition": "q_R_g_N"}
IDENTITY_MISSING_STREAM {"event": "RAW_READY", "condition": "q_R_g_T", "path": "/data/gaob/Re-ID/DeMo-DualAxis/runs/r201g_other_two_missing49_stream_20261006/full/MSVR310_r201g_frequency_shared_s42/q_R_g_T/raw.npz", "file": {"bytes": 450085, "sha256": "a5f49d83a6272fc971b3d01d0b7a4ba7a4baafb1901027ffff0a4f955b1be097"}, "installed_gt_cases": 4}
IDENTITY_MISSING_STREAM {"event": "RAW_CLEARED", "condition": "q_R_g_T"}
IDENTITY_MISSING_STREAM {"event": "RAW_READY", "condition": "q_R_g_RN", "path": "/data/gaob/Re-ID/DeMo-DualAxis/runs/r201g_other_two_missing49_stream_20261006/full/MSVR310_r201g_frequency_shared_s42/q_R_g_RN/raw.npz", "file": {"bytes": 8418106, "sha256": "65be34a698a756f93735e41efef2c9f950860b7ab363357c5bc36731ce0f7505"}, "installed_gt_cases": 4}
IDENTITY_MISSING_STREAM {"event": "RAW_CLEARED", "condition": "q_R_g_RN"}
IDENTITY_MISSING_STREAM {"event": "RAW_READY", "condition": "q_R_g_RT", "path": "/data/gaob/Re-ID/DeMo-DualAxis/runs/r201g_other_two_missing49_stream_20261006/full/MSVR310_r201g_frequency_shared_s42/q_R_g_RT/raw.npz", "file": {"bytes": 8418224, "sha256": "63685cbf8f67a3af14d7398ba745bd72b20a1463235779f03ffb6d13bee465fe"}, "installed_gt_cases": 4}
IDENTITY_MISSING_STREAM {"event": "RAW_CLEARED", "condition": "q_R_g_RT"}
IDENTITY_MISSING_STREAM {"event": "RAW_READY", "condition": "q_R_g_NT", "path": "/data/gaob/Re-ID/DeMo-DualAxis/runs/r201g_other_two_missing49_stream_20261006/full/MSVR310_r201g_frequency_shared_s42/q_R_g_NT/raw.npz", "file": {"bytes": 458739, "sha256": "6301666b6a095827c34dca37af74a506c3674e85f20fd4ff2afa40c31ed11e3c"}, "installed_gt_cases": 4}
IDENTITY_MISSING_STREAM {"event": "RAW_CLEARED", "condition": "q_R_g_NT"}
IDENTITY_MISSING_STREAM {"event": "RAW_READY", "condition": "q_N_g_RNT", "path": "/data/gaob/Re-ID/DeMo-DualAxis/runs/r201g_other_two_missing49_stream_20261006/full/MSVR310_r201g_frequency_shared_s42/q_N_g_RNT/raw.npz", "file": {"bytes": 8310775, "sha256": "3dc6e6882d62dc7adf35afaeb9ecf69ad99ad254446d2cdab9596b03c3d82b78"}, "installed_gt_cases": 4}
IDENTITY_MISSING_STREAM {"event": "RAW_CLEARED", "condition": "q_N_g_RNT"}
IDENTITY_MISSING_STREAM {"event": "RAW_READY", "condition": "q_N_g_R", "path": "/data/gaob/Re-ID/DeMo-DualAxis/runs/r201g_other_two_missing49_stream_20261006/full/MSVR310_r201g_frequency_shared_s42/q_N_g_R/raw.npz", "file": {"bytes": 444871, "sha256": "9436160d5cfacf65768f0136143dd0cc9f71ccc3eee05ab6e80d6c6df0fc3652"}, "installed_gt_cases": 4}
IDENTITY_MISSING_STREAM {"event": "RAW_CLEARED", "condition": "q_N_g_R"}
IDENTITY_MISSING_STREAM {"event": "RAW_READY", "condition": "q_N_g_N", "path": "/data/gaob/Re-ID/DeMo-DualAxis/runs/r201g_other_two_missing49_stream_20261006/full/MSVR310_r201g_frequency_shared_s42/q_N_g_N/raw.npz", "file": {"bytes": 8554350, "sha256": "c4928b9747d96f4e822f65c342e382b20e87dcf7f7e595a41fb83ec7dd86c3f8"}, "installed_gt_cases": 4}
IDENTITY_MISSING_STREAM {"event": "RAW_CLEARED", "condition": "q_N_g_N"}
IDENTITY_MISSING_STREAM {"event": "RAW_READY", "condition": "q_N_g_T", "path": "/data/gaob/Re-ID/DeMo-DualAxis/runs/r201g_other_two_missing49_stream_20261006/full/MSVR310_r201g_frequency_shared_s42/q_N_g_T/raw.npz", "file": {"bytes": 450233, "sha256": "efab8ed6bc669529a05a816791549640f1403efd63df7dde2dca29bf6a554a29"}, "installed_gt_cases": 4}
IDENTITY_MISSING_STREAM {"event": "RAW_CLEARED", "condition": "q_N_g_T"}
IDENTITY_MISSING_STREAM {"event": "RAW_READY", "condition": "q_N_g_RN", "path": "/data/gaob/Re-ID/DeMo-DualAxis/runs/r201g_other_two_missing49_stream_20261006/full/MSVR310_r201g_frequency_shared_s42/q_N_g_RN/raw.npz", "file": {"bytes": 8374531, "sha256": "46c45a1cf5994cf7ab7c37814a54351617c039b3be6005bf9db7a8df8bf16dc4"}, "installed_gt_cases": 4}
IDENTITY_MISSING_STREAM {"event": "RAW_CLEARED", "condition": "q_N_g_RN"}
IDENTITY_MISSING_STREAM {"event": "RAW_READY", "condition": "q_N_g_RT", "path": "/data/gaob/Re-ID/DeMo-DualAxis/runs/r201g_other_two_missing49_stream_20261006/full/MSVR310_r201g_frequency_shared_s42/q_N_g_RT/raw.npz", "file": {"bytes": 445945, "sha256": "f96428c87ed0e480975352a77c835d235946267e7abeb0b6d8d45ccaf5c3be1b"}, "installed_gt_cases": 4}
IDENTITY_MISSING_STREAM {"event": "RAW_CLEARED", "condition": "q_N_g_RT"}
IDENTITY_MISSING_STREAM {"event": "RAW_READY", "condition": "q_N_g_NT", "path": "/data/gaob/Re-ID/DeMo-DualAxis/runs/r201g_other_two_missing49_stream_20261006/full/MSVR310_r201g_frequency_shared_s42/q_N_g_NT/raw.npz", "file": {"bytes": 8417753, "sha256": "4f0042bfbd6fd49964c5e5ae59a873dad86d5c2cbbd54e824284657c7a6f862b"}, "installed_gt_cases": 4}
IDENTITY_MISSING_STREAM {"event": "RAW_CLEARED", "condition": "q_N_g_NT"}
IDENTITY_MISSING_STREAM {"event": "RAW_READY", "condition": "q_T_g_RNT", "path": "/data/gaob/Re-ID/DeMo-DualAxis/runs/r201g_other_two_missing49_stream_20261006/full/MSVR310_r201g_frequency_shared_s42/q_T_g_RNT/raw.npz", "file": {"bytes": 8123848, "sha256": "e0b39ec587ed7f6f01696955a2727675737b81091f0ae899701895a97dc7fb55"}, "installed_gt_cases": 4}
IDENTITY_MISSING_STREAM {"event": "RAW_CLEARED", "condition": "q_T_g_RNT"}
IDENTITY_MISSING_STREAM {"event": "RAW_READY", "condition": "q_T_g_R", "path": "/data/gaob/Re-ID/DeMo-DualAxis/runs/r201g_other_two_missing49_stream_20261006/full/MSVR310_r201g_frequency_shared_s42/q_T_g_R/raw.npz", "file": {"bytes": 433998, "sha256": "b7de76175fbd6cb98968162a7b82de8762816c61f54af87ff562bfc097c4609e"}, "installed_gt_cases": 4}
IDENTITY_MISSING_STREAM {"event": "RAW_CLEARED", "condition": "q_T_g_R"}
IDENTITY_MISSING_STREAM {"event": "RAW_READY", "condition": "q_T_g_N", "path": "/data/gaob/Re-ID/DeMo-DualAxis/runs/r201g_other_two_missing49_stream_20261006/full/MSVR310_r201g_frequency_shared_s42/q_T_g_N/raw.npz", "file": {"bytes": 438476, "sha256": "c82056354c3ad8a00ac7aa03613b6de0c1979aaf72a3979399c60d9f3243b26c"}, "installed_gt_cases": 4}
IDENTITY_MISSING_STREAM {"event": "RAW_CLEARED", "condition": "q_T_g_N"}
IDENTITY_MISSING_STREAM {"event": "RAW_READY", "condition": "q_T_g_T", "path": "/data/gaob/Re-ID/DeMo-DualAxis/runs/r201g_other_two_missing49_stream_20261006/full/MSVR310_r201g_frequency_shared_s42/q_T_g_T/raw.npz", "file": {"bytes": 8523728, "sha256": "71c7fc6cc7266623eec045e6b816cc5ee35903b33b038ed33bf050dcdc9934ea"}, "installed_gt_cases": 4}
IDENTITY_MISSING_STREAM {"event": "RAW_CLEARED", "condition": "q_T_g_T"}
IDENTITY_MISSING_STREAM {"event": "RAW_READY", "condition": "q_T_g_RN", "path": "/data/gaob/Re-ID/DeMo-DualAxis/runs/r201g_other_two_missing49_stream_20261006/full/MSVR310_r201g_frequency_shared_s42/q_T_g_RN/raw.npz", "file": {"bytes": 441101, "sha256": "9637c7b47ee4e2ae657dcc8f277289e39e1628680097254a591e479ba1b5b4e5"}, "installed_gt_cases": 4}
IDENTITY_MISSING_STREAM {"event": "RAW_CLEARED", "condition": "q_T_g_RN"}
IDENTITY_MISSING_STREAM {"event": "RAW_READY", "condition": "q_T_g_RT", "path": "/data/gaob/Re-ID/DeMo-DualAxis/runs/r201g_other_two_missing49_stream_20261006/full/MSVR310_r201g_frequency_shared_s42/q_T_g_RT/raw.npz", "file": {"bytes": 8274233, "sha256": "251513e80fb6db22dc33c6bda0aab8396ee723ffebdbe24362676488b435545a"}, "installed_gt_cases": 4}
IDENTITY_MISSING_STREAM {"event": "RAW_CLEARED", "condition": "q_T_g_RT"}
IDENTITY_MISSING_STREAM {"event": "RAW_READY", "condition": "q_T_g_NT", "path": "/data/gaob/Re-ID/DeMo-DualAxis/runs/r201g_other_two_missing49_stream_20261006/full/MSVR310_r201g_frequency_shared_s42/q_T_g_NT/raw.npz", "file": {"bytes": 8302692, "sha256": "bc77418b91a00f3a88bc3f2d45f41b9c50511fbc4165cc42820c95255e89ad30"}, "installed_gt_cases": 4}
IDENTITY_MISSING_STREAM {"event": "RAW_CLEARED", "condition": "q_T_g_NT"}
IDENTITY_MISSING_STREAM {"event": "RAW_READY", "condition": "q_RN_g_RNT", "path": "/data/gaob/Re-ID/DeMo-DualAxis/runs/r201g_other_two_missing49_stream_20261006/full/MSVR310_r201g_frequency_shared_s42/q_RN_g_RNT/raw.npz", "file": {"bytes": 8421234, "sha256": "418a00d89a025035eda90eebcced3cb2c640906b574ac374feb0c2bd87577795"}, "installed_gt_cases": 4}
IDENTITY_MISSING_STREAM {"event": "RAW_CLEARED", "condition": "q_RN_g_RNT"}
IDENTITY_MISSING_STREAM {"event": "RAW_READY", "condition": "q_RN_g_R", "path": "/data/gaob/Re-ID/DeMo-DualAxis/runs/r201g_other_two_missing49_stream_20261006/full/MSVR310_r201g_frequency_shared_s42/q_RN_g_R/raw.npz", "file": {"bytes": 8421146, "sha256": "a46db9aca78f84e12471df2f13fd9b00e6dab0f1c8a1f9c305b9d7231622988e"}, "installed_gt_cases": 4}
IDENTITY_MISSING_STREAM {"event": "RAW_CLEARED", "condition": "q_RN_g_R"}
IDENTITY_MISSING_STREAM {"event": "RAW_READY", "condition": "q_RN_g_N", "path": "/data/gaob/Re-ID/DeMo-DualAxis/runs/r201g_other_two_missing49_stream_20261006/full/MSVR310_r201g_frequency_shared_s42/q_RN_g_N/raw.npz", "file": {"bytes": 8376984, "sha256": "e52d10dfd64f2b4dd3a87de80eb306aabe319b659a8e09f55b539d40076a7514"}, "installed_gt_cases": 4}
IDENTITY_MISSING_STREAM {"event": "RAW_CLEARED", "condition": "q_RN_g_N"}
IDENTITY_MISSING_STREAM {"event": "RAW_READY", "condition": "q_RN_g_T", "path": "/data/gaob/Re-ID/DeMo-DualAxis/runs/r201g_other_two_missing49_stream_20261006/full/MSVR310_r201g_frequency_shared_s42/q_RN_g_T/raw.npz", "file": {"bytes": 479715, "sha256": "a21dd744628483887f57c5bc3846d1e70eed674e71f1a4d0581fb1f721d14b29"}, "installed_gt_cases": 4}
IDENTITY_MISSING_STREAM {"event": "RAW_CLEARED", "condition": "q_RN_g_T"}
IDENTITY_MISSING_STREAM {"event": "RAW_READY", "condition": "q_RN_g_RN", "path": "/data/gaob/Re-ID/DeMo-DualAxis/runs/r201g_other_two_missing49_stream_20261006/full/MSVR310_r201g_frequency_shared_s42/q_RN_g_RN/raw.npz", "file": {"bytes": 8528611, "sha256": "2af470853d3b3073658b28524a7bacbc952ed8d0f9158e96f62e11e37bbdfce5"}, "installed_gt_cases": 4}
IDENTITY_MISSING_STREAM {"event": "RAW_CLEARED", "condition": "q_RN_g_RN"}
IDENTITY_MISSING_STREAM {"event": "RAW_READY", "condition": "q_RN_g_RT", "path": "/data/gaob/Re-ID/DeMo-DualAxis/runs/r201g_other_two_missing49_stream_20261006/full/MSVR310_r201g_frequency_shared_s42/q_RN_g_RT/raw.npz", "file": {"bytes": 8338689, "sha256": "11b654b0d6539292a93681c5f8ba0615e6aefba07d2e6d7c079ca48d8cf03621"}, "installed_gt_cases": 4}
IDENTITY_MISSING_STREAM {"event": "RAW_CLEARED", "condition": "q_RN_g_RT"}
IDENTITY_MISSING_STREAM {"event": "RAW_READY", "condition": "q_RN_g_NT", "path": "/data/gaob/Re-ID/DeMo-DualAxis/runs/r201g_other_two_missing49_stream_20261006/full/MSVR310_r201g_frequency_shared_s42/q_RN_g_NT/raw.npz", "file": {"bytes": 8294042, "sha256": "2aa163b88635842952da357bb9dd7f112ef6546cc77644720f6063c5657b233c"}, "installed_gt_cases": 4}
IDENTITY_MISSING_STREAM {"event": "RAW_CLEARED", "condition": "q_RN_g_NT"}
IDENTITY_MISSING_STREAM {"event": "RAW_READY", "condition": "q_RT_g_RNT", "path": "/data/gaob/Re-ID/DeMo-DualAxis/runs/r201g_other_two_missing49_stream_20261006/full/MSVR310_r201g_frequency_shared_s42/q_RT_g_RNT/raw.npz", "file": {"bytes": 8367371, "sha256": "6bea4c20e54cdeffe212f695b44e57206b5194eff5803baff71b11f4b048771a"}, "installed_gt_cases": 4}
IDENTITY_MISSING_STREAM {"event": "RAW_CLEARED", "condition": "q_RT_g_RNT"}
IDENTITY_MISSING_STREAM {"event": "RAW_READY", "condition": "q_RT_g_R", "path": "/data/gaob/Re-ID/DeMo-DualAxis/runs/r201g_other_two_missing49_stream_20261006/full/MSVR310_r201g_frequency_shared_s42/q_RT_g_R/raw.npz", "file": {"bytes": 8424099, "sha256": "0ccc5aefb9037d62887df2db0825164ff9f8b8981b8066e1e7f0bbab0b21887d"}, "installed_gt_cases": 4}
IDENTITY_MISSING_STREAM {"event": "RAW_CLEARED", "condition": "q_RT_g_R"}
IDENTITY_MISSING_STREAM {"event": "RAW_READY", "condition": "q_RT_g_N", "path": "/data/gaob/Re-ID/DeMo-DualAxis/runs/r201g_other_two_missing49_stream_20261006/full/MSVR310_r201g_frequency_shared_s42/q_RT_g_N/raw.npz", "file": {"bytes": 474024, "sha256": "3078ab4c70149398abe0d801ea8ce24a54378fd93c57453d868e80ba2d3f6422"}, "installed_gt_cases": 4}
IDENTITY_MISSING_STREAM {"event": "RAW_CLEARED", "condition": "q_RT_g_N"}
IDENTITY_MISSING_STREAM {"event": "RAW_READY", "condition": "q_RT_g_T", "path": "/data/gaob/Re-ID/DeMo-DualAxis/runs/r201g_other_two_missing49_stream_20261006/full/MSVR310_r201g_frequency_shared_s42/q_RT_g_T/raw.npz", "file": {"bytes": 8303588, "sha256": "def04bbec3e7055e6bf410c69c3092b00ebd3eb4f7541f28ea41233bcb1301c0"}, "installed_gt_cases": 4}
IDENTITY_MISSING_STREAM {"event": "RAW_CLEARED", "condition": "q_RT_g_T"}
IDENTITY_MISSING_STREAM {"event": "RAW_READY", "condition": "q_RT_g_RN", "path": "/data/gaob/Re-ID/DeMo-DualAxis/runs/r201g_other_two_missing49_stream_20261006/full/MSVR310_r201g_frequency_shared_s42/q_RT_g_RN/raw.npz", "file": {"bytes": 8341180, "sha256": "8b1ebb240ae09d1157f2ab024f055df1578e4cf5719a93198395c0e8d13426db"}, "installed_gt_cases": 4}
IDENTITY_MISSING_STREAM {"event": "RAW_CLEARED", "condition": "q_RT_g_RN"}
IDENTITY_MISSING_STREAM {"event": "RAW_READY", "condition": "q_RT_g_RT", "path": "/data/gaob/Re-ID/DeMo-DualAxis/runs/r201g_other_two_missing49_stream_20261006/full/MSVR310_r201g_frequency_shared_s42/q_RT_g_RT/raw.npz", "file": {"bytes": 8534068, "sha256": "f5b3226a535109c1b9fba34a885abdc8c3857bece0d579cd8247c6d63451096d"}, "installed_gt_cases": 4}
IDENTITY_MISSING_STREAM {"event": "RAW_CLEARED", "condition": "q_RT_g_RT"}
IDENTITY_MISSING_STREAM {"event": "RAW_READY", "condition": "q_RT_g_NT", "path": "/data/gaob/Re-ID/DeMo-DualAxis/runs/r201g_other_two_missing49_stream_20261006/full/MSVR310_r201g_frequency_shared_s42/q_RT_g_NT/raw.npz", "file": {"bytes": 8064304, "sha256": "0de99cd3cc8413a30ab8655b4010cc740306a38587d5fd94eeee8a2d44d9ef66"}, "installed_gt_cases": 4}
IDENTITY_MISSING_STREAM {"event": "RAW_CLEARED", "condition": "q_RT_g_NT"}
IDENTITY_MISSING_STREAM {"event": "RAW_READY", "condition": "q_NT_g_RNT", "path": "/data/gaob/Re-ID/DeMo-DualAxis/runs/r201g_other_two_missing49_stream_20261006/full/MSVR310_r201g_frequency_shared_s42/q_NT_g_RNT/raw.npz", "file": {"bytes": 8352913, "sha256": "a5e143ead1f7ebc41b65caa780d0eec284b4b330fcb5e4f04490ca9a799ef220"}, "installed_gt_cases": 4}
IDENTITY_MISSING_STREAM {"event": "RAW_CLEARED", "condition": "q_NT_g_RNT"}
IDENTITY_MISSING_STREAM {"event": "RAW_READY", "condition": "q_NT_g_R", "path": "/data/gaob/Re-ID/DeMo-DualAxis/runs/r201g_other_two_missing49_stream_20261006/full/MSVR310_r201g_frequency_shared_s42/q_NT_g_R/raw.npz", "file": {"bytes": 474640, "sha256": "06b4996993e57de16c12293a894ec3914ff32b2121517e685ea7201cea37f276"}, "installed_gt_cases": 4}
IDENTITY_MISSING_STREAM {"event": "RAW_CLEARED", "condition": "q_NT_g_R"}
IDENTITY_MISSING_STREAM {"event": "RAW_READY", "condition": "q_NT_g_N", "path": "/data/gaob/Re-ID/DeMo-DualAxis/runs/r201g_other_two_missing49_stream_20261006/full/MSVR310_r201g_frequency_shared_s42/q_NT_g_N/raw.npz", "file": {"bytes": 8421608, "sha256": "93a14df032a5fadd380b39f4acf8bbe127bc5d99b7ca85bf6def8a89da0e6586"}, "installed_gt_cases": 4}
IDENTITY_MISSING_STREAM {"event": "RAW_CLEARED", "condition": "q_NT_g_N"}
IDENTITY_MISSING_STREAM {"event": "RAW_READY", "condition": "q_NT_g_T", "path": "/data/gaob/Re-ID/DeMo-DualAxis/runs/r201g_other_two_missing49_stream_20261006/full/MSVR310_r201g_frequency_shared_s42/q_NT_g_T/raw.npz", "file": {"bytes": 8325510, "sha256": "5d1ddf525921db989b1c240fb357d6be589f4d6e40fcc61f866430bdd78a0a30"}, "installed_gt_cases": 4}
IDENTITY_MISSING_STREAM {"event": "RAW_CLEARED", "condition": "q_NT_g_T"}
IDENTITY_MISSING_STREAM {"event": "RAW_READY", "condition": "q_NT_g_RN", "path": "/data/gaob/Re-ID/DeMo-DualAxis/runs/r201g_other_two_missing49_stream_20261006/full/MSVR310_r201g_frequency_shared_s42/q_NT_g_RN/raw.npz", "file": {"bytes": 8297806, "sha256": "03ca5081aae697b393df4a572afe5850eb72c906d7f4504d011fbc1415c2d458"}, "installed_gt_cases": 4}
IDENTITY_MISSING_STREAM {"event": "RAW_CLEARED", "condition": "q_NT_g_RN"}
IDENTITY_MISSING_STREAM {"event": "RAW_READY", "condition": "q_NT_g_RT", "path": "/data/gaob/Re-ID/DeMo-DualAxis/runs/r201g_other_two_missing49_stream_20261006/full/MSVR310_r201g_frequency_shared_s42/q_NT_g_RT/raw.npz", "file": {"bytes": 8062903, "sha256": "1a57b07f60678481cf24e68b42a59bb96c342e62ca5ecc6e4a1bd1ee533420f6"}, "installed_gt_cases": 4}
IDENTITY_MISSING_STREAM {"event": "RAW_CLEARED", "condition": "q_NT_g_RT"}
IDENTITY_MISSING_STREAM {"event": "RAW_READY", "condition": "q_NT_g_NT", "path": "/data/gaob/Re-ID/DeMo-DualAxis/runs/r201g_other_two_missing49_stream_20261006/full/MSVR310_r201g_frequency_shared_s42/q_NT_g_NT/raw.npz", "file": {"bytes": 8583841, "sha256": "c3a28f2f0a4bd670191b5887ea982b6cbfcfd87ba5a767cd76566fa02a74574f"}, "installed_gt_cases": 4}
IDENTITY_MISSING_STREAM {"event": "RAW_CLEARED", "condition": "q_NT_g_NT"}
IDENTITY_MISSING_STREAM {"event": "EVALUATION_COMPLETE", "conditions": 49, "cases": 196, "optimizer_updates": 0}
