/data/gaob/Re-ID/conda-envs/tri_reid/lib/python3.10/site-packages/timm/models/helpers.py:7: FutureWarning: Importing from timm.models.helpers is deprecated, please import via timm.models
  warnings.warn(f"Importing from {__name__} is deprecated, please import via timm.models", FutureWarning)
/data/gaob/Re-ID/conda-envs/tri_reid/lib/python3.10/site-packages/timm/models/registry.py:4: FutureWarning: Importing from timm.models.registry is deprecated, please import via timm.models
  warnings.warn(f"Importing from {__name__} is deprecated, please import via timm.models", FutureWarning)
/data/gaob/Re-ID/conda-envs/tri_reid/lib/python3.10/site-packages/timm/models/layers/__init__.py:48: FutureWarning: Importing from timm.models.layers is deprecated, please import via timm.layers
  warnings.warn(f"Importing from {__name__} is deprecated, please import via timm.layers", FutureWarning)
using Transformer_type: ViT-B-16 as a backbone
Resized position embedding: %s to %s torch.Size([197, 768]) torch.Size([129, 768])
Position embedding resize to height:8 width: 16
Successfully load ckpt!
<All keys matched successfully>
Loading pretrained model from CLIP
camera number is : 8
IDENTITY_MISSING_FEATURE_BANKS_CPU_ONLY {"available_sets": 7, "cuda_allocated_bytes": 8519680, "new_optimizer_updates": 0}
IDENTITY_MISSING_STREAM {"event": "RAW_READY", "condition": "q_RNT_g_RNT", "path": "/data/gaob/Re-ID/DeMo-DualAxis/runs/r201g_other_two_missing49_stream_20261006/full/MSVR310_r201g_axis_shared_s42/q_RNT_g_RNT/raw.npz", "file": {"bytes": 8586093, "sha256": "12350f52ecb0e1a2af9a287cf3aab319a1057671d30c3cd5aa9d682274b00baf"}, "installed_gt_cases": 4}
IDENTITY_MISSING_STREAM {"event": "RAW_CLEARED", "condition": "q_RNT_g_RNT"}
IDENTITY_MISSING_STREAM {"event": "RAW_READY", "condition": "q_RNT_g_R", "path": "/data/gaob/Re-ID/DeMo-DualAxis/runs/r201g_other_two_missing49_stream_20261006/full/MSVR310_r201g_axis_shared_s42/q_RNT_g_R/raw.npz", "file": {"bytes": 8351898, "sha256": "28b768cb84aef6ca8b8038b948ff83d306e748151e54c6625650bca6b2a31c73"}, "installed_gt_cases": 4}
IDENTITY_MISSING_STREAM {"event": "RAW_CLEARED", "condition": "q_RNT_g_R"}
IDENTITY_MISSING_STREAM {"event": "RAW_READY", "condition": "q_RNT_g_N", "path": "/data/gaob/Re-ID/DeMo-DualAxis/runs/r201g_other_two_missing49_stream_20261006/full/MSVR310_r201g_axis_shared_s42/q_RNT_g_N/raw.npz", "file": {"bytes": 8320307, "sha256": "683fd9db051c34b72b1cd4dda3c0b0dea8947c872849489ec45c4a796b267a6b"}, "installed_gt_cases": 4}
IDENTITY_MISSING_STREAM {"event": "RAW_CLEARED", "condition": "q_RNT_g_N"}
IDENTITY_MISSING_STREAM {"event": "RAW_READY", "condition": "q_RNT_g_T", "path": "/data/gaob/Re-ID/DeMo-DualAxis/runs/r201g_other_two_missing49_stream_20261006/full/MSVR310_r201g_axis_shared_s42/q_RNT_g_T/raw.npz", "file": {"bytes": 8199176, "sha256": "e6311d6e8bfef02f6c05179976a89ba2a3841793ff5af814f4df1c7d114eab85"}, "installed_gt_cases": 4}
IDENTITY_MISSING_STREAM {"event": "RAW_CLEARED", "condition": "q_RNT_g_T"}
IDENTITY_MISSING_STREAM {"event": "RAW_READY", "condition": "q_RNT_g_RN", "path": "/data/gaob/Re-ID/DeMo-DualAxis/runs/r201g_other_two_missing49_stream_20261006/full/MSVR310_r201g_axis_shared_s42/q_RNT_g_RN/raw.npz", "file": {"bytes": 8425319, "sha256": "89082ffe1884f8a6f1691a2b7d934af402922de1a29d11789a1fc01eb7e339c7"}, "installed_gt_cases": 4}
IDENTITY_MISSING_STREAM {"event": "RAW_CLEARED", "condition": "q_RNT_g_RN"}
IDENTITY_MISSING_STREAM {"event": "RAW_READY", "condition": "q_RNT_g_RT", "path": "/data/gaob/Re-ID/DeMo-DualAxis/runs/r201g_other_two_missing49_stream_20261006/full/MSVR310_r201g_axis_shared_s42/q_RNT_g_RT/raw.npz", "file": {"bytes": 8370681, "sha256": "acfe8f45cd7b8cc6295da421b562655a8b1b2e425241e88940c20ea0049c039b"}, "installed_gt_cases": 4}
IDENTITY_MISSING_STREAM {"event": "RAW_CLEARED", "condition": "q_RNT_g_RT"}
IDENTITY_MISSING_STREAM {"event": "RAW_READY", "condition": "q_RNT_g_NT", "path": "/data/gaob/Re-ID/DeMo-DualAxis/runs/r201g_other_two_missing49_stream_20261006/full/MSVR310_r201g_axis_shared_s42/q_RNT_g_NT/raw.npz", "file": {"bytes": 8352785, "sha256": "339d6d1e66f93790f982e5cf4c453a3fe4e1113134299a3992dc1a21648a457a"}, "installed_gt_cases": 4}
IDENTITY_MISSING_STREAM {"event": "RAW_CLEARED", "condition": "q_RNT_g_NT"}
IDENTITY_MISSING_STREAM {"event": "RAW_READY", "condition": "q_R_g_RNT", "path": "/data/gaob/Re-ID/DeMo-DualAxis/runs/r201g_other_two_missing49_stream_20261006/full/MSVR310_r201g_axis_shared_s42/q_R_g_RNT/raw.npz", "file": {"bytes": 8341388, "sha256": "fce704682ef449c2f0aa09175b8ec71278bc096e688f64cf02bb1fcf95519092"}, "installed_gt_cases": 4}
IDENTITY_MISSING_STREAM {"event": "RAW_CLEARED", "condition": "q_R_g_RNT"}
IDENTITY_MISSING_STREAM {"event": "RAW_READY", "condition": "q_R_g_R", "path": "/data/gaob/Re-ID/DeMo-DualAxis/runs/r201g_other_two_missing49_stream_20261006/full/MSVR310_r201g_axis_shared_s42/q_R_g_R/raw.npz", "file": {"bytes": 8542110, "sha256": "aa9075c25ae3e9f9f34659ef4f82551ccc24e2584a083e72c81c55f6b10b49bc"}, "installed_gt_cases": 4}
IDENTITY_MISSING_STREAM {"event": "RAW_CLEARED", "condition": "q_R_g_R"}
IDENTITY_MISSING_STREAM {"event": "RAW_READY", "condition": "q_R_g_N", "path": "/data/gaob/Re-ID/DeMo-DualAxis/runs/r201g_other_two_missing49_stream_20261006/full/MSVR310_r201g_axis_shared_s42/q_R_g_N/raw.npz", "file": {"bytes": 467708, "sha256": "4f1850cbee2aaea113e402ed51f33f47dcd27d6c3680b9f6fbaadd8d8c417924"}, "installed_gt_cases": 4}
IDENTITY_MISSING_STREAM {"event": "RAW_CLEARED", "condition": "q_R_g_N"}
IDENTITY_MISSING_STREAM {"event": "RAW_READY", "condition": "q_R_g_T", "path": "/data/gaob/Re-ID/DeMo-DualAxis/runs/r201g_other_two_missing49_stream_20261006/full/MSVR310_r201g_axis_shared_s42/q_R_g_T/raw.npz", "file": {"bytes": 452792, "sha256": "e4c979882da78014886719b1507936ec3dc0b6e00c39a9e24fa728b6c388d7bb"}, "installed_gt_cases": 4}
IDENTITY_MISSING_STREAM {"event": "RAW_CLEARED", "condition": "q_R_g_T"}
IDENTITY_MISSING_STREAM {"event": "RAW_READY", "condition": "q_R_g_RN", "path": "/data/gaob/Re-ID/DeMo-DualAxis/runs/r201g_other_two_missing49_stream_20261006/full/MSVR310_r201g_axis_shared_s42/q_R_g_RN/raw.npz", "file": {"bytes": 8418080, "sha256": "ba176b29fb1a5a88b7ec27f7b37fdb84814e2720e919092de7a3a92bf70da988"}, "installed_gt_cases": 4}
IDENTITY_MISSING_STREAM {"event": "RAW_CLEARED", "condition": "q_R_g_RN"}
IDENTITY_MISSING_STREAM {"event": "RAW_READY", "condition": "q_R_g_RT", "path": "/data/gaob/Re-ID/DeMo-DualAxis/runs/r201g_other_two_missing49_stream_20261006/full/MSVR310_r201g_axis_shared_s42/q_R_g_RT/raw.npz", "file": {"bytes": 8418519, "sha256": "40439a05f498a33a1e2bd95ae449c17a964db3bf231f9a5b9157d89b75f642b7"}, "installed_gt_cases": 4}
IDENTITY_MISSING_STREAM {"event": "RAW_CLEARED", "condition": "q_R_g_RT"}
IDENTITY_MISSING_STREAM {"event": "RAW_READY", "condition": "q_R_g_NT", "path": "/data/gaob/Re-ID/DeMo-DualAxis/runs/r201g_other_two_missing49_stream_20261006/full/MSVR310_r201g_axis_shared_s42/q_R_g_NT/raw.npz", "file": {"bytes": 468573, "sha256": "ad9024f4aae58dddb885361937baeb5243809df585a467092c744f41a187f251"}, "installed_gt_cases": 4}
IDENTITY_MISSING_STREAM {"event": "RAW_CLEARED", "condition": "q_R_g_NT"}
IDENTITY_MISSING_STREAM {"event": "RAW_READY", "condition": "q_N_g_RNT", "path": "/data/gaob/Re-ID/DeMo-DualAxis/runs/r201g_other_two_missing49_stream_20261006/full/MSVR310_r201g_axis_shared_s42/q_N_g_RNT/raw.npz", "file": {"bytes": 8311989, "sha256": "26f5f70a2b6301b116c9fba39d3ebca11a156dedb8b70ed45001a1f0ff7bb1be"}, "installed_gt_cases": 4}
IDENTITY_MISSING_STREAM {"event": "RAW_CLEARED", "condition": "q_N_g_RNT"}
IDENTITY_MISSING_STREAM {"event": "RAW_READY", "condition": "q_N_g_R", "path": "/data/gaob/Re-ID/DeMo-DualAxis/runs/r201g_other_two_missing49_stream_20261006/full/MSVR310_r201g_axis_shared_s42/q_N_g_R/raw.npz", "file": {"bytes": 454149, "sha256": "09cc5a55f5381a97405637b7253cd7a2798a5f45b870c09ed6c05ffc740007a9"}, "installed_gt_cases": 4}
IDENTITY_MISSING_STREAM {"event": "RAW_CLEARED", "condition": "q_N_g_R"}
IDENTITY_MISSING_STREAM {"event": "RAW_READY", "condition": "q_N_g_N", "path": "/data/gaob/Re-ID/DeMo-DualAxis/runs/r201g_other_two_missing49_stream_20261006/full/MSVR310_r201g_axis_shared_s42/q_N_g_N/raw.npz", "file": {"bytes": 8559486, "sha256": "d9e540ed6fc191006db5cb48a0e428f5572be6c8d1fbec806581a8029df554a1"}, "installed_gt_cases": 4}
IDENTITY_MISSING_STREAM {"event": "RAW_CLEARED", "condition": "q_N_g_N"}
IDENTITY_MISSING_STREAM {"event": "RAW_READY", "condition": "q_N_g_T", "path": "/data/gaob/Re-ID/DeMo-DualAxis/runs/r201g_other_two_missing49_stream_20261006/full/MSVR310_r201g_axis_shared_s42/q_N_g_T/raw.npz", "file": {"bytes": 448166, "sha256": "be5972307221f75b5f2b9145e1be344457102a9d7207bc6dcd3b42355564b143"}, "installed_gt_cases": 4}
IDENTITY_MISSING_STREAM {"event": "RAW_CLEARED", "condition": "q_N_g_T"}
IDENTITY_MISSING_STREAM {"event": "RAW_READY", "condition": "q_N_g_RN", "path": "/data/gaob/Re-ID/DeMo-DualAxis/runs/r201g_other_two_missing49_stream_20261006/full/MSVR310_r201g_axis_shared_s42/q_N_g_RN/raw.npz", "file": {"bytes": 8377093, "sha256": "954b3d81e7301435bde1f8327ad38f116eff8bd612d4a54a7d1175d879fa66f5"}, "installed_gt_cases": 4}
IDENTITY_MISSING_STREAM {"event": "RAW_CLEARED", "condition": "q_N_g_RN"}
IDENTITY_MISSING_STREAM {"event": "RAW_READY", "condition": "q_N_g_RT", "path": "/data/gaob/Re-ID/DeMo-DualAxis/runs/r201g_other_two_missing49_stream_20261006/full/MSVR310_r201g_axis_shared_s42/q_N_g_RT/raw.npz", "file": {"bytes": 458294, "sha256": "615652d048564e5cc13c1600adfadc1f86ab13c4d14e88aa8661a880e0be554f"}, "installed_gt_cases": 4}
IDENTITY_MISSING_STREAM {"event": "RAW_CLEARED", "condition": "q_N_g_RT"}
IDENTITY_MISSING_STREAM {"event": "RAW_READY", "condition": "q_N_g_NT", "path": "/data/gaob/Re-ID/DeMo-DualAxis/runs/r201g_other_two_missing49_stream_20261006/full/MSVR310_r201g_axis_shared_s42/q_N_g_NT/raw.npz", "file": {"bytes": 8419939, "sha256": "dd00984ce15c5459a89f4047f8d96dd6a47d9e1cffe19ed7178b8c992d053c4b"}, "installed_gt_cases": 4}
IDENTITY_MISSING_STREAM {"event": "RAW_CLEARED", "condition": "q_N_g_NT"}
IDENTITY_MISSING_STREAM {"event": "RAW_READY", "condition": "q_T_g_RNT", "path": "/data/gaob/Re-ID/DeMo-DualAxis/runs/r201g_other_two_missing49_stream_20261006/full/MSVR310_r201g_axis_shared_s42/q_T_g_RNT/raw.npz", "file": {"bytes": 8125416, "sha256": "90a6bf09615ef64346a22db035e177fd026a194fbc12716ad3180cbe1db32a7a"}, "installed_gt_cases": 4}
IDENTITY_MISSING_STREAM {"event": "RAW_CLEARED", "condition": "q_T_g_RNT"}
IDENTITY_MISSING_STREAM {"event": "RAW_READY", "condition": "q_T_g_R", "path": "/data/gaob/Re-ID/DeMo-DualAxis/runs/r201g_other_two_missing49_stream_20261006/full/MSVR310_r201g_axis_shared_s42/q_T_g_R/raw.npz", "file": {"bytes": 448362, "sha256": "ed06479a71d947b9a9348b488184d4e61225a5088c74bceefa2b2f05505eeb01"}, "installed_gt_cases": 4}
IDENTITY_MISSING_STREAM {"event": "RAW_CLEARED", "condition": "q_T_g_R"}
IDENTITY_MISSING_STREAM {"event": "RAW_READY", "condition": "q_T_g_N", "path": "/data/gaob/Re-ID/DeMo-DualAxis/runs/r201g_other_two_missing49_stream_20261006/full/MSVR310_r201g_axis_shared_s42/q_T_g_N/raw.npz", "file": {"bytes": 460167, "sha256": "2026805e0f95c23a56357ba8abe85d14b9de5dd412424d06d83f22ddd621df09"}, "installed_gt_cases": 4}
IDENTITY_MISSING_STREAM {"event": "RAW_CLEARED", "condition": "q_T_g_N"}
IDENTITY_MISSING_STREAM {"event": "RAW_READY", "condition": "q_T_g_T", "path": "/data/gaob/Re-ID/DeMo-DualAxis/runs/r201g_other_two_missing49_stream_20261006/full/MSVR310_r201g_axis_shared_s42/q_T_g_T/raw.npz", "file": {"bytes": 8525765, "sha256": "79a42138538fe483197de96a96395596684be32ba5baa2a80289bbb39a938784"}, "installed_gt_cases": 4}
IDENTITY_MISSING_STREAM {"event": "RAW_CLEARED", "condition": "q_T_g_T"}
IDENTITY_MISSING_STREAM {"event": "RAW_READY", "condition": "q_T_g_RN", "path": "/data/gaob/Re-ID/DeMo-DualAxis/runs/r201g_other_two_missing49_stream_20261006/full/MSVR310_r201g_axis_shared_s42/q_T_g_RN/raw.npz", "file": {"bytes": 455202, "sha256": "c95fa7da38f5edd7f756b8db5a4a41475d56839edb809fa6a32e03fda164cab9"}, "installed_gt_cases": 4}
IDENTITY_MISSING_STREAM {"event": "RAW_CLEARED", "condition": "q_T_g_RN"}
IDENTITY_MISSING_STREAM {"event": "RAW_READY", "condition": "q_T_g_RT", "path": "/data/gaob/Re-ID/DeMo-DualAxis/runs/r201g_other_two_missing49_stream_20261006/full/MSVR310_r201g_axis_shared_s42/q_T_g_RT/raw.npz", "file": {"bytes": 8276845, "sha256": "108139a61015b6663ed42f5d3f1b0635308d1820c8e443cdff01e23f349ec964"}, "installed_gt_cases": 4}
IDENTITY_MISSING_STREAM {"event": "RAW_CLEARED", "condition": "q_T_g_RT"}
IDENTITY_MISSING_STREAM {"event": "RAW_READY", "condition": "q_T_g_NT", "path": "/data/gaob/Re-ID/DeMo-DualAxis/runs/r201g_other_two_missing49_stream_20261006/full/MSVR310_r201g_axis_shared_s42/q_T_g_NT/raw.npz", "file": {"bytes": 8304871, "sha256": "7e5a299f9b6d8e2444787a272950f2a3a831f49aa94b338ce80b6e8224d3227a"}, "installed_gt_cases": 4}
IDENTITY_MISSING_STREAM {"event": "RAW_CLEARED", "condition": "q_T_g_NT"}
IDENTITY_MISSING_STREAM {"event": "RAW_READY", "condition": "q_RN_g_RNT", "path": "/data/gaob/Re-ID/DeMo-DualAxis/runs/r201g_other_two_missing49_stream_20261006/full/MSVR310_r201g_axis_shared_s42/q_RN_g_RNT/raw.npz", "file": {"bytes": 8422462, "sha256": "8319cab0da6d0a94a31504b01c3189cf425b2981fc2bf06b1bec16843db1e12d"}, "installed_gt_cases": 4}
IDENTITY_MISSING_STREAM {"event": "RAW_CLEARED", "condition": "q_RN_g_RNT"}
IDENTITY_MISSING_STREAM {"event": "RAW_READY", "condition": "q_RN_g_R", "path": "/data/gaob/Re-ID/DeMo-DualAxis/runs/r201g_other_two_missing49_stream_20261006/full/MSVR310_r201g_axis_shared_s42/q_RN_g_R/raw.npz", "file": {"bytes": 8420889, "sha256": "fd93723d9e8876c0542275825184f206f48cfbea81234eeac60ec9d1a335c3fe"}, "installed_gt_cases": 4}
IDENTITY_MISSING_STREAM {"event": "RAW_CLEARED", "condition": "q_RN_g_R"}
IDENTITY_MISSING_STREAM {"event": "RAW_READY", "condition": "q_RN_g_N", "path": "/data/gaob/Re-ID/DeMo-DualAxis/runs/r201g_other_two_missing49_stream_20261006/full/MSVR310_r201g_axis_shared_s42/q_RN_g_N/raw.npz", "file": {"bytes": 8379284, "sha256": "2cdc62dddaa819fd7e1fca42e3fba782000307c1604f73fb4550c67f67cc3ce0"}, "installed_gt_cases": 4}
IDENTITY_MISSING_STREAM {"event": "RAW_CLEARED", "condition": "q_RN_g_N"}
IDENTITY_MISSING_STREAM {"event": "RAW_READY", "condition": "q_RN_g_T", "path": "/data/gaob/Re-ID/DeMo-DualAxis/runs/r201g_other_two_missing49_stream_20261006/full/MSVR310_r201g_axis_shared_s42/q_RN_g_T/raw.npz", "file": {"bytes": 457492, "sha256": "26cb15aa2ab6102b61d4b1ffafdd69d37215a906a3875dc023343bfb50185129"}, "installed_gt_cases": 4}
IDENTITY_MISSING_STREAM {"event": "RAW_CLEARED", "condition": "q_RN_g_T"}
IDENTITY_MISSING_STREAM {"event": "RAW_READY", "condition": "q_RN_g_RN", "path": "/data/gaob/Re-ID/DeMo-DualAxis/runs/r201g_other_two_missing49_stream_20261006/full/MSVR310_r201g_axis_shared_s42/q_RN_g_RN/raw.npz", "file": {"bytes": 8531518, "sha256": "e79cb9987e54ef04b1806cebdc7b1fc1052f7ba43257964b2fc3e2ffd73801c8"}, "installed_gt_cases": 4}
IDENTITY_MISSING_STREAM {"event": "RAW_CLEARED", "condition": "q_RN_g_RN"}
IDENTITY_MISSING_STREAM {"event": "RAW_READY", "condition": "q_RN_g_RT", "path": "/data/gaob/Re-ID/DeMo-DualAxis/runs/r201g_other_two_missing49_stream_20261006/full/MSVR310_r201g_axis_shared_s42/q_RN_g_RT/raw.npz", "file": {"bytes": 8338391, "sha256": "632bab2818848c811044adbd7c047e1a776c27353dbd20bef3ade44f8ea51983"}, "installed_gt_cases": 4}
IDENTITY_MISSING_STREAM {"event": "RAW_CLEARED", "condition": "q_RN_g_RT"}
IDENTITY_MISSING_STREAM {"event": "RAW_READY", "condition": "q_RN_g_NT", "path": "/data/gaob/Re-ID/DeMo-DualAxis/runs/r201g_other_two_missing49_stream_20261006/full/MSVR310_r201g_axis_shared_s42/q_RN_g_NT/raw.npz", "file": {"bytes": 8296432, "sha256": "6e8c9f8edeed1f86f91a6676a1053b7cc5a372f0a4fe76ea9208f18cc5968225"}, "installed_gt_cases": 4}
IDENTITY_MISSING_STREAM {"event": "RAW_CLEARED", "condition": "q_RN_g_NT"}
IDENTITY_MISSING_STREAM {"event": "RAW_READY", "condition": "q_RT_g_RNT", "path": "/data/gaob/Re-ID/DeMo-DualAxis/runs/r201g_other_two_missing49_stream_20261006/full/MSVR310_r201g_axis_shared_s42/q_RT_g_RNT/raw.npz", "file": {"bytes": 8368418, "sha256": "56dd957b5fb0289d5974a1cfaaac67de6aa1217975efcb5c122ace01b4686ac4"}, "installed_gt_cases": 4}
IDENTITY_MISSING_STREAM {"event": "RAW_CLEARED", "condition": "q_RT_g_RNT"}
IDENTITY_MISSING_STREAM {"event": "RAW_READY", "condition": "q_RT_g_R", "path": "/data/gaob/Re-ID/DeMo-DualAxis/runs/r201g_other_two_missing49_stream_20261006/full/MSVR310_r201g_axis_shared_s42/q_RT_g_R/raw.npz", "file": {"bytes": 8423622, "sha256": "c9351bd6a1038776ec0df3d5e1cfccd39cd68445f6d65f83a7cf790a47050323"}, "installed_gt_cases": 4}
IDENTITY_MISSING_STREAM {"event": "RAW_CLEARED", "condition": "q_RT_g_R"}
IDENTITY_MISSING_STREAM {"event": "RAW_READY", "condition": "q_RT_g_N", "path": "/data/gaob/Re-ID/DeMo-DualAxis/runs/r201g_other_two_missing49_stream_20261006/full/MSVR310_r201g_axis_shared_s42/q_RT_g_N/raw.npz", "file": {"bytes": 481844, "sha256": "9efa3147097af5cfd6f868cda7d9b22a600e6c6bffcb648bb5601827ed10372f"}, "installed_gt_cases": 4}
IDENTITY_MISSING_STREAM {"event": "RAW_CLEARED", "condition": "q_RT_g_N"}
IDENTITY_MISSING_STREAM {"event": "RAW_READY", "condition": "q_RT_g_T", "path": "/data/gaob/Re-ID/DeMo-DualAxis/runs/r201g_other_two_missing49_stream_20261006/full/MSVR310_r201g_axis_shared_s42/q_RT_g_T/raw.npz", "file": {"bytes": 8306622, "sha256": "692f97c3fb7fa51925af3c3a1593ac3658e16f9330b6c6f41f481eb924a606ed"}, "installed_gt_cases": 4}
IDENTITY_MISSING_STREAM {"event": "RAW_CLEARED", "condition": "q_RT_g_T"}
IDENTITY_MISSING_STREAM {"event": "RAW_READY", "condition": "q_RT_g_RN", "path": "/data/gaob/Re-ID/DeMo-DualAxis/runs/r201g_other_two_missing49_stream_20261006/full/MSVR310_r201g_axis_shared_s42/q_RT_g_RN/raw.npz", "file": {"bytes": 8341173, "sha256": "3512a64dbbc277eeaa0075d173ea473f2d47b25edb5fe5a0d2a7025568bd7a7b"}, "installed_gt_cases": 4}
IDENTITY_MISSING_STREAM {"event": "RAW_CLEARED", "condition": "q_RT_g_RN"}
IDENTITY_MISSING_STREAM {"event": "RAW_READY", "condition": "q_RT_g_RT", "path": "/data/gaob/Re-ID/DeMo-DualAxis/runs/r201g_other_two_missing49_stream_20261006/full/MSVR310_r201g_axis_shared_s42/q_RT_g_RT/raw.npz", "file": {"bytes": 8535461, "sha256": "204e095006f99058bd806e0e9b9d246547fcdb1d99cbe7e81c03ef8a7acf3ecf"}, "installed_gt_cases": 4}
IDENTITY_MISSING_STREAM {"event": "RAW_CLEARED", "condition": "q_RT_g_RT"}
IDENTITY_MISSING_STREAM {"event": "RAW_READY", "condition": "q_RT_g_NT", "path": "/data/gaob/Re-ID/DeMo-DualAxis/runs/r201g_other_two_missing49_stream_20261006/full/MSVR310_r201g_axis_shared_s42/q_RT_g_NT/raw.npz", "file": {"bytes": 8066512, "sha256": "f27eb0fb043a40b7e7f79bd3c9a3fba9a42a0c663a82ad94239a00971f478a58"}, "installed_gt_cases": 4}
IDENTITY_MISSING_STREAM {"event": "RAW_CLEARED", "condition": "q_RT_g_NT"}
IDENTITY_MISSING_STREAM {"event": "RAW_READY", "condition": "q_NT_g_RNT", "path": "/data/gaob/Re-ID/DeMo-DualAxis/runs/r201g_other_two_missing49_stream_20261006/full/MSVR310_r201g_axis_shared_s42/q_NT_g_RNT/raw.npz", "file": {"bytes": 8353677, "sha256": "7fcba4941a317ae6d9ace76bf7bf41636d318e7b3233360b8a6005d5cd658c76"}, "installed_gt_cases": 4}
IDENTITY_MISSING_STREAM {"event": "RAW_CLEARED", "condition": "q_NT_g_RNT"}
IDENTITY_MISSING_STREAM {"event": "RAW_READY", "condition": "q_NT_g_R", "path": "/data/gaob/Re-ID/DeMo-DualAxis/runs/r201g_other_two_missing49_stream_20261006/full/MSVR310_r201g_axis_shared_s42/q_NT_g_R/raw.npz", "file": {"bytes": 467779, "sha256": "18fdfa5b5e269bd1b336165d32b86384256e24e41695e84350dc8ed39e10d096"}, "installed_gt_cases": 4}
IDENTITY_MISSING_STREAM {"event": "RAW_CLEARED", "condition": "q_NT_g_R"}
IDENTITY_MISSING_STREAM {"event": "RAW_READY", "condition": "q_NT_g_N", "path": "/data/gaob/Re-ID/DeMo-DualAxis/runs/r201g_other_two_missing49_stream_20261006/full/MSVR310_r201g_axis_shared_s42/q_NT_g_N/raw.npz", "file": {"bytes": 8423483, "sha256": "5220ea61161d39684f79b90bf7786900ffe33d0d6cbea794d3f7ada8fcb9ef5d"}, "installed_gt_cases": 4}
IDENTITY_MISSING_STREAM {"event": "RAW_CLEARED", "condition": "q_NT_g_N"}
IDENTITY_MISSING_STREAM {"event": "RAW_READY", "condition": "q_NT_g_T", "path": "/data/gaob/Re-ID/DeMo-DualAxis/runs/r201g_other_two_missing49_stream_20261006/full/MSVR310_r201g_axis_shared_s42/q_NT_g_T/raw.npz", "file": {"bytes": 8327747, "sha256": "d54e962455fc22514e3187c9ebdd97266928c76be05b8619b9e4d0f33a85f27a"}, "installed_gt_cases": 4}
IDENTITY_MISSING_STREAM {"event": "RAW_CLEARED", "condition": "q_NT_g_T"}
IDENTITY_MISSING_STREAM {"event": "RAW_READY", "condition": "q_NT_g_RN", "path": "/data/gaob/Re-ID/DeMo-DualAxis/runs/r201g_other_two_missing49_stream_20261006/full/MSVR310_r201g_axis_shared_s42/q_NT_g_RN/raw.npz", "file": {"bytes": 8300033, "sha256": "6bc7d94bf4cdcf675040c965f7e5c1aacda98292a9e71b4263ead98da4db737b"}, "installed_gt_cases": 4}
IDENTITY_MISSING_STREAM {"event": "RAW_CLEARED", "condition": "q_NT_g_RN"}
IDENTITY_MISSING_STREAM {"event": "RAW_READY", "condition": "q_NT_g_RT", "path": "/data/gaob/Re-ID/DeMo-DualAxis/runs/r201g_other_two_missing49_stream_20261006/full/MSVR310_r201g_axis_shared_s42/q_NT_g_RT/raw.npz", "file": {"bytes": 8063583, "sha256": "22dc3186d379f3cfb9210f33da101c1f2f90c0421db6c41b5bfdc280359d2182"}, "installed_gt_cases": 4}
IDENTITY_MISSING_STREAM {"event": "RAW_CLEARED", "condition": "q_NT_g_RT"}
IDENTITY_MISSING_STREAM {"event": "RAW_READY", "condition": "q_NT_g_NT", "path": "/data/gaob/Re-ID/DeMo-DualAxis/runs/r201g_other_two_missing49_stream_20261006/full/MSVR310_r201g_axis_shared_s42/q_NT_g_NT/raw.npz", "file": {"bytes": 8585867, "sha256": "6f840368f7ec6cb59ec11c7208f13539ed0a55322ced556529efbb872a8f3315"}, "installed_gt_cases": 4}
IDENTITY_MISSING_STREAM {"event": "RAW_CLEARED", "condition": "q_NT_g_NT"}
IDENTITY_MISSING_STREAM {"event": "EVALUATION_COMPLETE", "conditions": 49, "cases": 196, "optimizer_updates": 0}
