/data2/gb/Re-ID/conda-envs/tri_reid/lib/python3.10/site-packages/timm/models/helpers.py:7: FutureWarning: Importing from timm.models.helpers is deprecated, please import via timm.models
  warnings.warn(f"Importing from {__name__} is deprecated, please import via timm.models", FutureWarning)
/data2/gb/Re-ID/conda-envs/tri_reid/lib/python3.10/site-packages/timm/models/registry.py:4: FutureWarning: Importing from timm.models.registry is deprecated, please import via timm.models
  warnings.warn(f"Importing from {__name__} is deprecated, please import via timm.models", FutureWarning)
/data2/gb/Re-ID/conda-envs/tri_reid/lib/python3.10/site-packages/timm/models/layers/__init__.py:48: FutureWarning: Importing from timm.models.layers is deprecated, please import via timm.layers
  warnings.warn(f"Importing from {__name__} is deprecated, please import via timm.layers", FutureWarning)
using Transformer_type: ViT-B-16 as a backbone
Resized position embedding: %s to %s torch.Size([197, 768]) torch.Size([129, 768])
Position embedding resize to height:16 width: 8
Successfully load ckpt!
<All keys matched successfully>
Loading pretrained model from CLIP
camera number is : 4
STRESS_CONDITION clean {"mAP": 38.925506444204686, "mINP": 26.56211668700138, "Rank-1": 40.311004784689, "Rank-5": 55.622009569377994, "Rank-10": 64.11483253588517, "Rank-20": 74.76076555023924}
STRESS_CONDITION RGB_blur_sigma1p5 {"mAP": 39.65319012466358, "mINP": 28.400194446339317, "Rank-1": 40.66985645933015, "Rank-5": 55.74162679425837, "Rank-10": 63.51674641148325, "Rank-20": 74.04306220095694}
STRESS_CONDITION RGB_blur_sigma3 {"mAP": 38.979749874135535, "mINP": 28.763196982128296, "Rank-1": 38.995215311004785, "Rank-5": 55.02392344497608, "Rank-10": 61.48325358851675, "Rank-20": 72.60765550239235}
STRESS_CONDITION NI_blur_sigma1p5 {"mAP": 39.514819837936585, "mINP": 27.73638257938321, "Rank-1": 40.909090909090914, "Rank-5": 55.622009569377994, "Rank-10": 63.63636363636363, "Rank-20": 72.60765550239235}
STRESS_CONDITION NI_blur_sigma3 {"mAP": 39.46164757770977, "mINP": 28.07537085633272, "Rank-1": 40.19138755980861, "Rank-5": 54.665071770334926, "Rank-10": 62.91866028708134, "Rank-20": 70.93301435406698}
STRESS_CONDITION TI_blur_sigma1p5 {"mAP": 37.815369881089424, "mINP": 25.96760967780703, "Rank-1": 38.875598086124405, "Rank-5": 52.511961722488046, "Rank-10": 60.4066985645933, "Rank-20": 72.36842105263158}
STRESS_CONDITION TI_blur_sigma3 {"mAP": 36.74107138506042, "mINP": 25.66346733352795, "Rank-1": 37.08133971291866, "Rank-5": 49.04306220095694, "Rank-10": 58.01435406698564, "Rank-20": 69.97607655502392}
STRESS_CONDITION psi_off_frozen {"mAP": 38.869093012277844, "mINP": 26.475586797308353, "Rank-1": 40.311004784689, "Rank-5": 55.50239234449761, "Rank-10": 64.35406698564593, "Rank-20": 75.0}
