/data/gaob/Re-ID/conda-envs/tri_reid/lib/python3.10/site-packages/timm/models/helpers.py:7: FutureWarning: Importing from timm.models.helpers is deprecated, please import via timm.models
  warnings.warn(f"Importing from {__name__} is deprecated, please import via timm.models", FutureWarning)
/data/gaob/Re-ID/conda-envs/tri_reid/lib/python3.10/site-packages/timm/models/registry.py:4: FutureWarning: Importing from timm.models.registry is deprecated, please import via timm.models
  warnings.warn(f"Importing from {__name__} is deprecated, please import via timm.models", FutureWarning)
/data/gaob/Re-ID/conda-envs/tri_reid/lib/python3.10/site-packages/timm/models/layers/__init__.py:48: FutureWarning: Importing from timm.models.layers is deprecated, please import via timm.layers
  warnings.warn(f"Importing from {__name__} is deprecated, please import via timm.layers", FutureWarning)
using Transformer_type: ViT-B-16 as a backbone
Resized position embedding: %s to %s torch.Size([197, 768]) torch.Size([129, 768])
Position embedding resize to height:8 width: 16
Successfully load ckpt!
<All keys matched successfully>
Loading pretrained model from CLIP
camera number is : 8
DEVELOPMENT_MISSING_CONDITION clean {"mAP": 47.636846991987625, "mINP": 32.85144662108435, "Rank-1": 57.14285714285714, "Rank-5": 72.85714285714285, "Rank-10": 76.19047619047619, "Rank-20": 82.38095238095238}
DEVELOPMENT_MISSING_CONDITION both_missing_r {"mAP": 41.102606511825165, "mINP": 25.67657059806376, "Rank-1": 50.476190476190474, "Rank-5": 70.0, "Rank-10": 76.19047619047619, "Rank-20": 81.9047619047619}
DEVELOPMENT_MISSING_CONDITION query_missing_r {"mAP": 30.935480950643402, "mINP": 19.63909884951609, "Rank-1": 33.33333333333333, "Rank-5": 56.19047619047619, "Rank-10": 65.23809523809524, "Rank-20": 70.95238095238095}
DEVELOPMENT_MISSING_CONDITION both_missing_n {"mAP": 43.92233406917539, "mINP": 27.448163995163497, "Rank-1": 55.23809523809524, "Rank-5": 70.95238095238095, "Rank-10": 74.76190476190476, "Rank-20": 80.0}
DEVELOPMENT_MISSING_CONDITION query_missing_n {"mAP": 27.91877869674654, "mINP": 16.998213184966435, "Rank-1": 35.23809523809524, "Rank-5": 57.61904761904761, "Rank-10": 65.23809523809524, "Rank-20": 72.38095238095238}
DEVELOPMENT_MISSING_CONDITION both_missing_t {"mAP": 46.101432842671954, "mINP": 31.849817518988026, "Rank-1": 58.0952380952381, "Rank-5": 73.33333333333333, "Rank-10": 79.04761904761905, "Rank-20": 80.47619047619048}
DEVELOPMENT_MISSING_CONDITION query_missing_t {"mAP": 48.140350883748454, "mINP": 32.700077942986574, "Rank-1": 60.952380952380956, "Rank-5": 76.66666666666667, "Rank-10": 79.52380952380952, "Rank-20": 83.33333333333334}
DEVELOPMENT_MISSING_CONDITION both_missing_rn {"mAP": 20.303087135011364, "mINP": 7.188434436272921, "Rank-1": 35.23809523809524, "Rank-5": 55.23809523809524, "Rank-10": 59.04761904761905, "Rank-20": 66.19047619047619}
DEVELOPMENT_MISSING_CONDITION query_missing_rn {"mAP": 5.75796937232947, "mINP": 5.108452714851845, "Rank-1": 3.3333333333333335, "Rank-5": 10.0, "Rank-10": 12.857142857142856, "Rank-20": 14.761904761904763}
DEVELOPMENT_MISSING_CONDITION both_missing_rt {"mAP": 37.98857712748563, "mINP": 22.24382257320507, "Rank-1": 46.666666666666664, "Rank-5": 69.04761904761905, "Rank-10": 76.19047619047619, "Rank-20": 83.33333333333334}
DEVELOPMENT_MISSING_CONDITION query_missing_rt {"mAP": 30.417985810670878, "mINP": 19.62625801458585, "Rank-1": 32.38095238095238, "Rank-5": 53.80952380952381, "Rank-10": 62.38095238095238, "Rank-20": 69.04761904761905}
DEVELOPMENT_MISSING_CONDITION both_missing_nt {"mAP": 41.578804690022395, "mINP": 25.203807097943056, "Rank-1": 54.285714285714285, "Rank-5": 68.0952380952381, "Rank-10": 73.33333333333333, "Rank-20": 79.04761904761905}
DEVELOPMENT_MISSING_CONDITION query_missing_nt {"mAP": 26.56496885533676, "mINP": 17.911258821701203, "Rank-1": 28.57142857142857, "Rank-5": 52.38095238095239, "Rank-10": 59.04761904761905, "Rank-20": 65.71428571428571}
