/data2/gb/Re-ID/conda-envs/tri_reid/lib/python3.10/site-packages/timm/models/helpers.py:7: FutureWarning: Importing from timm.models.helpers is deprecated, please import via timm.models
  warnings.warn(f"Importing from {__name__} is deprecated, please import via timm.models", FutureWarning)
/data2/gb/Re-ID/conda-envs/tri_reid/lib/python3.10/site-packages/timm/models/registry.py:4: FutureWarning: Importing from timm.models.registry is deprecated, please import via timm.models
  warnings.warn(f"Importing from {__name__} is deprecated, please import via timm.models", FutureWarning)
/data2/gb/Re-ID/conda-envs/tri_reid/lib/python3.10/site-packages/timm/models/layers/__init__.py:48: FutureWarning: Importing from timm.models.layers is deprecated, please import via timm.layers
  warnings.warn(f"Importing from {__name__} is deprecated, please import via timm.layers", FutureWarning)
using Transformer_type: ViT-B-16 as a backbone
Resized position embedding: %s to %s torch.Size([197, 768]) torch.Size([129, 768])
Position embedding resize to height:16 width: 8
Successfully load ckpt!
<All keys matched successfully>
Loading pretrained model from CLIP
camera number is : 4
===========Building DeMo===========
MISSING_CONDITION clean {"mAP": 42.33118514015983, "mINP": 33.611225191968934, "Rank-1": 39.71291866028708, "Rank-5": 54.066985645933016, "Rank-10": 62.44019138755981, "Rank-20": 73.08612440191388}
MISSING_CONDITION both_missing_r {"mAP": 35.19805414826146, "mINP": 24.532538312724473, "Rank-1": 32.6555023923445, "Rank-5": 44.73684210526316, "Rank-10": 50.95693779904307, "Rank-20": 60.88516746411483}
MISSING_CONDITION query_missing_r {"mAP": 35.86237805492033, "mINP": 25.230299256610472, "Rank-1": 34.33014354066985, "Rank-5": 47.96650717703349, "Rank-10": 54.90430622009569, "Rank-20": 63.1578947368421}
MISSING_CONDITION both_missing_n {"mAP": 30.452795574335497, "mINP": 23.23665406130097, "Rank-1": 27.751196172248804, "Rank-5": 39.473684210526315, "Rank-10": 48.20574162679426, "Rank-20": 60.04784688995215}
MISSING_CONDITION query_missing_n {"mAP": 30.451943983195033, "mINP": 21.892468107523555, "Rank-1": 30.263157894736842, "Rank-5": 42.58373205741627, "Rank-10": 50.47846889952153, "Rank-20": 62.79904306220095}
MISSING_CONDITION both_missing_t {"mAP": 31.598525475460626, "mINP": 23.04394735260111, "Rank-1": 29.42583732057416, "Rank-5": 42.464114832535884, "Rank-10": 51.196172248803826, "Rank-20": 63.995215311004785}
MISSING_CONDITION query_missing_t {"mAP": 28.284656955523996, "mINP": 21.05872159195721, "Rank-1": 24.16267942583732, "Rank-5": 35.047846889952154, "Rank-10": 42.464114832535884, "Rank-20": 51.55502392344498}
MISSING_CONDITION both_missing_rn {"mAP": 21.677184455803868, "mINP": 13.638382844489804, "Rank-1": 19.617224880382775, "Rank-5": 30.38277511961722, "Rank-10": 36.72248803827751, "Rank-20": 43.301435406698566}
MISSING_CONDITION query_missing_rn {"mAP": 20.667687433504316, "mINP": 14.141524096705293, "Rank-1": 15.07177033492823, "Rank-5": 27.631578947368425, "Rank-10": 34.688995215311, "Rank-20": 42.58373205741627}
MISSING_CONDITION both_missing_rt {"mAP": 18.074122620935132, "mINP": 12.611877876952951, "Rank-1": 14.354066985645932, "Rank-5": 25.717703349282296, "Rank-10": 33.25358851674641, "Rank-20": 46.172248803827756}
MISSING_CONDITION query_missing_rt {"mAP": 16.145309381977505, "mINP": 11.812217782762046, "Rank-1": 11.483253588516746, "Rank-5": 20.095693779904305, "Rank-10": 28.11004784688995, "Rank-20": 37.08133971291866}
MISSING_CONDITION both_missing_nt {"mAP": 19.52499610533997, "mINP": 13.838210419795852, "Rank-1": 15.789473684210526, "Rank-5": 27.51196172248804, "Rank-10": 37.08133971291866, "Rank-20": 47.84688995215311}
MISSING_CONDITION query_missing_nt {"mAP": 18.228463895722033, "mINP": 12.69355107202245, "Rank-1": 16.028708133971293, "Rank-5": 25.358851674641148, "Rank-10": 29.665071770334926, "Rank-20": 35.645933014354064}
