/data2/gb/Re-ID/conda-envs/tri_reid/lib/python3.10/site-packages/timm/models/helpers.py:7: FutureWarning: Importing from timm.models.helpers is deprecated, please import via timm.models
  warnings.warn(f"Importing from {__name__} is deprecated, please import via timm.models", FutureWarning)
/data2/gb/Re-ID/conda-envs/tri_reid/lib/python3.10/site-packages/timm/models/registry.py:4: FutureWarning: Importing from timm.models.registry is deprecated, please import via timm.models
  warnings.warn(f"Importing from {__name__} is deprecated, please import via timm.models", FutureWarning)
/data2/gb/Re-ID/conda-envs/tri_reid/lib/python3.10/site-packages/timm/models/layers/__init__.py:48: FutureWarning: Importing from timm.models.layers is deprecated, please import via timm.layers
  warnings.warn(f"Importing from {__name__} is deprecated, please import via timm.layers", FutureWarning)
using Transformer_type: ViT-B-16 as a backbone
Resized position embedding: %s to %s torch.Size([197, 768]) torch.Size([129, 768])
Position embedding resize to height:16 width: 8
Successfully load ckpt!
<All keys matched successfully>
Loading pretrained model from CLIP
camera number is : 4
===========Building DeMo===========
using soft triplet loss for training
label smooth on, numclasses: 141
EPOCH {"epoch": 1, "steps": 42, "loss": 4.2133129097166515, "seconds": 30.25203824043274, "mAP": 21.972133480940975, "Rank-1": 18.787878787878785, "Rank-5": 34.42424242424242, "Rank-10": 44.24242424242424} BEST {"mAP": 21.972133480940975, "Rank-1": 18.787878787878785, "Rank-5": 34.42424242424242, "Rank-10": 44.24242424242424, "query_count": 825, "gallery_count": 825, "descriptor_dim": 5120, "epoch": 1}
EPOCH {"epoch": 2, "steps": 84, "loss": 2.9178246429988315, "seconds": 30.340595722198486, "mAP": 44.1079513880203, "Rank-1": 44.121212121212125, "Rank-5": 57.93939393939394, "Rank-10": 67.15151515151516} BEST {"mAP": 44.1079513880203, "Rank-1": 44.121212121212125, "Rank-5": 57.93939393939394, "Rank-10": 67.15151515151516, "query_count": 825, "gallery_count": 825, "descriptor_dim": 5120, "epoch": 2}
EPOCH {"epoch": 3, "steps": 126, "loss": 2.099353858402797, "seconds": 32.224655866622925, "mAP": 47.600015826884814, "Rank-1": 44.24242424242424, "Rank-5": 57.09090909090909, "Rank-10": 65.33333333333333} BEST {"mAP": 47.600015826884814, "Rank-1": 44.24242424242424, "Rank-5": 57.09090909090909, "Rank-10": 65.33333333333333, "query_count": 825, "gallery_count": 825, "descriptor_dim": 5120, "epoch": 3}
EPOCH {"epoch": 4, "steps": 168, "loss": 1.5334339851424807, "seconds": 33.5226788520813, "mAP": 55.30265373090256, "Rank-1": 52.72727272727272, "Rank-5": 65.57575757575758, "Rank-10": 72.96969696969697} BEST {"mAP": 55.30265373090256, "Rank-1": 52.72727272727272, "Rank-5": 65.57575757575758, "Rank-10": 72.96969696969697, "query_count": 825, "gallery_count": 825, "descriptor_dim": 5120, "epoch": 4}
EPOCH {"epoch": 5, "steps": 210, "loss": 1.271445441813696, "seconds": 34.62062668800354, "mAP": 49.52526180416716, "Rank-1": 48.96969696969697, "Rank-5": 59.151515151515156, "Rank-10": 68.36363636363636} BEST {"mAP": 55.30265373090256, "Rank-1": 52.72727272727272, "Rank-5": 65.57575757575758, "Rank-10": 72.96969696969697, "query_count": 825, "gallery_count": 825, "descriptor_dim": 5120, "epoch": 4}
EPOCH {"epoch": 6, "steps": 252, "loss": 0.9484496074063438, "seconds": 36.32191824913025, "mAP": 52.30374061277195, "Rank-1": 50.66666666666667, "Rank-5": 65.57575757575758, "Rank-10": 72.72727272727273} BEST {"mAP": 55.30265373090256, "Rank-1": 52.72727272727272, "Rank-5": 65.57575757575758, "Rank-10": 72.96969696969697, "query_count": 825, "gallery_count": 825, "descriptor_dim": 5120, "epoch": 4}
EPOCH {"epoch": 7, "steps": 294, "loss": 0.671658510253543, "seconds": 36.447147369384766, "mAP": 61.900856482077636, "Rank-1": 62.06060606060606, "Rank-5": 74.90909090909092, "Rank-10": 81.57575757575758} BEST {"mAP": 61.900856482077636, "Rank-1": 62.06060606060606, "Rank-5": 74.90909090909092, "Rank-10": 81.57575757575758, "query_count": 825, "gallery_count": 825, "descriptor_dim": 5120, "epoch": 7}
EPOCH {"epoch": 8, "steps": 336, "loss": 0.6135497178350177, "seconds": 35.60819888114929, "mAP": 51.162075582935095, "Rank-1": 52.72727272727272, "Rank-5": 65.2121212121212, "Rank-10": 72.48484848484848} BEST {"mAP": 61.900856482077636, "Rank-1": 62.06060606060606, "Rank-5": 74.90909090909092, "Rank-10": 81.57575757575758, "query_count": 825, "gallery_count": 825, "descriptor_dim": 5120, "epoch": 7}
EPOCH {"epoch": 9, "steps": 378, "loss": 0.5701077537877219, "seconds": 36.36647605895996, "mAP": 55.72352465005081, "Rank-1": 57.333333333333336, "Rank-5": 70.18181818181817, "Rank-10": 76.12121212121212} BEST {"mAP": 61.900856482077636, "Rank-1": 62.06060606060606, "Rank-5": 74.90909090909092, "Rank-10": 81.57575757575758, "query_count": 825, "gallery_count": 825, "descriptor_dim": 5120, "epoch": 7}
EPOCH {"epoch": 10, "steps": 420, "loss": 0.5438998348656154, "seconds": 36.416977643966675, "mAP": 56.444724971217596, "Rank-1": 57.93939393939394, "Rank-5": 67.87878787878789, "Rank-10": 74.66666666666667} BEST {"mAP": 61.900856482077636, "Rank-1": 62.06060606060606, "Rank-5": 74.90909090909092, "Rank-10": 81.57575757575758, "query_count": 825, "gallery_count": 825, "descriptor_dim": 5120, "epoch": 7}
EPOCH {"epoch": 11, "steps": 462, "loss": 0.5250826378663381, "seconds": 36.69595265388489, "mAP": 57.2553398312564, "Rank-1": 58.060606060606055, "Rank-5": 68.84848484848484, "Rank-10": 74.66666666666667} BEST {"mAP": 61.900856482077636, "Rank-1": 62.06060606060606, "Rank-5": 74.90909090909092, "Rank-10": 81.57575757575758, "query_count": 825, "gallery_count": 825, "descriptor_dim": 5120, "epoch": 7}
EPOCH {"epoch": 12, "steps": 504, "loss": 0.5110075232528505, "seconds": 37.6532506942749, "mAP": 57.83780452361522, "Rank-1": 58.42424242424242, "Rank-5": 69.81818181818183, "Rank-10": 75.15151515151514} BEST {"mAP": 61.900856482077636, "Rank-1": 62.06060606060606, "Rank-5": 74.90909090909092, "Rank-10": 81.57575757575758, "query_count": 825, "gallery_count": 825, "descriptor_dim": 5120, "epoch": 7}
EPOCH {"epoch": 13, "steps": 546, "loss": 0.49754053354263306, "seconds": 37.020406007766724, "mAP": 58.43394110132869, "Rank-1": 59.63636363636363, "Rank-5": 70.18181818181817, "Rank-10": 76.60606060606061} BEST {"mAP": 61.900856482077636, "Rank-1": 62.06060606060606, "Rank-5": 74.90909090909092, "Rank-10": 81.57575757575758, "query_count": 825, "gallery_count": 825, "descriptor_dim": 5120, "epoch": 7}
EPOCH {"epoch": 14, "steps": 588, "loss": 0.5052024026711782, "seconds": 37.09740161895752, "mAP": 59.49357974326036, "Rank-1": 60.0, "Rank-5": 71.75757575757575, "Rank-10": 78.18181818181819} BEST {"mAP": 61.900856482077636, "Rank-1": 62.06060606060606, "Rank-5": 74.90909090909092, "Rank-10": 81.57575757575758, "query_count": 825, "gallery_count": 825, "descriptor_dim": 5120, "epoch": 7}
EPOCH {"epoch": 15, "steps": 630, "loss": 0.4964502248026076, "seconds": 36.22907638549805, "mAP": 61.03008256809851, "Rank-1": 60.72727272727273, "Rank-5": 74.54545454545455, "Rank-10": 79.51515151515152} BEST {"mAP": 61.900856482077636, "Rank-1": 62.06060606060606, "Rank-5": 74.90909090909092, "Rank-10": 81.57575757575758, "query_count": 825, "gallery_count": 825, "descriptor_dim": 5120, "epoch": 7}
EPOCH {"epoch": 16, "steps": 672, "loss": 0.48799763052236467, "seconds": 35.69117593765259, "mAP": 60.90754500112714, "Rank-1": 60.969696969696976, "Rank-5": 72.36363636363636, "Rank-10": 77.93939393939394} BEST {"mAP": 61.900856482077636, "Rank-1": 62.06060606060606, "Rank-5": 74.90909090909092, "Rank-10": 81.57575757575758, "query_count": 825, "gallery_count": 825, "descriptor_dim": 5120, "epoch": 7}
EPOCH {"epoch": 17, "steps": 714, "loss": 0.4958400634073076, "seconds": 35.421003580093384, "mAP": 61.1091128289607, "Rank-1": 60.24242424242424, "Rank-5": 74.7878787878788, "Rank-10": 79.15151515151516} BEST {"mAP": 61.900856482077636, "Rank-1": 62.06060606060606, "Rank-5": 74.90909090909092, "Rank-10": 81.57575757575758, "query_count": 825, "gallery_count": 825, "descriptor_dim": 5120, "epoch": 7}
EPOCH {"epoch": 18, "steps": 756, "loss": 0.48368972752775463, "seconds": 35.029086112976074, "mAP": 61.20651396639922, "Rank-1": 61.57575757575757, "Rank-5": 74.7878787878788, "Rank-10": 79.27272727272727} BEST {"mAP": 61.900856482077636, "Rank-1": 62.06060606060606, "Rank-5": 74.90909090909092, "Rank-10": 81.57575757575758, "query_count": 825, "gallery_count": 825, "descriptor_dim": 5120, "epoch": 7}
EPOCH {"epoch": 19, "steps": 798, "loss": 0.4809473653634389, "seconds": 34.91061043739319, "mAP": 61.9384262467601, "Rank-1": 61.212121212121204, "Rank-5": 75.51515151515152, "Rank-10": 79.63636363636364} BEST {"mAP": 61.9384262467601, "Rank-1": 61.212121212121204, "Rank-5": 75.51515151515152, "Rank-10": 79.63636363636364, "query_count": 825, "gallery_count": 825, "descriptor_dim": 5120, "epoch": 19}
EPOCH {"epoch": 20, "steps": 840, "loss": 0.4802713848295666, "seconds": 34.37607192993164, "mAP": 63.460016906089415, "Rank-1": 63.63636363636363, "Rank-5": 74.7878787878788, "Rank-10": 81.0909090909091} BEST {"mAP": 63.460016906089415, "Rank-1": 63.63636363636363, "Rank-5": 74.7878787878788, "Rank-10": 81.0909090909091, "query_count": 825, "gallery_count": 825, "descriptor_dim": 5120, "epoch": 20}
EPOCH {"epoch": 21, "steps": 882, "loss": 0.4768997189544496, "seconds": 34.36605978012085, "mAP": 62.724706505996686, "Rank-1": 61.93939393939394, "Rank-5": 75.15151515151514, "Rank-10": 80.84848484848484} BEST {"mAP": 63.460016906089415, "Rank-1": 63.63636363636363, "Rank-5": 74.7878787878788, "Rank-10": 81.0909090909091, "query_count": 825, "gallery_count": 825, "descriptor_dim": 5120, "epoch": 20}
