/data/gaob/Re-ID/conda-envs/tri_reid/lib/python3.10/site-packages/timm/models/helpers.py:7: FutureWarning: Importing from timm.models.helpers is deprecated, please import via timm.models
  warnings.warn(f"Importing from {__name__} is deprecated, please import via timm.models", FutureWarning)
/data/gaob/Re-ID/conda-envs/tri_reid/lib/python3.10/site-packages/timm/models/registry.py:4: FutureWarning: Importing from timm.models.registry is deprecated, please import via timm.models
  warnings.warn(f"Importing from {__name__} is deprecated, please import via timm.models", FutureWarning)
/data/gaob/Re-ID/conda-envs/tri_reid/lib/python3.10/site-packages/timm/models/layers/__init__.py:48: FutureWarning: Importing from timm.models.layers is deprecated, please import via timm.layers
  warnings.warn(f"Importing from {__name__} is deprecated, please import via timm.layers", FutureWarning)
using Transformer_type: ViT-B-16 as a backbone
Resized position embedding: %s to %s torch.Size([197, 768]) torch.Size([129, 768])
Position embedding resize to height:8 width: 16
Successfully load ckpt!
<All keys matched successfully>
Loading pretrained model from CLIP
camera number is : 8
===========Building DeMo===========
MISSING_CONDITION clean {"mAP": 80.92369501063652, "mINP": 55.26665378214325, "Rank-1": 94.92711370262391, "Rank-5": 95.91836734693877, "Rank-10": 96.61807580174927, "Rank-20": 97.37609329446065}
MISSING_CONDITION both_missing_r {"mAP": 72.64348721041021, "mINP": 43.57765173344899, "Rank-1": 90.37900874635568, "Rank-5": 91.77842565597668, "Rank-10": 92.53644314868804, "Rank-20": 94.22740524781341}
MISSING_CONDITION query_missing_r {"mAP": 64.34801803702453, "mINP": 36.32541685966695, "Rank-1": 79.30029154518951, "Rank-5": 82.44897959183673, "Rank-10": 84.78134110787173, "Rank-20": 87.75510204081633}
MISSING_CONDITION both_missing_n {"mAP": 79.97262489301929, "mINP": 50.43430491659318, "Rank-1": 95.56851311953352, "Rank-5": 96.5597667638484, "Rank-10": 97.20116618075801, "Rank-20": 97.84256559766764}
MISSING_CONDITION query_missing_n {"mAP": 75.66138993593776, "mINP": 47.100294158958846, "Rank-1": 92.59475218658892, "Rank-5": 94.11078717201167, "Rank-10": 94.98542274052478, "Rank-20": 96.3265306122449}
MISSING_CONDITION both_missing_t {"mAP": 64.4565310410824, "mINP": 38.859893777614715, "Rank-1": 80.69970845481049, "Rank-5": 83.2069970845481, "Rank-10": 84.02332361516035, "Rank-20": 86.0058309037901}
MISSING_CONDITION query_missing_t {"mAP": 58.768039724049345, "mINP": 34.632978628502094, "Rank-1": 73.41107871720116, "Rank-5": 77.60932944606414, "Rank-10": 79.24198250728864, "Rank-20": 82.39067055393586}
MISSING_CONDITION both_missing_rn {"mAP": 41.20296927729081, "mINP": 18.43587767644682, "Rank-1": 63.32361516034985, "Rank-5": 69.38775510204081, "Rank-10": 73.23615160349854, "Rank-20": 78.30903790087463}
MISSING_CONDITION query_missing_rn {"mAP": 23.130002215902792, "mINP": 13.495251785067822, "Rank-1": 25.77259475218659, "Rank-5": 29.44606413994169, "Rank-10": 31.89504373177843, "Rank-20": 36.38483965014577}
MISSING_CONDITION both_missing_rt {"mAP": 49.60503987382704, "mINP": 24.94366812641896, "Rank-1": 66.99708454810495, "Rank-5": 70.43731778425656, "Rank-10": 72.71137026239067, "Rank-20": 76.15160349854227}
MISSING_CONDITION query_missing_rt {"mAP": 25.111380373085048, "mINP": 15.210832125886428, "Rank-1": 24.489795918367346, "Rank-5": 29.504373177842563, "Rank-10": 33.352769679300295, "Rank-20": 39.067055393586}
MISSING_CONDITION both_missing_nt {"mAP": 58.699333302499504, "mINP": 32.00496358317323, "Rank-1": 76.32653061224491, "Rank-5": 80.75801749271136, "Rank-10": 82.5072886297376, "Rank-20": 84.95626822157435}
MISSING_CONDITION query_missing_nt {"mAP": 35.73070774496308, "mINP": 20.25481675221664, "Rank-1": 36.15160349854227, "Rank-5": 39.883381924198254, "Rank-10": 42.39067055393586, "Rank-20": 48.221574344023324}
