/data/gaob/Re-ID/conda-envs/tri_reid/lib/python3.10/site-packages/timm/models/helpers.py:7: FutureWarning: Importing from timm.models.helpers is deprecated, please import via timm.models
  warnings.warn(f"Importing from {__name__} is deprecated, please import via timm.models", FutureWarning)
/data/gaob/Re-ID/conda-envs/tri_reid/lib/python3.10/site-packages/timm/models/registry.py:4: FutureWarning: Importing from timm.models.registry is deprecated, please import via timm.models
  warnings.warn(f"Importing from {__name__} is deprecated, please import via timm.models", FutureWarning)
/data/gaob/Re-ID/conda-envs/tri_reid/lib/python3.10/site-packages/timm/models/layers/__init__.py:48: FutureWarning: Importing from timm.models.layers is deprecated, please import via timm.layers
  warnings.warn(f"Importing from {__name__} is deprecated, please import via timm.layers", FutureWarning)
using Transformer_type: ViT-B-16 as a backbone
Resized position embedding: %s to %s torch.Size([197, 768]) torch.Size([129, 768])
Position embedding resize to height:8 width: 16
Successfully load ckpt!
<All keys matched successfully>
Loading pretrained model from CLIP
camera number is : 8
DEVELOPMENT_MISSING_CONDITION q_RNT_g_RNT {"mAP": 49.06886942388593, "mINP": 34.188914980291244, "Rank-1": 61.42857142857143, "Rank-5": 71.42857142857143, "Rank-10": 76.66666666666667, "Rank-20": 80.95238095238095}
DEVELOPMENT_MISSING_CONDITION q_RNT_g_NT {"mAP": 42.541696402733656, "mINP": 29.276597483248228, "Rank-1": 50.476190476190474, "Rank-5": 70.47619047619048, "Rank-10": 76.19047619047619, "Rank-20": 82.85714285714286}
DEVELOPMENT_MISSING_CONDITION q_RNT_g_RT {"mAP": 44.733958791682014, "mINP": 28.711627674179375, "Rank-1": 53.333333333333336, "Rank-5": 70.95238095238095, "Rank-10": 77.61904761904762, "Rank-20": 84.28571428571429}
DEVELOPMENT_MISSING_CONDITION q_RNT_g_RN {"mAP": 45.924774628297484, "mINP": 30.458020175609924, "Rank-1": 55.23809523809524, "Rank-5": 70.95238095238095, "Rank-10": 75.71428571428571, "Rank-20": 82.85714285714286}
DEVELOPMENT_MISSING_CONDITION q_RNT_g_T {"mAP": 18.786680973225028, "mINP": 7.921513152466026, "Rank-1": 26.190476190476193, "Rank-5": 50.95238095238095, "Rank-10": 58.57142857142858, "Rank-20": 64.28571428571429}
DEVELOPMENT_MISSING_CONDITION q_RNT_g_N {"mAP": 39.8539136649575, "mINP": 23.048004794640235, "Rank-1": 53.333333333333336, "Rank-5": 68.57142857142857, "Rank-10": 76.19047619047619, "Rank-20": 85.23809523809524}
DEVELOPMENT_MISSING_CONDITION q_RNT_g_R {"mAP": 42.2613980736601, "mINP": 26.48669688439113, "Rank-1": 53.333333333333336, "Rank-5": 73.33333333333333, "Rank-10": 76.19047619047619, "Rank-20": 80.95238095238095}
DEVELOPMENT_MISSING_CONDITION q_NT_g_RNT {"mAP": 41.93562975469353, "mINP": 27.704080804352632, "Rank-1": 49.523809523809526, "Rank-5": 70.95238095238095, "Rank-10": 76.66666666666667, "Rank-20": 78.57142857142857}
DEVELOPMENT_MISSING_CONDITION q_NT_g_NT {"mAP": 44.0696855194359, "mINP": 30.27702699867247, "Rank-1": 54.761904761904766, "Rank-5": 70.95238095238095, "Rank-10": 78.57142857142857, "Rank-20": 86.66666666666667}
DEVELOPMENT_MISSING_CONDITION q_NT_g_RT {"mAP": 32.004320108048674, "mINP": 17.83549519858951, "Rank-1": 43.80952380952381, "Rank-5": 59.04761904761905, "Rank-10": 72.85714285714285, "Rank-20": 81.42857142857143}
DEVELOPMENT_MISSING_CONDITION q_NT_g_RN {"mAP": 39.881906345388494, "mINP": 27.07456754960429, "Rank-1": 44.761904761904766, "Rank-5": 71.42857142857143, "Rank-10": 78.57142857142857, "Rank-20": 82.85714285714286}
DEVELOPMENT_MISSING_CONDITION q_NT_g_T {"mAP": 19.31450629734177, "mINP": 7.695528144572821, "Rank-1": 32.857142857142854, "Rank-5": 54.761904761904766, "Rank-10": 62.38095238095238, "Rank-20": 66.66666666666666}
DEVELOPMENT_MISSING_CONDITION q_NT_g_N {"mAP": 40.66106790541914, "mINP": 23.759217114310722, "Rank-1": 49.523809523809526, "Rank-5": 72.38095238095238, "Rank-10": 76.66666666666667, "Rank-20": 88.57142857142857}
DEVELOPMENT_MISSING_CONDITION q_NT_g_R {"mAP": 31.779254372364324, "mINP": 18.11949121919664, "Rank-1": 39.523809523809526, "Rank-5": 62.38095238095238, "Rank-10": 71.42857142857143, "Rank-20": 80.0}
DEVELOPMENT_MISSING_CONDITION q_RT_g_RNT {"mAP": 42.26341109051173, "mINP": 26.287200770389145, "Rank-1": 51.42857142857142, "Rank-5": 65.71428571428571, "Rank-10": 73.33333333333333, "Rank-20": 78.57142857142857}
DEVELOPMENT_MISSING_CONDITION q_RT_g_NT {"mAP": 32.993967214864675, "mINP": 17.422836429431513, "Rank-1": 43.80952380952381, "Rank-5": 64.28571428571429, "Rank-10": 70.0, "Rank-20": 75.23809523809524}
DEVELOPMENT_MISSING_CONDITION q_RT_g_RT {"mAP": 44.76568480426305, "mINP": 27.946749772570602, "Rank-1": 57.61904761904761, "Rank-5": 70.0, "Rank-10": 75.23809523809524, "Rank-20": 80.95238095238095}
DEVELOPMENT_MISSING_CONDITION q_RT_g_RN {"mAP": 43.469091366148646, "mINP": 26.754134877452813, "Rank-1": 54.761904761904766, "Rank-5": 69.52380952380952, "Rank-10": 75.23809523809524, "Rank-20": 81.42857142857143}
DEVELOPMENT_MISSING_CONDITION q_RT_g_T {"mAP": 19.344210340571365, "mINP": 7.625782513335788, "Rank-1": 29.04761904761905, "Rank-5": 50.0, "Rank-10": 60.0, "Rank-20": 66.19047619047619}
DEVELOPMENT_MISSING_CONDITION q_RT_g_N {"mAP": 34.361241682234386, "mINP": 18.17350362681203, "Rank-1": 48.57142857142857, "Rank-5": 68.57142857142857, "Rank-10": 72.38095238095238, "Rank-20": 81.42857142857143}
DEVELOPMENT_MISSING_CONDITION q_RT_g_R {"mAP": 41.39255073671566, "mINP": 24.935684124359888, "Rank-1": 54.285714285714285, "Rank-5": 71.42857142857143, "Rank-10": 76.19047619047619, "Rank-20": 80.47619047619048}
DEVELOPMENT_MISSING_CONDITION q_RN_g_RNT {"mAP": 48.54840568564177, "mINP": 32.64051280249437, "Rank-1": 62.38095238095238, "Rank-5": 72.85714285714285, "Rank-10": 78.57142857142857, "Rank-20": 82.85714285714286}
DEVELOPMENT_MISSING_CONDITION q_RN_g_NT {"mAP": 42.77089338801643, "mINP": 28.73145146551125, "Rank-1": 52.85714285714286, "Rank-5": 73.80952380952381, "Rank-10": 79.04761904761905, "Rank-20": 88.57142857142857}
DEVELOPMENT_MISSING_CONDITION q_RN_g_RT {"mAP": 43.79381084820397, "mINP": 29.167881286404796, "Rank-1": 52.38095238095239, "Rank-5": 71.9047619047619, "Rank-10": 80.47619047619048, "Rank-20": 85.23809523809524}
DEVELOPMENT_MISSING_CONDITION q_RN_g_RN {"mAP": 46.10394809935235, "mINP": 31.844192294866282, "Rank-1": 58.0952380952381, "Rank-5": 71.9047619047619, "Rank-10": 78.0952380952381, "Rank-20": 85.23809523809524}
DEVELOPMENT_MISSING_CONDITION q_RN_g_T {"mAP": 13.447277565837792, "mINP": 6.455276990722246, "Rank-1": 11.904761904761903, "Rank-5": 31.428571428571427, "Rank-10": 44.285714285714285, "Rank-20": 53.80952380952381}
DEVELOPMENT_MISSING_CONDITION q_RN_g_N {"mAP": 41.61410917264046, "mINP": 25.348209646758217, "Rank-1": 52.85714285714286, "Rank-5": 73.33333333333333, "Rank-10": 79.52380952380952, "Rank-20": 88.57142857142857}
DEVELOPMENT_MISSING_CONDITION q_RN_g_R {"mAP": 41.90347340676108, "mINP": 26.180386588623822, "Rank-1": 53.80952380952381, "Rank-5": 68.57142857142857, "Rank-10": 75.71428571428571, "Rank-20": 80.0}
DEVELOPMENT_MISSING_CONDITION q_T_g_RNT {"mAP": 11.127650314083036, "mINP": 7.682076242690826, "Rank-1": 6.666666666666667, "Rank-5": 18.571428571428573, "Rank-10": 30.0, "Rank-20": 41.904761904761905}
DEVELOPMENT_MISSING_CONDITION q_T_g_NT {"mAP": 13.204621409078317, "mINP": 6.617121916394672, "Rank-1": 15.714285714285714, "Rank-5": 36.19047619047619, "Rank-10": 45.23809523809524, "Rank-20": 58.0952380952381}
DEVELOPMENT_MISSING_CONDITION q_T_g_RT {"mAP": 14.114772847397042, "mINP": 6.99967067931694, "Rank-1": 17.142857142857142, "Rank-5": 40.0, "Rank-10": 50.0, "Rank-20": 62.857142857142854}
DEVELOPMENT_MISSING_CONDITION q_T_g_RN {"mAP": 11.341777743570333, "mINP": 8.751146885234439, "Rank-1": 9.047619047619047, "Rank-5": 14.285714285714285, "Rank-10": 20.0, "Rank-20": 29.04761904761905}
DEVELOPMENT_MISSING_CONDITION q_T_g_T {"mAP": 16.680870788877023, "mINP": 6.490479798209384, "Rank-1": 27.61904761904762, "Rank-5": 49.523809523809526, "Rank-10": 56.19047619047619, "Rank-20": 63.8095238095238}
DEVELOPMENT_MISSING_CONDITION q_T_g_N {"mAP": 9.066327379443175, "mINP": 6.005139083013155, "Rank-1": 7.142857142857142, "Rank-5": 15.714285714285714, "Rank-10": 21.428571428571427, "Rank-20": 31.9047619047619}
DEVELOPMENT_MISSING_CONDITION q_T_g_R {"mAP": 10.518587480682976, "mINP": 7.7249545929683565, "Rank-1": 6.190476190476191, "Rank-5": 15.714285714285714, "Rank-10": 24.285714285714285, "Rank-20": 32.857142857142854}
DEVELOPMENT_MISSING_CONDITION q_N_g_RNT {"mAP": 40.87929361615528, "mINP": 28.355824696466424, "Rank-1": 51.90476190476191, "Rank-5": 69.52380952380952, "Rank-10": 80.0, "Rank-20": 85.71428571428571}
DEVELOPMENT_MISSING_CONDITION q_N_g_NT {"mAP": 41.435028627620746, "mINP": 26.451970980259286, "Rank-1": 50.95238095238095, "Rank-5": 74.28571428571429, "Rank-10": 84.76190476190476, "Rank-20": 89.52380952380953}
DEVELOPMENT_MISSING_CONDITION q_N_g_RT {"mAP": 30.291372236927057, "mINP": 19.373370332809596, "Rank-1": 30.952380952380953, "Rank-5": 61.904761904761905, "Rank-10": 74.76190476190476, "Rank-20": 83.33333333333334}
DEVELOPMENT_MISSING_CONDITION q_N_g_RN {"mAP": 38.281961512041505, "mINP": 26.145235438416265, "Rank-1": 48.095238095238095, "Rank-5": 67.14285714285714, "Rank-10": 75.23809523809524, "Rank-20": 87.14285714285714}
DEVELOPMENT_MISSING_CONDITION q_N_g_T {"mAP": 11.94802012179322, "mINP": 5.789125751943252, "Rank-1": 12.857142857142856, "Rank-5": 30.952380952380953, "Rank-10": 40.95238095238095, "Rank-20": 51.90476190476191}
DEVELOPMENT_MISSING_CONDITION q_N_g_N {"mAP": 39.71432695196745, "mINP": 23.467819326526023, "Rank-1": 48.57142857142857, "Rank-5": 72.85714285714285, "Rank-10": 82.38095238095238, "Rank-20": 90.0}
DEVELOPMENT_MISSING_CONDITION q_N_g_R {"mAP": 30.951365130715157, "mINP": 18.593814079236246, "Rank-1": 36.666666666666664, "Rank-5": 62.38095238095238, "Rank-10": 70.0, "Rank-20": 81.42857142857143}
DEVELOPMENT_MISSING_CONDITION q_R_g_RNT {"mAP": 41.29915998534568, "mINP": 24.460827461889846, "Rank-1": 49.047619047619044, "Rank-5": 65.71428571428571, "Rank-10": 71.9047619047619, "Rank-20": 79.52380952380952}
DEVELOPMENT_MISSING_CONDITION q_R_g_NT {"mAP": 31.755059760557376, "mINP": 19.294796759912515, "Rank-1": 35.714285714285715, "Rank-5": 65.71428571428571, "Rank-10": 72.85714285714285, "Rank-20": 77.14285714285715}
DEVELOPMENT_MISSING_CONDITION q_R_g_RT {"mAP": 40.84325234860038, "mINP": 25.935680594253846, "Rank-1": 47.14285714285714, "Rank-5": 65.23809523809524, "Rank-10": 75.23809523809524, "Rank-20": 81.9047619047619}
DEVELOPMENT_MISSING_CONDITION q_R_g_RN {"mAP": 40.631716117878696, "mINP": 24.901225786701087, "Rank-1": 52.38095238095239, "Rank-5": 64.28571428571429, "Rank-10": 73.33333333333333, "Rank-20": 79.52380952380952}
DEVELOPMENT_MISSING_CONDITION q_R_g_T {"mAP": 12.199491667150909, "mINP": 6.040897990856403, "Rank-1": 9.047619047619047, "Rank-5": 36.666666666666664, "Rank-10": 45.23809523809524, "Rank-20": 53.333333333333336}
DEVELOPMENT_MISSING_CONDITION q_R_g_N {"mAP": 32.47794978854427, "mINP": 18.041701718829728, "Rank-1": 42.38095238095238, "Rank-5": 64.76190476190476, "Rank-10": 73.33333333333333, "Rank-20": 80.0}
DEVELOPMENT_MISSING_CONDITION q_R_g_R {"mAP": 40.2256331803141, "mINP": 24.01538669293164, "Rank-1": 53.80952380952381, "Rank-5": 67.14285714285714, "Rank-10": 73.33333333333333, "Rank-20": 80.47619047619048}
