/data/gaob/Re-ID/conda-envs/tri_reid/lib/python3.10/site-packages/timm/models/helpers.py:7: FutureWarning: Importing from timm.models.helpers is deprecated, please import via timm.models
  warnings.warn(f"Importing from {__name__} is deprecated, please import via timm.models", FutureWarning)
/data/gaob/Re-ID/conda-envs/tri_reid/lib/python3.10/site-packages/timm/models/registry.py:4: FutureWarning: Importing from timm.models.registry is deprecated, please import via timm.models
  warnings.warn(f"Importing from {__name__} is deprecated, please import via timm.models", FutureWarning)
/data/gaob/Re-ID/conda-envs/tri_reid/lib/python3.10/site-packages/timm/models/layers/__init__.py:48: FutureWarning: Importing from timm.models.layers is deprecated, please import via timm.layers
  warnings.warn(f"Importing from {__name__} is deprecated, please import via timm.layers", FutureWarning)
using Transformer_type: ViT-B-16 as a backbone
Resized position embedding: %s to %s torch.Size([197, 768]) torch.Size([129, 768])
Position embedding resize to height:8 width: 16
Successfully load ckpt!
<All keys matched successfully>
Loading pretrained model from CLIP
camera number is : 8
DEVELOPMENT_MISSING_CONDITION q_RNT_g_RNT {"mAP": 48.94787741171409, "mINP": 33.99102297400237, "Rank-1": 62.857142857142854, "Rank-5": 73.80952380952381, "Rank-10": 78.57142857142857, "Rank-20": 83.80952380952381}
DEVELOPMENT_MISSING_CONDITION q_RNT_g_NT {"mAP": 46.74540189575795, "mINP": 29.529966396469497, "Rank-1": 61.42857142857143, "Rank-5": 74.76190476190476, "Rank-10": 80.95238095238095, "Rank-20": 86.66666666666667}
DEVELOPMENT_MISSING_CONDITION q_RNT_g_RT {"mAP": 44.96439089538043, "mINP": 29.423131704452647, "Rank-1": 56.19047619047619, "Rank-5": 72.85714285714285, "Rank-10": 77.61904761904762, "Rank-20": 83.33333333333334}
DEVELOPMENT_MISSING_CONDITION q_RNT_g_RN {"mAP": 45.61662628539705, "mINP": 30.353819277318227, "Rank-1": 56.19047619047619, "Rank-5": 71.42857142857143, "Rank-10": 77.14285714285715, "Rank-20": 83.33333333333334}
DEVELOPMENT_MISSING_CONDITION q_RNT_g_T {"mAP": 19.11675551823607, "mINP": 7.174134300714496, "Rank-1": 29.04761904761905, "Rank-5": 50.476190476190474, "Rank-10": 64.76190476190476, "Rank-20": 74.76190476190476}
DEVELOPMENT_MISSING_CONDITION q_RNT_g_N {"mAP": 40.552268565415986, "mINP": 22.928382571266233, "Rank-1": 50.476190476190474, "Rank-5": 71.42857142857143, "Rank-10": 78.57142857142857, "Rank-20": 85.71428571428571}
DEVELOPMENT_MISSING_CONDITION q_RNT_g_R {"mAP": 41.70441851067286, "mINP": 25.31230555749215, "Rank-1": 51.42857142857142, "Rank-5": 71.42857142857143, "Rank-10": 76.19047619047619, "Rank-20": 81.42857142857143}
DEVELOPMENT_MISSING_CONDITION q_NT_g_RNT {"mAP": 44.852385575370526, "mINP": 28.69018850997365, "Rank-1": 56.666666666666664, "Rank-5": 75.71428571428571, "Rank-10": 79.52380952380952, "Rank-20": 84.28571428571429}
DEVELOPMENT_MISSING_CONDITION q_NT_g_NT {"mAP": 46.24341448175154, "mINP": 28.692521402947374, "Rank-1": 58.57142857142858, "Rank-5": 74.76190476190476, "Rank-10": 81.42857142857143, "Rank-20": 87.14285714285714}
DEVELOPMENT_MISSING_CONDITION q_NT_g_RT {"mAP": 34.37326085047668, "mINP": 18.308048637061983, "Rank-1": 46.19047619047619, "Rank-5": 63.8095238095238, "Rank-10": 70.95238095238095, "Rank-20": 79.52380952380952}
DEVELOPMENT_MISSING_CONDITION q_NT_g_RN {"mAP": 40.58850701889297, "mINP": 24.979636878968936, "Rank-1": 50.0, "Rank-5": 70.95238095238095, "Rank-10": 77.61904761904762, "Rank-20": 83.80952380952381}
DEVELOPMENT_MISSING_CONDITION q_NT_g_T {"mAP": 20.56395412053168, "mINP": 7.145029650849004, "Rank-1": 34.285714285714285, "Rank-5": 53.333333333333336, "Rank-10": 61.904761904761905, "Rank-20": 67.61904761904762}
DEVELOPMENT_MISSING_CONDITION q_NT_g_N {"mAP": 41.97637560566401, "mINP": 23.428913079002267, "Rank-1": 51.42857142857142, "Rank-5": 77.14285714285715, "Rank-10": 81.9047619047619, "Rank-20": 87.14285714285714}
DEVELOPMENT_MISSING_CONDITION q_NT_g_R {"mAP": 34.86607479382373, "mINP": 18.77822859612813, "Rank-1": 40.0, "Rank-5": 65.23809523809524, "Rank-10": 73.80952380952381, "Rank-20": 82.38095238095238}
DEVELOPMENT_MISSING_CONDITION q_RT_g_RNT {"mAP": 42.63729739532434, "mINP": 25.35827918068747, "Rank-1": 53.80952380952381, "Rank-5": 68.0952380952381, "Rank-10": 72.85714285714285, "Rank-20": 81.9047619047619}
DEVELOPMENT_MISSING_CONDITION q_RT_g_NT {"mAP": 37.02931785414022, "mINP": 18.29791822686789, "Rank-1": 50.0, "Rank-5": 62.857142857142854, "Rank-10": 71.9047619047619, "Rank-20": 79.52380952380952}
DEVELOPMENT_MISSING_CONDITION q_RT_g_RT {"mAP": 45.21492335775219, "mINP": 28.846536005612027, "Rank-1": 58.0952380952381, "Rank-5": 68.57142857142857, "Rank-10": 75.23809523809524, "Rank-20": 81.9047619047619}
DEVELOPMENT_MISSING_CONDITION q_RT_g_RN {"mAP": 41.87570382180502, "mINP": 26.175841567427277, "Rank-1": 50.0, "Rank-5": 68.0952380952381, "Rank-10": 72.85714285714285, "Rank-20": 79.04761904761905}
DEVELOPMENT_MISSING_CONDITION q_RT_g_T {"mAP": 21.39022133888121, "mINP": 7.054266518600287, "Rank-1": 32.857142857142854, "Rank-5": 53.333333333333336, "Rank-10": 60.0, "Rank-20": 66.19047619047619}
DEVELOPMENT_MISSING_CONDITION q_RT_g_N {"mAP": 35.5471247273538, "mINP": 17.39189709204459, "Rank-1": 44.285714285714285, "Rank-5": 70.0, "Rank-10": 77.14285714285715, "Rank-20": 82.85714285714286}
DEVELOPMENT_MISSING_CONDITION q_RT_g_R {"mAP": 40.71678742701714, "mINP": 24.64462689889019, "Rank-1": 51.42857142857142, "Rank-5": 68.0952380952381, "Rank-10": 73.33333333333333, "Rank-20": 79.04761904761905}
DEVELOPMENT_MISSING_CONDITION q_RN_g_RNT {"mAP": 45.64940897664601, "mINP": 31.14030615691818, "Rank-1": 56.19047619047619, "Rank-5": 74.76190476190476, "Rank-10": 79.52380952380952, "Rank-20": 85.71428571428571}
DEVELOPMENT_MISSING_CONDITION q_RN_g_NT {"mAP": 43.33194788462114, "mINP": 27.412303929426706, "Rank-1": 52.38095238095239, "Rank-5": 79.04761904761905, "Rank-10": 82.38095238095238, "Rank-20": 87.14285714285714}
DEVELOPMENT_MISSING_CONDITION q_RN_g_RT {"mAP": 42.56483948118452, "mINP": 27.9520117015367, "Rank-1": 50.476190476190474, "Rank-5": 71.9047619047619, "Rank-10": 77.61904761904762, "Rank-20": 85.23809523809524}
DEVELOPMENT_MISSING_CONDITION q_RN_g_RN {"mAP": 45.305172847107244, "mINP": 31.370970412202098, "Rank-1": 55.23809523809524, "Rank-5": 72.38095238095238, "Rank-10": 77.61904761904762, "Rank-20": 83.33333333333334}
DEVELOPMENT_MISSING_CONDITION q_RN_g_T {"mAP": 12.450483291463021, "mINP": 5.859638784926526, "Rank-1": 15.238095238095239, "Rank-5": 32.38095238095238, "Rank-10": 46.666666666666664, "Rank-20": 59.523809523809526}
DEVELOPMENT_MISSING_CONDITION q_RN_g_N {"mAP": 42.07551975486389, "mINP": 24.004991773850787, "Rank-1": 54.761904761904766, "Rank-5": 77.61904761904762, "Rank-10": 81.9047619047619, "Rank-20": 87.14285714285714}
DEVELOPMENT_MISSING_CONDITION q_RN_g_R {"mAP": 40.71102113083544, "mINP": 25.256704430475992, "Rank-1": 50.0, "Rank-5": 71.42857142857143, "Rank-10": 74.28571428571429, "Rank-20": 78.57142857142857}
DEVELOPMENT_MISSING_CONDITION q_T_g_RNT {"mAP": 15.731463131042233, "mINP": 8.356720914642409, "Rank-1": 17.142857142857142, "Rank-5": 33.80952380952381, "Rank-10": 42.38095238095238, "Rank-20": 55.714285714285715}
DEVELOPMENT_MISSING_CONDITION q_T_g_NT {"mAP": 16.03937055192557, "mINP": 6.594325709624255, "Rank-1": 21.904761904761905, "Rank-5": 41.904761904761905, "Rank-10": 52.38095238095239, "Rank-20": 60.0}
DEVELOPMENT_MISSING_CONDITION q_T_g_RT {"mAP": 16.86728890054561, "mINP": 6.896217899088279, "Rank-1": 23.333333333333332, "Rank-5": 40.476190476190474, "Rank-10": 45.714285714285715, "Rank-20": 58.57142857142858}
DEVELOPMENT_MISSING_CONDITION q_T_g_RN {"mAP": 11.882208153349342, "mINP": 7.555981846746715, "Rank-1": 10.476190476190476, "Rank-5": 24.761904761904763, "Rank-10": 30.0, "Rank-20": 41.42857142857143}
DEVELOPMENT_MISSING_CONDITION q_T_g_T {"mAP": 18.19382691363438, "mINP": 6.400286065454008, "Rank-1": 32.857142857142854, "Rank-5": 50.476190476190474, "Rank-10": 56.19047619047619, "Rank-20": 63.33333333333333}
DEVELOPMENT_MISSING_CONDITION q_T_g_N {"mAP": 10.350163018701322, "mINP": 5.630673966506897, "Rank-1": 9.047619047619047, "Rank-5": 21.904761904761905, "Rank-10": 32.857142857142854, "Rank-20": 42.38095238095238}
DEVELOPMENT_MISSING_CONDITION q_T_g_R {"mAP": 11.004146428904434, "mINP": 7.321605864299677, "Rank-1": 9.047619047619047, "Rank-5": 21.428571428571427, "Rank-10": 31.9047619047619, "Rank-20": 43.333333333333336}
DEVELOPMENT_MISSING_CONDITION q_N_g_RNT {"mAP": 41.122868710069376, "mINP": 26.71620825328101, "Rank-1": 50.0, "Rank-5": 74.76190476190476, "Rank-10": 80.47619047619048, "Rank-20": 84.28571428571429}
DEVELOPMENT_MISSING_CONDITION q_N_g_NT {"mAP": 42.60652501961048, "mINP": 25.99798138662919, "Rank-1": 51.90476190476191, "Rank-5": 79.52380952380952, "Rank-10": 83.80952380952381, "Rank-20": 89.04761904761904}
DEVELOPMENT_MISSING_CONDITION q_N_g_RT {"mAP": 33.355801570458105, "mINP": 20.929872634671856, "Rank-1": 32.38095238095238, "Rank-5": 63.8095238095238, "Rank-10": 76.19047619047619, "Rank-20": 84.76190476190476}
DEVELOPMENT_MISSING_CONDITION q_N_g_RN {"mAP": 39.384640720545725, "mINP": 24.79658601533811, "Rank-1": 48.57142857142857, "Rank-5": 73.33333333333333, "Rank-10": 79.04761904761905, "Rank-20": 83.80952380952381}
DEVELOPMENT_MISSING_CONDITION q_N_g_T {"mAP": 12.091129391540607, "mINP": 6.128498029423965, "Rank-1": 10.952380952380953, "Rank-5": 30.0, "Rank-10": 46.666666666666664, "Rank-20": 60.952380952380956}
DEVELOPMENT_MISSING_CONDITION q_N_g_N {"mAP": 41.15033963505919, "mINP": 22.56115433120787, "Rank-1": 51.90476190476191, "Rank-5": 79.52380952380952, "Rank-10": 82.85714285714286, "Rank-20": 89.04761904761904}
DEVELOPMENT_MISSING_CONDITION q_N_g_R {"mAP": 33.40552390907391, "mINP": 19.515399246940078, "Rank-1": 38.57142857142858, "Rank-5": 60.476190476190474, "Rank-10": 71.9047619047619, "Rank-20": 82.85714285714286}
DEVELOPMENT_MISSING_CONDITION q_R_g_RNT {"mAP": 38.66123507585986, "mINP": 24.501269996970635, "Rank-1": 47.14285714285714, "Rank-5": 66.19047619047619, "Rank-10": 74.28571428571429, "Rank-20": 82.38095238095238}
DEVELOPMENT_MISSING_CONDITION q_R_g_NT {"mAP": 34.140424204265415, "mINP": 19.396006269549975, "Rank-1": 41.904761904761905, "Rank-5": 64.76190476190476, "Rank-10": 78.0952380952381, "Rank-20": 82.85714285714286}
DEVELOPMENT_MISSING_CONDITION q_R_g_RT {"mAP": 40.22782330103137, "mINP": 24.74957684349228, "Rank-1": 51.42857142857142, "Rank-5": 68.0952380952381, "Rank-10": 74.28571428571429, "Rank-20": 81.9047619047619}
DEVELOPMENT_MISSING_CONDITION q_R_g_RN {"mAP": 39.12840981622841, "mINP": 23.967447854390556, "Rank-1": 47.14285714285714, "Rank-5": 69.04761904761905, "Rank-10": 73.33333333333333, "Rank-20": 78.57142857142857}
DEVELOPMENT_MISSING_CONDITION q_R_g_T {"mAP": 9.891850548514864, "mINP": 5.2989734026232735, "Rank-1": 7.142857142857142, "Rank-5": 29.04761904761905, "Rank-10": 45.23809523809524, "Rank-20": 58.0952380952381}
DEVELOPMENT_MISSING_CONDITION q_R_g_N {"mAP": 35.10313027225615, "mINP": 18.88530235478968, "Rank-1": 47.14285714285714, "Rank-5": 70.0, "Rank-10": 75.71428571428571, "Rank-20": 82.38095238095238}
DEVELOPMENT_MISSING_CONDITION q_R_g_R {"mAP": 39.9366717686246, "mINP": 23.610234990959896, "Rank-1": 50.95238095238095, "Rank-5": 68.57142857142857, "Rank-10": 73.80952380952381, "Rank-20": 76.66666666666667}
