/data/gaob/Re-ID/conda-envs/tri_reid/lib/python3.10/site-packages/timm/models/helpers.py:7: FutureWarning: Importing from timm.models.helpers is deprecated, please import via timm.models
  warnings.warn(f"Importing from {__name__} is deprecated, please import via timm.models", FutureWarning)
/data/gaob/Re-ID/conda-envs/tri_reid/lib/python3.10/site-packages/timm/models/registry.py:4: FutureWarning: Importing from timm.models.registry is deprecated, please import via timm.models
  warnings.warn(f"Importing from {__name__} is deprecated, please import via timm.models", FutureWarning)
/data/gaob/Re-ID/conda-envs/tri_reid/lib/python3.10/site-packages/timm/models/layers/__init__.py:48: FutureWarning: Importing from timm.models.layers is deprecated, please import via timm.layers
  warnings.warn(f"Importing from {__name__} is deprecated, please import via timm.layers", FutureWarning)
using Transformer_type: ViT-B-16 as a backbone
Resized position embedding: %s to %s torch.Size([197, 768]) torch.Size([129, 768])
Position embedding resize to height:8 width: 16
Successfully load ckpt!
<All keys matched successfully>
Loading pretrained model from CLIP
camera number is : 8
DEVELOPMENT_MISSING_CONDITION q_RNT_g_RNT {"mAP": 49.49276119159503, "mINP": 35.82231847486293, "Rank-1": 61.42857142857143, "Rank-5": 73.80952380952381, "Rank-10": 78.57142857142857, "Rank-20": 80.47619047619048}
DEVELOPMENT_MISSING_CONDITION q_RNT_g_NT {"mAP": 46.08306332711048, "mINP": 31.276754271175434, "Rank-1": 57.14285714285714, "Rank-5": 75.71428571428571, "Rank-10": 77.14285714285715, "Rank-20": 80.47619047619048}
DEVELOPMENT_MISSING_CONDITION q_RNT_g_RT {"mAP": 46.09539307758983, "mINP": 31.554279374165507, "Rank-1": 56.19047619047619, "Rank-5": 73.33333333333333, "Rank-10": 76.66666666666667, "Rank-20": 81.42857142857143}
DEVELOPMENT_MISSING_CONDITION q_RNT_g_RN {"mAP": 47.34739522827868, "mINP": 33.035420954638475, "Rank-1": 59.04761904761905, "Rank-5": 71.42857142857143, "Rank-10": 78.57142857142857, "Rank-20": 80.95238095238095}
DEVELOPMENT_MISSING_CONDITION q_RNT_g_T {"mAP": 22.33993980901527, "mINP": 8.242136545005437, "Rank-1": 33.33333333333333, "Rank-5": 55.714285714285715, "Rank-10": 66.19047619047619, "Rank-20": 75.23809523809524}
DEVELOPMENT_MISSING_CONDITION q_RNT_g_N {"mAP": 43.396980267741995, "mINP": 26.28488434090734, "Rank-1": 56.19047619047619, "Rank-5": 72.38095238095238, "Rank-10": 77.61904761904762, "Rank-20": 81.42857142857143}
DEVELOPMENT_MISSING_CONDITION q_RNT_g_R {"mAP": 43.889615518813756, "mINP": 29.2197239099673, "Rank-1": 56.19047619047619, "Rank-5": 72.85714285714285, "Rank-10": 76.19047619047619, "Rank-20": 79.52380952380952}
DEVELOPMENT_MISSING_CONDITION q_NT_g_RNT {"mAP": 45.76727896590665, "mINP": 30.48496534894823, "Rank-1": 58.0952380952381, "Rank-5": 75.23809523809524, "Rank-10": 78.0952380952381, "Rank-20": 80.0}
DEVELOPMENT_MISSING_CONDITION q_NT_g_NT {"mAP": 45.867108236820044, "mINP": 29.89981593473432, "Rank-1": 55.714285714285715, "Rank-5": 74.28571428571429, "Rank-10": 77.14285714285715, "Rank-20": 83.33333333333334}
DEVELOPMENT_MISSING_CONDITION q_NT_g_RT {"mAP": 35.73498886238573, "mINP": 20.577811188153404, "Rank-1": 44.761904761904766, "Rank-5": 64.28571428571429, "Rank-10": 72.85714285714285, "Rank-20": 77.61904761904762}
DEVELOPMENT_MISSING_CONDITION q_NT_g_RN {"mAP": 41.7111723806805, "mINP": 28.24979959252614, "Rank-1": 48.095238095238095, "Rank-5": 71.9047619047619, "Rank-10": 77.14285714285715, "Rank-20": 81.42857142857143}
DEVELOPMENT_MISSING_CONDITION q_NT_g_T {"mAP": 24.766128733180675, "mINP": 8.596650441700332, "Rank-1": 38.57142857142858, "Rank-5": 54.285714285714285, "Rank-10": 64.28571428571429, "Rank-20": 69.52380952380952}
DEVELOPMENT_MISSING_CONDITION q_NT_g_N {"mAP": 42.00616140790005, "mINP": 24.63607289106623, "Rank-1": 53.80952380952381, "Rank-5": 72.85714285714285, "Rank-10": 79.52380952380952, "Rank-20": 82.38095238095238}
DEVELOPMENT_MISSING_CONDITION q_NT_g_R {"mAP": 34.39078291732678, "mINP": 21.828305344596963, "Rank-1": 38.57142857142858, "Rank-5": 65.23809523809524, "Rank-10": 72.85714285714285, "Rank-20": 80.0}
DEVELOPMENT_MISSING_CONDITION q_RT_g_RNT {"mAP": 45.06028643417175, "mINP": 29.76582413144888, "Rank-1": 54.285714285714285, "Rank-5": 69.52380952380952, "Rank-10": 75.71428571428571, "Rank-20": 80.47619047619048}
DEVELOPMENT_MISSING_CONDITION q_RT_g_NT {"mAP": 39.41391769590097, "mINP": 20.551834370643007, "Rank-1": 52.85714285714286, "Rank-5": 69.52380952380952, "Rank-10": 74.76190476190476, "Rank-20": 79.04761904761905}
DEVELOPMENT_MISSING_CONDITION q_RT_g_RT {"mAP": 45.44442875023917, "mINP": 30.537887678085024, "Rank-1": 57.14285714285714, "Rank-5": 70.0, "Rank-10": 75.23809523809524, "Rank-20": 81.42857142857143}
DEVELOPMENT_MISSING_CONDITION q_RT_g_RN {"mAP": 44.11327757617218, "mINP": 30.523968700759678, "Rank-1": 54.285714285714285, "Rank-5": 69.04761904761905, "Rank-10": 75.23809523809524, "Rank-20": 80.47619047619048}
DEVELOPMENT_MISSING_CONDITION q_RT_g_T {"mAP": 25.253542378554577, "mINP": 8.113256267306017, "Rank-1": 37.142857142857146, "Rank-5": 54.285714285714285, "Rank-10": 64.28571428571429, "Rank-20": 70.0}
DEVELOPMENT_MISSING_CONDITION q_RT_g_N {"mAP": 37.55568456446013, "mINP": 20.660953601742747, "Rank-1": 53.333333333333336, "Rank-5": 74.76190476190476, "Rank-10": 78.57142857142857, "Rank-20": 81.42857142857143}
DEVELOPMENT_MISSING_CONDITION q_RT_g_R {"mAP": 42.09609869858907, "mINP": 28.19519222725732, "Rank-1": 51.42857142857142, "Rank-5": 69.52380952380952, "Rank-10": 76.66666666666667, "Rank-20": 80.47619047619048}
DEVELOPMENT_MISSING_CONDITION q_RN_g_RNT {"mAP": 46.82419431876808, "mINP": 33.3214125439109, "Rank-1": 57.61904761904761, "Rank-5": 73.33333333333333, "Rank-10": 77.61904761904762, "Rank-20": 81.9047619047619}
DEVELOPMENT_MISSING_CONDITION q_RN_g_NT {"mAP": 43.57458931923494, "mINP": 28.304995003746708, "Rank-1": 50.476190476190474, "Rank-5": 74.28571428571429, "Rank-10": 79.52380952380952, "Rank-20": 82.85714285714286}
DEVELOPMENT_MISSING_CONDITION q_RN_g_RT {"mAP": 44.31443226890473, "mINP": 31.38757316580004, "Rank-1": 53.80952380952381, "Rank-5": 73.80952380952381, "Rank-10": 77.14285714285715, "Rank-20": 82.38095238095238}
DEVELOPMENT_MISSING_CONDITION q_RN_g_RN {"mAP": 46.98038848450445, "mINP": 33.432766293960405, "Rank-1": 58.0952380952381, "Rank-5": 72.85714285714285, "Rank-10": 77.61904761904762, "Rank-20": 81.9047619047619}
DEVELOPMENT_MISSING_CONDITION q_RN_g_T {"mAP": 15.090823999976863, "mINP": 7.026934229216302, "Rank-1": 12.857142857142856, "Rank-5": 35.23809523809524, "Rank-10": 51.90476190476191, "Rank-20": 66.19047619047619}
DEVELOPMENT_MISSING_CONDITION q_RN_g_N {"mAP": 42.80690281294113, "mINP": 25.612638200444138, "Rank-1": 56.666666666666664, "Rank-5": 74.76190476190476, "Rank-10": 79.04761904761905, "Rank-20": 83.33333333333334}
DEVELOPMENT_MISSING_CONDITION q_RN_g_R {"mAP": 43.21236554210546, "mINP": 28.90174730558338, "Rank-1": 56.19047619047619, "Rank-5": 71.9047619047619, "Rank-10": 77.14285714285715, "Rank-20": 80.0}
DEVELOPMENT_MISSING_CONDITION q_T_g_RNT {"mAP": 19.182139856019226, "mINP": 12.248785625971069, "Rank-1": 18.095238095238095, "Rank-5": 38.095238095238095, "Rank-10": 47.61904761904761, "Rank-20": 59.04761904761905}
DEVELOPMENT_MISSING_CONDITION q_T_g_NT {"mAP": 21.51300649976399, "mINP": 9.967135792213245, "Rank-1": 29.04761904761905, "Rank-5": 51.42857142857142, "Rank-10": 55.714285714285715, "Rank-20": 62.857142857142854}
DEVELOPMENT_MISSING_CONDITION q_T_g_RT {"mAP": 21.085952845663066, "mINP": 8.19865127582362, "Rank-1": 29.04761904761905, "Rank-5": 46.19047619047619, "Rank-10": 58.57142857142858, "Rank-20": 66.66666666666666}
DEVELOPMENT_MISSING_CONDITION q_T_g_RN {"mAP": 13.765268830196545, "mINP": 10.13487936724062, "Rank-1": 8.571428571428571, "Rank-5": 19.047619047619047, "Rank-10": 30.476190476190478, "Rank-20": 43.333333333333336}
DEVELOPMENT_MISSING_CONDITION q_T_g_T {"mAP": 22.591816536636326, "mINP": 7.74452558718489, "Rank-1": 38.57142857142858, "Rank-5": 52.38095238095239, "Rank-10": 60.0, "Rank-20": 66.19047619047619}
DEVELOPMENT_MISSING_CONDITION q_T_g_N {"mAP": 13.42551132989421, "mINP": 8.569489484841865, "Rank-1": 9.047619047619047, "Rank-5": 24.761904761904763, "Rank-10": 37.142857142857146, "Rank-20": 49.047619047619044}
DEVELOPMENT_MISSING_CONDITION q_T_g_R {"mAP": 12.530780102278932, "mINP": 9.023585567792914, "Rank-1": 8.095238095238095, "Rank-5": 20.0, "Rank-10": 31.9047619047619, "Rank-20": 42.38095238095238}
DEVELOPMENT_MISSING_CONDITION q_N_g_RNT {"mAP": 42.40830813056861, "mINP": 27.897844294740764, "Rank-1": 51.42857142857142, "Rank-5": 74.28571428571429, "Rank-10": 78.0952380952381, "Rank-20": 83.80952380952381}
DEVELOPMENT_MISSING_CONDITION q_N_g_NT {"mAP": 42.074744623891455, "mINP": 25.477995141219402, "Rank-1": 49.047619047619044, "Rank-5": 74.76190476190476, "Rank-10": 80.0, "Rank-20": 84.28571428571429}
DEVELOPMENT_MISSING_CONDITION q_N_g_RT {"mAP": 32.84103275071688, "mINP": 21.70201629576251, "Rank-1": 35.23809523809524, "Rank-5": 60.952380952380956, "Rank-10": 70.0, "Rank-20": 79.04761904761905}
DEVELOPMENT_MISSING_CONDITION q_N_g_RN {"mAP": 40.0120477436735, "mINP": 26.72672135884579, "Rank-1": 49.047619047619044, "Rank-5": 70.95238095238095, "Rank-10": 77.61904761904762, "Rank-20": 81.42857142857143}
DEVELOPMENT_MISSING_CONDITION q_N_g_T {"mAP": 13.70848772467999, "mINP": 7.042258464745696, "Rank-1": 13.333333333333334, "Rank-5": 29.04761904761905, "Rank-10": 44.761904761904766, "Rank-20": 64.28571428571429}
DEVELOPMENT_MISSING_CONDITION q_N_g_N {"mAP": 40.358390556912724, "mINP": 22.632079350811864, "Rank-1": 50.0, "Rank-5": 74.28571428571429, "Rank-10": 79.52380952380952, "Rank-20": 83.33333333333334}
DEVELOPMENT_MISSING_CONDITION q_N_g_R {"mAP": 32.03715343627209, "mINP": 20.86450881845813, "Rank-1": 38.57142857142858, "Rank-5": 59.523809523809526, "Rank-10": 68.57142857142857, "Rank-20": 75.71428571428571}
DEVELOPMENT_MISSING_CONDITION q_R_g_RNT {"mAP": 42.155283794914986, "mINP": 28.652522943422774, "Rank-1": 50.0, "Rank-5": 64.28571428571429, "Rank-10": 74.28571428571429, "Rank-20": 80.47619047619048}
DEVELOPMENT_MISSING_CONDITION q_R_g_NT {"mAP": 34.7562838595807, "mINP": 19.83974566990518, "Rank-1": 41.42857142857143, "Rank-5": 67.14285714285714, "Rank-10": 74.76190476190476, "Rank-20": 80.95238095238095}
DEVELOPMENT_MISSING_CONDITION q_R_g_RT {"mAP": 42.48362357664559, "mINP": 29.471929298217937, "Rank-1": 52.85714285714286, "Rank-5": 67.61904761904762, "Rank-10": 73.80952380952381, "Rank-20": 81.42857142857143}
DEVELOPMENT_MISSING_CONDITION q_R_g_RN {"mAP": 42.71492396196505, "mINP": 28.913330387725004, "Rank-1": 50.95238095238095, "Rank-5": 68.0952380952381, "Rank-10": 75.23809523809524, "Rank-20": 80.95238095238095}
DEVELOPMENT_MISSING_CONDITION q_R_g_T {"mAP": 12.917054849878623, "mINP": 6.616048914026091, "Rank-1": 8.571428571428571, "Rank-5": 37.61904761904762, "Rank-10": 52.38095238095239, "Rank-20": 62.857142857142854}
DEVELOPMENT_MISSING_CONDITION q_R_g_N {"mAP": 35.54774995710192, "mINP": 19.96227125877945, "Rank-1": 46.666666666666664, "Rank-5": 72.38095238095238, "Rank-10": 78.0952380952381, "Rank-20": 82.85714285714286}
DEVELOPMENT_MISSING_CONDITION q_R_g_R {"mAP": 40.8748837701301, "mINP": 26.145882426523254, "Rank-1": 50.476190476190474, "Rank-5": 67.14285714285714, "Rank-10": 73.80952380952381, "Rank-20": 80.47619047619048}
