/data/gaob/Re-ID/conda-envs/tri_reid/lib/python3.10/site-packages/timm/models/helpers.py:7: FutureWarning: Importing from timm.models.helpers is deprecated, please import via timm.models
  warnings.warn(f"Importing from {__name__} is deprecated, please import via timm.models", FutureWarning)
/data/gaob/Re-ID/conda-envs/tri_reid/lib/python3.10/site-packages/timm/models/registry.py:4: FutureWarning: Importing from timm.models.registry is deprecated, please import via timm.models
  warnings.warn(f"Importing from {__name__} is deprecated, please import via timm.models", FutureWarning)
/data/gaob/Re-ID/conda-envs/tri_reid/lib/python3.10/site-packages/timm/models/layers/__init__.py:48: FutureWarning: Importing from timm.models.layers is deprecated, please import via timm.layers
  warnings.warn(f"Importing from {__name__} is deprecated, please import via timm.layers", FutureWarning)
using Transformer_type: ViT-B-16 as a backbone
Resized position embedding: %s to %s torch.Size([197, 768]) torch.Size([129, 768])
Position embedding resize to height:8 width: 16
Successfully load ckpt!
<All keys matched successfully>
Loading pretrained model from CLIP
camera number is : 8
DEVELOPMENT_MISSING_CONDITION q_RNT_g_RNT {"mAP": 47.976572348577136, "mINP": 34.29446103847519, "Rank-1": 60.476190476190474, "Rank-5": 73.33333333333333, "Rank-10": 77.61904761904762, "Rank-20": 81.42857142857143}
DEVELOPMENT_MISSING_CONDITION q_RNT_g_NT {"mAP": 44.319235965778844, "mINP": 28.633183732330693, "Rank-1": 55.714285714285715, "Rank-5": 74.28571428571429, "Rank-10": 77.61904761904762, "Rank-20": 81.9047619047619}
DEVELOPMENT_MISSING_CONDITION q_RNT_g_RT {"mAP": 44.20141331856027, "mINP": 31.023030037007977, "Rank-1": 55.714285714285715, "Rank-5": 71.42857142857143, "Rank-10": 76.66666666666667, "Rank-20": 81.42857142857143}
DEVELOPMENT_MISSING_CONDITION q_RNT_g_RN {"mAP": 45.30140383773206, "mINP": 31.4672748902179, "Rank-1": 56.19047619047619, "Rank-5": 71.9047619047619, "Rank-10": 78.57142857142857, "Rank-20": 81.42857142857143}
DEVELOPMENT_MISSING_CONDITION q_RNT_g_T {"mAP": 19.8126283628103, "mINP": 7.639059463072879, "Rank-1": 25.71428571428571, "Rank-5": 51.90476190476191, "Rank-10": 63.33333333333333, "Rank-20": 72.85714285714285}
DEVELOPMENT_MISSING_CONDITION q_RNT_g_N {"mAP": 41.98934441046371, "mINP": 25.073757069511625, "Rank-1": 53.333333333333336, "Rank-5": 74.28571428571429, "Rank-10": 79.04761904761905, "Rank-20": 84.76190476190476}
DEVELOPMENT_MISSING_CONDITION q_RNT_g_R {"mAP": 42.744816530679756, "mINP": 28.44345231732953, "Rank-1": 54.761904761904766, "Rank-5": 72.85714285714285, "Rank-10": 79.04761904761905, "Rank-20": 82.38095238095238}
DEVELOPMENT_MISSING_CONDITION q_NT_g_RNT {"mAP": 42.9796441292387, "mINP": 29.520685676810167, "Rank-1": 50.476190476190474, "Rank-5": 71.9047619047619, "Rank-10": 77.14285714285715, "Rank-20": 83.33333333333334}
DEVELOPMENT_MISSING_CONDITION q_NT_g_NT {"mAP": 44.183765567385485, "mINP": 28.181520866365155, "Rank-1": 54.285714285714285, "Rank-5": 72.38095238095238, "Rank-10": 79.04761904761905, "Rank-20": 86.66666666666667}
DEVELOPMENT_MISSING_CONDITION q_NT_g_RT {"mAP": 35.98925746381211, "mINP": 21.49445819806366, "Rank-1": 46.666666666666664, "Rank-5": 66.19047619047619, "Rank-10": 73.33333333333333, "Rank-20": 82.38095238095238}
DEVELOPMENT_MISSING_CONDITION q_NT_g_RN {"mAP": 41.67420417958453, "mINP": 27.290829856520656, "Rank-1": 51.42857142857142, "Rank-5": 73.33333333333333, "Rank-10": 78.57142857142857, "Rank-20": 84.28571428571429}
DEVELOPMENT_MISSING_CONDITION q_NT_g_T {"mAP": 25.24234045233819, "mINP": 8.344896935503344, "Rank-1": 39.523809523809526, "Rank-5": 58.0952380952381, "Rank-10": 66.19047619047619, "Rank-20": 72.85714285714285}
DEVELOPMENT_MISSING_CONDITION q_NT_g_N {"mAP": 41.403651557412836, "mINP": 24.063482453678624, "Rank-1": 54.761904761904766, "Rank-5": 73.33333333333333, "Rank-10": 79.52380952380952, "Rank-20": 87.61904761904762}
DEVELOPMENT_MISSING_CONDITION q_NT_g_R {"mAP": 35.170630659078675, "mINP": 22.137690822100048, "Rank-1": 41.904761904761905, "Rank-5": 70.47619047619048, "Rank-10": 76.66666666666667, "Rank-20": 83.80952380952381}
DEVELOPMENT_MISSING_CONDITION q_RT_g_RNT {"mAP": 43.930552597287075, "mINP": 29.701306149200345, "Rank-1": 52.85714285714286, "Rank-5": 70.47619047619048, "Rank-10": 76.66666666666667, "Rank-20": 80.47619047619048}
DEVELOPMENT_MISSING_CONDITION q_RT_g_NT {"mAP": 38.17002351156849, "mINP": 20.70348484298827, "Rank-1": 51.42857142857142, "Rank-5": 67.61904761904762, "Rank-10": 75.23809523809524, "Rank-20": 80.95238095238095}
DEVELOPMENT_MISSING_CONDITION q_RT_g_RT {"mAP": 44.44130893557409, "mINP": 29.768644973516274, "Rank-1": 57.14285714285714, "Rank-5": 70.47619047619048, "Rank-10": 74.76190476190476, "Rank-20": 81.42857142857143}
DEVELOPMENT_MISSING_CONDITION q_RT_g_RN {"mAP": 42.438591009401385, "mINP": 28.571124385677738, "Rank-1": 52.38095238095239, "Rank-5": 71.42857142857143, "Rank-10": 76.66666666666667, "Rank-20": 81.42857142857143}
DEVELOPMENT_MISSING_CONDITION q_RT_g_T {"mAP": 25.078541424417473, "mINP": 8.506902565652558, "Rank-1": 36.19047619047619, "Rank-5": 55.714285714285715, "Rank-10": 63.33333333333333, "Rank-20": 71.9047619047619}
DEVELOPMENT_MISSING_CONDITION q_RT_g_N {"mAP": 36.363487335286734, "mINP": 18.37649388533466, "Rank-1": 48.57142857142857, "Rank-5": 70.47619047619048, "Rank-10": 78.57142857142857, "Rank-20": 80.95238095238095}
DEVELOPMENT_MISSING_CONDITION q_RT_g_R {"mAP": 41.34251243891428, "mINP": 26.933012246777555, "Rank-1": 53.80952380952381, "Rank-5": 70.95238095238095, "Rank-10": 76.66666666666667, "Rank-20": 81.42857142857143}
DEVELOPMENT_MISSING_CONDITION q_RN_g_RNT {"mAP": 47.03626442360265, "mINP": 33.977003399065104, "Rank-1": 57.14285714285714, "Rank-5": 72.85714285714285, "Rank-10": 80.0, "Rank-20": 82.85714285714286}
DEVELOPMENT_MISSING_CONDITION q_RN_g_NT {"mAP": 43.97046872656463, "mINP": 28.09585766547415, "Rank-1": 56.666666666666664, "Rank-5": 73.33333333333333, "Rank-10": 80.0, "Rank-20": 82.85714285714286}
DEVELOPMENT_MISSING_CONDITION q_RN_g_RT {"mAP": 43.38687525721756, "mINP": 30.80316817678699, "Rank-1": 52.85714285714286, "Rank-5": 71.9047619047619, "Rank-10": 76.66666666666667, "Rank-20": 83.80952380952381}
DEVELOPMENT_MISSING_CONDITION q_RN_g_RN {"mAP": 45.1405072505836, "mINP": 31.702968287490428, "Rank-1": 56.666666666666664, "Rank-5": 74.28571428571429, "Rank-10": 79.04761904761905, "Rank-20": 83.33333333333334}
DEVELOPMENT_MISSING_CONDITION q_RN_g_T {"mAP": 14.909147210909405, "mINP": 6.478986309679446, "Rank-1": 16.19047619047619, "Rank-5": 39.04761904761905, "Rank-10": 50.95238095238095, "Rank-20": 61.904761904761905}
DEVELOPMENT_MISSING_CONDITION q_RN_g_N {"mAP": 41.77015470504956, "mINP": 24.345189439907024, "Rank-1": 53.80952380952381, "Rank-5": 75.23809523809524, "Rank-10": 80.95238095238095, "Rank-20": 85.23809523809524}
DEVELOPMENT_MISSING_CONDITION q_RN_g_R {"mAP": 41.61823359058555, "mINP": 27.46208673258041, "Rank-1": 51.90476190476191, "Rank-5": 71.9047619047619, "Rank-10": 77.14285714285715, "Rank-20": 83.33333333333334}
DEVELOPMENT_MISSING_CONDITION q_T_g_RNT {"mAP": 17.429730213976185, "mINP": 10.086911047764639, "Rank-1": 14.285714285714285, "Rank-5": 40.0, "Rank-10": 50.0, "Rank-20": 59.523809523809526}
DEVELOPMENT_MISSING_CONDITION q_T_g_NT {"mAP": 20.96938531938581, "mINP": 8.495821165246879, "Rank-1": 31.428571428571427, "Rank-5": 49.047619047619044, "Rank-10": 55.23809523809524, "Rank-20": 64.76190476190476}
DEVELOPMENT_MISSING_CONDITION q_T_g_RT {"mAP": 21.236249510603887, "mINP": 9.063706059844161, "Rank-1": 29.523809523809526, "Rank-5": 48.095238095238095, "Rank-10": 57.61904761904761, "Rank-20": 71.42857142857143}
DEVELOPMENT_MISSING_CONDITION q_T_g_RN {"mAP": 13.606523070328723, "mINP": 9.524184034961541, "Rank-1": 10.952380952380953, "Rank-5": 24.285714285714285, "Rank-10": 36.666666666666664, "Rank-20": 49.523809523809526}
DEVELOPMENT_MISSING_CONDITION q_T_g_T {"mAP": 22.260606210661468, "mINP": 7.030998531053181, "Rank-1": 38.095238095238095, "Rank-5": 54.285714285714285, "Rank-10": 61.42857142857143, "Rank-20": 68.57142857142857}
DEVELOPMENT_MISSING_CONDITION q_T_g_N {"mAP": 13.298222916655059, "mINP": 7.78577424613458, "Rank-1": 12.380952380952381, "Rank-5": 24.761904761904763, "Rank-10": 38.57142857142858, "Rank-20": 49.047619047619044}
DEVELOPMENT_MISSING_CONDITION q_T_g_R {"mAP": 13.276754251422643, "mINP": 9.333083737951105, "Rank-1": 11.428571428571429, "Rank-5": 25.71428571428571, "Rank-10": 40.95238095238095, "Rank-20": 52.85714285714286}
DEVELOPMENT_MISSING_CONDITION q_N_g_RNT {"mAP": 42.86373138475463, "mINP": 29.2623409306022, "Rank-1": 51.42857142857142, "Rank-5": 74.76190476190476, "Rank-10": 80.0, "Rank-20": 86.19047619047619}
DEVELOPMENT_MISSING_CONDITION q_N_g_NT {"mAP": 42.90368604019128, "mINP": 26.284129681920092, "Rank-1": 53.80952380952381, "Rank-5": 75.23809523809524, "Rank-10": 82.38095238095238, "Rank-20": 88.57142857142857}
DEVELOPMENT_MISSING_CONDITION q_N_g_RT {"mAP": 35.01845944304687, "mINP": 22.672035869014813, "Rank-1": 38.095238095238095, "Rank-5": 67.61904761904762, "Rank-10": 79.52380952380952, "Rank-20": 85.23809523809524}
DEVELOPMENT_MISSING_CONDITION q_N_g_RN {"mAP": 41.08281710894926, "mINP": 26.25610907214498, "Rank-1": 50.476190476190474, "Rank-5": 72.38095238095238, "Rank-10": 78.57142857142857, "Rank-20": 86.66666666666667}
DEVELOPMENT_MISSING_CONDITION q_N_g_T {"mAP": 13.574656552726225, "mINP": 6.002812611277139, "Rank-1": 10.476190476190476, "Rank-5": 30.0, "Rank-10": 44.761904761904766, "Rank-20": 60.952380952380956}
DEVELOPMENT_MISSING_CONDITION q_N_g_N {"mAP": 41.2392185122158, "mINP": 23.34627516564849, "Rank-1": 52.85714285714286, "Rank-5": 74.76190476190476, "Rank-10": 80.95238095238095, "Rank-20": 88.09523809523809}
DEVELOPMENT_MISSING_CONDITION q_N_g_R {"mAP": 34.89768351703519, "mINP": 22.00042612403959, "Rank-1": 41.42857142857143, "Rank-5": 68.0952380952381, "Rank-10": 78.57142857142857, "Rank-20": 85.71428571428571}
DEVELOPMENT_MISSING_CONDITION q_R_g_RNT {"mAP": 41.55017547582942, "mINP": 26.933394370873653, "Rank-1": 50.476190476190474, "Rank-5": 69.04761904761905, "Rank-10": 74.76190476190476, "Rank-20": 80.95238095238095}
DEVELOPMENT_MISSING_CONDITION q_R_g_NT {"mAP": 35.875921447753036, "mINP": 19.792350735176402, "Rank-1": 48.095238095238095, "Rank-5": 67.14285714285714, "Rank-10": 74.76190476190476, "Rank-20": 81.42857142857143}
DEVELOPMENT_MISSING_CONDITION q_R_g_RT {"mAP": 41.037042629484716, "mINP": 27.93069312431901, "Rank-1": 50.476190476190474, "Rank-5": 67.61904761904762, "Rank-10": 76.19047619047619, "Rank-20": 82.38095238095238}
DEVELOPMENT_MISSING_CONDITION q_R_g_RN {"mAP": 39.46264723647416, "mINP": 26.208197596223208, "Rank-1": 50.476190476190474, "Rank-5": 66.19047619047619, "Rank-10": 75.23809523809524, "Rank-20": 81.9047619047619}
DEVELOPMENT_MISSING_CONDITION q_R_g_T {"mAP": 14.643959706329907, "mINP": 6.406531231918559, "Rank-1": 18.095238095238095, "Rank-5": 39.04761904761905, "Rank-10": 54.285714285714285, "Rank-20": 62.857142857142854}
DEVELOPMENT_MISSING_CONDITION q_R_g_N {"mAP": 35.49020206941586, "mINP": 18.2144145065673, "Rank-1": 46.19047619047619, "Rank-5": 69.04761904761905, "Rank-10": 76.66666666666667, "Rank-20": 81.9047619047619}
DEVELOPMENT_MISSING_CONDITION q_R_g_R {"mAP": 39.552032541334434, "mINP": 25.588354437954088, "Rank-1": 51.42857142857142, "Rank-5": 69.04761904761905, "Rank-10": 74.76190476190476, "Rank-20": 82.85714285714286}
