/data/gaob/Re-ID/conda-envs/tri_reid/lib/python3.10/site-packages/timm/models/helpers.py:7: FutureWarning: Importing from timm.models.helpers is deprecated, please import via timm.models
  warnings.warn(f"Importing from {__name__} is deprecated, please import via timm.models", FutureWarning)
/data/gaob/Re-ID/conda-envs/tri_reid/lib/python3.10/site-packages/timm/models/registry.py:4: FutureWarning: Importing from timm.models.registry is deprecated, please import via timm.models
  warnings.warn(f"Importing from {__name__} is deprecated, please import via timm.models", FutureWarning)
/data/gaob/Re-ID/conda-envs/tri_reid/lib/python3.10/site-packages/timm/models/layers/__init__.py:48: FutureWarning: Importing from timm.models.layers is deprecated, please import via timm.layers
  warnings.warn(f"Importing from {__name__} is deprecated, please import via timm.layers", FutureWarning)
using Transformer_type: ViT-B-16 as a backbone
Resized position embedding: %s to %s torch.Size([197, 768]) torch.Size([129, 768])
Position embedding resize to height:8 width: 16
Successfully load ckpt!
<All keys matched successfully>
Loading pretrained model from CLIP
camera number is : 8
DEVELOPMENT_MISSING_CONDITION q_RNT_g_RNT {"mAP": 46.190285005725315, "mINP": 33.18773627239576, "Rank-1": 55.714285714285715, "Rank-5": 69.52380952380952, "Rank-10": 76.66666666666667, "Rank-20": 80.0}
DEVELOPMENT_MISSING_CONDITION q_RNT_g_NT {"mAP": 44.6248197172114, "mINP": 29.589262632620073, "Rank-1": 59.523809523809526, "Rank-5": 72.85714285714285, "Rank-10": 78.0952380952381, "Rank-20": 82.38095238095238}
DEVELOPMENT_MISSING_CONDITION q_RNT_g_RT {"mAP": 43.08884136177325, "mINP": 30.042246688403406, "Rank-1": 54.285714285714285, "Rank-5": 67.61904761904762, "Rank-10": 75.23809523809524, "Rank-20": 78.57142857142857}
DEVELOPMENT_MISSING_CONDITION q_RNT_g_RN {"mAP": 44.49760536695225, "mINP": 31.00367092611851, "Rank-1": 55.714285714285715, "Rank-5": 69.04761904761905, "Rank-10": 76.66666666666667, "Rank-20": 80.95238095238095}
DEVELOPMENT_MISSING_CONDITION q_RNT_g_T {"mAP": 18.307989659146415, "mINP": 7.001683997480629, "Rank-1": 18.095238095238095, "Rank-5": 48.57142857142857, "Rank-10": 61.904761904761905, "Rank-20": 73.80952380952381}
DEVELOPMENT_MISSING_CONDITION q_RNT_g_N {"mAP": 41.90483665728092, "mINP": 26.298280289120434, "Rank-1": 54.761904761904766, "Rank-5": 73.33333333333333, "Rank-10": 78.0952380952381, "Rank-20": 83.33333333333334}
DEVELOPMENT_MISSING_CONDITION q_RNT_g_R {"mAP": 40.7235404743515, "mINP": 27.16462027437038, "Rank-1": 49.047619047619044, "Rank-5": 70.47619047619048, "Rank-10": 76.66666666666667, "Rank-20": 79.52380952380952}
DEVELOPMENT_MISSING_CONDITION q_NT_g_RNT {"mAP": 42.19330206982853, "mINP": 29.851628875186677, "Rank-1": 49.047619047619044, "Rank-5": 71.9047619047619, "Rank-10": 75.71428571428571, "Rank-20": 80.0}
DEVELOPMENT_MISSING_CONDITION q_NT_g_NT {"mAP": 43.19649618880083, "mINP": 28.507291289856717, "Rank-1": 57.14285714285714, "Rank-5": 71.42857142857143, "Rank-10": 76.66666666666667, "Rank-20": 82.38095238095238}
DEVELOPMENT_MISSING_CONDITION q_NT_g_RT {"mAP": 33.63718207019933, "mINP": 18.88031225085677, "Rank-1": 44.285714285714285, "Rank-5": 66.19047619047619, "Rank-10": 75.23809523809524, "Rank-20": 79.52380952380952}
DEVELOPMENT_MISSING_CONDITION q_NT_g_RN {"mAP": 41.289143951767215, "mINP": 28.304873144120535, "Rank-1": 49.523809523809526, "Rank-5": 70.0, "Rank-10": 74.28571428571429, "Rank-20": 80.95238095238095}
DEVELOPMENT_MISSING_CONDITION q_NT_g_T {"mAP": 21.993374257344, "mINP": 7.864722068819731, "Rank-1": 32.857142857142854, "Rank-5": 52.38095238095239, "Rank-10": 60.476190476190474, "Rank-20": 71.42857142857143}
DEVELOPMENT_MISSING_CONDITION q_NT_g_N {"mAP": 40.179108973121316, "mINP": 25.663727714585317, "Rank-1": 50.0, "Rank-5": 71.9047619047619, "Rank-10": 77.14285714285715, "Rank-20": 83.33333333333334}
DEVELOPMENT_MISSING_CONDITION q_NT_g_R {"mAP": 32.29930329725493, "mINP": 19.89786005932469, "Rank-1": 40.0, "Rank-5": 64.76190476190476, "Rank-10": 73.80952380952381, "Rank-20": 79.04761904761905}
DEVELOPMENT_MISSING_CONDITION q_RT_g_RNT {"mAP": 44.82852434827969, "mINP": 29.74687126783479, "Rank-1": 53.80952380952381, "Rank-5": 66.19047619047619, "Rank-10": 72.85714285714285, "Rank-20": 79.04761904761905}
DEVELOPMENT_MISSING_CONDITION q_RT_g_NT {"mAP": 37.05022896615107, "mINP": 18.41774522305055, "Rank-1": 50.476190476190474, "Rank-5": 66.19047619047619, "Rank-10": 72.38095238095238, "Rank-20": 79.52380952380952}
DEVELOPMENT_MISSING_CONDITION q_RT_g_RT {"mAP": 43.10831986808806, "mINP": 28.95067582405273, "Rank-1": 54.285714285714285, "Rank-5": 67.14285714285714, "Rank-10": 73.80952380952381, "Rank-20": 80.0}
DEVELOPMENT_MISSING_CONDITION q_RT_g_RN {"mAP": 43.8288338311325, "mINP": 29.41332218845089, "Rank-1": 54.761904761904766, "Rank-5": 66.19047619047619, "Rank-10": 74.28571428571429, "Rank-20": 80.47619047619048}
DEVELOPMENT_MISSING_CONDITION q_RT_g_T {"mAP": 23.57831304986149, "mINP": 7.859238259282125, "Rank-1": 34.76190476190476, "Rank-5": 52.85714285714286, "Rank-10": 62.38095238095238, "Rank-20": 71.42857142857143}
DEVELOPMENT_MISSING_CONDITION q_RT_g_N {"mAP": 36.57495366683006, "mINP": 19.33869927369485, "Rank-1": 49.523809523809526, "Rank-5": 72.85714285714285, "Rank-10": 79.04761904761905, "Rank-20": 81.42857142857143}
DEVELOPMENT_MISSING_CONDITION q_RT_g_R {"mAP": 41.24481224703837, "mINP": 27.15537932543483, "Rank-1": 52.38095238095239, "Rank-5": 65.71428571428571, "Rank-10": 74.76190476190476, "Rank-20": 80.47619047619048}
DEVELOPMENT_MISSING_CONDITION q_RN_g_RNT {"mAP": 44.48619111458634, "mINP": 32.22906048172236, "Rank-1": 54.285714285714285, "Rank-5": 68.0952380952381, "Rank-10": 77.14285714285715, "Rank-20": 81.42857142857143}
DEVELOPMENT_MISSING_CONDITION q_RN_g_NT {"mAP": 43.36227011347042, "mINP": 29.276615659071766, "Rank-1": 55.714285714285715, "Rank-5": 72.85714285714285, "Rank-10": 78.57142857142857, "Rank-20": 83.80952380952381}
DEVELOPMENT_MISSING_CONDITION q_RN_g_RT {"mAP": 42.00756344213622, "mINP": 29.34243726475968, "Rank-1": 52.85714285714286, "Rank-5": 69.04761904761905, "Rank-10": 75.71428571428571, "Rank-20": 81.42857142857143}
DEVELOPMENT_MISSING_CONDITION q_RN_g_RN {"mAP": 44.0743227055728, "mINP": 30.962955455028645, "Rank-1": 55.714285714285715, "Rank-5": 67.61904761904762, "Rank-10": 75.23809523809524, "Rank-20": 81.9047619047619}
DEVELOPMENT_MISSING_CONDITION q_RN_g_T {"mAP": 13.538481463458776, "mINP": 6.1885114121257825, "Rank-1": 10.0, "Rank-5": 27.61904761904762, "Rank-10": 46.19047619047619, "Rank-20": 63.33333333333333}
DEVELOPMENT_MISSING_CONDITION q_RN_g_N {"mAP": 41.85761251826368, "mINP": 26.098810944717005, "Rank-1": 53.80952380952381, "Rank-5": 73.33333333333333, "Rank-10": 79.04761904761905, "Rank-20": 83.80952380952381}
DEVELOPMENT_MISSING_CONDITION q_RN_g_R {"mAP": 40.27306959897546, "mINP": 27.166439062130188, "Rank-1": 49.047619047619044, "Rank-5": 67.14285714285714, "Rank-10": 75.71428571428571, "Rank-20": 80.0}
DEVELOPMENT_MISSING_CONDITION q_T_g_RNT {"mAP": 16.28235422102776, "mINP": 10.151358776143962, "Rank-1": 18.095238095238095, "Rank-5": 33.33333333333333, "Rank-10": 43.333333333333336, "Rank-20": 56.19047619047619}
DEVELOPMENT_MISSING_CONDITION q_T_g_NT {"mAP": 19.653338057036045, "mINP": 8.174689851211893, "Rank-1": 27.142857142857142, "Rank-5": 46.19047619047619, "Rank-10": 52.38095238095239, "Rank-20": 60.952380952380956}
DEVELOPMENT_MISSING_CONDITION q_T_g_RT {"mAP": 20.453808240243095, "mINP": 8.497674157949048, "Rank-1": 26.666666666666668, "Rank-5": 48.57142857142857, "Rank-10": 57.61904761904761, "Rank-20": 67.14285714285714}
DEVELOPMENT_MISSING_CONDITION q_T_g_RN {"mAP": 13.17503479911944, "mINP": 9.089575859362654, "Rank-1": 9.523809523809524, "Rank-5": 23.333333333333332, "Rank-10": 34.285714285714285, "Rank-20": 47.61904761904761}
DEVELOPMENT_MISSING_CONDITION q_T_g_T {"mAP": 21.146166793342573, "mINP": 7.133736582462763, "Rank-1": 33.33333333333333, "Rank-5": 49.523809523809526, "Rank-10": 57.61904761904761, "Rank-20": 65.23809523809524}
DEVELOPMENT_MISSING_CONDITION q_T_g_N {"mAP": 12.759905806434741, "mINP": 7.384668140101462, "Rank-1": 11.428571428571429, "Rank-5": 24.761904761904763, "Rank-10": 33.80952380952381, "Rank-20": 45.714285714285715}
DEVELOPMENT_MISSING_CONDITION q_T_g_R {"mAP": 12.526105932619888, "mINP": 8.024183711817333, "Rank-1": 10.952380952380953, "Rank-5": 27.142857142857142, "Rank-10": 37.142857142857146, "Rank-20": 48.095238095238095}
DEVELOPMENT_MISSING_CONDITION q_N_g_RNT {"mAP": 41.53257999757271, "mINP": 29.641681845926175, "Rank-1": 47.61904761904761, "Rank-5": 70.47619047619048, "Rank-10": 77.61904761904762, "Rank-20": 83.80952380952381}
DEVELOPMENT_MISSING_CONDITION q_N_g_NT {"mAP": 41.86315341830167, "mINP": 28.729434552947836, "Rank-1": 48.095238095238095, "Rank-5": 73.80952380952381, "Rank-10": 82.38095238095238, "Rank-20": 89.04761904761904}
DEVELOPMENT_MISSING_CONDITION q_N_g_RT {"mAP": 32.53858116998664, "mINP": 21.511186289300714, "Rank-1": 30.952380952380953, "Rank-5": 64.76190476190476, "Rank-10": 75.71428571428571, "Rank-20": 81.42857142857143}
DEVELOPMENT_MISSING_CONDITION q_N_g_RN {"mAP": 40.92197066478167, "mINP": 28.3306579285468, "Rank-1": 49.047619047619044, "Rank-5": 72.38095238095238, "Rank-10": 76.19047619047619, "Rank-20": 81.42857142857143}
DEVELOPMENT_MISSING_CONDITION q_N_g_T {"mAP": 13.19161372493002, "mINP": 6.178151043615384, "Rank-1": 10.0, "Rank-5": 29.523809523809526, "Rank-10": 44.285714285714285, "Rank-20": 59.04761904761905}
DEVELOPMENT_MISSING_CONDITION q_N_g_N {"mAP": 40.90606482665637, "mINP": 24.791852036450134, "Rank-1": 52.38095238095239, "Rank-5": 73.33333333333333, "Rank-10": 79.04761904761905, "Rank-20": 86.66666666666667}
DEVELOPMENT_MISSING_CONDITION q_N_g_R {"mAP": 32.711942547347824, "mINP": 21.128360151680493, "Rank-1": 40.476190476190474, "Rank-5": 65.23809523809524, "Rank-10": 71.42857142857143, "Rank-20": 77.61904761904762}
DEVELOPMENT_MISSING_CONDITION q_R_g_RNT {"mAP": 41.69474772638118, "mINP": 27.636937749911024, "Rank-1": 50.95238095238095, "Rank-5": 64.76190476190476, "Rank-10": 71.9047619047619, "Rank-20": 80.47619047619048}
DEVELOPMENT_MISSING_CONDITION q_R_g_NT {"mAP": 35.72783930953711, "mINP": 19.790857846112356, "Rank-1": 46.19047619047619, "Rank-5": 67.61904761904762, "Rank-10": 76.66666666666667, "Rank-20": 82.38095238095238}
DEVELOPMENT_MISSING_CONDITION q_R_g_RT {"mAP": 40.87998738462602, "mINP": 28.232618528380748, "Rank-1": 48.57142857142857, "Rank-5": 63.8095238095238, "Rank-10": 73.33333333333333, "Rank-20": 80.95238095238095}
DEVELOPMENT_MISSING_CONDITION q_R_g_RN {"mAP": 40.90185087479804, "mINP": 26.882183427753482, "Rank-1": 51.90476190476191, "Rank-5": 63.33333333333333, "Rank-10": 73.80952380952381, "Rank-20": 80.47619047619048}
DEVELOPMENT_MISSING_CONDITION q_R_g_T {"mAP": 12.614072405925441, "mINP": 6.136626234731278, "Rank-1": 9.523809523809524, "Rank-5": 33.33333333333333, "Rank-10": 46.19047619047619, "Rank-20": 60.952380952380956}
DEVELOPMENT_MISSING_CONDITION q_R_g_N {"mAP": 36.71062364996007, "mINP": 19.580820276769877, "Rank-1": 49.523809523809526, "Rank-5": 72.85714285714285, "Rank-10": 78.57142857142857, "Rank-20": 83.80952380952381}
DEVELOPMENT_MISSING_CONDITION q_R_g_R {"mAP": 40.148528906898015, "mINP": 26.226287373490514, "Rank-1": 50.0, "Rank-5": 63.8095238095238, "Rank-10": 71.42857142857143, "Rank-20": 79.52380952380952}
