/data/gaob/Re-ID/conda-envs/tri_reid/lib/python3.10/site-packages/timm/models/helpers.py:7: FutureWarning: Importing from timm.models.helpers is deprecated, please import via timm.models
  warnings.warn(f"Importing from {__name__} is deprecated, please import via timm.models", FutureWarning)
/data/gaob/Re-ID/conda-envs/tri_reid/lib/python3.10/site-packages/timm/models/registry.py:4: FutureWarning: Importing from timm.models.registry is deprecated, please import via timm.models
  warnings.warn(f"Importing from {__name__} is deprecated, please import via timm.models", FutureWarning)
/data/gaob/Re-ID/conda-envs/tri_reid/lib/python3.10/site-packages/timm/models/layers/__init__.py:48: FutureWarning: Importing from timm.models.layers is deprecated, please import via timm.layers
  warnings.warn(f"Importing from {__name__} is deprecated, please import via timm.layers", FutureWarning)
using Transformer_type: ViT-B-16 as a backbone
Resized position embedding: %s to %s torch.Size([197, 768]) torch.Size([129, 768])
Position embedding resize to height:8 width: 16
Successfully load ckpt!
<All keys matched successfully>
Loading pretrained model from CLIP
camera number is : 8
DEVELOPMENT_MISSING_CONDITION q_RNT_g_RNT {"mAP": 48.02423686304874, "mINP": 34.28173037761942, "Rank-1": 58.0952380952381, "Rank-5": 72.85714285714285, "Rank-10": 77.61904761904762, "Rank-20": 80.95238095238095}
DEVELOPMENT_MISSING_CONDITION q_RNT_g_NT {"mAP": 45.296306159522906, "mINP": 30.02223770446578, "Rank-1": 55.714285714285715, "Rank-5": 72.85714285714285, "Rank-10": 78.57142857142857, "Rank-20": 80.95238095238095}
DEVELOPMENT_MISSING_CONDITION q_RNT_g_RT {"mAP": 44.1855499642814, "mINP": 29.481822785639906, "Rank-1": 55.23809523809524, "Rank-5": 70.0, "Rank-10": 78.0952380952381, "Rank-20": 80.0}
DEVELOPMENT_MISSING_CONDITION q_RNT_g_RN {"mAP": 46.215336499604135, "mINP": 32.12567769416848, "Rank-1": 58.0952380952381, "Rank-5": 73.33333333333333, "Rank-10": 77.61904761904762, "Rank-20": 81.42857142857143}
DEVELOPMENT_MISSING_CONDITION q_RNT_g_T {"mAP": 21.698833776417025, "mINP": 7.764094739353735, "Rank-1": 30.476190476190478, "Rank-5": 53.333333333333336, "Rank-10": 61.904761904761905, "Rank-20": 70.95238095238095}
DEVELOPMENT_MISSING_CONDITION q_RNT_g_N {"mAP": 43.069089825651034, "mINP": 24.90001277777004, "Rank-1": 58.0952380952381, "Rank-5": 73.33333333333333, "Rank-10": 78.0952380952381, "Rank-20": 83.33333333333334}
DEVELOPMENT_MISSING_CONDITION q_RNT_g_R {"mAP": 41.115653703316795, "mINP": 25.947474389071353, "Rank-1": 53.333333333333336, "Rank-5": 71.42857142857143, "Rank-10": 77.14285714285715, "Rank-20": 80.47619047619048}
DEVELOPMENT_MISSING_CONDITION q_NT_g_RNT {"mAP": 44.25023595725659, "mINP": 29.388765005269708, "Rank-1": 56.19047619047619, "Rank-5": 73.80952380952381, "Rank-10": 77.14285714285715, "Rank-20": 81.42857142857143}
DEVELOPMENT_MISSING_CONDITION q_NT_g_NT {"mAP": 45.667693573860085, "mINP": 29.96168861033975, "Rank-1": 58.0952380952381, "Rank-5": 72.85714285714285, "Rank-10": 78.57142857142857, "Rank-20": 85.23809523809524}
DEVELOPMENT_MISSING_CONDITION q_NT_g_RT {"mAP": 35.10451599151229, "mINP": 19.915124020986497, "Rank-1": 44.761904761904766, "Rank-5": 65.71428571428571, "Rank-10": 74.76190476190476, "Rank-20": 82.38095238095238}
DEVELOPMENT_MISSING_CONDITION q_NT_g_RN {"mAP": 43.88762139154636, "mINP": 28.545706551340754, "Rank-1": 57.14285714285714, "Rank-5": 74.76190476190476, "Rank-10": 78.57142857142857, "Rank-20": 81.9047619047619}
DEVELOPMENT_MISSING_CONDITION q_NT_g_T {"mAP": 24.05539575149737, "mINP": 8.672026879894847, "Rank-1": 32.38095238095238, "Rank-5": 57.61904761904761, "Rank-10": 62.857142857142854, "Rank-20": 71.9047619047619}
DEVELOPMENT_MISSING_CONDITION q_NT_g_N {"mAP": 42.874373602621915, "mINP": 24.180567544355856, "Rank-1": 57.14285714285714, "Rank-5": 73.80952380952381, "Rank-10": 79.04761904761905, "Rank-20": 84.28571428571429}
DEVELOPMENT_MISSING_CONDITION q_NT_g_R {"mAP": 31.700995451865595, "mINP": 18.41069756904712, "Rank-1": 39.04761904761905, "Rank-5": 66.19047619047619, "Rank-10": 74.28571428571429, "Rank-20": 78.57142857142857}
DEVELOPMENT_MISSING_CONDITION q_RT_g_RNT {"mAP": 44.0617292989008, "mINP": 27.904698224501935, "Rank-1": 54.285714285714285, "Rank-5": 67.61904761904762, "Rank-10": 75.71428571428571, "Rank-20": 80.0}
DEVELOPMENT_MISSING_CONDITION q_RT_g_NT {"mAP": 37.04168475451396, "mINP": 19.596656069889065, "Rank-1": 49.523809523809526, "Rank-5": 68.0952380952381, "Rank-10": 75.23809523809524, "Rank-20": 78.57142857142857}
DEVELOPMENT_MISSING_CONDITION q_RT_g_RT {"mAP": 43.554098868894556, "mINP": 27.892783393019133, "Rank-1": 55.714285714285715, "Rank-5": 68.0952380952381, "Rank-10": 76.19047619047619, "Rank-20": 80.47619047619048}
DEVELOPMENT_MISSING_CONDITION q_RT_g_RN {"mAP": 42.86815232017739, "mINP": 26.77325027431422, "Rank-1": 52.85714285714286, "Rank-5": 70.0, "Rank-10": 75.71428571428571, "Rank-20": 81.9047619047619}
DEVELOPMENT_MISSING_CONDITION q_RT_g_T {"mAP": 23.83186095928766, "mINP": 7.783854340262756, "Rank-1": 34.76190476190476, "Rank-5": 56.666666666666664, "Rank-10": 62.38095238095238, "Rank-20": 68.0952380952381}
DEVELOPMENT_MISSING_CONDITION q_RT_g_N {"mAP": 35.79872251318778, "mINP": 18.07839368431246, "Rank-1": 47.14285714285714, "Rank-5": 70.95238095238095, "Rank-10": 76.19047619047619, "Rank-20": 81.42857142857143}
DEVELOPMENT_MISSING_CONDITION q_RT_g_R {"mAP": 40.25980940883234, "mINP": 24.699387283239354, "Rank-1": 52.38095238095239, "Rank-5": 68.0952380952381, "Rank-10": 76.66666666666667, "Rank-20": 80.95238095238095}
DEVELOPMENT_MISSING_CONDITION q_RN_g_RNT {"mAP": 45.00811967064532, "mINP": 32.89072307980168, "Rank-1": 56.19047619047619, "Rank-5": 70.95238095238095, "Rank-10": 77.14285714285715, "Rank-20": 81.42857142857143}
DEVELOPMENT_MISSING_CONDITION q_RN_g_NT {"mAP": 43.19318648315116, "mINP": 28.52761425858601, "Rank-1": 55.23809523809524, "Rank-5": 73.80952380952381, "Rank-10": 78.57142857142857, "Rank-20": 83.33333333333334}
DEVELOPMENT_MISSING_CONDITION q_RN_g_RT {"mAP": 41.43295682775163, "mINP": 28.918193942715988, "Rank-1": 46.19047619047619, "Rank-5": 70.0, "Rank-10": 77.14285714285715, "Rank-20": 81.42857142857143}
DEVELOPMENT_MISSING_CONDITION q_RN_g_RN {"mAP": 45.72920563433062, "mINP": 31.762126132817503, "Rank-1": 58.57142857142858, "Rank-5": 71.9047619047619, "Rank-10": 77.14285714285715, "Rank-20": 83.33333333333334}
DEVELOPMENT_MISSING_CONDITION q_RN_g_T {"mAP": 15.00044243922995, "mINP": 6.066022503101829, "Rank-1": 13.80952380952381, "Rank-5": 37.61904761904762, "Rank-10": 51.42857142857142, "Rank-20": 62.38095238095238}
DEVELOPMENT_MISSING_CONDITION q_RN_g_N {"mAP": 42.962520081836, "mINP": 24.31396803979359, "Rank-1": 58.57142857142858, "Rank-5": 73.80952380952381, "Rank-10": 80.0, "Rank-20": 84.28571428571429}
DEVELOPMENT_MISSING_CONDITION q_RN_g_R {"mAP": 40.11215606870862, "mINP": 25.539946118297657, "Rank-1": 52.38095238095239, "Rank-5": 68.57142857142857, "Rank-10": 76.66666666666667, "Rank-20": 80.0}
DEVELOPMENT_MISSING_CONDITION q_T_g_RNT {"mAP": 19.544552989311313, "mINP": 10.34583208934976, "Rank-1": 25.71428571428571, "Rank-5": 40.476190476190474, "Rank-10": 48.57142857142857, "Rank-20": 61.904761904761905}
DEVELOPMENT_MISSING_CONDITION q_T_g_NT {"mAP": 21.519810779888523, "mINP": 9.06323634869472, "Rank-1": 29.523809523809526, "Rank-5": 49.047619047619044, "Rank-10": 55.23809523809524, "Rank-20": 62.857142857142854}
DEVELOPMENT_MISSING_CONDITION q_T_g_RT {"mAP": 22.593040540529284, "mINP": 8.776186460155486, "Rank-1": 31.428571428571427, "Rank-5": 50.0, "Rank-10": 60.0, "Rank-20": 65.71428571428571}
DEVELOPMENT_MISSING_CONDITION q_T_g_RN {"mAP": 14.338501142557716, "mINP": 9.771226062266427, "Rank-1": 11.428571428571429, "Rank-5": 23.809523809523807, "Rank-10": 32.38095238095238, "Rank-20": 44.285714285714285}
DEVELOPMENT_MISSING_CONDITION q_T_g_T {"mAP": 22.110467375154712, "mINP": 7.434524010567054, "Rank-1": 36.666666666666664, "Rank-5": 54.761904761904766, "Rank-10": 60.952380952380956, "Rank-20": 64.76190476190476}
DEVELOPMENT_MISSING_CONDITION q_T_g_N {"mAP": 13.956757756464222, "mINP": 8.102199770194796, "Rank-1": 13.333333333333334, "Rank-5": 30.476190476190478, "Rank-10": 38.57142857142858, "Rank-20": 47.61904761904761}
DEVELOPMENT_MISSING_CONDITION q_T_g_R {"mAP": 13.843778118164884, "mINP": 8.875808922949801, "Rank-1": 13.333333333333334, "Rank-5": 29.523809523809526, "Rank-10": 36.666666666666664, "Rank-20": 49.523809523809526}
DEVELOPMENT_MISSING_CONDITION q_N_g_RNT {"mAP": 42.08007322228901, "mINP": 27.571021746072223, "Rank-1": 50.95238095238095, "Rank-5": 71.9047619047619, "Rank-10": 78.0952380952381, "Rank-20": 84.76190476190476}
DEVELOPMENT_MISSING_CONDITION q_N_g_NT {"mAP": 42.28527074176653, "mINP": 26.496631832828974, "Rank-1": 52.38095238095239, "Rank-5": 76.19047619047619, "Rank-10": 80.95238095238095, "Rank-20": 87.14285714285714}
DEVELOPMENT_MISSING_CONDITION q_N_g_RT {"mAP": 31.45511535626216, "mINP": 19.987390047356875, "Rank-1": 33.80952380952381, "Rank-5": 65.71428571428571, "Rank-10": 73.80952380952381, "Rank-20": 83.80952380952381}
DEVELOPMENT_MISSING_CONDITION q_N_g_RN {"mAP": 42.03902928780373, "mINP": 26.220293390488813, "Rank-1": 56.19047619047619, "Rank-5": 73.80952380952381, "Rank-10": 78.0952380952381, "Rank-20": 85.23809523809524}
DEVELOPMENT_MISSING_CONDITION q_N_g_T {"mAP": 15.227129124800445, "mINP": 6.231527812715038, "Rank-1": 16.19047619047619, "Rank-5": 31.428571428571427, "Rank-10": 44.285714285714285, "Rank-20": 60.476190476190474}
DEVELOPMENT_MISSING_CONDITION q_N_g_N {"mAP": 41.963749020999146, "mINP": 23.19606390695177, "Rank-1": 55.714285714285715, "Rank-5": 73.80952380952381, "Rank-10": 80.0, "Rank-20": 84.76190476190476}
DEVELOPMENT_MISSING_CONDITION q_N_g_R {"mAP": 31.652737237846303, "mINP": 19.086628643657562, "Rank-1": 37.142857142857146, "Rank-5": 66.19047619047619, "Rank-10": 73.33333333333333, "Rank-20": 80.95238095238095}
DEVELOPMENT_MISSING_CONDITION q_R_g_RNT {"mAP": 38.73015013043965, "mINP": 25.959685235949987, "Rank-1": 48.095238095238095, "Rank-5": 64.76190476190476, "Rank-10": 73.80952380952381, "Rank-20": 81.42857142857143}
DEVELOPMENT_MISSING_CONDITION q_R_g_NT {"mAP": 33.75157950405724, "mINP": 18.960749864042224, "Rank-1": 42.38095238095238, "Rank-5": 69.04761904761905, "Rank-10": 74.28571428571429, "Rank-20": 80.47619047619048}
DEVELOPMENT_MISSING_CONDITION q_R_g_RT {"mAP": 39.52943995332194, "mINP": 26.142831727228234, "Rank-1": 48.57142857142857, "Rank-5": 64.28571428571429, "Rank-10": 74.28571428571429, "Rank-20": 81.42857142857143}
DEVELOPMENT_MISSING_CONDITION q_R_g_RN {"mAP": 38.76776923968085, "mINP": 24.692234978528322, "Rank-1": 49.047619047619044, "Rank-5": 66.66666666666666, "Rank-10": 74.28571428571429, "Rank-20": 80.0}
DEVELOPMENT_MISSING_CONDITION q_R_g_T {"mAP": 13.071517635572674, "mINP": 6.101252941523795, "Rank-1": 11.428571428571429, "Rank-5": 34.285714285714285, "Rank-10": 49.047619047619044, "Rank-20": 60.952380952380956}
DEVELOPMENT_MISSING_CONDITION q_R_g_N {"mAP": 34.69948459324998, "mINP": 18.043974630838996, "Rank-1": 46.666666666666664, "Rank-5": 70.47619047619048, "Rank-10": 76.19047619047619, "Rank-20": 81.9047619047619}
DEVELOPMENT_MISSING_CONDITION q_R_g_R {"mAP": 38.22282971493498, "mINP": 23.26790843528465, "Rank-1": 49.523809523809526, "Rank-5": 66.19047619047619, "Rank-10": 74.76190476190476, "Rank-20": 80.47619047619048}
