/data2/gb/Re-ID/conda-envs/tri_reid/lib/python3.10/site-packages/timm/models/helpers.py:7: FutureWarning: Importing from timm.models.helpers is deprecated, please import via timm.models
  warnings.warn(f"Importing from {__name__} is deprecated, please import via timm.models", FutureWarning)
/data2/gb/Re-ID/conda-envs/tri_reid/lib/python3.10/site-packages/timm/models/registry.py:4: FutureWarning: Importing from timm.models.registry is deprecated, please import via timm.models
  warnings.warn(f"Importing from {__name__} is deprecated, please import via timm.models", FutureWarning)
/data2/gb/Re-ID/conda-envs/tri_reid/lib/python3.10/site-packages/timm/models/layers/__init__.py:48: FutureWarning: Importing from timm.models.layers is deprecated, please import via timm.layers
  warnings.warn(f"Importing from {__name__} is deprecated, please import via timm.layers", FutureWarning)
using Transformer_type: ViT-B-16 as a backbone
Resized position embedding: %s to %s torch.Size([197, 768]) torch.Size([129, 768])
Position embedding resize to height:16 width: 8
Successfully load ckpt!
<All keys matched successfully>
Loading pretrained model from CLIP
camera number is : 4
===========Building DeMo===========
MISSING_CONDITION clean {"mAP": 43.82508275979779, "mINP": 33.167973980894295, "Rank-1": 39.83253588516747, "Rank-5": 57.29665071770334, "Rank-10": 65.9090909090909, "Rank-20": 75.95693779904306}
MISSING_CONDITION both_missing_r {"mAP": 39.540103884697125, "mINP": 26.16703116016786, "Rank-1": 39.11483253588517, "Rank-5": 50.358851674641144, "Rank-10": 57.17703349282297, "Rank-20": 69.85645933014354}
MISSING_CONDITION query_missing_r {"mAP": 40.238563201229624, "mINP": 26.75880087804337, "Rank-1": 41.26794258373206, "Rank-5": 54.90430622009569, "Rank-10": 60.88516746411483, "Rank-20": 69.377990430622}
MISSING_CONDITION both_missing_n {"mAP": 34.251896464364755, "mINP": 25.649105824056743, "Rank-1": 29.30622009569378, "Rank-5": 45.69377990430622, "Rank-10": 53.588516746411486, "Rank-20": 65.66985645933015}
MISSING_CONDITION query_missing_n {"mAP": 33.619185428465435, "mINP": 25.345218376211186, "Rank-1": 29.904306220095695, "Rank-5": 43.0622009569378, "Rank-10": 51.55502392344498, "Rank-20": 65.07177033492823}
MISSING_CONDITION both_missing_t {"mAP": 28.425865044961718, "mINP": 20.44588859215995, "Rank-1": 25.11961722488038, "Rank-5": 38.516746411483254, "Rank-10": 46.65071770334928, "Rank-20": 57.29665071770334}
MISSING_CONDITION query_missing_t {"mAP": 26.073768838468514, "mINP": 18.9174198447101, "Rank-1": 25.717703349282296, "Rank-5": 32.41626794258373, "Rank-10": 37.44019138755981, "Rank-20": 47.84688995215311}
MISSING_CONDITION both_missing_rn {"mAP": 26.52883439696247, "mINP": 16.379695133893506, "Rank-1": 26.435406698564595, "Rank-5": 37.32057416267943, "Rank-10": 44.49760765550239, "Rank-20": 52.99043062200957}
MISSING_CONDITION query_missing_rn {"mAP": 26.320190146766954, "mINP": 17.09037183629307, "Rank-1": 24.52153110047847, "Rank-5": 37.44019138755981, "Rank-10": 46.770334928229666, "Rank-20": 57.29665071770334}
MISSING_CONDITION both_missing_rt {"mAP": 18.387668766400378, "mINP": 13.186906411172494, "Rank-1": 14.5933014354067, "Rank-5": 28.4688995215311, "Rank-10": 37.44019138755981, "Rank-20": 49.16267942583732}
MISSING_CONDITION query_missing_rt {"mAP": 13.131988587234558, "mINP": 8.830463079153384, "Rank-1": 10.047846889952153, "Rank-5": 17.942583732057415, "Rank-10": 24.641148325358852, "Rank-20": 33.014354066985646}
MISSING_CONDITION both_missing_nt {"mAP": 16.530154472187697, "mINP": 10.41927781612574, "Rank-1": 14.71291866028708, "Rank-5": 26.555023923444978, "Rank-10": 33.37320574162679, "Rank-20": 44.61722488038278}
MISSING_CONDITION query_missing_nt {"mAP": 15.86032657851165, "mINP": 10.326324530427724, "Rank-1": 15.909090909090908, "Rank-5": 27.51196172248804, "Rank-10": 32.535885167464116, "Rank-20": 40.07177033492823}
