/data2/gb/Re-ID/conda-envs/tri_reid/lib/python3.10/site-packages/timm/models/helpers.py:7: FutureWarning: Importing from timm.models.helpers is deprecated, please import via timm.models
  warnings.warn(f"Importing from {__name__} is deprecated, please import via timm.models", FutureWarning)
/data2/gb/Re-ID/conda-envs/tri_reid/lib/python3.10/site-packages/timm/models/registry.py:4: FutureWarning: Importing from timm.models.registry is deprecated, please import via timm.models
  warnings.warn(f"Importing from {__name__} is deprecated, please import via timm.models", FutureWarning)
/data2/gb/Re-ID/conda-envs/tri_reid/lib/python3.10/site-packages/timm/models/layers/__init__.py:48: FutureWarning: Importing from timm.models.layers is deprecated, please import via timm.layers
  warnings.warn(f"Importing from {__name__} is deprecated, please import via timm.layers", FutureWarning)
using Transformer_type: ViT-B-16 as a backbone
Resized position embedding: %s to %s torch.Size([197, 768]) torch.Size([129, 768])
Position embedding resize to height:16 width: 8
Successfully load ckpt!
<All keys matched successfully>
Loading pretrained model from CLIP
camera number is : 4
===========Building DeMo===========
STRESS_CONDITION clean {"mAP": 42.33118514015983, "mINP": 33.611225191968934, "Rank-1": 39.71291866028708, "Rank-5": 54.066985645933016, "Rank-10": 62.44019138755981, "Rank-20": 73.08612440191388}
STRESS_CONDITION RGB_blur_sigma1p5 {"mAP": 42.371214583754025, "mINP": 33.49338009698926, "Rank-1": 41.26794258373206, "Rank-5": 52.751196172248804, "Rank-10": 61.1244019138756, "Rank-20": 70.45454545454545}
STRESS_CONDITION RGB_blur_sigma3 {"mAP": 41.360610994140394, "mINP": 32.35339942540772, "Rank-1": 40.19138755980861, "Rank-5": 54.066985645933016, "Rank-10": 60.88516746411483, "Rank-20": 69.73684210526315}
STRESS_CONDITION NI_blur_sigma1p5 {"mAP": 42.15437364277964, "mINP": 33.99244461725218, "Rank-1": 38.995215311004785, "Rank-5": 52.27272727272727, "Rank-10": 60.76555023923444, "Rank-20": 68.89952153110048}
STRESS_CONDITION NI_blur_sigma3 {"mAP": 41.045527363098756, "mINP": 33.100211275743966, "Rank-1": 38.516746411483254, "Rank-5": 50.83732057416268, "Rank-10": 58.01435406698564, "Rank-20": 66.38755980861244}
STRESS_CONDITION TI_blur_sigma1p5 {"mAP": 36.91380568845351, "mINP": 29.779217360447795, "Rank-1": 34.688995215311, "Rank-5": 46.05263157894737, "Rank-10": 55.02392344497608, "Rank-20": 64.35406698564593}
STRESS_CONDITION TI_blur_sigma3 {"mAP": 33.34094351476053, "mINP": 27.04025085468929, "Rank-1": 30.861244019138756, "Rank-5": 42.58373205741627, "Rank-10": 49.40191387559808, "Rank-20": 58.97129186602871}
