/data/gaob/Re-ID/conda-envs/tri_reid/lib/python3.10/site-packages/timm/models/helpers.py:7: FutureWarning: Importing from timm.models.helpers is deprecated, please import via timm.models
  warnings.warn(f"Importing from {__name__} is deprecated, please import via timm.models", FutureWarning)
/data/gaob/Re-ID/conda-envs/tri_reid/lib/python3.10/site-packages/timm/models/registry.py:4: FutureWarning: Importing from timm.models.registry is deprecated, please import via timm.models
  warnings.warn(f"Importing from {__name__} is deprecated, please import via timm.models", FutureWarning)
/data/gaob/Re-ID/conda-envs/tri_reid/lib/python3.10/site-packages/timm/models/layers/__init__.py:48: FutureWarning: Importing from timm.models.layers is deprecated, please import via timm.layers
  warnings.warn(f"Importing from {__name__} is deprecated, please import via timm.layers", FutureWarning)
using Transformer_type: ViT-B-16 as a backbone
Resized position embedding: %s to %s torch.Size([197, 768]) torch.Size([129, 768])
Position embedding resize to height:8 width: 16
Successfully load ckpt!
<All keys matched successfully>
Loading pretrained model from CLIP
camera number is : 8
OFFICIAL_STREAM {"event": "RAW_READY", "condition": "q_RNT_g_RNT", "path": "/data/gaob/Re-ID/DeMo-DualAxis/runs/full_official_frozen_identity_anchor_m7_20261005/diagnosis/MSVR310_anchor_twins_shared_fixed_s42/q_RNT_g_RNT/raw.npz", "file": {"bytes": 14956399, "sha256": "6b19fe35e1e8b1b91ceb5d9c090633fee745a832f361ec61f3460d0d22f49f90"}, "installed_gt_cases": 6, "full11_exact": true}
OFFICIAL_STREAM {"event": "RAW_CLEARED", "condition": "q_RNT_g_RNT"}
OFFICIAL_STREAM {"event": "RAW_READY", "condition": "q_RNT_g_R", "path": "/data/gaob/Re-ID/DeMo-DualAxis/runs/full_official_frozen_identity_anchor_m7_20261005/diagnosis/MSVR310_anchor_twins_shared_fixed_s42/q_RNT_g_R/raw.npz", "file": {"bytes": 14953392, "sha256": "c362896793824d5c715d998c1259a896f0e654cd498e94d49a1cdbd3bf226a0e"}, "installed_gt_cases": 6, "full11_exact": true}
OFFICIAL_STREAM {"event": "RAW_CLEARED", "condition": "q_RNT_g_R"}
OFFICIAL_STREAM {"event": "RAW_READY", "condition": "q_RNT_g_N", "path": "/data/gaob/Re-ID/DeMo-DualAxis/runs/full_official_frozen_identity_anchor_m7_20261005/diagnosis/MSVR310_anchor_twins_shared_fixed_s42/q_RNT_g_N/raw.npz", "file": {"bytes": 14944126, "sha256": "af7969fd11e3646c02417f77fe161729ef4f4492282c23be844da5c0a3aeae27"}, "installed_gt_cases": 6, "full11_exact": true}
OFFICIAL_STREAM {"event": "RAW_CLEARED", "condition": "q_RNT_g_N"}
OFFICIAL_STREAM {"event": "RAW_READY", "condition": "q_RNT_g_T", "path": "/data/gaob/Re-ID/DeMo-DualAxis/runs/full_official_frozen_identity_anchor_m7_20261005/diagnosis/MSVR310_anchor_twins_shared_fixed_s42/q_RNT_g_T/raw.npz", "file": {"bytes": 14757952, "sha256": "6ef12ee2c5967d7aa6d96772e9480658d221d70329b13bd232e4a3bb702ce157"}, "installed_gt_cases": 6, "full11_exact": true}
OFFICIAL_STREAM {"event": "RAW_CLEARED", "condition": "q_RNT_g_T"}
OFFICIAL_STREAM {"event": "RAW_READY", "condition": "q_RNT_g_RN", "path": "/data/gaob/Re-ID/DeMo-DualAxis/runs/full_official_frozen_identity_anchor_m7_20261005/diagnosis/MSVR310_anchor_twins_shared_fixed_s42/q_RNT_g_RN/raw.npz", "file": {"bytes": 14961227, "sha256": "6cfee3466b43162b297510bff765a3fa97384dd64157a1295586b4476dfe4e4c"}, "installed_gt_cases": 6, "full11_exact": true}
OFFICIAL_STREAM {"event": "RAW_CLEARED", "condition": "q_RNT_g_RN"}
OFFICIAL_STREAM {"event": "RAW_READY", "condition": "q_RNT_g_RT", "path": "/data/gaob/Re-ID/DeMo-DualAxis/runs/full_official_frozen_identity_anchor_m7_20261005/diagnosis/MSVR310_anchor_twins_shared_fixed_s42/q_RNT_g_RT/raw.npz", "file": {"bytes": 14881138, "sha256": "32c88e1969b537744021a83bf1203c68330d6c970f7117839b0ca98bb6d85ee2"}, "installed_gt_cases": 6, "full11_exact": true}
OFFICIAL_STREAM {"event": "RAW_CLEARED", "condition": "q_RNT_g_RT"}
OFFICIAL_STREAM {"event": "RAW_READY", "condition": "q_RNT_g_NT", "path": "/data/gaob/Re-ID/DeMo-DualAxis/runs/full_official_frozen_identity_anchor_m7_20261005/diagnosis/MSVR310_anchor_twins_shared_fixed_s42/q_RNT_g_NT/raw.npz", "file": {"bytes": 14851506, "sha256": "a146a9a8ae5aabf73cc4059ce90a5cd4caab18759bb556af9549f2e107e3242c"}, "installed_gt_cases": 6, "full11_exact": true}
OFFICIAL_STREAM {"event": "RAW_CLEARED", "condition": "q_RNT_g_NT"}
OFFICIAL_STREAM {"event": "RAW_READY", "condition": "q_R_g_RNT", "path": "/data/gaob/Re-ID/DeMo-DualAxis/runs/full_official_frozen_identity_anchor_m7_20261005/diagnosis/MSVR310_anchor_twins_shared_fixed_s42/q_R_g_RNT/raw.npz", "file": {"bytes": 14939785, "sha256": "95b4acfa18bc2712452f422053ef51db1d319cfce5a869ab6a72a9c3337cb16c"}, "installed_gt_cases": 6, "full11_exact": true}
OFFICIAL_STREAM {"event": "RAW_CLEARED", "condition": "q_R_g_RNT"}
OFFICIAL_STREAM {"event": "RAW_READY", "condition": "q_R_g_R", "path": "/data/gaob/Re-ID/DeMo-DualAxis/runs/full_official_frozen_identity_anchor_m7_20261005/diagnosis/MSVR310_anchor_twins_shared_fixed_s42/q_R_g_R/raw.npz", "file": {"bytes": 15266214, "sha256": "7ef1caca355f5096730d186ee0b5cc9a1a55b2e5c38837cfad1dd11bdba253f7"}, "installed_gt_cases": 6, "full11_exact": true}
OFFICIAL_STREAM {"event": "RAW_CLEARED", "condition": "q_R_g_R"}
OFFICIAL_STREAM {"event": "RAW_READY", "condition": "q_R_g_N", "path": "/data/gaob/Re-ID/DeMo-DualAxis/runs/full_official_frozen_identity_anchor_m7_20261005/diagnosis/MSVR310_anchor_twins_shared_fixed_s42/q_R_g_N/raw.npz", "file": {"bytes": 12852431, "sha256": "96a64ddac2a825761105f6ab8e59e18c5389997fe3f74fff6cec1378819ec9e0"}, "installed_gt_cases": 6, "full11_exact": true}
OFFICIAL_STREAM {"event": "RAW_CLEARED", "condition": "q_R_g_N"}
OFFICIAL_STREAM {"event": "RAW_READY", "condition": "q_R_g_T", "path": "/data/gaob/Re-ID/DeMo-DualAxis/runs/full_official_frozen_identity_anchor_m7_20261005/diagnosis/MSVR310_anchor_twins_shared_fixed_s42/q_R_g_T/raw.npz", "file": {"bytes": 12796080, "sha256": "1ef781341602a867775ab8311fdc371afceeb8de5b6db1b2a3285406d89c95f8"}, "installed_gt_cases": 6, "full11_exact": true}
OFFICIAL_STREAM {"event": "RAW_CLEARED", "condition": "q_R_g_T"}
OFFICIAL_STREAM {"event": "RAW_READY", "condition": "q_R_g_RN", "path": "/data/gaob/Re-ID/DeMo-DualAxis/runs/full_official_frozen_identity_anchor_m7_20261005/diagnosis/MSVR310_anchor_twins_shared_fixed_s42/q_R_g_RN/raw.npz", "file": {"bytes": 15051089, "sha256": "d0168787a64e5b6904b9d59b69129df9906ee38083cf3f92371c0a754c8934b7"}, "installed_gt_cases": 6, "full11_exact": true}
OFFICIAL_STREAM {"event": "RAW_CLEARED", "condition": "q_R_g_RN"}
OFFICIAL_STREAM {"event": "RAW_READY", "condition": "q_R_g_RT", "path": "/data/gaob/Re-ID/DeMo-DualAxis/runs/full_official_frozen_identity_anchor_m7_20261005/diagnosis/MSVR310_anchor_twins_shared_fixed_s42/q_R_g_RT/raw.npz", "file": {"bytes": 15025922, "sha256": "f747b7e64b69fbc76133c6c24fe5927bf711da7a1372ab5a68b631d1789541eb"}, "installed_gt_cases": 6, "full11_exact": true}
OFFICIAL_STREAM {"event": "RAW_CLEARED", "condition": "q_R_g_RT"}
OFFICIAL_STREAM {"event": "RAW_READY", "condition": "q_R_g_NT", "path": "/data/gaob/Re-ID/DeMo-DualAxis/runs/full_official_frozen_identity_anchor_m7_20261005/diagnosis/MSVR310_anchor_twins_shared_fixed_s42/q_R_g_NT/raw.npz", "file": {"bytes": 12853837, "sha256": "782374a43ebba49b86d6119aba82cfeab27d50bef979bd735947ed83464f251a"}, "installed_gt_cases": 6, "full11_exact": true}
OFFICIAL_STREAM {"event": "RAW_CLEARED", "condition": "q_R_g_NT"}
OFFICIAL_STREAM {"event": "RAW_READY", "condition": "q_N_g_RNT", "path": "/data/gaob/Re-ID/DeMo-DualAxis/runs/full_official_frozen_identity_anchor_m7_20261005/diagnosis/MSVR310_anchor_twins_shared_fixed_s42/q_N_g_RNT/raw.npz", "file": {"bytes": 14944883, "sha256": "64bd2cb4ad9fbfc67e2e11b464107d17b850524b266613baf011647b2524b7a8"}, "installed_gt_cases": 6, "full11_exact": true}
OFFICIAL_STREAM {"event": "RAW_CLEARED", "condition": "q_N_g_RNT"}
OFFICIAL_STREAM {"event": "RAW_READY", "condition": "q_N_g_R", "path": "/data/gaob/Re-ID/DeMo-DualAxis/runs/full_official_frozen_identity_anchor_m7_20261005/diagnosis/MSVR310_anchor_twins_shared_fixed_s42/q_N_g_R/raw.npz", "file": {"bytes": 12877819, "sha256": "20f304878ab6a22acdc569907eb8fc8266427ab21661b7fe7d7a8f9725843680"}, "installed_gt_cases": 6, "full11_exact": true}
OFFICIAL_STREAM {"event": "RAW_CLEARED", "condition": "q_N_g_R"}
OFFICIAL_STREAM {"event": "RAW_READY", "condition": "q_N_g_N", "path": "/data/gaob/Re-ID/DeMo-DualAxis/runs/full_official_frozen_identity_anchor_m7_20261005/diagnosis/MSVR310_anchor_twins_shared_fixed_s42/q_N_g_N/raw.npz", "file": {"bytes": 15289151, "sha256": "4389464291075d99121a5a36d02ffe084d8c149668332f04f8ae7b167cc13544"}, "installed_gt_cases": 6, "full11_exact": true}
OFFICIAL_STREAM {"event": "RAW_CLEARED", "condition": "q_N_g_N"}
OFFICIAL_STREAM {"event": "RAW_READY", "condition": "q_N_g_T", "path": "/data/gaob/Re-ID/DeMo-DualAxis/runs/full_official_frozen_identity_anchor_m7_20261005/diagnosis/MSVR310_anchor_twins_shared_fixed_s42/q_N_g_T/raw.npz", "file": {"bytes": 12830059, "sha256": "fea0978c0a880593f911ad66dc303b46c374f809bad9425400a8aeceae4bc45d"}, "installed_gt_cases": 6, "full11_exact": true}
OFFICIAL_STREAM {"event": "RAW_CLEARED", "condition": "q_N_g_T"}
OFFICIAL_STREAM {"event": "RAW_READY", "condition": "q_N_g_RN", "path": "/data/gaob/Re-ID/DeMo-DualAxis/runs/full_official_frozen_identity_anchor_m7_20261005/diagnosis/MSVR310_anchor_twins_shared_fixed_s42/q_N_g_RN/raw.npz", "file": {"bytes": 15023683, "sha256": "b1c6eb0386136568d4aeed1f8938dfa0d4686d47b336a282012ca524114480e7"}, "installed_gt_cases": 6, "full11_exact": true}
OFFICIAL_STREAM {"event": "RAW_CLEARED", "condition": "q_N_g_RN"}
OFFICIAL_STREAM {"event": "RAW_READY", "condition": "q_N_g_RT", "path": "/data/gaob/Re-ID/DeMo-DualAxis/runs/full_official_frozen_identity_anchor_m7_20261005/diagnosis/MSVR310_anchor_twins_shared_fixed_s42/q_N_g_RT/raw.npz", "file": {"bytes": 12882216, "sha256": "e9a1be1d629fb49fa16dca1b3bd1ef465c4ea32948055faf70fffaae8b1a0107"}, "installed_gt_cases": 6, "full11_exact": true}
OFFICIAL_STREAM {"event": "RAW_CLEARED", "condition": "q_N_g_RT"}
OFFICIAL_STREAM {"event": "RAW_READY", "condition": "q_N_g_NT", "path": "/data/gaob/Re-ID/DeMo-DualAxis/runs/full_official_frozen_identity_anchor_m7_20261005/diagnosis/MSVR310_anchor_twins_shared_fixed_s42/q_N_g_NT/raw.npz", "file": {"bytes": 15077649, "sha256": "43268efd95a5d1024171366aa8016e09e4b70dc3fc5259c2043ce44e86146316"}, "installed_gt_cases": 6, "full11_exact": true}
OFFICIAL_STREAM {"event": "RAW_CLEARED", "condition": "q_N_g_NT"}
OFFICIAL_STREAM {"event": "RAW_READY", "condition": "q_T_g_RNT", "path": "/data/gaob/Re-ID/DeMo-DualAxis/runs/full_official_frozen_identity_anchor_m7_20261005/diagnosis/MSVR310_anchor_twins_shared_fixed_s42/q_T_g_RNT/raw.npz", "file": {"bytes": 14763050, "sha256": "44e64a902320254097c6fbf8c8e0932c4666aa2c0f0bfd10f71c47a3612d9ff0"}, "installed_gt_cases": 6, "full11_exact": true}
OFFICIAL_STREAM {"event": "RAW_CLEARED", "condition": "q_T_g_RNT"}
OFFICIAL_STREAM {"event": "RAW_READY", "condition": "q_T_g_R", "path": "/data/gaob/Re-ID/DeMo-DualAxis/runs/full_official_frozen_identity_anchor_m7_20261005/diagnosis/MSVR310_anchor_twins_shared_fixed_s42/q_T_g_R/raw.npz", "file": {"bytes": 12822127, "sha256": "71ce15ca73adb576f6292637bbf4d632fcb0a05beca44eb10fed7889a91ac03e"}, "installed_gt_cases": 6, "full11_exact": true}
OFFICIAL_STREAM {"event": "RAW_CLEARED", "condition": "q_T_g_R"}
OFFICIAL_STREAM {"event": "RAW_READY", "condition": "q_T_g_N", "path": "/data/gaob/Re-ID/DeMo-DualAxis/runs/full_official_frozen_identity_anchor_m7_20261005/diagnosis/MSVR310_anchor_twins_shared_fixed_s42/q_T_g_N/raw.npz", "file": {"bytes": 12839421, "sha256": "21757a2cfc8c322d2e99398fd73ec148d52b33f909aaab4fd2b266ff1cc07b07"}, "installed_gt_cases": 6, "full11_exact": true}
OFFICIAL_STREAM {"event": "RAW_CLEARED", "condition": "q_T_g_N"}
OFFICIAL_STREAM {"event": "RAW_READY", "condition": "q_T_g_T", "path": "/data/gaob/Re-ID/DeMo-DualAxis/runs/full_official_frozen_identity_anchor_m7_20261005/diagnosis/MSVR310_anchor_twins_shared_fixed_s42/q_T_g_T/raw.npz", "file": {"bytes": 15133568, "sha256": "0dfa5e76e51983a9b6523e48a9dde6239a25db38a01e3fd53b5a7ac3be8ae53e"}, "installed_gt_cases": 6, "full11_exact": true}
OFFICIAL_STREAM {"event": "RAW_CLEARED", "condition": "q_T_g_T"}
OFFICIAL_STREAM {"event": "RAW_READY", "condition": "q_T_g_RN", "path": "/data/gaob/Re-ID/DeMo-DualAxis/runs/full_official_frozen_identity_anchor_m7_20261005/diagnosis/MSVR310_anchor_twins_shared_fixed_s42/q_T_g_RN/raw.npz", "file": {"bytes": 12842671, "sha256": "5020aaffb94ad4e9b15016234f4aa4bd02ffa29ac663cf9e585f4dc34214d66f"}, "installed_gt_cases": 6, "full11_exact": true}
OFFICIAL_STREAM {"event": "RAW_CLEARED", "condition": "q_T_g_RN"}
OFFICIAL_STREAM {"event": "RAW_READY", "condition": "q_T_g_RT", "path": "/data/gaob/Re-ID/DeMo-DualAxis/runs/full_official_frozen_identity_anchor_m7_20261005/diagnosis/MSVR310_anchor_twins_shared_fixed_s42/q_T_g_RT/raw.npz", "file": {"bytes": 14859279, "sha256": "5061447ae3dd03d582b792001ef5c3720f5851775bb14a294d243d78bf9ec6e9"}, "installed_gt_cases": 6, "full11_exact": true}
OFFICIAL_STREAM {"event": "RAW_CLEARED", "condition": "q_T_g_RT"}
OFFICIAL_STREAM {"event": "RAW_READY", "condition": "q_T_g_NT", "path": "/data/gaob/Re-ID/DeMo-DualAxis/runs/full_official_frozen_identity_anchor_m7_20261005/diagnosis/MSVR310_anchor_twins_shared_fixed_s42/q_T_g_NT/raw.npz", "file": {"bytes": 14846359, "sha256": "12533fbce8af55dac06f2550648c78548fa592604fa7567de5033113085fcc20"}, "installed_gt_cases": 6, "full11_exact": true}
OFFICIAL_STREAM {"event": "RAW_CLEARED", "condition": "q_T_g_NT"}
OFFICIAL_STREAM {"event": "RAW_READY", "condition": "q_RN_g_RNT", "path": "/data/gaob/Re-ID/DeMo-DualAxis/runs/full_official_frozen_identity_anchor_m7_20261005/diagnosis/MSVR310_anchor_twins_shared_fixed_s42/q_RN_g_RNT/raw.npz", "file": {"bytes": 14959383, "sha256": "082517163ffccf941ed001823053b6f3130eb3e43be785ee013795c03f703f35"}, "installed_gt_cases": 6, "full11_exact": true}
OFFICIAL_STREAM {"event": "RAW_CLEARED", "condition": "q_RN_g_RNT"}
OFFICIAL_STREAM {"event": "RAW_READY", "condition": "q_RN_g_R", "path": "/data/gaob/Re-ID/DeMo-DualAxis/runs/full_official_frozen_identity_anchor_m7_20261005/diagnosis/MSVR310_anchor_twins_shared_fixed_s42/q_RN_g_R/raw.npz", "file": {"bytes": 15055046, "sha256": "f20b9b40b9cf57d67cf01faf885969fa2eeab8e7370da1a449809d369e123400"}, "installed_gt_cases": 6, "full11_exact": true}
OFFICIAL_STREAM {"event": "RAW_CLEARED", "condition": "q_RN_g_R"}
OFFICIAL_STREAM {"event": "RAW_READY", "condition": "q_RN_g_N", "path": "/data/gaob/Re-ID/DeMo-DualAxis/runs/full_official_frozen_identity_anchor_m7_20261005/diagnosis/MSVR310_anchor_twins_shared_fixed_s42/q_RN_g_N/raw.npz", "file": {"bytes": 15018883, "sha256": "104f9c565c75ce0283defd8c809a43cbeba9781d55ab997c0a014e749fecefd0"}, "installed_gt_cases": 6, "full11_exact": true}
OFFICIAL_STREAM {"event": "RAW_CLEARED", "condition": "q_RN_g_N"}
OFFICIAL_STREAM {"event": "RAW_READY", "condition": "q_RN_g_T", "path": "/data/gaob/Re-ID/DeMo-DualAxis/runs/full_official_frozen_identity_anchor_m7_20261005/diagnosis/MSVR310_anchor_twins_shared_fixed_s42/q_RN_g_T/raw.npz", "file": {"bytes": 12821430, "sha256": "cfee6d1f1c01e0e1b74d08d33b3b9077758811fe1d6f9ba9a29981c0ff4dbf67"}, "installed_gt_cases": 6, "full11_exact": true}
OFFICIAL_STREAM {"event": "RAW_CLEARED", "condition": "q_RN_g_T"}
OFFICIAL_STREAM {"event": "RAW_READY", "condition": "q_RN_g_RN", "path": "/data/gaob/Re-ID/DeMo-DualAxis/runs/full_official_frozen_identity_anchor_m7_20261005/diagnosis/MSVR310_anchor_twins_shared_fixed_s42/q_RN_g_RN/raw.npz", "file": {"bytes": 15020958, "sha256": "d0f95a76cc628c2a6d281a4324de8a77cb65bd7ef437f48f34b97135f18111f9"}, "installed_gt_cases": 6, "full11_exact": true}
OFFICIAL_STREAM {"event": "RAW_CLEARED", "condition": "q_RN_g_RN"}
OFFICIAL_STREAM {"event": "RAW_READY", "condition": "q_RN_g_RT", "path": "/data/gaob/Re-ID/DeMo-DualAxis/runs/full_official_frozen_identity_anchor_m7_20261005/diagnosis/MSVR310_anchor_twins_shared_fixed_s42/q_RN_g_RT/raw.npz", "file": {"bytes": 14949283, "sha256": "f3524acdba9cafa509e23cb89ba4b1b7cb1baf253cf2703bf65204483140e2f5"}, "installed_gt_cases": 6, "full11_exact": true}
OFFICIAL_STREAM {"event": "RAW_CLEARED", "condition": "q_RN_g_RT"}
OFFICIAL_STREAM {"event": "RAW_READY", "condition": "q_RN_g_NT", "path": "/data/gaob/Re-ID/DeMo-DualAxis/runs/full_official_frozen_identity_anchor_m7_20261005/diagnosis/MSVR310_anchor_twins_shared_fixed_s42/q_RN_g_NT/raw.npz", "file": {"bytes": 14951108, "sha256": "e5e1324002a6557c0436ae4124d66e70005b3c79ecc455e7dd4d50c533f16655"}, "installed_gt_cases": 6, "full11_exact": true}
OFFICIAL_STREAM {"event": "RAW_CLEARED", "condition": "q_RN_g_NT"}
OFFICIAL_STREAM {"event": "RAW_READY", "condition": "q_RT_g_RNT", "path": "/data/gaob/Re-ID/DeMo-DualAxis/runs/full_official_frozen_identity_anchor_m7_20261005/diagnosis/MSVR310_anchor_twins_shared_fixed_s42/q_RT_g_RNT/raw.npz", "file": {"bytes": 14880532, "sha256": "8ddbd2dbecf2fc175395effcab6dbbcaae52177582d55b3d8952eca1f75fd99b"}, "installed_gt_cases": 6, "full11_exact": true}
OFFICIAL_STREAM {"event": "RAW_CLEARED", "condition": "q_RT_g_RNT"}
OFFICIAL_STREAM {"event": "RAW_READY", "condition": "q_RT_g_R", "path": "/data/gaob/Re-ID/DeMo-DualAxis/runs/full_official_frozen_identity_anchor_m7_20261005/diagnosis/MSVR310_anchor_twins_shared_fixed_s42/q_RT_g_R/raw.npz", "file": {"bytes": 15037531, "sha256": "1e02c2374fcba2bf71bb67aedb32bfbdb506299c03ddbe6ee6bd3c6573e59d70"}, "installed_gt_cases": 6, "full11_exact": true}
OFFICIAL_STREAM {"event": "RAW_CLEARED", "condition": "q_RT_g_R"}
OFFICIAL_STREAM {"event": "RAW_READY", "condition": "q_RT_g_N", "path": "/data/gaob/Re-ID/DeMo-DualAxis/runs/full_official_frozen_identity_anchor_m7_20261005/diagnosis/MSVR310_anchor_twins_shared_fixed_s42/q_RT_g_N/raw.npz", "file": {"bytes": 12869836, "sha256": "ec02414a3ce28ae1c4a263ce52ec15efa96902a2c8f9cff1a9448cfee7e65fa2"}, "installed_gt_cases": 6, "full11_exact": true}
OFFICIAL_STREAM {"event": "RAW_CLEARED", "condition": "q_RT_g_N"}
OFFICIAL_STREAM {"event": "RAW_READY", "condition": "q_RT_g_T", "path": "/data/gaob/Re-ID/DeMo-DualAxis/runs/full_official_frozen_identity_anchor_m7_20261005/diagnosis/MSVR310_anchor_twins_shared_fixed_s42/q_RT_g_T/raw.npz", "file": {"bytes": 14850739, "sha256": "65c96e4c7a717df9059abc9559c07d72584438718def8de08a5597ac41305484"}, "installed_gt_cases": 6, "full11_exact": true}
OFFICIAL_STREAM {"event": "RAW_CLEARED", "condition": "q_RT_g_T"}
OFFICIAL_STREAM {"event": "RAW_READY", "condition": "q_RT_g_RN", "path": "/data/gaob/Re-ID/DeMo-DualAxis/runs/full_official_frozen_identity_anchor_m7_20261005/diagnosis/MSVR310_anchor_twins_shared_fixed_s42/q_RT_g_RN/raw.npz", "file": {"bytes": 14954581, "sha256": "1a4bd305c0da0359bd0f9695e82447ed302983f0e28d82eaf56d01a5d0ed5604"}, "installed_gt_cases": 6, "full11_exact": true}
OFFICIAL_STREAM {"event": "RAW_CLEARED", "condition": "q_RT_g_RN"}
OFFICIAL_STREAM {"event": "RAW_READY", "condition": "q_RT_g_RT", "path": "/data/gaob/Re-ID/DeMo-DualAxis/runs/full_official_frozen_identity_anchor_m7_20261005/diagnosis/MSVR310_anchor_twins_shared_fixed_s42/q_RT_g_RT/raw.npz", "file": {"bytes": 14955623, "sha256": "def78678909a0e926153ab778d23f442b6f3622a94ab5a0784fd040d46f683ca"}, "installed_gt_cases": 6, "full11_exact": true}
OFFICIAL_STREAM {"event": "RAW_CLEARED", "condition": "q_RT_g_RT"}
OFFICIAL_STREAM {"event": "RAW_READY", "condition": "q_RT_g_NT", "path": "/data/gaob/Re-ID/DeMo-DualAxis/runs/full_official_frozen_identity_anchor_m7_20261005/diagnosis/MSVR310_anchor_twins_shared_fixed_s42/q_RT_g_NT/raw.npz", "file": {"bytes": 14746742, "sha256": "50c27680f23acde6bcd9de2d60eee3a66b72d219cef082988cf2c1412c682d1d"}, "installed_gt_cases": 6, "full11_exact": true}
OFFICIAL_STREAM {"event": "RAW_CLEARED", "condition": "q_RT_g_NT"}
OFFICIAL_STREAM {"event": "RAW_READY", "condition": "q_NT_g_RNT", "path": "/data/gaob/Re-ID/DeMo-DualAxis/runs/full_official_frozen_identity_anchor_m7_20261005/diagnosis/MSVR310_anchor_twins_shared_fixed_s42/q_NT_g_RNT/raw.npz", "file": {"bytes": 14858059, "sha256": "b67a2dba75e5b47c787a5975d7a32f13e6d7b160a28e9f184244c206ea5af999"}, "installed_gt_cases": 6, "full11_exact": true}
OFFICIAL_STREAM {"event": "RAW_CLEARED", "condition": "q_NT_g_RNT"}
OFFICIAL_STREAM {"event": "RAW_READY", "condition": "q_NT_g_R", "path": "/data/gaob/Re-ID/DeMo-DualAxis/runs/full_official_frozen_identity_anchor_m7_20261005/diagnosis/MSVR310_anchor_twins_shared_fixed_s42/q_NT_g_R/raw.npz", "file": {"bytes": 12878871, "sha256": "baa8ea79af6dcaccfdb1b9952d7eecec82b3917de62b02b8cc00a6a9e9f4d98a"}, "installed_gt_cases": 6, "full11_exact": true}
OFFICIAL_STREAM {"event": "RAW_CLEARED", "condition": "q_NT_g_R"}
OFFICIAL_STREAM {"event": "RAW_READY", "condition": "q_NT_g_N", "path": "/data/gaob/Re-ID/DeMo-DualAxis/runs/full_official_frozen_identity_anchor_m7_20261005/diagnosis/MSVR310_anchor_twins_shared_fixed_s42/q_NT_g_N/raw.npz", "file": {"bytes": 15083349, "sha256": "3f567a4606ec91df4e292dfa684dd3f7b95834b5125775d36d40ed058136ef41"}, "installed_gt_cases": 6, "full11_exact": true}
OFFICIAL_STREAM {"event": "RAW_CLEARED", "condition": "q_NT_g_N"}
OFFICIAL_STREAM {"event": "RAW_READY", "condition": "q_NT_g_T", "path": "/data/gaob/Re-ID/DeMo-DualAxis/runs/full_official_frozen_identity_anchor_m7_20261005/diagnosis/MSVR310_anchor_twins_shared_fixed_s42/q_NT_g_T/raw.npz", "file": {"bytes": 14843666, "sha256": "ccc1dd64e10ed900b035dd83be07126da231b1ee5ea811749143938177189689"}, "installed_gt_cases": 6, "full11_exact": true}
OFFICIAL_STREAM {"event": "RAW_CLEARED", "condition": "q_NT_g_T"}
OFFICIAL_STREAM {"event": "RAW_READY", "condition": "q_NT_g_RN", "path": "/data/gaob/Re-ID/DeMo-DualAxis/runs/full_official_frozen_identity_anchor_m7_20261005/diagnosis/MSVR310_anchor_twins_shared_fixed_s42/q_NT_g_RN/raw.npz", "file": {"bytes": 14960137, "sha256": "8315832b213b55e7acdcf9d872f6b13de2b315cb56ce84e8998339649c8b041a"}, "installed_gt_cases": 6, "full11_exact": true}
OFFICIAL_STREAM {"event": "RAW_CLEARED", "condition": "q_NT_g_RN"}
OFFICIAL_STREAM {"event": "RAW_READY", "condition": "q_NT_g_RT", "path": "/data/gaob/Re-ID/DeMo-DualAxis/runs/full_official_frozen_identity_anchor_m7_20261005/diagnosis/MSVR310_anchor_twins_shared_fixed_s42/q_NT_g_RT/raw.npz", "file": {"bytes": 14759943, "sha256": "c810d8eb84589262d55ed187bdb3efc7a3f49f33468172cf61aebb2a4c3736d1"}, "installed_gt_cases": 6, "full11_exact": true}
OFFICIAL_STREAM {"event": "RAW_CLEARED", "condition": "q_NT_g_RT"}
OFFICIAL_STREAM {"event": "RAW_READY", "condition": "q_NT_g_NT", "path": "/data/gaob/Re-ID/DeMo-DualAxis/runs/full_official_frozen_identity_anchor_m7_20261005/diagnosis/MSVR310_anchor_twins_shared_fixed_s42/q_NT_g_NT/raw.npz", "file": {"bytes": 14965270, "sha256": "4db310cdce9bdab6169ce171805feb7e145010289aa6d4b6d6d0a20e157c2100"}, "installed_gt_cases": 6, "full11_exact": true}
OFFICIAL_STREAM {"event": "RAW_CLEARED", "condition": "q_NT_g_NT"}
OFFICIAL_STREAM {"event": "DIAGNOSIS_COMPLETE", "cases": 294, "conditions": 49, "neural_inference": true, "optimizer_updates": 0}
