/data/gaob/Re-ID/conda-envs/tri_reid/lib/python3.10/site-packages/timm/models/helpers.py:7: FutureWarning: Importing from timm.models.helpers is deprecated, please import via timm.models
  warnings.warn(f"Importing from {__name__} is deprecated, please import via timm.models", FutureWarning)
/data/gaob/Re-ID/conda-envs/tri_reid/lib/python3.10/site-packages/timm/models/registry.py:4: FutureWarning: Importing from timm.models.registry is deprecated, please import via timm.models
  warnings.warn(f"Importing from {__name__} is deprecated, please import via timm.models", FutureWarning)
/data/gaob/Re-ID/conda-envs/tri_reid/lib/python3.10/site-packages/timm/models/layers/__init__.py:48: FutureWarning: Importing from timm.models.layers is deprecated, please import via timm.layers
  warnings.warn(f"Importing from {__name__} is deprecated, please import via timm.layers", FutureWarning)
using Transformer_type: ViT-B-16 as a backbone
Resized position embedding: %s to %s torch.Size([197, 768]) torch.Size([129, 768])
Position embedding resize to height:8 width: 16
Successfully load ckpt!
<All keys matched successfully>
Loading pretrained model from CLIP
camera number is : 8
OFFICIAL_STREAM {"event": "RAW_READY", "condition": "q_RNT_g_RNT", "path": "/data/gaob/Re-ID/DeMo-DualAxis/runs/full_official_frozen_identity_anchor_m7_20261005/diagnosis/MSVR310_anchor_axis_shared_adaptive_s42/q_RNT_g_RNT/raw.npz", "file": {"bytes": 14981727, "sha256": "6b2778ff8630fb08901057553774add6d504a12680177789fe903e58f8c9474c"}, "installed_gt_cases": 6, "full11_exact": true}
OFFICIAL_STREAM {"event": "RAW_CLEARED", "condition": "q_RNT_g_RNT"}
OFFICIAL_STREAM {"event": "RAW_READY", "condition": "q_RNT_g_R", "path": "/data/gaob/Re-ID/DeMo-DualAxis/runs/full_official_frozen_identity_anchor_m7_20261005/diagnosis/MSVR310_anchor_axis_shared_adaptive_s42/q_RNT_g_R/raw.npz", "file": {"bytes": 15087467, "sha256": "21986c3b9082d23052627464ced1f2ef927ef2d992b9300add4302f3bf33aa2b"}, "installed_gt_cases": 6, "full11_exact": true}
OFFICIAL_STREAM {"event": "RAW_CLEARED", "condition": "q_RNT_g_R"}
OFFICIAL_STREAM {"event": "RAW_READY", "condition": "q_RNT_g_N", "path": "/data/gaob/Re-ID/DeMo-DualAxis/runs/full_official_frozen_identity_anchor_m7_20261005/diagnosis/MSVR310_anchor_axis_shared_adaptive_s42/q_RNT_g_N/raw.npz", "file": {"bytes": 15045260, "sha256": "7d7473587f6aec67d6cee192e134ef6bf3d18996fd92f28afe1aa16d2d07c481"}, "installed_gt_cases": 6, "full11_exact": true}
OFFICIAL_STREAM {"event": "RAW_CLEARED", "condition": "q_RNT_g_N"}
OFFICIAL_STREAM {"event": "RAW_READY", "condition": "q_RNT_g_T", "path": "/data/gaob/Re-ID/DeMo-DualAxis/runs/full_official_frozen_identity_anchor_m7_20261005/diagnosis/MSVR310_anchor_axis_shared_adaptive_s42/q_RNT_g_T/raw.npz", "file": {"bytes": 14821230, "sha256": "07a20fa73468dda9aef7253b034cdfed77cf8dae338fcc5d7e20947254c3b392"}, "installed_gt_cases": 6, "full11_exact": true}
OFFICIAL_STREAM {"event": "RAW_CLEARED", "condition": "q_RNT_g_T"}
OFFICIAL_STREAM {"event": "RAW_READY", "condition": "q_RNT_g_RN", "path": "/data/gaob/Re-ID/DeMo-DualAxis/runs/full_official_frozen_identity_anchor_m7_20261005/diagnosis/MSVR310_anchor_axis_shared_adaptive_s42/q_RNT_g_RN/raw.npz", "file": {"bytes": 15056391, "sha256": "2a3986163905f4b2d425fe8ccec95ef3edc7df6dbe7756a19200f9018d22b995"}, "installed_gt_cases": 6, "full11_exact": true}
OFFICIAL_STREAM {"event": "RAW_CLEARED", "condition": "q_RNT_g_RN"}
OFFICIAL_STREAM {"event": "RAW_READY", "condition": "q_RNT_g_RT", "path": "/data/gaob/Re-ID/DeMo-DualAxis/runs/full_official_frozen_identity_anchor_m7_20261005/diagnosis/MSVR310_anchor_axis_shared_adaptive_s42/q_RNT_g_RT/raw.npz", "file": {"bytes": 14936314, "sha256": "0aba77be23233daea8f42b92dc456d01ec80a9ffcb0cb224cadb7c22bf6e8445"}, "installed_gt_cases": 6, "full11_exact": true}
OFFICIAL_STREAM {"event": "RAW_CLEARED", "condition": "q_RNT_g_RT"}
OFFICIAL_STREAM {"event": "RAW_READY", "condition": "q_RNT_g_NT", "path": "/data/gaob/Re-ID/DeMo-DualAxis/runs/full_official_frozen_identity_anchor_m7_20261005/diagnosis/MSVR310_anchor_axis_shared_adaptive_s42/q_RNT_g_NT/raw.npz", "file": {"bytes": 14908580, "sha256": "2de966624bc0e2fe4d13c9e72c775ff3b8ba00817d4311b1d87818c37c581121"}, "installed_gt_cases": 6, "full11_exact": true}
OFFICIAL_STREAM {"event": "RAW_CLEARED", "condition": "q_RNT_g_NT"}
OFFICIAL_STREAM {"event": "RAW_READY", "condition": "q_R_g_RNT", "path": "/data/gaob/Re-ID/DeMo-DualAxis/runs/full_official_frozen_identity_anchor_m7_20261005/diagnosis/MSVR310_anchor_axis_shared_adaptive_s42/q_R_g_RNT/raw.npz", "file": {"bytes": 15072463, "sha256": "6b86246a23b1cc650c8b51203c7b49c04865110891d0b75d46493f4cdc4e6789"}, "installed_gt_cases": 6, "full11_exact": true}
OFFICIAL_STREAM {"event": "RAW_CLEARED", "condition": "q_R_g_RNT"}
OFFICIAL_STREAM {"event": "RAW_READY", "condition": "q_R_g_R", "path": "/data/gaob/Re-ID/DeMo-DualAxis/runs/full_official_frozen_identity_anchor_m7_20261005/diagnosis/MSVR310_anchor_axis_shared_adaptive_s42/q_R_g_R/raw.npz", "file": {"bytes": 15370303, "sha256": "636897be07e81173875950981185c17b489dc143aab3b041b7c05cab2932bf46"}, "installed_gt_cases": 6, "full11_exact": true}
OFFICIAL_STREAM {"event": "RAW_CLEARED", "condition": "q_R_g_R"}
OFFICIAL_STREAM {"event": "RAW_READY", "condition": "q_R_g_N", "path": "/data/gaob/Re-ID/DeMo-DualAxis/runs/full_official_frozen_identity_anchor_m7_20261005/diagnosis/MSVR310_anchor_axis_shared_adaptive_s42/q_R_g_N/raw.npz", "file": {"bytes": 12829227, "sha256": "7fefbddbb3a40965e4dc484865d70a4c1294d8b670dd94fd3cd00980d8c59c25"}, "installed_gt_cases": 6, "full11_exact": true}
OFFICIAL_STREAM {"event": "RAW_CLEARED", "condition": "q_R_g_N"}
OFFICIAL_STREAM {"event": "RAW_READY", "condition": "q_R_g_T", "path": "/data/gaob/Re-ID/DeMo-DualAxis/runs/full_official_frozen_identity_anchor_m7_20261005/diagnosis/MSVR310_anchor_axis_shared_adaptive_s42/q_R_g_T/raw.npz", "file": {"bytes": 12772510, "sha256": "3cccc11ee70afb8fc6355fc089231b1e2401c077cf3615e879ec5c72e8821dfb"}, "installed_gt_cases": 6, "full11_exact": true}
OFFICIAL_STREAM {"event": "RAW_CLEARED", "condition": "q_R_g_T"}
OFFICIAL_STREAM {"event": "RAW_READY", "condition": "q_R_g_RN", "path": "/data/gaob/Re-ID/DeMo-DualAxis/runs/full_official_frozen_identity_anchor_m7_20261005/diagnosis/MSVR310_anchor_axis_shared_adaptive_s42/q_R_g_RN/raw.npz", "file": {"bytes": 15196275, "sha256": "7d600af6c0409865437b91a43bc3f3c9a7161486bda6a47db68b2740b188a880"}, "installed_gt_cases": 6, "full11_exact": true}
OFFICIAL_STREAM {"event": "RAW_CLEARED", "condition": "q_R_g_RN"}
OFFICIAL_STREAM {"event": "RAW_READY", "condition": "q_R_g_RT", "path": "/data/gaob/Re-ID/DeMo-DualAxis/runs/full_official_frozen_identity_anchor_m7_20261005/diagnosis/MSVR310_anchor_axis_shared_adaptive_s42/q_R_g_RT/raw.npz", "file": {"bytes": 15146826, "sha256": "64a3668b425263410e7c571a553b16e190be919972594286172e871af6a0adf5"}, "installed_gt_cases": 6, "full11_exact": true}
OFFICIAL_STREAM {"event": "RAW_CLEARED", "condition": "q_R_g_RT"}
OFFICIAL_STREAM {"event": "RAW_READY", "condition": "q_R_g_NT", "path": "/data/gaob/Re-ID/DeMo-DualAxis/runs/full_official_frozen_identity_anchor_m7_20261005/diagnosis/MSVR310_anchor_axis_shared_adaptive_s42/q_R_g_NT/raw.npz", "file": {"bytes": 12825065, "sha256": "2648f9ae531ac516fd6f615fc80a3efab6c6d0ff5fb7b668e85db0c8fc7a7bf2"}, "installed_gt_cases": 6, "full11_exact": true}
OFFICIAL_STREAM {"event": "RAW_CLEARED", "condition": "q_R_g_NT"}
OFFICIAL_STREAM {"event": "RAW_READY", "condition": "q_N_g_RNT", "path": "/data/gaob/Re-ID/DeMo-DualAxis/runs/full_official_frozen_identity_anchor_m7_20261005/diagnosis/MSVR310_anchor_axis_shared_adaptive_s42/q_N_g_RNT/raw.npz", "file": {"bytes": 15047803, "sha256": "feb4037a53727275b96abebe114676d78784c13736b4ce4647143d69cf2bbfdc"}, "installed_gt_cases": 6, "full11_exact": true}
OFFICIAL_STREAM {"event": "RAW_CLEARED", "condition": "q_N_g_RNT"}
OFFICIAL_STREAM {"event": "RAW_READY", "condition": "q_N_g_R", "path": "/data/gaob/Re-ID/DeMo-DualAxis/runs/full_official_frozen_identity_anchor_m7_20261005/diagnosis/MSVR310_anchor_axis_shared_adaptive_s42/q_N_g_R/raw.npz", "file": {"bytes": 12846236, "sha256": "707261ff2cf3b67ac0ce8b5a940b1365adec17c08cddcfed9fb9279080c22b22"}, "installed_gt_cases": 6, "full11_exact": true}
OFFICIAL_STREAM {"event": "RAW_CLEARED", "condition": "q_N_g_R"}
OFFICIAL_STREAM {"event": "RAW_READY", "condition": "q_N_g_N", "path": "/data/gaob/Re-ID/DeMo-DualAxis/runs/full_official_frozen_identity_anchor_m7_20261005/diagnosis/MSVR310_anchor_axis_shared_adaptive_s42/q_N_g_N/raw.npz", "file": {"bytes": 15338747, "sha256": "fb999a749e6afd480c1d7b9d306213e7b6237ea8e71b1b07024e65ba4df0ed1c"}, "installed_gt_cases": 6, "full11_exact": true}
OFFICIAL_STREAM {"event": "RAW_CLEARED", "condition": "q_N_g_N"}
OFFICIAL_STREAM {"event": "RAW_READY", "condition": "q_N_g_T", "path": "/data/gaob/Re-ID/DeMo-DualAxis/runs/full_official_frozen_identity_anchor_m7_20261005/diagnosis/MSVR310_anchor_axis_shared_adaptive_s42/q_N_g_T/raw.npz", "file": {"bytes": 12805295, "sha256": "fcdad5647501344d680022a70071dc06d8d0cfdf2963648596709e609976bd3b"}, "installed_gt_cases": 6, "full11_exact": true}
OFFICIAL_STREAM {"event": "RAW_CLEARED", "condition": "q_N_g_T"}
OFFICIAL_STREAM {"event": "RAW_READY", "condition": "q_N_g_RN", "path": "/data/gaob/Re-ID/DeMo-DualAxis/runs/full_official_frozen_identity_anchor_m7_20261005/diagnosis/MSVR310_anchor_axis_shared_adaptive_s42/q_N_g_RN/raw.npz", "file": {"bytes": 15117088, "sha256": "a2f886b1df46a8a1a93595fe4ddcc60167340089b652904dc55f0ba07e214801"}, "installed_gt_cases": 6, "full11_exact": true}
OFFICIAL_STREAM {"event": "RAW_CLEARED", "condition": "q_N_g_RN"}
OFFICIAL_STREAM {"event": "RAW_READY", "condition": "q_N_g_RT", "path": "/data/gaob/Re-ID/DeMo-DualAxis/runs/full_official_frozen_identity_anchor_m7_20261005/diagnosis/MSVR310_anchor_axis_shared_adaptive_s42/q_N_g_RT/raw.npz", "file": {"bytes": 12846116, "sha256": "a6da2bee8133f84fd0aad2b3b5e102a190f9e26f8e6e65bf4f5afc148996ffb7"}, "installed_gt_cases": 6, "full11_exact": true}
OFFICIAL_STREAM {"event": "RAW_CLEARED", "condition": "q_N_g_RT"}
OFFICIAL_STREAM {"event": "RAW_READY", "condition": "q_N_g_NT", "path": "/data/gaob/Re-ID/DeMo-DualAxis/runs/full_official_frozen_identity_anchor_m7_20261005/diagnosis/MSVR310_anchor_axis_shared_adaptive_s42/q_N_g_NT/raw.npz", "file": {"bytes": 15160620, "sha256": "81d5427bc770d4ffdfc59c61abd12d1535d28f27e84f6472412213423dfcd317"}, "installed_gt_cases": 6, "full11_exact": true}
OFFICIAL_STREAM {"event": "RAW_CLEARED", "condition": "q_N_g_NT"}
OFFICIAL_STREAM {"event": "RAW_READY", "condition": "q_T_g_RNT", "path": "/data/gaob/Re-ID/DeMo-DualAxis/runs/full_official_frozen_identity_anchor_m7_20261005/diagnosis/MSVR310_anchor_axis_shared_adaptive_s42/q_T_g_RNT/raw.npz", "file": {"bytes": 14829471, "sha256": "fa41d7e5c7b0690643c24278822b4303327d0ec50c10ec761e35eb2d63b344cb"}, "installed_gt_cases": 6, "full11_exact": true}
OFFICIAL_STREAM {"event": "RAW_CLEARED", "condition": "q_T_g_RNT"}
OFFICIAL_STREAM {"event": "RAW_READY", "condition": "q_T_g_R", "path": "/data/gaob/Re-ID/DeMo-DualAxis/runs/full_official_frozen_identity_anchor_m7_20261005/diagnosis/MSVR310_anchor_axis_shared_adaptive_s42/q_T_g_R/raw.npz", "file": {"bytes": 12798670, "sha256": "80b48e2c7fdea34bfa8491f586030780b216c9e6a0c25e6b88737e1e0c5d9334"}, "installed_gt_cases": 6, "full11_exact": true}
OFFICIAL_STREAM {"event": "RAW_CLEARED", "condition": "q_T_g_R"}
OFFICIAL_STREAM {"event": "RAW_READY", "condition": "q_T_g_N", "path": "/data/gaob/Re-ID/DeMo-DualAxis/runs/full_official_frozen_identity_anchor_m7_20261005/diagnosis/MSVR310_anchor_axis_shared_adaptive_s42/q_T_g_N/raw.npz", "file": {"bytes": 12815298, "sha256": "401238d633cabb4fbbfd26e61147b260399c8c2f0df147d00edc1737c8e1c2ac"}, "installed_gt_cases": 6, "full11_exact": true}
OFFICIAL_STREAM {"event": "RAW_CLEARED", "condition": "q_T_g_N"}
OFFICIAL_STREAM {"event": "RAW_READY", "condition": "q_T_g_T", "path": "/data/gaob/Re-ID/DeMo-DualAxis/runs/full_official_frozen_identity_anchor_m7_20261005/diagnosis/MSVR310_anchor_axis_shared_adaptive_s42/q_T_g_T/raw.npz", "file": {"bytes": 15136411, "sha256": "b7cffd930633dae72b06c99c9dc58a986022fc3bf1086f4ece9c4a418eacb4c9"}, "installed_gt_cases": 6, "full11_exact": true}
OFFICIAL_STREAM {"event": "RAW_CLEARED", "condition": "q_T_g_T"}
OFFICIAL_STREAM {"event": "RAW_READY", "condition": "q_T_g_RN", "path": "/data/gaob/Re-ID/DeMo-DualAxis/runs/full_official_frozen_identity_anchor_m7_20261005/diagnosis/MSVR310_anchor_axis_shared_adaptive_s42/q_T_g_RN/raw.npz", "file": {"bytes": 12814513, "sha256": "815a27d918dc1c93a12bf79e6ef4c2db9c06c589df11b8cd3fd630089a4cf9a9"}, "installed_gt_cases": 6, "full11_exact": true}
OFFICIAL_STREAM {"event": "RAW_CLEARED", "condition": "q_T_g_RN"}
OFFICIAL_STREAM {"event": "RAW_READY", "condition": "q_T_g_RT", "path": "/data/gaob/Re-ID/DeMo-DualAxis/runs/full_official_frozen_identity_anchor_m7_20261005/diagnosis/MSVR310_anchor_axis_shared_adaptive_s42/q_T_g_RT/raw.npz", "file": {"bytes": 14918984, "sha256": "2b4d3977c3f812c28e2cc4ffe05575d81156f43c83b117f02c8944ec25838036"}, "installed_gt_cases": 6, "full11_exact": true}
OFFICIAL_STREAM {"event": "RAW_CLEARED", "condition": "q_T_g_RT"}
OFFICIAL_STREAM {"event": "RAW_READY", "condition": "q_T_g_NT", "path": "/data/gaob/Re-ID/DeMo-DualAxis/runs/full_official_frozen_identity_anchor_m7_20261005/diagnosis/MSVR310_anchor_axis_shared_adaptive_s42/q_T_g_NT/raw.npz", "file": {"bytes": 14918244, "sha256": "100d72f3545570e7b2554b504cb531e2436d6f277dd7b8571c5fc6bb84702d39"}, "installed_gt_cases": 6, "full11_exact": true}
OFFICIAL_STREAM {"event": "RAW_CLEARED", "condition": "q_T_g_NT"}
OFFICIAL_STREAM {"event": "RAW_READY", "condition": "q_RN_g_RNT", "path": "/data/gaob/Re-ID/DeMo-DualAxis/runs/full_official_frozen_identity_anchor_m7_20261005/diagnosis/MSVR310_anchor_axis_shared_adaptive_s42/q_RN_g_RNT/raw.npz", "file": {"bytes": 15053188, "sha256": "c92e4f506a95e8d196f3fa6d913118f7f1de0c27202245bace0be0c221037c2f"}, "installed_gt_cases": 6, "full11_exact": true}
OFFICIAL_STREAM {"event": "RAW_CLEARED", "condition": "q_RN_g_RNT"}
OFFICIAL_STREAM {"event": "RAW_READY", "condition": "q_RN_g_R", "path": "/data/gaob/Re-ID/DeMo-DualAxis/runs/full_official_frozen_identity_anchor_m7_20261005/diagnosis/MSVR310_anchor_axis_shared_adaptive_s42/q_RN_g_R/raw.npz", "file": {"bytes": 15201911, "sha256": "daefd3bdc45e4e2fbdd58278053e1b5f4b02775b1662e2ccc7356f89ac0e63a6"}, "installed_gt_cases": 6, "full11_exact": true}
OFFICIAL_STREAM {"event": "RAW_CLEARED", "condition": "q_RN_g_R"}
OFFICIAL_STREAM {"event": "RAW_READY", "condition": "q_RN_g_N", "path": "/data/gaob/Re-ID/DeMo-DualAxis/runs/full_official_frozen_identity_anchor_m7_20261005/diagnosis/MSVR310_anchor_axis_shared_adaptive_s42/q_RN_g_N/raw.npz", "file": {"bytes": 15114460, "sha256": "80598004c6476755ac30afc842d634580b20fc9302a7064561acca775925e5c2"}, "installed_gt_cases": 6, "full11_exact": true}
OFFICIAL_STREAM {"event": "RAW_CLEARED", "condition": "q_RN_g_N"}
OFFICIAL_STREAM {"event": "RAW_READY", "condition": "q_RN_g_T", "path": "/data/gaob/Re-ID/DeMo-DualAxis/runs/full_official_frozen_identity_anchor_m7_20261005/diagnosis/MSVR310_anchor_axis_shared_adaptive_s42/q_RN_g_T/raw.npz", "file": {"bytes": 12795446, "sha256": "5b28464c18d4b294cc901900ffa0b811abbddd5d04571694289932cd047a1d90"}, "installed_gt_cases": 6, "full11_exact": true}
OFFICIAL_STREAM {"event": "RAW_CLEARED", "condition": "q_RN_g_T"}
OFFICIAL_STREAM {"event": "RAW_READY", "condition": "q_RN_g_RN", "path": "/data/gaob/Re-ID/DeMo-DualAxis/runs/full_official_frozen_identity_anchor_m7_20261005/diagnosis/MSVR310_anchor_axis_shared_adaptive_s42/q_RN_g_RN/raw.npz", "file": {"bytes": 15117415, "sha256": "fab7eea4983bb81f5a176fa32bc8489d3012a580cd3e271d82aa77e8242a00b6"}, "installed_gt_cases": 6, "full11_exact": true}
OFFICIAL_STREAM {"event": "RAW_CLEARED", "condition": "q_RN_g_RN"}
OFFICIAL_STREAM {"event": "RAW_READY", "condition": "q_RN_g_RT", "path": "/data/gaob/Re-ID/DeMo-DualAxis/runs/full_official_frozen_identity_anchor_m7_20261005/diagnosis/MSVR310_anchor_axis_shared_adaptive_s42/q_RN_g_RT/raw.npz", "file": {"bytes": 15061956, "sha256": "fa6bfe0b5f2df282ac500120eb2e228630ad0f6d03d0f908c30d030140bba33c"}, "installed_gt_cases": 6, "full11_exact": true}
OFFICIAL_STREAM {"event": "RAW_CLEARED", "condition": "q_RN_g_RT"}
OFFICIAL_STREAM {"event": "RAW_READY", "condition": "q_RN_g_NT", "path": "/data/gaob/Re-ID/DeMo-DualAxis/runs/full_official_frozen_identity_anchor_m7_20261005/diagnosis/MSVR310_anchor_axis_shared_adaptive_s42/q_RN_g_NT/raw.npz", "file": {"bytes": 15047907, "sha256": "087256feff6bd81fb74db12c16e1b8a3168d63d501e6ac9941a7f0d39ca4dff8"}, "installed_gt_cases": 6, "full11_exact": true}
OFFICIAL_STREAM {"event": "RAW_CLEARED", "condition": "q_RN_g_NT"}
OFFICIAL_STREAM {"event": "RAW_READY", "condition": "q_RT_g_RNT", "path": "/data/gaob/Re-ID/DeMo-DualAxis/runs/full_official_frozen_identity_anchor_m7_20261005/diagnosis/MSVR310_anchor_axis_shared_adaptive_s42/q_RT_g_RNT/raw.npz", "file": {"bytes": 14935818, "sha256": "c03958da145078bbccdbba92728cebddc91438a8c58c13c9dadefa88ee9091b0"}, "installed_gt_cases": 6, "full11_exact": true}
OFFICIAL_STREAM {"event": "RAW_CLEARED", "condition": "q_RT_g_RNT"}
OFFICIAL_STREAM {"event": "RAW_READY", "condition": "q_RT_g_R", "path": "/data/gaob/Re-ID/DeMo-DualAxis/runs/full_official_frozen_identity_anchor_m7_20261005/diagnosis/MSVR310_anchor_axis_shared_adaptive_s42/q_RT_g_R/raw.npz", "file": {"bytes": 15157383, "sha256": "acfcc3b05673ca90d2e671d3c7a9f974769ec793bfab35f797e9fd4934008ce0"}, "installed_gt_cases": 6, "full11_exact": true}
OFFICIAL_STREAM {"event": "RAW_CLEARED", "condition": "q_RT_g_R"}
OFFICIAL_STREAM {"event": "RAW_READY", "condition": "q_RT_g_N", "path": "/data/gaob/Re-ID/DeMo-DualAxis/runs/full_official_frozen_identity_anchor_m7_20261005/diagnosis/MSVR310_anchor_axis_shared_adaptive_s42/q_RT_g_N/raw.npz", "file": {"bytes": 12839251, "sha256": "e112f206cee6e3084729eac29a43d1bbb60def3272cd3c0dcc8b2236a4ed9777"}, "installed_gt_cases": 6, "full11_exact": true}
OFFICIAL_STREAM {"event": "RAW_CLEARED", "condition": "q_RT_g_N"}
OFFICIAL_STREAM {"event": "RAW_READY", "condition": "q_RT_g_T", "path": "/data/gaob/Re-ID/DeMo-DualAxis/runs/full_official_frozen_identity_anchor_m7_20261005/diagnosis/MSVR310_anchor_axis_shared_adaptive_s42/q_RT_g_T/raw.npz", "file": {"bytes": 14909065, "sha256": "4dfcca5e4f70ccb6b73b8f9726a9832d61f5e85200e4c81ed4962dc3e671e7b6"}, "installed_gt_cases": 6, "full11_exact": true}
OFFICIAL_STREAM {"event": "RAW_CLEARED", "condition": "q_RT_g_T"}
OFFICIAL_STREAM {"event": "RAW_READY", "condition": "q_RT_g_RN", "path": "/data/gaob/Re-ID/DeMo-DualAxis/runs/full_official_frozen_identity_anchor_m7_20261005/diagnosis/MSVR310_anchor_axis_shared_adaptive_s42/q_RT_g_RN/raw.npz", "file": {"bytes": 15066589, "sha256": "84a2ce98bcd2ef0e720afa622bdc85de413416efaafc2d62d3ea796d570905d8"}, "installed_gt_cases": 6, "full11_exact": true}
OFFICIAL_STREAM {"event": "RAW_CLEARED", "condition": "q_RT_g_RN"}
OFFICIAL_STREAM {"event": "RAW_READY", "condition": "q_RT_g_RT", "path": "/data/gaob/Re-ID/DeMo-DualAxis/runs/full_official_frozen_identity_anchor_m7_20261005/diagnosis/MSVR310_anchor_axis_shared_adaptive_s42/q_RT_g_RT/raw.npz", "file": {"bytes": 14981703, "sha256": "d11feb5b9e6f6d7842224a6bfebd8a3fc0afb4facfe56ec6225e49afa3defaa6"}, "installed_gt_cases": 6, "full11_exact": true}
OFFICIAL_STREAM {"event": "RAW_CLEARED", "condition": "q_RT_g_RT"}
OFFICIAL_STREAM {"event": "RAW_READY", "condition": "q_RT_g_NT", "path": "/data/gaob/Re-ID/DeMo-DualAxis/runs/full_official_frozen_identity_anchor_m7_20261005/diagnosis/MSVR310_anchor_axis_shared_adaptive_s42/q_RT_g_NT/raw.npz", "file": {"bytes": 14829143, "sha256": "7ca98c0daaad11f30fd869d79a9dd7c5db5326fde47acd0f77d76612f54a6e15"}, "installed_gt_cases": 6, "full11_exact": true}
OFFICIAL_STREAM {"event": "RAW_CLEARED", "condition": "q_RT_g_NT"}
OFFICIAL_STREAM {"event": "RAW_READY", "condition": "q_NT_g_RNT", "path": "/data/gaob/Re-ID/DeMo-DualAxis/runs/full_official_frozen_identity_anchor_m7_20261005/diagnosis/MSVR310_anchor_axis_shared_adaptive_s42/q_NT_g_RNT/raw.npz", "file": {"bytes": 14911485, "sha256": "cfb14b0293dc724d6ae3bf3cdeae94e27f1ad3e9c2c23f4d67c3250ebe01b8b7"}, "installed_gt_cases": 6, "full11_exact": true}
OFFICIAL_STREAM {"event": "RAW_CLEARED", "condition": "q_NT_g_RNT"}
OFFICIAL_STREAM {"event": "RAW_READY", "condition": "q_NT_g_R", "path": "/data/gaob/Re-ID/DeMo-DualAxis/runs/full_official_frozen_identity_anchor_m7_20261005/diagnosis/MSVR310_anchor_axis_shared_adaptive_s42/q_NT_g_R/raw.npz", "file": {"bytes": 12844963, "sha256": "68c84939a341e7d7de267501ee4c0ae75606703210655bde228a9e97d36bb860"}, "installed_gt_cases": 6, "full11_exact": true}
OFFICIAL_STREAM {"event": "RAW_CLEARED", "condition": "q_NT_g_R"}
OFFICIAL_STREAM {"event": "RAW_READY", "condition": "q_NT_g_N", "path": "/data/gaob/Re-ID/DeMo-DualAxis/runs/full_official_frozen_identity_anchor_m7_20261005/diagnosis/MSVR310_anchor_axis_shared_adaptive_s42/q_NT_g_N/raw.npz", "file": {"bytes": 15162480, "sha256": "4a91a771f9199f8b3cc924438175ef14e8283d4900d99511fbe99733c340137d"}, "installed_gt_cases": 6, "full11_exact": true}
OFFICIAL_STREAM {"event": "RAW_CLEARED", "condition": "q_NT_g_N"}
OFFICIAL_STREAM {"event": "RAW_READY", "condition": "q_NT_g_T", "path": "/data/gaob/Re-ID/DeMo-DualAxis/runs/full_official_frozen_identity_anchor_m7_20261005/diagnosis/MSVR310_anchor_axis_shared_adaptive_s42/q_NT_g_T/raw.npz", "file": {"bytes": 14914011, "sha256": "3715034117cf1496770768f7495516f3a9eb4de2137e72c16e533c4ca15f1eba"}, "installed_gt_cases": 6, "full11_exact": true}
OFFICIAL_STREAM {"event": "RAW_CLEARED", "condition": "q_NT_g_T"}
OFFICIAL_STREAM {"event": "RAW_READY", "condition": "q_NT_g_RN", "path": "/data/gaob/Re-ID/DeMo-DualAxis/runs/full_official_frozen_identity_anchor_m7_20261005/diagnosis/MSVR310_anchor_axis_shared_adaptive_s42/q_NT_g_RN/raw.npz", "file": {"bytes": 15051348, "sha256": "b93b6455f6e04d35d63802101ef7837e00b4aae0b56c14840a2da443889ec846"}, "installed_gt_cases": 6, "full11_exact": true}
OFFICIAL_STREAM {"event": "RAW_CLEARED", "condition": "q_NT_g_RN"}
OFFICIAL_STREAM {"event": "RAW_READY", "condition": "q_NT_g_RT", "path": "/data/gaob/Re-ID/DeMo-DualAxis/runs/full_official_frozen_identity_anchor_m7_20261005/diagnosis/MSVR310_anchor_axis_shared_adaptive_s42/q_NT_g_RT/raw.npz", "file": {"bytes": 14837651, "sha256": "5aef1ae1ad55a0659450b90726176e28354e423923134249e353d2519ead1d9b"}, "installed_gt_cases": 6, "full11_exact": true}
OFFICIAL_STREAM {"event": "RAW_CLEARED", "condition": "q_NT_g_RT"}
OFFICIAL_STREAM {"event": "RAW_READY", "condition": "q_NT_g_NT", "path": "/data/gaob/Re-ID/DeMo-DualAxis/runs/full_official_frozen_identity_anchor_m7_20261005/diagnosis/MSVR310_anchor_axis_shared_adaptive_s42/q_NT_g_NT/raw.npz", "file": {"bytes": 14971308, "sha256": "c383ee721f72e1b0ffd2fce1930cc8e6e46b17d243681a9dda1c8ce3071e313f"}, "installed_gt_cases": 6, "full11_exact": true}
OFFICIAL_STREAM {"event": "RAW_CLEARED", "condition": "q_NT_g_NT"}
OFFICIAL_STREAM {"event": "DIAGNOSIS_COMPLETE", "cases": 294, "conditions": 49, "neural_inference": true, "optimizer_updates": 0}
