/data/gaob/Re-ID/conda-envs/tri_reid/lib/python3.10/site-packages/timm/models/helpers.py:7: FutureWarning: Importing from timm.models.helpers is deprecated, please import via timm.models
  warnings.warn(f"Importing from {__name__} is deprecated, please import via timm.models", FutureWarning)
/data/gaob/Re-ID/conda-envs/tri_reid/lib/python3.10/site-packages/timm/models/registry.py:4: FutureWarning: Importing from timm.models.registry is deprecated, please import via timm.models
  warnings.warn(f"Importing from {__name__} is deprecated, please import via timm.models", FutureWarning)
/data/gaob/Re-ID/conda-envs/tri_reid/lib/python3.10/site-packages/timm/models/layers/__init__.py:48: FutureWarning: Importing from timm.models.layers is deprecated, please import via timm.layers
  warnings.warn(f"Importing from {__name__} is deprecated, please import via timm.layers", FutureWarning)
using Transformer_type: ViT-B-16 as a backbone
Resized position embedding: %s to %s torch.Size([197, 768]) torch.Size([129, 768])
Position embedding resize to height:8 width: 16
Successfully load ckpt!
<All keys matched successfully>
Loading pretrained model from CLIP
camera number is : 8
OFFICIAL_STREAM {"event": "RAW_READY", "condition": "q_RNT_g_RNT", "path": "/data/gaob/Re-ID/DeMo-DualAxis/runs/full_official_frozen_identity_anchor_m7_20261005/diagnosis/MSVR310_anchor_frequency_shared_fixed_s42/q_RNT_g_RNT/raw.npz", "file": {"bytes": 14956305, "sha256": "f6911beeac82e06769273ec7fe62a37e254ee78e422ddb669f9a5e971b447d85"}, "installed_gt_cases": 6, "full11_exact": true}
OFFICIAL_STREAM {"event": "RAW_CLEARED", "condition": "q_RNT_g_RNT"}
OFFICIAL_STREAM {"event": "RAW_READY", "condition": "q_RNT_g_R", "path": "/data/gaob/Re-ID/DeMo-DualAxis/runs/full_official_frozen_identity_anchor_m7_20261005/diagnosis/MSVR310_anchor_frequency_shared_fixed_s42/q_RNT_g_R/raw.npz", "file": {"bytes": 14952121, "sha256": "56fce85a7b14b17b655ea97f020f41fc66a4a946ec1abcb30123e0d0e6dc06c3"}, "installed_gt_cases": 6, "full11_exact": true}
OFFICIAL_STREAM {"event": "RAW_CLEARED", "condition": "q_RNT_g_R"}
OFFICIAL_STREAM {"event": "RAW_READY", "condition": "q_RNT_g_N", "path": "/data/gaob/Re-ID/DeMo-DualAxis/runs/full_official_frozen_identity_anchor_m7_20261005/diagnosis/MSVR310_anchor_frequency_shared_fixed_s42/q_RNT_g_N/raw.npz", "file": {"bytes": 14943303, "sha256": "af217d8a01da4c5e4455b3b18f0ca3eafaff48658389d5935898a9c62c0a51af"}, "installed_gt_cases": 6, "full11_exact": true}
OFFICIAL_STREAM {"event": "RAW_CLEARED", "condition": "q_RNT_g_N"}
OFFICIAL_STREAM {"event": "RAW_READY", "condition": "q_RNT_g_T", "path": "/data/gaob/Re-ID/DeMo-DualAxis/runs/full_official_frozen_identity_anchor_m7_20261005/diagnosis/MSVR310_anchor_frequency_shared_fixed_s42/q_RNT_g_T/raw.npz", "file": {"bytes": 14757145, "sha256": "8474025b3e12b155432086b48c0325cb1e65104f45224f45aac586599acd41e7"}, "installed_gt_cases": 6, "full11_exact": true}
OFFICIAL_STREAM {"event": "RAW_CLEARED", "condition": "q_RNT_g_T"}
OFFICIAL_STREAM {"event": "RAW_READY", "condition": "q_RNT_g_RN", "path": "/data/gaob/Re-ID/DeMo-DualAxis/runs/full_official_frozen_identity_anchor_m7_20261005/diagnosis/MSVR310_anchor_frequency_shared_fixed_s42/q_RNT_g_RN/raw.npz", "file": {"bytes": 14960240, "sha256": "3e769c0b5d408881bb4dced54063653561ec6d8d219b20d962bdfed58801ecc4"}, "installed_gt_cases": 6, "full11_exact": true}
OFFICIAL_STREAM {"event": "RAW_CLEARED", "condition": "q_RNT_g_RN"}
OFFICIAL_STREAM {"event": "RAW_READY", "condition": "q_RNT_g_RT", "path": "/data/gaob/Re-ID/DeMo-DualAxis/runs/full_official_frozen_identity_anchor_m7_20261005/diagnosis/MSVR310_anchor_frequency_shared_fixed_s42/q_RNT_g_RT/raw.npz", "file": {"bytes": 14880484, "sha256": "e577e2f9e4c142c535c77ce47920e72a11f3be4dc2279147e37bfd26d2cfe8dc"}, "installed_gt_cases": 6, "full11_exact": true}
OFFICIAL_STREAM {"event": "RAW_CLEARED", "condition": "q_RNT_g_RT"}
OFFICIAL_STREAM {"event": "RAW_READY", "condition": "q_RNT_g_NT", "path": "/data/gaob/Re-ID/DeMo-DualAxis/runs/full_official_frozen_identity_anchor_m7_20261005/diagnosis/MSVR310_anchor_frequency_shared_fixed_s42/q_RNT_g_NT/raw.npz", "file": {"bytes": 14851297, "sha256": "445e580450c1d8b7ddf7316929f2cf9ee888eee0286e5d0a18355eebf1b37a7a"}, "installed_gt_cases": 6, "full11_exact": true}
OFFICIAL_STREAM {"event": "RAW_CLEARED", "condition": "q_RNT_g_NT"}
OFFICIAL_STREAM {"event": "RAW_READY", "condition": "q_R_g_RNT", "path": "/data/gaob/Re-ID/DeMo-DualAxis/runs/full_official_frozen_identity_anchor_m7_20261005/diagnosis/MSVR310_anchor_frequency_shared_fixed_s42/q_R_g_RNT/raw.npz", "file": {"bytes": 14937996, "sha256": "c969571186ddec3710b2b326bc535cf12694e00d68c7653bd662df06ef2a4e76"}, "installed_gt_cases": 6, "full11_exact": true}
OFFICIAL_STREAM {"event": "RAW_CLEARED", "condition": "q_R_g_RNT"}
OFFICIAL_STREAM {"event": "RAW_READY", "condition": "q_R_g_R", "path": "/data/gaob/Re-ID/DeMo-DualAxis/runs/full_official_frozen_identity_anchor_m7_20261005/diagnosis/MSVR310_anchor_frequency_shared_fixed_s42/q_R_g_R/raw.npz", "file": {"bytes": 15266040, "sha256": "32edb603a5722305431bb1635533ddc30c45765d06fad54e119c1936808ea2c5"}, "installed_gt_cases": 6, "full11_exact": true}
OFFICIAL_STREAM {"event": "RAW_CLEARED", "condition": "q_R_g_R"}
OFFICIAL_STREAM {"event": "RAW_READY", "condition": "q_R_g_N", "path": "/data/gaob/Re-ID/DeMo-DualAxis/runs/full_official_frozen_identity_anchor_m7_20261005/diagnosis/MSVR310_anchor_frequency_shared_fixed_s42/q_R_g_N/raw.npz", "file": {"bytes": 12851326, "sha256": "359a4820cf52abb4a07265cf40f99d5e7924dbd4a1f2f32d08d482cff1202db0"}, "installed_gt_cases": 6, "full11_exact": true}
OFFICIAL_STREAM {"event": "RAW_CLEARED", "condition": "q_R_g_N"}
OFFICIAL_STREAM {"event": "RAW_READY", "condition": "q_R_g_T", "path": "/data/gaob/Re-ID/DeMo-DualAxis/runs/full_official_frozen_identity_anchor_m7_20261005/diagnosis/MSVR310_anchor_frequency_shared_fixed_s42/q_R_g_T/raw.npz", "file": {"bytes": 12794176, "sha256": "588ab307b298642d00c88ceff26315bacaf705b33005d656b7e7f1556c9721d6"}, "installed_gt_cases": 6, "full11_exact": true}
OFFICIAL_STREAM {"event": "RAW_CLEARED", "condition": "q_R_g_T"}
OFFICIAL_STREAM {"event": "RAW_READY", "condition": "q_R_g_RN", "path": "/data/gaob/Re-ID/DeMo-DualAxis/runs/full_official_frozen_identity_anchor_m7_20261005/diagnosis/MSVR310_anchor_frequency_shared_fixed_s42/q_R_g_RN/raw.npz", "file": {"bytes": 15050267, "sha256": "fbed7e99dbede6c3c9b1d3a2ce521cedcc20a8201dbc2126a3130118ed4e7b14"}, "installed_gt_cases": 6, "full11_exact": true}
OFFICIAL_STREAM {"event": "RAW_CLEARED", "condition": "q_R_g_RN"}
OFFICIAL_STREAM {"event": "RAW_READY", "condition": "q_R_g_RT", "path": "/data/gaob/Re-ID/DeMo-DualAxis/runs/full_official_frozen_identity_anchor_m7_20261005/diagnosis/MSVR310_anchor_frequency_shared_fixed_s42/q_R_g_RT/raw.npz", "file": {"bytes": 15024157, "sha256": "4c110f3d917f312afbb013ae889df2b20764022d3a06623ec78ca5303bb0e17d"}, "installed_gt_cases": 6, "full11_exact": true}
OFFICIAL_STREAM {"event": "RAW_CLEARED", "condition": "q_R_g_RT"}
OFFICIAL_STREAM {"event": "RAW_READY", "condition": "q_R_g_NT", "path": "/data/gaob/Re-ID/DeMo-DualAxis/runs/full_official_frozen_identity_anchor_m7_20261005/diagnosis/MSVR310_anchor_frequency_shared_fixed_s42/q_R_g_NT/raw.npz", "file": {"bytes": 12853266, "sha256": "c6053f9eba8726270985a43c1e83caba2a8be58c4d8d71ec39ff509affb14816"}, "installed_gt_cases": 6, "full11_exact": true}
OFFICIAL_STREAM {"event": "RAW_CLEARED", "condition": "q_R_g_NT"}
OFFICIAL_STREAM {"event": "RAW_READY", "condition": "q_N_g_RNT", "path": "/data/gaob/Re-ID/DeMo-DualAxis/runs/full_official_frozen_identity_anchor_m7_20261005/diagnosis/MSVR310_anchor_frequency_shared_fixed_s42/q_N_g_RNT/raw.npz", "file": {"bytes": 14943600, "sha256": "d4b461d08496b804cecdd16d226d81a92e99dffd690ec39db1cfaf8409a603c1"}, "installed_gt_cases": 6, "full11_exact": true}
OFFICIAL_STREAM {"event": "RAW_CLEARED", "condition": "q_N_g_RNT"}
OFFICIAL_STREAM {"event": "RAW_READY", "condition": "q_N_g_R", "path": "/data/gaob/Re-ID/DeMo-DualAxis/runs/full_official_frozen_identity_anchor_m7_20261005/diagnosis/MSVR310_anchor_frequency_shared_fixed_s42/q_N_g_R/raw.npz", "file": {"bytes": 12875991, "sha256": "69c523b899f9bdae579e3e4a7fb5c3a284980e993ca036bc0ca843f70df85e20"}, "installed_gt_cases": 6, "full11_exact": true}
OFFICIAL_STREAM {"event": "RAW_CLEARED", "condition": "q_N_g_R"}
OFFICIAL_STREAM {"event": "RAW_READY", "condition": "q_N_g_N", "path": "/data/gaob/Re-ID/DeMo-DualAxis/runs/full_official_frozen_identity_anchor_m7_20261005/diagnosis/MSVR310_anchor_frequency_shared_fixed_s42/q_N_g_N/raw.npz", "file": {"bytes": 15289784, "sha256": "c59fd1b29f84672c392f2c55b7b7dcb025e7c59dd7bfccfa872f0cf7006033c8"}, "installed_gt_cases": 6, "full11_exact": true}
OFFICIAL_STREAM {"event": "RAW_CLEARED", "condition": "q_N_g_N"}
OFFICIAL_STREAM {"event": "RAW_READY", "condition": "q_N_g_T", "path": "/data/gaob/Re-ID/DeMo-DualAxis/runs/full_official_frozen_identity_anchor_m7_20261005/diagnosis/MSVR310_anchor_frequency_shared_fixed_s42/q_N_g_T/raw.npz", "file": {"bytes": 12828266, "sha256": "d6cfcf8c703a980f7e8e36efda23169692f49de89644b2d66d70fa987a1fe0d5"}, "installed_gt_cases": 6, "full11_exact": true}
OFFICIAL_STREAM {"event": "RAW_CLEARED", "condition": "q_N_g_T"}
OFFICIAL_STREAM {"event": "RAW_READY", "condition": "q_N_g_RN", "path": "/data/gaob/Re-ID/DeMo-DualAxis/runs/full_official_frozen_identity_anchor_m7_20261005/diagnosis/MSVR310_anchor_frequency_shared_fixed_s42/q_N_g_RN/raw.npz", "file": {"bytes": 15023022, "sha256": "17b52fc3ad57bd036797f17076dafe0d7c98338f32cad27707e8b69d0c28127d"}, "installed_gt_cases": 6, "full11_exact": true}
OFFICIAL_STREAM {"event": "RAW_CLEARED", "condition": "q_N_g_RN"}
OFFICIAL_STREAM {"event": "RAW_READY", "condition": "q_N_g_RT", "path": "/data/gaob/Re-ID/DeMo-DualAxis/runs/full_official_frozen_identity_anchor_m7_20261005/diagnosis/MSVR310_anchor_frequency_shared_fixed_s42/q_N_g_RT/raw.npz", "file": {"bytes": 12881500, "sha256": "ea2b2dae4389ef11db69aa8a54b32d247b032a134e9fdb137abaa0789df484cf"}, "installed_gt_cases": 6, "full11_exact": true}
OFFICIAL_STREAM {"event": "RAW_CLEARED", "condition": "q_N_g_RT"}
OFFICIAL_STREAM {"event": "RAW_READY", "condition": "q_N_g_NT", "path": "/data/gaob/Re-ID/DeMo-DualAxis/runs/full_official_frozen_identity_anchor_m7_20261005/diagnosis/MSVR310_anchor_frequency_shared_fixed_s42/q_N_g_NT/raw.npz", "file": {"bytes": 15077302, "sha256": "d86bd0287c26ae7b025b4146cbfffb6fa49b0b3d5813d5d83f187ca03352b9da"}, "installed_gt_cases": 6, "full11_exact": true}
OFFICIAL_STREAM {"event": "RAW_CLEARED", "condition": "q_N_g_NT"}
OFFICIAL_STREAM {"event": "RAW_READY", "condition": "q_T_g_RNT", "path": "/data/gaob/Re-ID/DeMo-DualAxis/runs/full_official_frozen_identity_anchor_m7_20261005/diagnosis/MSVR310_anchor_frequency_shared_fixed_s42/q_T_g_RNT/raw.npz", "file": {"bytes": 14761530, "sha256": "15fb091ac3c5fdbd6bda2a2f6c28ff9486e0ffd51451d12e2dfffad2c76683b2"}, "installed_gt_cases": 6, "full11_exact": true}
OFFICIAL_STREAM {"event": "RAW_CLEARED", "condition": "q_T_g_RNT"}
OFFICIAL_STREAM {"event": "RAW_READY", "condition": "q_T_g_R", "path": "/data/gaob/Re-ID/DeMo-DualAxis/runs/full_official_frozen_identity_anchor_m7_20261005/diagnosis/MSVR310_anchor_frequency_shared_fixed_s42/q_T_g_R/raw.npz", "file": {"bytes": 12820101, "sha256": "abbdcc224d3d0f89dfc7939d81cf2e82331ef91eb98472c3f031ad75ff0f7a7c"}, "installed_gt_cases": 6, "full11_exact": true}
OFFICIAL_STREAM {"event": "RAW_CLEARED", "condition": "q_T_g_R"}
OFFICIAL_STREAM {"event": "RAW_READY", "condition": "q_T_g_N", "path": "/data/gaob/Re-ID/DeMo-DualAxis/runs/full_official_frozen_identity_anchor_m7_20261005/diagnosis/MSVR310_anchor_frequency_shared_fixed_s42/q_T_g_N/raw.npz", "file": {"bytes": 12837237, "sha256": "a2773bfcaced7c9e901cfcabb13893e4fcae4c549f6963fda388d4aa68ee2a6e"}, "installed_gt_cases": 6, "full11_exact": true}
OFFICIAL_STREAM {"event": "RAW_CLEARED", "condition": "q_T_g_N"}
OFFICIAL_STREAM {"event": "RAW_READY", "condition": "q_T_g_T", "path": "/data/gaob/Re-ID/DeMo-DualAxis/runs/full_official_frozen_identity_anchor_m7_20261005/diagnosis/MSVR310_anchor_frequency_shared_fixed_s42/q_T_g_T/raw.npz", "file": {"bytes": 15132428, "sha256": "f351dcd55a70d2b34943b6862b8152bee4bd0bf00599684721ca584320ca2cc6"}, "installed_gt_cases": 6, "full11_exact": true}
OFFICIAL_STREAM {"event": "RAW_CLEARED", "condition": "q_T_g_T"}
OFFICIAL_STREAM {"event": "RAW_READY", "condition": "q_T_g_RN", "path": "/data/gaob/Re-ID/DeMo-DualAxis/runs/full_official_frozen_identity_anchor_m7_20261005/diagnosis/MSVR310_anchor_frequency_shared_fixed_s42/q_T_g_RN/raw.npz", "file": {"bytes": 12840435, "sha256": "72e54639b86cc099b3159af1565551c0e13cc37532e99858988b979c4dd23824"}, "installed_gt_cases": 6, "full11_exact": true}
OFFICIAL_STREAM {"event": "RAW_CLEARED", "condition": "q_T_g_RN"}
OFFICIAL_STREAM {"event": "RAW_READY", "condition": "q_T_g_RT", "path": "/data/gaob/Re-ID/DeMo-DualAxis/runs/full_official_frozen_identity_anchor_m7_20261005/diagnosis/MSVR310_anchor_frequency_shared_fixed_s42/q_T_g_RT/raw.npz", "file": {"bytes": 14858042, "sha256": "e3993728962ec71595246489cb6dd03237c9bff5fcc24e724dd41c809fdaed88"}, "installed_gt_cases": 6, "full11_exact": true}
OFFICIAL_STREAM {"event": "RAW_CLEARED", "condition": "q_T_g_RT"}
OFFICIAL_STREAM {"event": "RAW_READY", "condition": "q_T_g_NT", "path": "/data/gaob/Re-ID/DeMo-DualAxis/runs/full_official_frozen_identity_anchor_m7_20261005/diagnosis/MSVR310_anchor_frequency_shared_fixed_s42/q_T_g_NT/raw.npz", "file": {"bytes": 14845664, "sha256": "9c755b95fd431a3782e1ca9ba278751dece0b49cc2cebbe85134b351cf83591c"}, "installed_gt_cases": 6, "full11_exact": true}
OFFICIAL_STREAM {"event": "RAW_CLEARED", "condition": "q_T_g_NT"}
OFFICIAL_STREAM {"event": "RAW_READY", "condition": "q_RN_g_RNT", "path": "/data/gaob/Re-ID/DeMo-DualAxis/runs/full_official_frozen_identity_anchor_m7_20261005/diagnosis/MSVR310_anchor_frequency_shared_fixed_s42/q_RN_g_RNT/raw.npz", "file": {"bytes": 14958289, "sha256": "8e1c18c50e15848b9f73644603093c34a5da3d25ed0fbf57064d74d8198e6cf9"}, "installed_gt_cases": 6, "full11_exact": true}
OFFICIAL_STREAM {"event": "RAW_CLEARED", "condition": "q_RN_g_RNT"}
OFFICIAL_STREAM {"event": "RAW_READY", "condition": "q_RN_g_R", "path": "/data/gaob/Re-ID/DeMo-DualAxis/runs/full_official_frozen_identity_anchor_m7_20261005/diagnosis/MSVR310_anchor_frequency_shared_fixed_s42/q_RN_g_R/raw.npz", "file": {"bytes": 15054223, "sha256": "1bb1a3491196fcebb3a50930bb4782840cc1f91ab541e729a6f6bab64b7127d4"}, "installed_gt_cases": 6, "full11_exact": true}
OFFICIAL_STREAM {"event": "RAW_CLEARED", "condition": "q_RN_g_R"}
OFFICIAL_STREAM {"event": "RAW_READY", "condition": "q_RN_g_N", "path": "/data/gaob/Re-ID/DeMo-DualAxis/runs/full_official_frozen_identity_anchor_m7_20261005/diagnosis/MSVR310_anchor_frequency_shared_fixed_s42/q_RN_g_N/raw.npz", "file": {"bytes": 15017710, "sha256": "ed3e33c152bfb6ada13535974dbdb7bcd749ade38a152140cff5959bbb559ef8"}, "installed_gt_cases": 6, "full11_exact": true}
OFFICIAL_STREAM {"event": "RAW_CLEARED", "condition": "q_RN_g_N"}
OFFICIAL_STREAM {"event": "RAW_READY", "condition": "q_RN_g_T", "path": "/data/gaob/Re-ID/DeMo-DualAxis/runs/full_official_frozen_identity_anchor_m7_20261005/diagnosis/MSVR310_anchor_frequency_shared_fixed_s42/q_RN_g_T/raw.npz", "file": {"bytes": 12819778, "sha256": "44ce317b7451ca038fa2e3aaa376d433dac29766469885639e016ceede708e6c"}, "installed_gt_cases": 6, "full11_exact": true}
OFFICIAL_STREAM {"event": "RAW_CLEARED", "condition": "q_RN_g_T"}
OFFICIAL_STREAM {"event": "RAW_READY", "condition": "q_RN_g_RN", "path": "/data/gaob/Re-ID/DeMo-DualAxis/runs/full_official_frozen_identity_anchor_m7_20261005/diagnosis/MSVR310_anchor_frequency_shared_fixed_s42/q_RN_g_RN/raw.npz", "file": {"bytes": 15020409, "sha256": "ee815cf6a77f79e80752c8661775d180f3419188a2a96d4c46a65500bc0cf620"}, "installed_gt_cases": 6, "full11_exact": true}
OFFICIAL_STREAM {"event": "RAW_CLEARED", "condition": "q_RN_g_RN"}
OFFICIAL_STREAM {"event": "RAW_READY", "condition": "q_RN_g_RT", "path": "/data/gaob/Re-ID/DeMo-DualAxis/runs/full_official_frozen_identity_anchor_m7_20261005/diagnosis/MSVR310_anchor_frequency_shared_fixed_s42/q_RN_g_RT/raw.npz", "file": {"bytes": 14947692, "sha256": "49d1cf5fe79cf644f1a36fd1b67894126382cce49b7920c0fdc77d5160eeb9c5"}, "installed_gt_cases": 6, "full11_exact": true}
OFFICIAL_STREAM {"event": "RAW_CLEARED", "condition": "q_RN_g_RT"}
OFFICIAL_STREAM {"event": "RAW_READY", "condition": "q_RN_g_NT", "path": "/data/gaob/Re-ID/DeMo-DualAxis/runs/full_official_frozen_identity_anchor_m7_20261005/diagnosis/MSVR310_anchor_frequency_shared_fixed_s42/q_RN_g_NT/raw.npz", "file": {"bytes": 14950379, "sha256": "1b48ecdd0e5fe17663b442d713daa2135962c0da91f641764a939724941370ea"}, "installed_gt_cases": 6, "full11_exact": true}
OFFICIAL_STREAM {"event": "RAW_CLEARED", "condition": "q_RN_g_NT"}
OFFICIAL_STREAM {"event": "RAW_READY", "condition": "q_RT_g_RNT", "path": "/data/gaob/Re-ID/DeMo-DualAxis/runs/full_official_frozen_identity_anchor_m7_20261005/diagnosis/MSVR310_anchor_frequency_shared_fixed_s42/q_RT_g_RNT/raw.npz", "file": {"bytes": 14880069, "sha256": "6cc63502032d869c43434deb68d3fe8e8f77edf9af1bb086aaadb586e8e757f1"}, "installed_gt_cases": 6, "full11_exact": true}
OFFICIAL_STREAM {"event": "RAW_CLEARED", "condition": "q_RT_g_RNT"}
OFFICIAL_STREAM {"event": "RAW_READY", "condition": "q_RT_g_R", "path": "/data/gaob/Re-ID/DeMo-DualAxis/runs/full_official_frozen_identity_anchor_m7_20261005/diagnosis/MSVR310_anchor_frequency_shared_fixed_s42/q_RT_g_R/raw.npz", "file": {"bytes": 15036353, "sha256": "17af319406889b6d8e375579b25b6ee73c508c32f2d89ee2d2ddc2956c4a62ca"}, "installed_gt_cases": 6, "full11_exact": true}
OFFICIAL_STREAM {"event": "RAW_CLEARED", "condition": "q_RT_g_R"}
OFFICIAL_STREAM {"event": "RAW_READY", "condition": "q_RT_g_N", "path": "/data/gaob/Re-ID/DeMo-DualAxis/runs/full_official_frozen_identity_anchor_m7_20261005/diagnosis/MSVR310_anchor_frequency_shared_fixed_s42/q_RT_g_N/raw.npz", "file": {"bytes": 12868627, "sha256": "21c35c8a041f8effa402b10da8cfeb614857b46febd077d719197a4c95a0e16f"}, "installed_gt_cases": 6, "full11_exact": true}
OFFICIAL_STREAM {"event": "RAW_CLEARED", "condition": "q_RT_g_N"}
OFFICIAL_STREAM {"event": "RAW_READY", "condition": "q_RT_g_T", "path": "/data/gaob/Re-ID/DeMo-DualAxis/runs/full_official_frozen_identity_anchor_m7_20261005/diagnosis/MSVR310_anchor_frequency_shared_fixed_s42/q_RT_g_T/raw.npz", "file": {"bytes": 14849989, "sha256": "7b9fce5440035ca57eaa54a4c6f0da9943593737c3558c3db2e39a8e8c038a4c"}, "installed_gt_cases": 6, "full11_exact": true}
OFFICIAL_STREAM {"event": "RAW_CLEARED", "condition": "q_RT_g_T"}
OFFICIAL_STREAM {"event": "RAW_READY", "condition": "q_RT_g_RN", "path": "/data/gaob/Re-ID/DeMo-DualAxis/runs/full_official_frozen_identity_anchor_m7_20261005/diagnosis/MSVR310_anchor_frequency_shared_fixed_s42/q_RT_g_RN/raw.npz", "file": {"bytes": 14952988, "sha256": "9f4933a12d71883e14d1b63feb97d5e8b2e8ccdfa56a55c924ff678c9cdbeac2"}, "installed_gt_cases": 6, "full11_exact": true}
OFFICIAL_STREAM {"event": "RAW_CLEARED", "condition": "q_RT_g_RN"}
OFFICIAL_STREAM {"event": "RAW_READY", "condition": "q_RT_g_RT", "path": "/data/gaob/Re-ID/DeMo-DualAxis/runs/full_official_frozen_identity_anchor_m7_20261005/diagnosis/MSVR310_anchor_frequency_shared_fixed_s42/q_RT_g_RT/raw.npz", "file": {"bytes": 14955782, "sha256": "4253d5853e28bc68a4512e4d4aed0a088fbcf338407e11925fbf07953e4ade06"}, "installed_gt_cases": 6, "full11_exact": true}
OFFICIAL_STREAM {"event": "RAW_CLEARED", "condition": "q_RT_g_RT"}
OFFICIAL_STREAM {"event": "RAW_READY", "condition": "q_RT_g_NT", "path": "/data/gaob/Re-ID/DeMo-DualAxis/runs/full_official_frozen_identity_anchor_m7_20261005/diagnosis/MSVR310_anchor_frequency_shared_fixed_s42/q_RT_g_NT/raw.npz", "file": {"bytes": 14745876, "sha256": "5ee22e109e0d03c558a099de823857fdaed0675fc78f810351200cc1559372dd"}, "installed_gt_cases": 6, "full11_exact": true}
OFFICIAL_STREAM {"event": "RAW_CLEARED", "condition": "q_RT_g_NT"}
OFFICIAL_STREAM {"event": "RAW_READY", "condition": "q_NT_g_RNT", "path": "/data/gaob/Re-ID/DeMo-DualAxis/runs/full_official_frozen_identity_anchor_m7_20261005/diagnosis/MSVR310_anchor_frequency_shared_fixed_s42/q_NT_g_RNT/raw.npz", "file": {"bytes": 14857696, "sha256": "420329633c0d7f78fab9607f521483c394ab35ab7cbcfb939f75575a2737faf1"}, "installed_gt_cases": 6, "full11_exact": true}
OFFICIAL_STREAM {"event": "RAW_CLEARED", "condition": "q_NT_g_RNT"}
OFFICIAL_STREAM {"event": "RAW_READY", "condition": "q_NT_g_R", "path": "/data/gaob/Re-ID/DeMo-DualAxis/runs/full_official_frozen_identity_anchor_m7_20261005/diagnosis/MSVR310_anchor_frequency_shared_fixed_s42/q_NT_g_R/raw.npz", "file": {"bytes": 12877564, "sha256": "fb6ad6619decf0a2753128e91919f76703dc21702fc89c7df69bc0e17c5a8e80"}, "installed_gt_cases": 6, "full11_exact": true}
OFFICIAL_STREAM {"event": "RAW_CLEARED", "condition": "q_NT_g_R"}
OFFICIAL_STREAM {"event": "RAW_READY", "condition": "q_NT_g_N", "path": "/data/gaob/Re-ID/DeMo-DualAxis/runs/full_official_frozen_identity_anchor_m7_20261005/diagnosis/MSVR310_anchor_frequency_shared_fixed_s42/q_NT_g_N/raw.npz", "file": {"bytes": 15083101, "sha256": "7d700c07b556bcf8ead1d6797cd349705846491d4bb5b0e3ab4d61cf7fbe0d1d"}, "installed_gt_cases": 6, "full11_exact": true}
OFFICIAL_STREAM {"event": "RAW_CLEARED", "condition": "q_NT_g_N"}
OFFICIAL_STREAM {"event": "RAW_READY", "condition": "q_NT_g_T", "path": "/data/gaob/Re-ID/DeMo-DualAxis/runs/full_official_frozen_identity_anchor_m7_20261005/diagnosis/MSVR310_anchor_frequency_shared_fixed_s42/q_NT_g_T/raw.npz", "file": {"bytes": 14843350, "sha256": "6dfba748cb975e4e586be1aeb4b63bcdb64d17e1c89cd7cfd8d50d7522aab0a5"}, "installed_gt_cases": 6, "full11_exact": true}
OFFICIAL_STREAM {"event": "RAW_CLEARED", "condition": "q_NT_g_T"}
OFFICIAL_STREAM {"event": "RAW_READY", "condition": "q_NT_g_RN", "path": "/data/gaob/Re-ID/DeMo-DualAxis/runs/full_official_frozen_identity_anchor_m7_20261005/diagnosis/MSVR310_anchor_frequency_shared_fixed_s42/q_NT_g_RN/raw.npz", "file": {"bytes": 14959408, "sha256": "ec5cf8662d539a54eb3fde132ffeae871f329923b7174c026c6788060f6d2669"}, "installed_gt_cases": 6, "full11_exact": true}
OFFICIAL_STREAM {"event": "RAW_CLEARED", "condition": "q_NT_g_RN"}
OFFICIAL_STREAM {"event": "RAW_READY", "condition": "q_NT_g_RT", "path": "/data/gaob/Re-ID/DeMo-DualAxis/runs/full_official_frozen_identity_anchor_m7_20261005/diagnosis/MSVR310_anchor_frequency_shared_fixed_s42/q_NT_g_RT/raw.npz", "file": {"bytes": 14758993, "sha256": "2fd08f329b159c62a601286d8fbb927da8f6223f51c4516a0e8e3ebff0f2dfe8"}, "installed_gt_cases": 6, "full11_exact": true}
OFFICIAL_STREAM {"event": "RAW_CLEARED", "condition": "q_NT_g_RT"}
OFFICIAL_STREAM {"event": "RAW_READY", "condition": "q_NT_g_NT", "path": "/data/gaob/Re-ID/DeMo-DualAxis/runs/full_official_frozen_identity_anchor_m7_20261005/diagnosis/MSVR310_anchor_frequency_shared_fixed_s42/q_NT_g_NT/raw.npz", "file": {"bytes": 14965624, "sha256": "35deaaa57205df15f9e80c1b3d09767b18dd916ec1b3cd4158dadc14b002dfaf"}, "installed_gt_cases": 6, "full11_exact": true}
OFFICIAL_STREAM {"event": "RAW_CLEARED", "condition": "q_NT_g_NT"}
OFFICIAL_STREAM {"event": "DIAGNOSIS_COMPLETE", "cases": 294, "conditions": 49, "neural_inference": true, "optimizer_updates": 0}
