/data/gaob/Re-ID/conda-envs/tri_reid/lib/python3.10/site-packages/timm/models/helpers.py:7: FutureWarning: Importing from timm.models.helpers is deprecated, please import via timm.models
  warnings.warn(f"Importing from {__name__} is deprecated, please import via timm.models", FutureWarning)
/data/gaob/Re-ID/conda-envs/tri_reid/lib/python3.10/site-packages/timm/models/registry.py:4: FutureWarning: Importing from timm.models.registry is deprecated, please import via timm.models
  warnings.warn(f"Importing from {__name__} is deprecated, please import via timm.models", FutureWarning)
/data/gaob/Re-ID/conda-envs/tri_reid/lib/python3.10/site-packages/timm/models/layers/__init__.py:48: FutureWarning: Importing from timm.models.layers is deprecated, please import via timm.layers
  warnings.warn(f"Importing from {__name__} is deprecated, please import via timm.layers", FutureWarning)
using Transformer_type: ViT-B-16 as a backbone
Resized position embedding: %s to %s torch.Size([197, 768]) torch.Size([129, 768])
Position embedding resize to height:16 width: 8
Successfully load ckpt!
<All keys matched successfully>
Loading pretrained model from CLIP
camera number is : 4
DEVELOPMENT_MISSING_CONDITION clean {"mAP": 67.42877771422935, "mINP": 53.50132826181071, "Rank-1": 67.63636363636364, "Rank-5": 79.63636363636364, "Rank-10": 85.57575757575758, "Rank-20": 91.75757575757576}
DEVELOPMENT_MISSING_CONDITION both_missing_r {"mAP": 50.25394824867425, "mINP": 37.9418094475021, "Rank-1": 48.24242424242424, "Rank-5": 63.15151515151515, "Rank-10": 72.12121212121212, "Rank-20": 83.63636363636363}
DEVELOPMENT_MISSING_CONDITION query_missing_r {"mAP": 46.09398620763122, "mINP": 32.73068306891136, "Rank-1": 46.303030303030305, "Rank-5": 60.484848484848484, "Rank-10": 68.24242424242424, "Rank-20": 76.0}
DEVELOPMENT_MISSING_CONDITION both_missing_n {"mAP": 53.37123931482747, "mINP": 41.56767445953384, "Rank-1": 54.18181818181819, "Rank-5": 67.27272727272727, "Rank-10": 74.18181818181819, "Rank-20": 84.84848484848484}
DEVELOPMENT_MISSING_CONDITION query_missing_n {"mAP": 49.34725082486653, "mINP": 38.862115364192285, "Rank-1": 46.909090909090914, "Rank-5": 62.787878787878796, "Rank-10": 71.63636363636363, "Rank-20": 80.72727272727272}
DEVELOPMENT_MISSING_CONDITION both_missing_t {"mAP": 50.742141131114515, "mINP": 36.954210612215235, "Rank-1": 52.121212121212125, "Rank-5": 64.48484848484848, "Rank-10": 71.03030303030303, "Rank-20": 81.57575757575758}
DEVELOPMENT_MISSING_CONDITION query_missing_t {"mAP": 45.50781723842795, "mINP": 33.90415455875205, "Rank-1": 42.06060606060606, "Rank-5": 57.333333333333336, "Rank-10": 66.78787878787878, "Rank-20": 76.72727272727272}
DEVELOPMENT_MISSING_CONDITION both_missing_rn {"mAP": 25.534473465324975, "mINP": 18.206315317774763, "Rank-1": 20.12121212121212, "Rank-5": 36.60606060606061, "Rank-10": 45.57575757575758, "Rank-20": 58.3030303030303}
DEVELOPMENT_MISSING_CONDITION query_missing_rn {"mAP": 22.335186734460898, "mINP": 16.34399269846429, "Rank-1": 18.545454545454547, "Rank-5": 26.181818181818183, "Rank-10": 33.45454545454545, "Rank-20": 42.78787878787879}
DEVELOPMENT_MISSING_CONDITION both_missing_rt {"mAP": 27.79319373763905, "mINP": 17.333816134198184, "Rank-1": 25.454545454545453, "Rank-5": 43.515151515151516, "Rank-10": 53.81818181818182, "Rank-20": 65.57575757575758}
DEVELOPMENT_MISSING_CONDITION query_missing_rt {"mAP": 19.509703308242212, "mINP": 12.010940733566189, "Rank-1": 16.363636363636363, "Rank-5": 32.6060606060606, "Rank-10": 37.45454545454546, "Rank-20": 45.45454545454545}
DEVELOPMENT_MISSING_CONDITION both_missing_nt {"mAP": 36.832448161179926, "mINP": 27.027685811168045, "Rank-1": 36.24242424242424, "Rank-5": 52.48484848484849, "Rank-10": 57.45454545454546, "Rank-20": 65.2121212121212}
DEVELOPMENT_MISSING_CONDITION query_missing_nt {"mAP": 28.565174003076592, "mINP": 21.51829241608895, "Rank-1": 24.363636363636363, "Rank-5": 37.93939393939394, "Rank-10": 44.96969696969697, "Rank-20": 52.24242424242425}
