/data2/gb/Re-ID/conda-envs/tri_reid/lib/python3.10/site-packages/timm/models/helpers.py:7: FutureWarning: Importing from timm.models.helpers is deprecated, please import via timm.models
  warnings.warn(f"Importing from {__name__} is deprecated, please import via timm.models", FutureWarning)
/data2/gb/Re-ID/conda-envs/tri_reid/lib/python3.10/site-packages/timm/models/registry.py:4: FutureWarning: Importing from timm.models.registry is deprecated, please import via timm.models
  warnings.warn(f"Importing from {__name__} is deprecated, please import via timm.models", FutureWarning)
/data2/gb/Re-ID/conda-envs/tri_reid/lib/python3.10/site-packages/timm/models/layers/__init__.py:48: FutureWarning: Importing from timm.models.layers is deprecated, please import via timm.layers
  warnings.warn(f"Importing from {__name__} is deprecated, please import via timm.layers", FutureWarning)
using Transformer_type: ViT-B-16 as a backbone
Resized position embedding: %s to %s torch.Size([197, 768]) torch.Size([129, 768])
Position embedding resize to height:16 width: 8
Successfully load ckpt!
<All keys matched successfully>
Loading pretrained model from CLIP
camera number is : 4
MISSING_CONDITION clean {"mAP": 39.29653197455368, "mINP": 29.423396484094376, "Rank-1": 39.952153110047846, "Rank-5": 51.794258373205736, "Rank-10": 61.1244019138756, "Rank-20": 70.57416267942584}
MISSING_CONDITION both_missing_r {"mAP": 30.114591707535688, "mINP": 21.708441531421744, "Rank-1": 28.4688995215311, "Rank-5": 41.74641148325359, "Rank-10": 49.760765550239235, "Rank-20": 58.49282296650718}
MISSING_CONDITION query_missing_r {"mAP": 28.99938129193182, "mINP": 20.273253627788932, "Rank-1": 29.30622009569378, "Rank-5": 41.26794258373206, "Rank-10": 50.119617224880386, "Rank-20": 61.602870813397125}
MISSING_CONDITION both_missing_n {"mAP": 31.054686445246894, "mINP": 24.610569248499235, "Rank-1": 28.4688995215311, "Rank-5": 40.430622009569376, "Rank-10": 47.00956937799043, "Rank-20": 57.77511961722488}
MISSING_CONDITION query_missing_n {"mAP": 30.133391889184825, "mINP": 24.679851031499005, "Rank-1": 27.751196172248804, "Rank-5": 36.483253588516746, "Rank-10": 41.985645933014354, "Rank-20": 51.674641148325364}
MISSING_CONDITION both_missing_t {"mAP": 29.31498933318013, "mINP": 19.66361162009332, "Rank-1": 27.990430622009573, "Rank-5": 40.430622009569376, "Rank-10": 48.5645933014354, "Rank-20": 60.16746411483253}
MISSING_CONDITION query_missing_t {"mAP": 24.68681715622537, "mINP": 18.230944036679404, "Rank-1": 23.205741626794257, "Rank-5": 30.980861244019138, "Rank-10": 36.961722488038276, "Rank-20": 44.61722488038278}
MISSING_CONDITION both_missing_rn {"mAP": 21.207485888603614, "mINP": 15.247490126267135, "Rank-1": 19.736842105263158, "Rank-5": 28.349282296650717, "Rank-10": 33.97129186602871, "Rank-20": 42.10526315789473}
MISSING_CONDITION query_missing_rn {"mAP": 20.717833344158823, "mINP": 14.395585622402649, "Rank-1": 20.095693779904305, "Rank-5": 27.392344497607656, "Rank-10": 33.85167464114833, "Rank-20": 42.3444976076555}
MISSING_CONDITION both_missing_rt {"mAP": 16.521934903600897, "mINP": 11.396633872100367, "Rank-1": 15.550239234449762, "Rank-5": 26.913875598086122, "Rank-10": 34.688995215311, "Rank-20": 47.368421052631575}
MISSING_CONDITION query_missing_rt {"mAP": 11.91483530537787, "mINP": 8.320514029718382, "Rank-1": 8.851674641148326, "Rank-5": 16.507177033492823, "Rank-10": 19.85645933014354, "Rank-20": 27.631578947368425}
MISSING_CONDITION both_missing_nt {"mAP": 19.7018315382727, "mINP": 13.521738452649446, "Rank-1": 16.507177033492823, "Rank-5": 25.837320574162682, "Rank-10": 31.9377990430622, "Rank-20": 42.3444976076555}
MISSING_CONDITION query_missing_nt {"mAP": 17.044488817865446, "mINP": 13.767358204399407, "Rank-1": 11.961722488038278, "Rank-5": 23.56459330143541, "Rank-10": 28.588516746411486, "Rank-20": 35.16746411483253}
