/data2/gb/Re-ID/conda-envs/tri_reid/lib/python3.10/site-packages/timm/models/helpers.py:7: FutureWarning: Importing from timm.models.helpers is deprecated, please import via timm.models
  warnings.warn(f"Importing from {__name__} is deprecated, please import via timm.models", FutureWarning)
/data2/gb/Re-ID/conda-envs/tri_reid/lib/python3.10/site-packages/timm/models/registry.py:4: FutureWarning: Importing from timm.models.registry is deprecated, please import via timm.models
  warnings.warn(f"Importing from {__name__} is deprecated, please import via timm.models", FutureWarning)
/data2/gb/Re-ID/conda-envs/tri_reid/lib/python3.10/site-packages/timm/models/layers/__init__.py:48: FutureWarning: Importing from timm.models.layers is deprecated, please import via timm.layers
  warnings.warn(f"Importing from {__name__} is deprecated, please import via timm.layers", FutureWarning)
using Transformer_type: ViT-B-16 as a backbone
Resized position embedding: %s to %s torch.Size([197, 768]) torch.Size([129, 768])
Position embedding resize to height:16 width: 8
Successfully load ckpt!
<All keys matched successfully>
Loading pretrained model from CLIP
camera number is : 4
===========Building DeMo===========
MISSING_CONDITION clean {"mAP": 38.571801522185595, "mINP": 27.85557600945362, "Rank-1": 37.79904306220095, "Rank-5": 51.91387559808612, "Rank-10": 61.72248803827751, "Rank-20": 73.20574162679426}
MISSING_CONDITION both_missing_r {"mAP": 35.16452327884229, "mINP": 25.6870020666097, "Rank-1": 35.16746411483253, "Rank-5": 46.05263157894737, "Rank-10": 54.186602870813395, "Rank-20": 64.11483253588517}
MISSING_CONDITION query_missing_r {"mAP": 35.31612572133545, "mINP": 25.713786835855807, "Rank-1": 35.645933014354064, "Rank-5": 48.92344497607656, "Rank-10": 54.186602870813395, "Rank-20": 62.91866028708134}
MISSING_CONDITION both_missing_n {"mAP": 31.269468036226733, "mINP": 22.975470155246086, "Rank-1": 27.033492822966508, "Rank-5": 41.26794258373206, "Rank-10": 48.803827751196174, "Rank-20": 62.08133971291866}
MISSING_CONDITION query_missing_n {"mAP": 29.542540769613662, "mINP": 20.379897552733723, "Rank-1": 29.784688995215312, "Rank-5": 39.952153110047846, "Rank-10": 47.368421052631575, "Rank-20": 57.535885167464116}
MISSING_CONDITION both_missing_t {"mAP": 23.22630649142432, "mINP": 15.993082576616716, "Rank-1": 19.736842105263158, "Rank-5": 33.37320574162679, "Rank-10": 41.26794258373206, "Rank-20": 52.63157894736842}
MISSING_CONDITION query_missing_t {"mAP": 21.623093294336293, "mINP": 15.94422893763994, "Rank-1": 20.334928229665074, "Rank-5": 28.4688995215311, "Rank-10": 33.49282296650718, "Rank-20": 44.01913875598086}
MISSING_CONDITION both_missing_rn {"mAP": 25.50941856258039, "mINP": 18.015281395839942, "Rank-1": 25.837320574162682, "Rank-5": 35.88516746411483, "Rank-10": 43.301435406698566, "Rank-20": 51.91387559808612}
MISSING_CONDITION query_missing_rn {"mAP": 24.29135629427951, "mINP": 16.666596529231523, "Rank-1": 21.770334928229666, "Rank-5": 33.49282296650718, "Rank-10": 39.354066985645936, "Rank-20": 48.32535885167464}
MISSING_CONDITION both_missing_rt {"mAP": 16.43592844984126, "mINP": 11.249634077066622, "Rank-1": 14.23444976076555, "Rank-5": 24.641148325358852, "Rank-10": 32.77511961722488, "Rank-20": 44.73684210526316}
MISSING_CONDITION query_missing_rt {"mAP": 13.116485171884614, "mINP": 8.475023859553806, "Rank-1": 11.722488038277511, "Rank-5": 19.85645933014354, "Rank-10": 25.717703349282296, "Rank-20": 31.9377990430622}
MISSING_CONDITION both_missing_nt {"mAP": 14.67677865510123, "mINP": 9.863480480158895, "Rank-1": 13.277511961722489, "Rank-5": 23.56459330143541, "Rank-10": 29.665071770334926, "Rank-20": 38.27751196172249}
MISSING_CONDITION query_missing_nt {"mAP": 10.980604000673692, "mINP": 7.566306826165409, "Rank-1": 7.29665071770335, "Rank-5": 11.124401913875598, "Rank-10": 15.909090909090908, "Rank-20": 26.19617224880383}
