/data/gaob/Re-ID/conda-envs/tri_reid/lib/python3.10/site-packages/timm/models/helpers.py:7: FutureWarning: Importing from timm.models.helpers is deprecated, please import via timm.models
  warnings.warn(f"Importing from {__name__} is deprecated, please import via timm.models", FutureWarning)
/data/gaob/Re-ID/conda-envs/tri_reid/lib/python3.10/site-packages/timm/models/registry.py:4: FutureWarning: Importing from timm.models.registry is deprecated, please import via timm.models
  warnings.warn(f"Importing from {__name__} is deprecated, please import via timm.models", FutureWarning)
/data/gaob/Re-ID/conda-envs/tri_reid/lib/python3.10/site-packages/timm/models/layers/__init__.py:48: FutureWarning: Importing from timm.models.layers is deprecated, please import via timm.layers
  warnings.warn(f"Importing from {__name__} is deprecated, please import via timm.layers", FutureWarning)
using Transformer_type: ViT-B-16 as a backbone
Resized position embedding: %s to %s torch.Size([197, 768]) torch.Size([129, 768])
Position embedding resize to height:8 width: 16
Successfully load ckpt!
<All keys matched successfully>
Loading pretrained model from CLIP
camera number is : 8
DEVELOPMENT_MISSING_CONDITION clean {"mAP": 46.66963422004672, "mINP": 32.29288773651782, "Rank-1": 60.476190476190474, "Rank-5": 69.04761904761905, "Rank-10": 74.28571428571429, "Rank-20": 79.04761904761905}
DEVELOPMENT_MISSING_CONDITION both_missing_r {"mAP": 40.177199669471634, "mINP": 23.993478319452386, "Rank-1": 51.90476190476191, "Rank-5": 69.04761904761905, "Rank-10": 74.76190476190476, "Rank-20": 81.9047619047619}
DEVELOPMENT_MISSING_CONDITION query_missing_r {"mAP": 29.04178570126787, "mINP": 18.420714438838356, "Rank-1": 31.9047619047619, "Rank-5": 58.0952380952381, "Rank-10": 66.19047619047619, "Rank-20": 71.42857142857143}
DEVELOPMENT_MISSING_CONDITION both_missing_n {"mAP": 42.98209733037905, "mINP": 27.557710612365838, "Rank-1": 56.19047619047619, "Rank-5": 68.0952380952381, "Rank-10": 72.85714285714285, "Rank-20": 76.66666666666667}
DEVELOPMENT_MISSING_CONDITION query_missing_n {"mAP": 27.368153967148917, "mINP": 15.716746454908135, "Rank-1": 30.476190476190478, "Rank-5": 57.14285714285714, "Rank-10": 64.76190476190476, "Rank-20": 72.38095238095238}
DEVELOPMENT_MISSING_CONDITION both_missing_t {"mAP": 43.6654960714001, "mINP": 29.430221189713208, "Rank-1": 53.80952380952381, "Rank-5": 70.47619047619048, "Rank-10": 74.76190476190476, "Rank-20": 80.95238095238095}
DEVELOPMENT_MISSING_CONDITION query_missing_t {"mAP": 45.04939724569095, "mINP": 31.515495535026805, "Rank-1": 57.61904761904761, "Rank-5": 73.33333333333333, "Rank-10": 78.57142857142857, "Rank-20": 86.66666666666667}
DEVELOPMENT_MISSING_CONDITION both_missing_rn {"mAP": 21.714185673694487, "mINP": 7.998018418996638, "Rank-1": 33.80952380952381, "Rank-5": 51.90476190476191, "Rank-10": 61.42857142857143, "Rank-20": 69.52380952380952}
DEVELOPMENT_MISSING_CONDITION query_missing_rn {"mAP": 7.140992369513734, "mINP": 5.790617240950527, "Rank-1": 4.285714285714286, "Rank-5": 9.047619047619047, "Rank-10": 10.952380952380953, "Rank-20": 14.761904761904763}
DEVELOPMENT_MISSING_CONDITION both_missing_rt {"mAP": 35.43017981746035, "mINP": 19.630867885127508, "Rank-1": 47.14285714285714, "Rank-5": 66.19047619047619, "Rank-10": 76.19047619047619, "Rank-20": 82.85714285714286}
DEVELOPMENT_MISSING_CONDITION query_missing_rt {"mAP": 21.938603581384456, "mINP": 16.175490626792076, "Rank-1": 14.285714285714285, "Rank-5": 38.57142857142858, "Rank-10": 53.333333333333336, "Rank-20": 68.57142857142857}
DEVELOPMENT_MISSING_CONDITION both_missing_nt {"mAP": 38.79688279511347, "mINP": 23.973774320806097, "Rank-1": 50.95238095238095, "Rank-5": 67.61904761904762, "Rank-10": 72.85714285714285, "Rank-20": 78.0952380952381}
DEVELOPMENT_MISSING_CONDITION query_missing_nt {"mAP": 21.199569083789623, "mINP": 15.61704970991958, "Rank-1": 15.714285714285714, "Rank-5": 30.476190476190478, "Rank-10": 41.42857142857143, "Rank-20": 57.61904761904761}
