/data/gaob/Re-ID/conda-envs/tri_reid/lib/python3.10/site-packages/timm/models/helpers.py:7: FutureWarning: Importing from timm.models.helpers is deprecated, please import via timm.models
  warnings.warn(f"Importing from {__name__} is deprecated, please import via timm.models", FutureWarning)
/data/gaob/Re-ID/conda-envs/tri_reid/lib/python3.10/site-packages/timm/models/registry.py:4: FutureWarning: Importing from timm.models.registry is deprecated, please import via timm.models
  warnings.warn(f"Importing from {__name__} is deprecated, please import via timm.models", FutureWarning)
/data/gaob/Re-ID/conda-envs/tri_reid/lib/python3.10/site-packages/timm/models/layers/__init__.py:48: FutureWarning: Importing from timm.models.layers is deprecated, please import via timm.layers
  warnings.warn(f"Importing from {__name__} is deprecated, please import via timm.layers", FutureWarning)
using Transformer_type: ViT-B-16 as a backbone
Resized position embedding: %s to %s torch.Size([197, 768]) torch.Size([129, 768])
Position embedding resize to height:8 width: 16
Successfully load ckpt!
<All keys matched successfully>
Loading pretrained model from CLIP
camera number is : 8
===========Building DeMo===========
using soft triplet loss for training
label smooth on, numclasses: 33
EPOCH {"epoch": 1, "steps": 81, "loss": 6.710247587274622, "seconds": 67.40469336509705, "mAP": 79.73277649101288, "Rank-1": 89.536, "Rank-5": 91.84, "Rank-10": 93.376} BEST {"mAP": 79.73277649101288, "Rank-1": 89.536, "Rank-5": 91.84, "Rank-10": 93.376, "query_count": 3125, "gallery_count": 3125, "descriptor_dim": 5120, "epoch": 1}
EPOCH {"epoch": 2, "steps": 162, "loss": 4.44079041775362, "seconds": 68.69404458999634, "mAP": 81.50194490935351, "Rank-1": 95.744, "Rank-5": 96.544, "Rank-10": 97.21600000000001} BEST {"mAP": 81.50194490935351, "Rank-1": 95.744, "Rank-5": 96.544, "Rank-10": 97.21600000000001, "query_count": 3125, "gallery_count": 3125, "descriptor_dim": 5120, "epoch": 2}
EPOCH {"epoch": 3, "steps": 243, "loss": 3.0135318011413386, "seconds": 68.40164184570312, "mAP": 80.91672197119071, "Rank-1": 92.80000000000001, "Rank-5": 93.728, "Rank-10": 94.91199999999999} BEST {"mAP": 81.50194490935351, "Rank-1": 95.744, "Rank-5": 96.544, "Rank-10": 97.21600000000001, "query_count": 3125, "gallery_count": 3125, "descriptor_dim": 5120, "epoch": 2}
EPOCH {"epoch": 4, "steps": 324, "loss": 1.8222989947707564, "seconds": 68.40049386024475, "mAP": 85.31700285181256, "Rank-1": 92.928, "Rank-5": 95.00800000000001, "Rank-10": 95.872} BEST {"mAP": 85.31700285181256, "Rank-1": 92.928, "Rank-5": 95.00800000000001, "Rank-10": 95.872, "query_count": 3125, "gallery_count": 3125, "descriptor_dim": 5120, "epoch": 4}
EPOCH {"epoch": 5, "steps": 405, "loss": 1.3753130546322576, "seconds": 68.51711893081665, "mAP": 86.65383701253427, "Rank-1": 95.93599999999999, "Rank-5": 97.312, "Rank-10": 97.792} BEST {"mAP": 86.65383701253427, "Rank-1": 95.93599999999999, "Rank-5": 97.312, "Rank-10": 97.792, "query_count": 3125, "gallery_count": 3125, "descriptor_dim": 5120, "epoch": 5}
EPOCH {"epoch": 6, "steps": 486, "loss": 1.1486950134053642, "seconds": 68.88088536262512, "mAP": 85.7509615138146, "Rank-1": 94.144, "Rank-5": 94.94399999999999, "Rank-10": 96.256} BEST {"mAP": 86.65383701253427, "Rank-1": 95.93599999999999, "Rank-5": 97.312, "Rank-10": 97.792, "query_count": 3125, "gallery_count": 3125, "descriptor_dim": 5120, "epoch": 5}
EPOCH {"epoch": 7, "steps": 567, "loss": 0.9342979921234978, "seconds": 69.14310836791992, "mAP": 87.15576469336037, "Rank-1": 96.768, "Rank-5": 97.184, "Rank-10": 97.856} BEST {"mAP": 87.15576469336037, "Rank-1": 96.768, "Rank-5": 97.184, "Rank-10": 97.856, "query_count": 3125, "gallery_count": 3125, "descriptor_dim": 5120, "epoch": 7}
EPOCH {"epoch": 8, "steps": 648, "loss": 0.9006478462690188, "seconds": 68.7654914855957, "mAP": 87.4586567661951, "Rank-1": 95.136, "Rank-5": 96.096, "Rank-10": 96.48} BEST {"mAP": 87.4586567661951, "Rank-1": 95.136, "Rank-5": 96.096, "Rank-10": 96.48, "query_count": 3125, "gallery_count": 3125, "descriptor_dim": 5120, "epoch": 8}
EPOCH {"epoch": 9, "steps": 729, "loss": 0.891183704505732, "seconds": 69.0428695678711, "mAP": 87.81830854172584, "Rank-1": 95.19999999999999, "Rank-5": 95.968, "Rank-10": 96.86399999999999} BEST {"mAP": 87.81830854172584, "Rank-1": 95.19999999999999, "Rank-5": 95.968, "Rank-10": 96.86399999999999, "query_count": 3125, "gallery_count": 3125, "descriptor_dim": 5120, "epoch": 9}
EPOCH {"epoch": 10, "steps": 809, "loss": 0.7738608673214913, "seconds": 68.55762505531311, "mAP": 87.8904452987899, "Rank-1": 95.488, "Rank-5": 95.872, "Rank-10": 96.64} BEST {"mAP": 87.8904452987899, "Rank-1": 95.488, "Rank-5": 95.872, "Rank-10": 96.64, "query_count": 3125, "gallery_count": 3125, "descriptor_dim": 5120, "epoch": 10}
EPOCH {"epoch": 11, "steps": 889, "loss": 0.7489600107073784, "seconds": 68.26829266548157, "mAP": 87.80836090638601, "Rank-1": 95.136, "Rank-5": 95.872, "Rank-10": 96.192} BEST {"mAP": 87.8904452987899, "Rank-1": 95.488, "Rank-5": 95.872, "Rank-10": 96.64, "query_count": 3125, "gallery_count": 3125, "descriptor_dim": 5120, "epoch": 10}
