/data/gaob/Re-ID/conda-envs/tri_reid/lib/python3.10/site-packages/timm/models/helpers.py:7: FutureWarning: Importing from timm.models.helpers is deprecated, please import via timm.models
  warnings.warn(f"Importing from {__name__} is deprecated, please import via timm.models", FutureWarning)
/data/gaob/Re-ID/conda-envs/tri_reid/lib/python3.10/site-packages/timm/models/registry.py:4: FutureWarning: Importing from timm.models.registry is deprecated, please import via timm.models
  warnings.warn(f"Importing from {__name__} is deprecated, please import via timm.models", FutureWarning)
/data/gaob/Re-ID/conda-envs/tri_reid/lib/python3.10/site-packages/timm/models/layers/__init__.py:48: FutureWarning: Importing from timm.models.layers is deprecated, please import via timm.layers
  warnings.warn(f"Importing from {__name__} is deprecated, please import via timm.layers", FutureWarning)
using Transformer_type: ViT-B-16 as a backbone
Resized position embedding: %s to %s torch.Size([197, 768]) torch.Size([129, 768])
Position embedding resize to height:8 width: 16
Successfully load ckpt!
<All keys matched successfully>
Loading pretrained model from CLIP
camera number is : 8
OFFICIAL_49 MSVR310 twins_shared q_RNT_g_RNT {"mAP": 49.74411441728477, "mINP": 26.46288728425163, "Rank-1": 66.66666666666666, "Rank-5": 81.04906937394247, "Rank-10": 87.64805414551607, "Rank-20": 92.04737732656514}
OFFICIAL_49 MSVR310 twins_shared q_RNT_g_R {"mAP": 41.58069649559397, "mINP": 20.541554467909858, "Rank-1": 55.83756345177665, "Rank-5": 77.834179357022, "Rank-10": 84.0947546531303, "Rank-20": 88.66328257191202}
OFFICIAL_49 MSVR310 twins_shared q_RNT_g_N {"mAP": 35.56215974752152, "mINP": 15.048471523931518, "Rank-1": 52.45346869712352, "Rank-5": 77.15736040609137, "Rank-10": 84.4331641285956, "Rank-20": 89.84771573604061}
OFFICIAL_49 MSVR310 twins_shared q_RNT_g_T {"mAP": 13.205317328706737, "mINP": 3.7291401031395757, "Rank-1": 19.627749576988155, "Rank-5": 42.978003384094755, "Rank-10": 54.82233502538071, "Rank-20": 67.85109983079526}
OFFICIAL_49 MSVR310 twins_shared q_RNT_g_RN {"mAP": 47.62037843404253, "mINP": 24.929595519471167, "Rank-1": 64.29780033840947, "Rank-5": 80.03384094754654, "Rank-10": 87.1404399323181, "Rank-20": 92.04737732656514}
OFFICIAL_49 MSVR310 twins_shared q_RNT_g_RT {"mAP": 46.04332891258741, "mINP": 23.036980534645902, "Rank-1": 61.59052453468698, "Rank-5": 79.86463620981388, "Rank-10": 84.77157360406092, "Rank-20": 88.83248730964468}
OFFICIAL_49 MSVR310 twins_shared q_RNT_g_NT {"mAP": 40.56937274050946, "mINP": 19.286136426023354, "Rank-1": 58.206429780033844, "Rank-5": 78.68020304568529, "Rank-10": 84.0947546531303, "Rank-20": 88.49407783417935}
OFFICIAL_49 MSVR310 twins_shared q_R_g_RNT {"mAP": 39.65903276143668, "mINP": 20.196833240196575, "Rank-1": 54.483925549915405, "Rank-5": 73.43485617597293, "Rank-10": 80.37225042301185, "Rank-20": 86.63282571912013}
OFFICIAL_49 MSVR310 twins_shared q_R_g_R {"mAP": 39.310666644511166, "mINP": 19.966866580144877, "Rank-1": 53.13028764805414, "Rank-5": 72.7580372250423, "Rank-10": 81.21827411167513, "Rank-20": 86.29441624365482}
OFFICIAL_49 MSVR310 twins_shared q_R_g_N {"mAP": 27.31639499803441, "mINP": 11.826799349950315, "Rank-1": 38.07106598984771, "Rank-5": 63.113367174280874, "Rank-10": 73.77326565143824, "Rank-20": 81.04906937394247}
OFFICIAL_49 MSVR310 twins_shared q_R_g_T {"mAP": 7.94232855132405, "mINP": 2.6851484706164617, "Rank-1": 9.475465313028765, "Rank-5": 25.549915397631136, "Rank-10": 36.209813874788495, "Rank-20": 50.08460236886633}
OFFICIAL_49 MSVR310 twins_shared q_R_g_RN {"mAP": 39.04693346044961, "mINP": 20.57888540042772, "Rank-1": 52.96108291032149, "Rank-5": 72.7580372250423, "Rank-10": 78.84940778341793, "Rank-20": 86.46362098138748}
OFFICIAL_49 MSVR310 twins_shared q_R_g_RT {"mAP": 39.35731119352259, "mINP": 20.22578094553942, "Rank-1": 51.438240270727576, "Rank-5": 72.7580372250423, "Rank-10": 80.5414551607445, "Rank-20": 85.78680203045685}
OFFICIAL_49 MSVR310 twins_shared q_R_g_NT {"mAP": 28.425891071954485, "mINP": 13.060035174403428, "Rank-1": 38.74788494077834, "Rank-5": 63.113367174280874, "Rank-10": 72.7580372250423, "Rank-20": 80.03384094754654}
OFFICIAL_49 MSVR310 twins_shared q_N_g_RNT {"mAP": 34.5148520476585, "mINP": 16.45701241822858, "Rank-1": 45.68527918781726, "Rank-5": 70.89678510998309, "Rank-10": 79.86463620981388, "Rank-20": 87.81725888324873}
OFFICIAL_49 MSVR310 twins_shared q_N_g_R {"mAP": 25.571452844195353, "mINP": 11.417157254978575, "Rank-1": 33.16412859560068, "Rank-5": 54.145516074450086, "Rank-10": 61.42131979695431, "Rank-20": 68.52791878172589}
OFFICIAL_49 MSVR310 twins_shared q_N_g_N {"mAP": 32.46963531604202, "mINP": 12.533727912228912, "Rank-1": 50.76142131979695, "Rank-5": 73.26565143824027, "Rank-10": 82.23350253807106, "Rank-20": 89.17089678510999}
OFFICIAL_49 MSVR310 twins_shared q_N_g_T {"mAP": 8.325773452134042, "mINP": 3.0292016609646097, "Rank-1": 8.967851099830796, "Rank-5": 27.749576988155667, "Rank-10": 39.08629441624365, "Rank-20": 53.13028764805414}
OFFICIAL_49 MSVR310 twins_shared q_N_g_RN {"mAP": 33.2053565005527, "mINP": 15.874895981718918, "Rank-1": 45.17766497461929, "Rank-5": 68.8663282571912, "Rank-10": 78.68020304568529, "Rank-20": 86.97123519458545}
OFFICIAL_49 MSVR310 twins_shared q_N_g_RT {"mAP": 26.480249199578164, "mINP": 11.865698248894612, "Rank-1": 34.85617597292725, "Rank-5": 55.83756345177665, "Rank-10": 65.31302876480541, "Rank-20": 72.41962774957699}
OFFICIAL_49 MSVR310 twins_shared q_N_g_NT {"mAP": 35.27328211097892, "mINP": 15.39852155776982, "Rank-1": 52.79187817258884, "Rank-5": 75.80372250423012, "Rank-10": 83.92554991539764, "Rank-20": 90.01692047377327}
OFFICIAL_49 MSVR310 twins_shared q_T_g_RNT {"mAP": 13.15809963724148, "mINP": 5.104675012853857, "Rank-1": 17.428087986463623, "Rank-5": 35.36379018612521, "Rank-10": 48.56175972927242, "Rank-20": 61.082910321489}
OFFICIAL_49 MSVR310 twins_shared q_T_g_R {"mAP": 8.41606179049901, "mINP": 3.7640073208095917, "Rank-1": 8.629441624365482, "Rank-5": 21.489001692047378, "Rank-10": 29.272419627749578, "Rank-20": 41.28595600676819}
OFFICIAL_49 MSVR310 twins_shared q_T_g_N {"mAP": 8.211077978353499, "mINP": 3.586818456756486, "Rank-1": 7.4450084602368864, "Rank-5": 24.027072758037225, "Rank-10": 35.025380710659896, "Rank-20": 47.54653130287648}
OFFICIAL_49 MSVR310 twins_shared q_T_g_T {"mAP": 12.621251429871968, "mINP": 3.127056922583175, "Rank-1": 25.380710659898476, "Rank-5": 43.14720812182741, "Rank-10": 52.28426395939086, "Rank-20": 62.2673434856176}
OFFICIAL_49 MSVR310 twins_shared q_T_g_RN {"mAP": 9.614109920410959, "mINP": 4.142462593457787, "Rank-1": 10.829103214890017, "Rank-5": 24.027072758037225, "Rank-10": 31.810490693739425, "Rank-20": 45.68527918781726}
OFFICIAL_49 MSVR310 twins_shared q_T_g_RT {"mAP": 14.053385042204361, "mINP": 4.51720228544772, "Rank-1": 21.489001692047378, "Rank-5": 39.59390862944163, "Rank-10": 50.08460236886633, "Rank-20": 60.913705583756354}
OFFICIAL_49 MSVR310 twins_shared q_T_g_NT {"mAP": 13.856974786498341, "mINP": 4.397708457699704, "Rank-1": 23.181049069373945, "Rank-5": 41.96277495769882, "Rank-10": 54.483925549915405, "Rank-20": 64.63620981387479}
OFFICIAL_49 MSVR310 twins_shared q_RN_g_RNT {"mAP": 46.391757014071324, "mINP": 23.828729376546505, "Rank-1": 62.098138747884946, "Rank-5": 78.68020304568529, "Rank-10": 87.1404399323181, "Rank-20": 92.38578680203045}
OFFICIAL_49 MSVR310 twins_shared q_RN_g_R {"mAP": 41.54394816086058, "mINP": 21.390088065121667, "Rank-1": 56.51438240270728, "Rank-5": 76.14213197969542, "Rank-10": 83.07952622673434, "Rank-20": 88.49407783417935}
OFFICIAL_49 MSVR310 twins_shared q_RN_g_N {"mAP": 34.77992182973213, "mINP": 14.6004166904283, "Rank-1": 52.28426395939086, "Rank-5": 75.63451776649747, "Rank-10": 83.24873096446701, "Rank-20": 89.84771573604061}
OFFICIAL_49 MSVR310 twins_shared q_RN_g_T {"mAP": 8.832831729228266, "mINP": 2.9667545805523914, "Rank-1": 11.505922165820643, "Rank-5": 28.25719120135364, "Rank-10": 41.11675126903553, "Rank-20": 57.021996615905245}
OFFICIAL_49 MSVR310 twins_shared q_RN_g_RN {"mAP": 46.94494235017418, "mINP": 25.1791350483147, "Rank-1": 63.113367174280874, "Rank-5": 78.34179357021996, "Rank-10": 85.44839255499154, "Rank-20": 91.0321489001692}
OFFICIAL_49 MSVR310 twins_shared q_RN_g_RT {"mAP": 43.09072318247707, "mINP": 22.018055468365485, "Rank-1": 57.021996615905245, "Rank-5": 76.6497461928934, "Rank-10": 83.75634517766497, "Rank-20": 89.00169204737732}
OFFICIAL_49 MSVR310 twins_shared q_RN_g_NT {"mAP": 37.173586347326264, "mINP": 17.10589561662265, "Rank-1": 54.82233502538071, "Rank-5": 78.00338409475465, "Rank-10": 83.75634517766497, "Rank-20": 90.18612521150592}
OFFICIAL_49 MSVR310 twins_shared q_RT_g_RNT {"mAP": 44.49017144966269, "mINP": 22.804435901671624, "Rank-1": 58.88324873096447, "Rank-5": 76.98815566835871, "Rank-10": 84.26395939086294, "Rank-20": 90.18612521150592}
OFFICIAL_49 MSVR310 twins_shared q_RT_g_R {"mAP": 40.62108256473347, "mINP": 20.44084567722496, "Rank-1": 55.32994923857868, "Rank-5": 74.78849407783417, "Rank-10": 82.40270727580372, "Rank-20": 87.1404399323181}
OFFICIAL_49 MSVR310 twins_shared q_RT_g_N {"mAP": 28.286472099025566, "mINP": 12.532917103319221, "Rank-1": 37.22504230118444, "Rank-5": 66.15905245346869, "Rank-10": 78.00338409475465, "Rank-20": 85.95600676818951}
OFFICIAL_49 MSVR310 twins_shared q_RT_g_T {"mAP": 14.37053669079003, "mINP": 3.789087807490045, "Rank-1": 25.549915397631136, "Rank-5": 46.36209813874789, "Rank-10": 56.0067681895093, "Rank-20": 65.98984771573603}
OFFICIAL_49 MSVR310 twins_shared q_RT_g_RN {"mAP": 41.903325197827215, "mINP": 21.97836835648835, "Rank-1": 56.852791878172596, "Rank-5": 75.4653130287648, "Rank-10": 81.89509306260575, "Rank-20": 88.49407783417935}
OFFICIAL_49 MSVR310 twins_shared q_RT_g_RT {"mAP": 44.72628196305723, "mINP": 22.919177285800306, "Rank-1": 59.729272419627755, "Rank-5": 76.98815566835871, "Rank-10": 82.74111675126903, "Rank-20": 88.66328257191202}
OFFICIAL_49 MSVR310 twins_shared q_RT_g_NT {"mAP": 31.024061052308948, "mINP": 13.18695037580735, "Rank-1": 44.67005076142132, "Rank-5": 68.18950930626058, "Rank-10": 76.81895093062606, "Rank-20": 83.75634517766497}
OFFICIAL_49 MSVR310 twins_shared q_NT_g_RNT {"mAP": 39.152864065109114, "mINP": 18.563623685516827, "Rank-1": 54.483925549915405, "Rank-5": 75.1269035532995, "Rank-10": 83.07952622673434, "Rank-20": 89.17089678510999}
OFFICIAL_49 MSVR310 twins_shared q_NT_g_R {"mAP": 26.65913450264433, "mINP": 11.755806509244678, "Rank-1": 34.34856175972927, "Rank-5": 54.483925549915405, "Rank-10": 64.80541455160744, "Rank-20": 71.57360406091371}
OFFICIAL_49 MSVR310 twins_shared q_NT_g_N {"mAP": 34.5528034314828, "mINP": 14.036688204701681, "Rank-1": 51.438240270727576, "Rank-5": 75.63451776649747, "Rank-10": 82.40270727580372, "Rank-20": 90.69373942470389}
OFFICIAL_49 MSVR310 twins_shared q_NT_g_T {"mAP": 14.769293091587135, "mINP": 3.89164539980648, "Rank-1": 26.73434856175973, "Rank-5": 49.407783417935704, "Rank-10": 58.37563451776649, "Rank-20": 67.68189509306261}
OFFICIAL_49 MSVR310 twins_shared q_NT_g_RN {"mAP": 35.67072546982381, "mINP": 16.87310807352036, "Rank-1": 48.73096446700508, "Rank-5": 73.09644670050761, "Rank-10": 80.5414551607445, "Rank-20": 87.47884940778341}
OFFICIAL_49 MSVR310 twins_shared q_NT_g_RT {"mAP": 29.96435809341135, "mINP": 13.109278819885176, "Rank-1": 40.10152284263959, "Rank-5": 61.25211505922166, "Rank-10": 71.06598984771574, "Rank-20": 76.81895093062606}
OFFICIAL_49 MSVR310 twins_shared q_NT_g_NT {"mAP": 39.96929123264969, "mINP": 18.391150099463395, "Rank-1": 57.52961082910322, "Rank-5": 78.00338409475465, "Rank-10": 83.58714043993231, "Rank-20": 88.83248730964468}
