/data/gaob/Re-ID/conda-envs/tri_reid/lib/python3.10/site-packages/timm/models/helpers.py:7: FutureWarning: Importing from timm.models.helpers is deprecated, please import via timm.models
  warnings.warn(f"Importing from {__name__} is deprecated, please import via timm.models", FutureWarning)
/data/gaob/Re-ID/conda-envs/tri_reid/lib/python3.10/site-packages/timm/models/registry.py:4: FutureWarning: Importing from timm.models.registry is deprecated, please import via timm.models
  warnings.warn(f"Importing from {__name__} is deprecated, please import via timm.models", FutureWarning)
/data/gaob/Re-ID/conda-envs/tri_reid/lib/python3.10/site-packages/timm/models/layers/__init__.py:48: FutureWarning: Importing from timm.models.layers is deprecated, please import via timm.layers
  warnings.warn(f"Importing from {__name__} is deprecated, please import via timm.layers", FutureWarning)
using Transformer_type: ViT-B-16 as a backbone
Resized position embedding: %s to %s torch.Size([197, 768]) torch.Size([129, 768])
Position embedding resize to height:8 width: 16
Successfully load ckpt!
<All keys matched successfully>
Loading pretrained model from CLIP
camera number is : 8
STRESS_CONDITION clean {"mAP": 80.97012179803686, "mINP": 54.501096428366466, "Rank-1": 93.58600583090379, "Rank-5": 95.04373177842565, "Rank-10": 95.91836734693877, "Rank-20": 96.96793002915452}
STRESS_CONDITION RGB_blur_sigma1p5 {"mAP": 79.10165193595164, "mINP": 53.01029751370494, "Rank-1": 91.9533527696793, "Rank-5": 93.41107871720116, "Rank-10": 94.57725947521865, "Rank-20": 95.97667638483965}
STRESS_CONDITION RGB_blur_sigma3 {"mAP": 77.76141679735275, "mINP": 51.54447120937762, "Rank-1": 89.97084548104957, "Rank-5": 91.66180758017492, "Rank-10": 92.65306122448979, "Rank-20": 94.11078717201167}
STRESS_CONDITION NI_blur_sigma1p5 {"mAP": 78.31673578973869, "mINP": 51.988979967866875, "Rank-1": 92.01166180758017, "Rank-5": 93.81924198250728, "Rank-10": 94.51895043731778, "Rank-20": 95.27696793002916}
STRESS_CONDITION NI_blur_sigma3 {"mAP": 76.79989733237208, "mINP": 50.22507463714733, "Rank-1": 89.97084548104957, "Rank-5": 91.89504373177843, "Rank-10": 93.06122448979592, "Rank-20": 94.63556851311954}
STRESS_CONDITION TI_blur_sigma1p5 {"mAP": 78.1667687298259, "mINP": 51.09215502981609, "Rank-1": 91.83673469387756, "Rank-5": 93.17784256559767, "Rank-10": 93.87755102040816, "Rank-20": 95.80174927113703}
STRESS_CONDITION TI_blur_sigma3 {"mAP": 74.02607071742325, "mINP": 47.51074995589377, "Rank-1": 87.05539358600583, "Rank-5": 89.15451895043732, "Rank-10": 90.84548104956268, "Rank-20": 92.47813411078717}
