/data/gaob/Re-ID/conda-envs/tri_reid/lib/python3.10/site-packages/timm/models/helpers.py:7: FutureWarning: Importing from timm.models.helpers is deprecated, please import via timm.models
  warnings.warn(f"Importing from {__name__} is deprecated, please import via timm.models", FutureWarning)
/data/gaob/Re-ID/conda-envs/tri_reid/lib/python3.10/site-packages/timm/models/registry.py:4: FutureWarning: Importing from timm.models.registry is deprecated, please import via timm.models
  warnings.warn(f"Importing from {__name__} is deprecated, please import via timm.models", FutureWarning)
/data/gaob/Re-ID/conda-envs/tri_reid/lib/python3.10/site-packages/timm/models/layers/__init__.py:48: FutureWarning: Importing from timm.models.layers is deprecated, please import via timm.layers
  warnings.warn(f"Importing from {__name__} is deprecated, please import via timm.layers", FutureWarning)
using Transformer_type: ViT-B-16 as a backbone
Resized position embedding: %s to %s torch.Size([197, 768]) torch.Size([129, 768])
Position embedding resize to height:8 width: 16
Successfully load ckpt!
<All keys matched successfully>
Loading pretrained model from CLIP
camera number is : 8
===========Building DeMo===========
OFFICIAL_49 MSVR310 demo q_RNT_g_RNT {"mAP": 47.164688447227576, "mINP": 23.502961234396178, "Rank-1": 63.95939086294417, "Rank-5": 80.20304568527918, "Rank-10": 84.77157360406092, "Rank-20": 89.84771573604061}
OFFICIAL_49 MSVR310 demo q_RNT_g_R {"mAP": 40.17170945177267, "mINP": 19.874126793783077, "Rank-1": 56.0067681895093, "Rank-5": 74.95769881556683, "Rank-10": 82.06429780033841, "Rank-20": 85.95600676818951}
OFFICIAL_49 MSVR310 demo q_RNT_g_N {"mAP": 32.193472360603174, "mINP": 13.036498847866904, "Rank-1": 47.54653130287648, "Rank-5": 68.52791878172589, "Rank-10": 78.68020304568529, "Rank-20": 86.46362098138748}
OFFICIAL_49 MSVR310 demo q_RNT_g_T {"mAP": 12.017462432461869, "mINP": 2.850942035441469, "Rank-1": 23.85786802030457, "Rank-5": 41.793570219966156, "Rank-10": 51.438240270727576, "Rank-20": 60.236886632825716}
OFFICIAL_49 MSVR310 demo q_RNT_g_RN {"mAP": 44.98330344803779, "mINP": 21.832365071677668, "Rank-1": 61.42131979695431, "Rank-5": 79.52622673434855, "Rank-10": 83.41793570219966, "Rank-20": 88.15566835871405}
OFFICIAL_49 MSVR310 demo q_RNT_g_RT {"mAP": 43.13647698266754, "mINP": 21.784417673432667, "Rank-1": 59.390862944162436, "Rank-5": 77.834179357022, "Rank-10": 82.91032148900169, "Rank-20": 87.1404399323181}
OFFICIAL_49 MSVR310 demo q_RNT_g_NT {"mAP": 36.91063174387724, "mINP": 15.968671325849245, "Rank-1": 54.653130287648054, "Rank-5": 73.77326565143824, "Rank-10": 79.69543147208121, "Rank-20": 86.46362098138748}
OFFICIAL_49 MSVR310 demo q_R_g_RNT {"mAP": 30.235003237418525, "mINP": 13.63146445315937, "Rank-1": 38.917089678511, "Rank-5": 66.83587140439933, "Rank-10": 75.80372250423012, "Rank-20": 84.26395939086294}
OFFICIAL_49 MSVR310 demo q_R_g_R {"mAP": 39.81982173256063, "mINP": 19.814220799921046, "Rank-1": 54.99153976311336, "Rank-5": 75.1269035532995, "Rank-10": 82.40270727580372, "Rank-20": 86.46362098138748}
OFFICIAL_49 MSVR310 demo q_R_g_N {"mAP": 2.0171063366422755, "mINP": 1.7541392716930024, "Rank-1": 0.0, "Rank-5": 2.030456852791878, "Rank-10": 3.5532994923857872, "Rank-20": 6.598984771573605}
OFFICIAL_49 MSVR310 demo q_R_g_T {"mAP": 2.4365748446888666, "mINP": 1.6112865930002016, "Rank-1": 0.1692047377326565, "Rank-5": 3.7225042301184432, "Rank-10": 11.16751269035533, "Rank-20": 21.150592216582066}
OFFICIAL_49 MSVR310 demo q_R_g_RN {"mAP": 30.52614686554388, "mINP": 14.794990677295813, "Rank-1": 38.07106598984771, "Rank-5": 65.31302876480541, "Rank-10": 74.11167512690355, "Rank-20": 81.7258883248731}
OFFICIAL_49 MSVR310 demo q_R_g_RT {"mAP": 37.711008866927116, "mINP": 17.29975192453624, "Rank-1": 49.57698815566836, "Rank-5": 74.95769881556683, "Rank-10": 82.06429780033841, "Rank-20": 87.47884940778341}
OFFICIAL_49 MSVR310 demo q_R_g_NT {"mAP": 3.313035222262916, "mINP": 2.293945690536189, "Rank-1": 1.5228426395939088, "Rank-5": 3.0456852791878175, "Rank-10": 5.922165820642978, "Rank-20": 17.93570219966159}
OFFICIAL_49 MSVR310 demo q_N_g_RNT {"mAP": 15.468395546279254, "mINP": 7.733441790495249, "Rank-1": 18.104906937394247, "Rank-5": 35.36379018612521, "Rank-10": 46.86971235194585, "Rank-20": 60.913705583756354}
OFFICIAL_49 MSVR310 demo q_N_g_R {"mAP": 3.7459373034962704, "mINP": 3.1537513840550297, "Rank-1": 2.3688663282571913, "Rank-5": 5.245346869712352, "Rank-10": 8.121827411167512, "Rank-20": 15.905245346869712}
OFFICIAL_49 MSVR310 demo q_N_g_N {"mAP": 32.36208057919674, "mINP": 13.313333693324958, "Rank-1": 49.06937394247039, "Rank-5": 69.03553299492386, "Rank-10": 78.68020304568529, "Rank-20": 86.29441624365482}
OFFICIAL_49 MSVR310 demo q_N_g_T {"mAP": 2.496167342835968, "mINP": 1.6061004686674811, "Rank-1": 0.0, "Rank-5": 7.614213197969544, "Rank-10": 11.505922165820643, "Rank-20": 21.31979695431472}
OFFICIAL_49 MSVR310 demo q_N_g_RN {"mAP": 17.07653555132924, "mINP": 8.285381597027667, "Rank-1": 18.44331641285956, "Rank-5": 42.63959390862944, "Rank-10": 54.145516074450086, "Rank-20": 64.9746192893401}
OFFICIAL_49 MSVR310 demo q_N_g_RT {"mAP": 3.637877830577057, "mINP": 3.117480560148821, "Rank-1": 1.5228426395939088, "Rank-5": 1.6920473773265652, "Rank-10": 6.429780033840947, "Rank-20": 17.089678510998308}
OFFICIAL_49 MSVR310 demo q_N_g_NT {"mAP": 31.330362006873848, "mINP": 12.839880531400214, "Rank-1": 45.346869712351946, "Rank-5": 68.18950930626058, "Rank-10": 76.6497461928934, "Rank-20": 85.27918781725889}
OFFICIAL_49 MSVR310 demo q_T_g_RNT {"mAP": 3.621708712952461, "mINP": 3.4416546297616826, "Rank-1": 1.5228426395939088, "Rank-5": 1.5228426395939088, "Rank-10": 3.0456852791878175, "Rank-20": 10.829103214890017}
OFFICIAL_49 MSVR310 demo q_T_g_R {"mAP": 3.0039439591204684, "mINP": 2.661508115507831, "Rank-1": 1.353637901861252, "Rank-5": 4.737732656514383, "Rank-10": 5.922165820642978, "Rank-20": 9.30626057529611}
OFFICIAL_49 MSVR310 demo q_T_g_N {"mAP": 1.6898831740975955, "mINP": 1.541804078443608, "Rank-1": 0.0, "Rank-5": 1.8612521150592216, "Rank-10": 2.5380710659898478, "Rank-20": 5.583756345177665}
OFFICIAL_49 MSVR310 demo q_T_g_T {"mAP": 13.760454433678415, "mINP": 3.529720922150001, "Rank-1": 26.903553299492383, "Rank-5": 45.17766497461929, "Rank-10": 55.668358714044, "Rank-20": 64.63620981387479}
OFFICIAL_49 MSVR310 demo q_T_g_RN {"mAP": 3.038156830563018, "mINP": 2.5569638326195654, "Rank-1": 1.5228426395939088, "Rank-5": 1.5228426395939088, "Rank-10": 1.5228426395939088, "Rank-20": 3.8917089678511}
OFFICIAL_49 MSVR310 demo q_T_g_RT {"mAP": 4.295188769797222, "mINP": 3.610543451581729, "Rank-1": 4.060913705583756, "Rank-5": 4.906937394247039, "Rank-10": 7.7834179357022, "Rank-20": 17.59729272419628}
OFFICIAL_49 MSVR310 demo q_T_g_NT {"mAP": 4.2689609203154255, "mINP": 2.3640734542346062, "Rank-1": 1.8612521150592216, "Rank-5": 8.460236886632826, "Rank-10": 15.905245346869712, "Rank-20": 27.072758037225043}
OFFICIAL_49 MSVR310 demo q_RN_g_RNT {"mAP": 44.397259429236115, "mINP": 21.289327633546527, "Rank-1": 60.575296108291035, "Rank-5": 79.01861252115059, "Rank-10": 84.0947546531303, "Rank-20": 90.01692047377327}
OFFICIAL_49 MSVR310 demo q_RN_g_R {"mAP": 40.1188044258909, "mINP": 19.878850457652373, "Rank-1": 55.668358714044, "Rank-5": 74.95769881556683, "Rank-10": 81.89509306260575, "Rank-20": 86.29441624365482}
OFFICIAL_49 MSVR310 demo q_RN_g_N {"mAP": 32.23774803969053, "mINP": 13.106455051340157, "Rank-1": 47.88494077834179, "Rank-5": 68.52791878172589, "Rank-10": 78.68020304568529, "Rank-20": 85.44839255499154}
OFFICIAL_49 MSVR310 demo q_RN_g_T {"mAP": 2.6350548219056926, "mINP": 1.5993540869309624, "Rank-1": 0.338409475465313, "Rank-5": 4.230118443316413, "Rank-10": 9.983079526226735, "Rank-20": 24.534686971235196}
OFFICIAL_49 MSVR310 demo q_RN_g_RN {"mAP": 44.78677355440582, "mINP": 21.692456521625985, "Rank-1": 60.74450084602368, "Rank-5": 79.52622673434855, "Rank-10": 83.75634517766497, "Rank-20": 88.66328257191202}
OFFICIAL_49 MSVR310 demo q_RN_g_RT {"mAP": 38.95954497655188, "mINP": 17.869764520735888, "Rank-1": 52.45346869712352, "Rank-5": 75.63451776649747, "Rank-10": 81.7258883248731, "Rank-20": 87.47884940778341}
OFFICIAL_49 MSVR310 demo q_RN_g_NT {"mAP": 32.214333978870755, "mINP": 13.216152754589276, "Rank-1": 46.02368866328257, "Rank-5": 68.35871404399323, "Rank-10": 78.1725888324873, "Rank-20": 84.94077834179356}
OFFICIAL_49 MSVR310 demo q_RT_g_RNT {"mAP": 35.38104947317753, "mINP": 16.845637042881563, "Rank-1": 48.223350253807105, "Rank-5": 71.2351945854484, "Rank-10": 79.52622673434855, "Rank-20": 85.27918781725889}
OFFICIAL_49 MSVR310 demo q_RT_g_R {"mAP": 39.87922869063706, "mINP": 19.82685538286458, "Rank-1": 55.16074450084603, "Rank-5": 75.1269035532995, "Rank-10": 82.23350253807106, "Rank-20": 85.95600676818951}
OFFICIAL_49 MSVR310 demo q_RT_g_N {"mAP": 1.791116662589282, "mINP": 1.5782661321003495, "Rank-1": 0.0, "Rank-5": 1.8612521150592216, "Rank-10": 2.707275803722504, "Rank-20": 6.937394247038917}
OFFICIAL_49 MSVR310 demo q_RT_g_T {"mAP": 12.934535613195491, "mINP": 3.1940316490680876, "Rank-1": 25.042301184433164, "Rank-5": 43.65482233502538, "Rank-10": 51.438240270727576, "Rank-20": 62.605752961082906}
OFFICIAL_49 MSVR310 demo q_RT_g_RN {"mAP": 31.199724760762138, "mINP": 15.118216664147454, "Rank-1": 39.08629441624365, "Rank-5": 65.65143824027074, "Rank-10": 74.61928934010153, "Rank-20": 82.40270727580372}
OFFICIAL_49 MSVR310 demo q_RT_g_RT {"mAP": 42.91852053041686, "mINP": 21.568213999006762, "Rank-1": 58.206429780033844, "Rank-5": 77.32656514382403, "Rank-10": 82.91032148900169, "Rank-20": 87.9864636209814}
OFFICIAL_49 MSVR310 demo q_RT_g_NT {"mAP": 4.748719896834447, "mINP": 2.526248110922735, "Rank-1": 1.8612521150592216, "Rank-5": 12.859560067681894, "Rank-10": 21.82741116751269, "Rank-20": 35.53299492385787}
OFFICIAL_49 MSVR310 demo q_NT_g_RNT {"mAP": 20.971175229265864, "mINP": 9.858483003443311, "Rank-1": 24.873096446700508, "Rank-5": 49.746192893401016, "Rank-10": 59.390862944162436, "Rank-20": 68.18950930626058}
OFFICIAL_49 MSVR310 demo q_NT_g_R {"mAP": 3.5751804535948164, "mINP": 3.005313374459033, "Rank-1": 2.030456852791878, "Rank-5": 6.768189509306261, "Rank-10": 8.460236886632826, "Rank-20": 14.720812182741117}
OFFICIAL_49 MSVR310 demo q_NT_g_N {"mAP": 32.37087262582391, "mINP": 13.306536418809051, "Rank-1": 48.39255499153977, "Rank-5": 69.37394247038917, "Rank-10": 77.834179357022, "Rank-20": 86.12521150592217}
OFFICIAL_49 MSVR310 demo q_NT_g_T {"mAP": 13.716034495046342, "mINP": 3.384569289063297, "Rank-1": 26.39593908629442, "Rank-5": 45.5160744500846, "Rank-10": 54.483925549915405, "Rank-20": 63.62098138747885}
OFFICIAL_49 MSVR310 demo q_NT_g_RN {"mAP": 18.408672553924752, "mINP": 8.697938905696718, "Rank-1": 21.489001692047378, "Rank-5": 44.67005076142132, "Rank-10": 56.17597292724196, "Rank-20": 65.65143824027074}
OFFICIAL_49 MSVR310 demo q_NT_g_RT {"mAP": 4.664054924441539, "mINP": 3.69110305299794, "Rank-1": 4.060913705583756, "Rank-5": 7.4450084602368864, "Rank-10": 13.028764805414554, "Rank-20": 20.98138747884941}
OFFICIAL_49 MSVR310 demo q_NT_g_NT {"mAP": 37.14045600415124, "mINP": 15.925876095797978, "Rank-1": 56.0067681895093, "Rank-5": 73.60406091370558, "Rank-10": 80.8798646362098, "Rank-20": 87.1404399323181}
