/data/gaob/Re-ID/conda-envs/tri_reid/lib/python3.10/site-packages/timm/models/helpers.py:7: FutureWarning: Importing from timm.models.helpers is deprecated, please import via timm.models
  warnings.warn(f"Importing from {__name__} is deprecated, please import via timm.models", FutureWarning)
/data/gaob/Re-ID/conda-envs/tri_reid/lib/python3.10/site-packages/timm/models/registry.py:4: FutureWarning: Importing from timm.models.registry is deprecated, please import via timm.models
  warnings.warn(f"Importing from {__name__} is deprecated, please import via timm.models", FutureWarning)
/data/gaob/Re-ID/conda-envs/tri_reid/lib/python3.10/site-packages/timm/models/layers/__init__.py:48: FutureWarning: Importing from timm.models.layers is deprecated, please import via timm.layers
  warnings.warn(f"Importing from {__name__} is deprecated, please import via timm.layers", FutureWarning)
using Transformer_type: ViT-B-16 as a backbone
Resized position embedding: %s to %s torch.Size([197, 768]) torch.Size([129, 768])
Position embedding resize to height:8 width: 16
Successfully load ckpt!
<All keys matched successfully>
Loading pretrained model from CLIP
camera number is : 8
OFFICIAL_49 MSVR310 demo_shared q_RNT_g_RNT {"mAP": 49.42609434847925, "mINP": 24.967713227642683, "Rank-1": 69.03553299492386, "Rank-5": 81.7258883248731, "Rank-10": 86.29441624365482, "Rank-20": 90.86294416243655}
OFFICIAL_49 MSVR310 demo_shared q_RNT_g_R {"mAP": 41.54344182576209, "mINP": 20.095883445068637, "Rank-1": 57.868020304568525, "Rank-5": 76.48054145516075, "Rank-10": 82.74111675126903, "Rank-20": 87.9864636209814}
OFFICIAL_49 MSVR310 demo_shared q_RNT_g_N {"mAP": 34.608608091109915, "mINP": 14.651550235692437, "Rank-1": 51.09983079526227, "Rank-5": 72.25042301184433, "Rank-10": 81.04906937394247, "Rank-20": 88.83248730964468}
OFFICIAL_49 MSVR310 demo_shared q_RNT_g_T {"mAP": 14.59385441188552, "mINP": 3.9728016711818497, "Rank-1": 23.688663282571913, "Rank-5": 45.854483925549914, "Rank-10": 56.683587140439926, "Rank-20": 69.37394247038917}
OFFICIAL_49 MSVR310 demo_shared q_RNT_g_RN {"mAP": 46.766874936059196, "mINP": 23.264280737180247, "Rank-1": 64.46700507614213, "Rank-5": 79.52622673434855, "Rank-10": 85.44839255499154, "Rank-20": 90.01692047377327}
OFFICIAL_49 MSVR310 demo_shared q_RNT_g_RT {"mAP": 45.363814458205205, "mINP": 21.955411466353368, "Rank-1": 62.098138747884946, "Rank-5": 79.86463620981388, "Rank-10": 82.91032148900169, "Rank-20": 88.49407783417935}
OFFICIAL_49 MSVR310 demo_shared q_RNT_g_NT {"mAP": 40.042864046127505, "mINP": 18.208692653882032, "Rank-1": 58.88324873096447, "Rank-5": 77.15736040609137, "Rank-10": 81.89509306260575, "Rank-20": 89.34010152284264}
OFFICIAL_49 MSVR310 demo_shared q_R_g_RNT {"mAP": 40.057711680739814, "mINP": 19.991652351890288, "Rank-1": 52.62267343485617, "Rank-5": 72.41962774957699, "Rank-10": 80.03384094754654, "Rank-20": 86.80203045685279}
OFFICIAL_49 MSVR310 demo_shared q_R_g_R {"mAP": 37.90689863489563, "mINP": 18.97014213177674, "Rank-1": 53.13028764805414, "Rank-5": 72.08121827411168, "Rank-10": 78.34179357021996, "Rank-20": 85.44839255499154}
OFFICIAL_49 MSVR310 demo_shared q_R_g_N {"mAP": 26.522720688354035, "mINP": 10.766494202828301, "Rank-1": 35.025380710659896, "Rank-5": 61.92893401015228, "Rank-10": 73.43485617597293, "Rank-20": 81.89509306260575}
OFFICIAL_49 MSVR310 demo_shared q_R_g_T {"mAP": 8.327615170439714, "mINP": 2.601792398106891, "Rank-1": 9.137055837563452, "Rank-5": 26.73434856175973, "Rank-10": 39.59390862944163, "Rank-20": 50.930626057529615}
OFFICIAL_49 MSVR310 demo_shared q_R_g_RN {"mAP": 39.13850775994906, "mINP": 19.395747187194225, "Rank-1": 53.13028764805414, "Rank-5": 73.9424703891709, "Rank-10": 79.86463620981388, "Rank-20": 85.6175972927242}
OFFICIAL_49 MSVR310 demo_shared q_R_g_RT {"mAP": 38.943482954750486, "mINP": 19.282497966381463, "Rank-1": 53.299492385786806, "Rank-5": 70.55837563451777, "Rank-10": 79.52622673434855, "Rank-20": 85.44839255499154}
OFFICIAL_49 MSVR310 demo_shared q_R_g_NT {"mAP": 27.247539818042597, "mINP": 11.283942205133336, "Rank-1": 35.87140439932318, "Rank-5": 61.92893401015228, "Rank-10": 70.55837563451777, "Rank-20": 78.84940778341793}
OFFICIAL_49 MSVR310 demo_shared q_N_g_RNT {"mAP": 34.31456555479804, "mINP": 16.07561794169316, "Rank-1": 45.008460236886634, "Rank-5": 69.37394247038917, "Rank-10": 77.15736040609137, "Rank-20": 86.97123519458545}
OFFICIAL_49 MSVR310 demo_shared q_N_g_R {"mAP": 24.983048387588703, "mINP": 10.093867088469255, "Rank-1": 32.99492385786802, "Rank-5": 54.314720812182735, "Rank-10": 61.92893401015228, "Rank-20": 68.8663282571912}
OFFICIAL_49 MSVR310 demo_shared q_N_g_N {"mAP": 32.038398658703876, "mINP": 11.883842788152691, "Rank-1": 51.09983079526227, "Rank-5": 72.92724196277496, "Rank-10": 81.89509306260575, "Rank-20": 87.81725888324873}
OFFICIAL_49 MSVR310 demo_shared q_N_g_T {"mAP": 7.797878462198829, "mINP": 2.605550760659452, "Rank-1": 8.967851099830796, "Rank-5": 26.39593908629442, "Rank-10": 37.22504230118444, "Rank-20": 52.62267343485617}
OFFICIAL_49 MSVR310 demo_shared q_N_g_RN {"mAP": 33.102226537801336, "mINP": 15.401845111812099, "Rank-1": 43.65482233502538, "Rank-5": 67.34348561759728, "Rank-10": 78.00338409475465, "Rank-20": 86.12521150592217}
OFFICIAL_49 MSVR310 demo_shared q_N_g_RT {"mAP": 26.563576103860964, "mINP": 10.792279913004474, "Rank-1": 34.51776649746193, "Rank-5": 56.17597292724196, "Rank-10": 64.63620981387479, "Rank-20": 73.26565143824027}
OFFICIAL_49 MSVR310 demo_shared q_N_g_NT {"mAP": 33.96882677441225, "mINP": 14.035089733639971, "Rank-1": 50.76142131979695, "Rank-5": 74.78849407783417, "Rank-10": 81.89509306260575, "Rank-20": 87.9864636209814}
OFFICIAL_49 MSVR310 demo_shared q_T_g_RNT {"mAP": 15.551105279241298, "mINP": 5.681128391073739, "Rank-1": 21.82741116751269, "Rank-5": 41.455160744500844, "Rank-10": 50.592216582064296, "Rank-20": 62.605752961082906}
OFFICIAL_49 MSVR310 demo_shared q_T_g_R {"mAP": 8.677632775509975, "mINP": 3.7812359598185976, "Rank-1": 8.79864636209814, "Rank-5": 21.99661590524535, "Rank-10": 30.96446700507614, "Rank-20": 41.28595600676819}
OFFICIAL_49 MSVR310 demo_shared q_T_g_N {"mAP": 8.515993890865301, "mINP": 3.458880593210544, "Rank-1": 9.137055837563452, "Rank-5": 25.380710659898476, "Rank-10": 35.19458544839256, "Rank-20": 48.39255499153977}
OFFICIAL_49 MSVR310 demo_shared q_T_g_T {"mAP": 14.069437643718594, "mINP": 3.3626288531453246, "Rank-1": 28.08798646362098, "Rank-5": 45.008460236886634, "Rank-10": 54.82233502538071, "Rank-20": 62.944162436548226}
OFFICIAL_49 MSVR310 demo_shared q_T_g_RN {"mAP": 9.969675599649124, "mINP": 4.299508439671046, "Rank-1": 10.998307952622675, "Rank-5": 26.22673434856176, "Rank-10": 35.53299492385787, "Rank-20": 47.20812182741117}
OFFICIAL_49 MSVR310 demo_shared q_T_g_RT {"mAP": 15.274314918145754, "mINP": 5.521186622370442, "Rank-1": 22.84263959390863, "Rank-5": 40.947546531302876, "Rank-10": 50.592216582064296, "Rank-20": 59.56006768189509}
OFFICIAL_49 MSVR310 demo_shared q_T_g_NT {"mAP": 16.017441998115533, "mINP": 4.873094571291154, "Rank-1": 27.749576988155667, "Rank-5": 45.68527918781726, "Rank-10": 54.653130287648054, "Rank-20": 63.45177664974619}
OFFICIAL_49 MSVR310 demo_shared q_RN_g_RNT {"mAP": 45.77722085640797, "mINP": 23.328539003824215, "Rank-1": 62.2673434856176, "Rank-5": 79.86463620981388, "Rank-10": 84.77157360406092, "Rank-20": 90.52453468697124}
OFFICIAL_49 MSVR310 demo_shared q_RN_g_R {"mAP": 40.82991978729032, "mINP": 20.525609216845346, "Rank-1": 55.668358714044, "Rank-5": 75.63451776649747, "Rank-10": 82.23350253807106, "Rank-20": 88.3248730964467}
OFFICIAL_49 MSVR310 demo_shared q_RN_g_N {"mAP": 34.21805004019359, "mINP": 13.954470973533386, "Rank-1": 51.09983079526227, "Rank-5": 71.74280879864637, "Rank-10": 81.7258883248731, "Rank-20": 87.9864636209814}
OFFICIAL_49 MSVR310 demo_shared q_RN_g_T {"mAP": 9.027503196958408, "mINP": 2.845537323831944, "Rank-1": 8.460236886632826, "Rank-5": 28.08798646362098, "Rank-10": 39.93231810490694, "Rank-20": 54.99153976311336}
OFFICIAL_49 MSVR310 demo_shared q_RN_g_RN {"mAP": 45.83622422078333, "mINP": 23.06881378736935, "Rank-1": 62.944162436548226, "Rank-5": 79.52622673434855, "Rank-10": 84.77157360406092, "Rank-20": 90.18612521150592}
OFFICIAL_49 MSVR310 demo_shared q_RN_g_RT {"mAP": 42.255071149779035, "mINP": 20.863129587967087, "Rank-1": 58.206429780033844, "Rank-5": 76.6497461928934, "Rank-10": 82.40270727580372, "Rank-20": 88.49407783417935}
OFFICIAL_49 MSVR310 demo_shared q_RN_g_NT {"mAP": 35.755305867632224, "mINP": 15.4016552531067, "Rank-1": 50.76142131979695, "Rank-5": 74.78849407783417, "Rank-10": 81.89509306260575, "Rank-20": 88.83248730964468}
OFFICIAL_49 MSVR310 demo_shared q_RT_g_RNT {"mAP": 44.85469051632096, "mINP": 22.077689096570932, "Rank-1": 61.42131979695431, "Rank-5": 76.6497461928934, "Rank-10": 82.40270727580372, "Rank-20": 88.3248730964467}
OFFICIAL_49 MSVR310 demo_shared q_RT_g_R {"mAP": 40.08214126615764, "mINP": 19.83998933983582, "Rank-1": 55.83756345177665, "Rank-5": 75.63451776649747, "Rank-10": 81.55668358714044, "Rank-20": 86.46362098138748}
OFFICIAL_49 MSVR310 demo_shared q_RT_g_N {"mAP": 28.11675820585156, "mINP": 11.575754873063554, "Rank-1": 37.7326565143824, "Rank-5": 66.83587140439933, "Rank-10": 75.63451776649747, "Rank-20": 83.07952622673434}
OFFICIAL_49 MSVR310 demo_shared q_RT_g_T {"mAP": 15.517577741958661, "mINP": 4.012286611120049, "Rank-1": 28.25719120135364, "Rank-5": 49.407783417935704, "Rank-10": 59.56006768189509, "Rank-20": 68.18950930626058}
OFFICIAL_49 MSVR310 demo_shared q_RT_g_RN {"mAP": 42.009217533226185, "mINP": 20.68225583614575, "Rank-1": 57.52961082910322, "Rank-5": 75.80372250423012, "Rank-10": 82.57191201353638, "Rank-20": 87.1404399323181}
OFFICIAL_49 MSVR310 demo_shared q_RT_g_RT {"mAP": 43.89865884019575, "mINP": 21.711453973751578, "Rank-1": 59.729272419627755, "Rank-5": 77.66497461928934, "Rank-10": 82.06429780033841, "Rank-20": 87.30964467005076}
OFFICIAL_49 MSVR310 demo_shared q_RT_g_NT {"mAP": 30.81213179793313, "mINP": 12.00932842265674, "Rank-1": 46.7005076142132, "Rank-5": 67.34348561759728, "Rank-10": 74.61928934010153, "Rank-20": 82.23350253807106}
OFFICIAL_49 MSVR310 demo_shared q_NT_g_RNT {"mAP": 38.81319300820973, "mINP": 18.5601524917727, "Rank-1": 53.63790186125211, "Rank-5": 73.9424703891709, "Rank-10": 83.07952622673434, "Rank-20": 87.64805414551607}
OFFICIAL_49 MSVR310 demo_shared q_NT_g_R {"mAP": 26.194925440928152, "mINP": 10.357602047352485, "Rank-1": 34.686971235194584, "Rank-5": 54.145516074450086, "Rank-10": 63.62098138747885, "Rank-20": 70.55837563451777}
OFFICIAL_49 MSVR310 demo_shared q_NT_g_N {"mAP": 33.62429701056892, "mINP": 13.499473322764727, "Rank-1": 51.60744500846024, "Rank-5": 73.09644670050761, "Rank-10": 81.7258883248731, "Rank-20": 88.83248730964468}
OFFICIAL_49 MSVR310 demo_shared q_NT_g_T {"mAP": 15.849072217815754, "mINP": 4.03014823214767, "Rank-1": 30.62605752961083, "Rank-5": 50.930626057529615, "Rank-10": 60.575296108291035, "Rank-20": 68.35871404399323}
OFFICIAL_49 MSVR310 demo_shared q_NT_g_RN {"mAP": 35.477027877714775, "mINP": 16.61710224115973, "Rank-1": 49.746192893401016, "Rank-5": 71.91201353637902, "Rank-10": 80.20304568527918, "Rank-20": 87.1404399323181}
OFFICIAL_49 MSVR310 demo_shared q_NT_g_RT {"mAP": 29.63463758130256, "mINP": 12.31137873842403, "Rank-1": 41.11675126903553, "Rank-5": 63.28257191201354, "Rank-10": 71.74280879864637, "Rank-20": 78.68020304568529}
OFFICIAL_49 MSVR310 demo_shared q_NT_g_NT {"mAP": 39.23376947633828, "mINP": 17.15193192075259, "Rank-1": 57.360406091370564, "Rank-5": 77.32656514382403, "Rank-10": 83.92554991539764, "Rank-20": 89.67851099830794}
